Archive member included because of file (symbol)

/Users/Baram/gcc-arm-none-eabi/bin/../lib/gcc/arm-none-eabi/4.9.3/../../../../arm-none-eabi/lib/armv7e-m/fpu/libm.a(lib_a-sf_cos.o)
                              build/obj/mcpwm.o (cosf)
/Users/Baram/gcc-arm-none-eabi/bin/../lib/gcc/arm-none-eabi/4.9.3/../../../../arm-none-eabi/lib/armv7e-m/fpu/libm.a(lib_a-sf_round.o)
                              build/obj/ledpwm.o (roundf)
/Users/Baram/gcc-arm-none-eabi/bin/../lib/gcc/arm-none-eabi/4.9.3/../../../../arm-none-eabi/lib/armv7e-m/fpu/libm.a(lib_a-sf_sin.o)
                              build/obj/mcpwm.o (sinf)
/Users/Baram/gcc-arm-none-eabi/bin/../lib/gcc/arm-none-eabi/4.9.3/../../../../arm-none-eabi/lib/armv7e-m/fpu/libm.a(lib_a-w_sqrt.o)
                              build/obj/digital_filter.o (sqrt)
/Users/Baram/gcc-arm-none-eabi/bin/../lib/gcc/arm-none-eabi/4.9.3/../../../../arm-none-eabi/lib/armv7e-m/fpu/libm.a(lib_a-wf_atan2.o)
                              build/obj/mcpwm.o (atan2f)
/Users/Baram/gcc-arm-none-eabi/bin/../lib/gcc/arm-none-eabi/4.9.3/../../../../arm-none-eabi/lib/armv7e-m/fpu/libm.a(lib_a-wf_fmod.o)
                              build/obj/utils.o (fmodf)
/Users/Baram/gcc-arm-none-eabi/bin/../lib/gcc/arm-none-eabi/4.9.3/../../../../arm-none-eabi/lib/armv7e-m/fpu/libm.a(lib_a-wf_pow.o)
                              build/obj/ledpwm.o (powf)
/Users/Baram/gcc-arm-none-eabi/bin/../lib/gcc/arm-none-eabi/4.9.3/../../../../arm-none-eabi/lib/armv7e-m/fpu/libm.a(lib_a-wf_sqrt.o)
                              build/obj/mcpwm.o (sqrtf)
/Users/Baram/gcc-arm-none-eabi/bin/../lib/gcc/arm-none-eabi/4.9.3/../../../../arm-none-eabi/lib/armv7e-m/fpu/libm.a(lib_a-e_sqrt.o)
                              /Users/Baram/gcc-arm-none-eabi/bin/../lib/gcc/arm-none-eabi/4.9.3/../../../../arm-none-eabi/lib/armv7e-m/fpu/libm.a(lib_a-w_sqrt.o) (__ieee754_sqrt)
/Users/Baram/gcc-arm-none-eabi/bin/../lib/gcc/arm-none-eabi/4.9.3/../../../../arm-none-eabi/lib/armv7e-m/fpu/libm.a(lib_a-ef_atan2.o)
                              /Users/Baram/gcc-arm-none-eabi/bin/../lib/gcc/arm-none-eabi/4.9.3/../../../../arm-none-eabi/lib/armv7e-m/fpu/libm.a(lib_a-wf_atan2.o) (__ieee754_atan2f)
/Users/Baram/gcc-arm-none-eabi/bin/../lib/gcc/arm-none-eabi/4.9.3/../../../../arm-none-eabi/lib/armv7e-m/fpu/libm.a(lib_a-ef_fmod.o)
                              /Users/Baram/gcc-arm-none-eabi/bin/../lib/gcc/arm-none-eabi/4.9.3/../../../../arm-none-eabi/lib/armv7e-m/fpu/libm.a(lib_a-wf_fmod.o) (__ieee754_fmodf)
/Users/Baram/gcc-arm-none-eabi/bin/../lib/gcc/arm-none-eabi/4.9.3/../../../../arm-none-eabi/lib/armv7e-m/fpu/libm.a(lib_a-ef_pow.o)
                              /Users/Baram/gcc-arm-none-eabi/bin/../lib/gcc/arm-none-eabi/4.9.3/../../../../arm-none-eabi/lib/armv7e-m/fpu/libm.a(lib_a-wf_pow.o) (__ieee754_powf)
/Users/Baram/gcc-arm-none-eabi/bin/../lib/gcc/arm-none-eabi/4.9.3/../../../../arm-none-eabi/lib/armv7e-m/fpu/libm.a(lib_a-ef_rem_pio2.o)
                              /Users/Baram/gcc-arm-none-eabi/bin/../lib/gcc/arm-none-eabi/4.9.3/../../../../arm-none-eabi/lib/armv7e-m/fpu/libm.a(lib_a-sf_cos.o) (__ieee754_rem_pio2f)
/Users/Baram/gcc-arm-none-eabi/bin/../lib/gcc/arm-none-eabi/4.9.3/../../../../arm-none-eabi/lib/armv7e-m/fpu/libm.a(lib_a-ef_sqrt.o)
                              /Users/Baram/gcc-arm-none-eabi/bin/../lib/gcc/arm-none-eabi/4.9.3/../../../../arm-none-eabi/lib/armv7e-m/fpu/libm.a(lib_a-wf_sqrt.o) (__ieee754_sqrtf)
/Users/Baram/gcc-arm-none-eabi/bin/../lib/gcc/arm-none-eabi/4.9.3/../../../../arm-none-eabi/lib/armv7e-m/fpu/libm.a(lib_a-kf_cos.o)
                              /Users/Baram/gcc-arm-none-eabi/bin/../lib/gcc/arm-none-eabi/4.9.3/../../../../arm-none-eabi/lib/armv7e-m/fpu/libm.a(lib_a-sf_cos.o) (__kernel_cosf)
/Users/Baram/gcc-arm-none-eabi/bin/../lib/gcc/arm-none-eabi/4.9.3/../../../../arm-none-eabi/lib/armv7e-m/fpu/libm.a(lib_a-kf_rem_pio2.o)
                              /Users/Baram/gcc-arm-none-eabi/bin/../lib/gcc/arm-none-eabi/4.9.3/../../../../arm-none-eabi/lib/armv7e-m/fpu/libm.a(lib_a-ef_rem_pio2.o) (__kernel_rem_pio2f)
/Users/Baram/gcc-arm-none-eabi/bin/../lib/gcc/arm-none-eabi/4.9.3/../../../../arm-none-eabi/lib/armv7e-m/fpu/libm.a(lib_a-kf_sin.o)
                              /Users/Baram/gcc-arm-none-eabi/bin/../lib/gcc/arm-none-eabi/4.9.3/../../../../arm-none-eabi/lib/armv7e-m/fpu/libm.a(lib_a-sf_cos.o) (__kernel_sinf)
/Users/Baram/gcc-arm-none-eabi/bin/../lib/gcc/arm-none-eabi/4.9.3/../../../../arm-none-eabi/lib/armv7e-m/fpu/libm.a(lib_a-s_fpclassify.o)
                              /Users/Baram/gcc-arm-none-eabi/bin/../lib/gcc/arm-none-eabi/4.9.3/../../../../arm-none-eabi/lib/armv7e-m/fpu/libm.a(lib_a-w_sqrt.o) (__fpclassifyd)
/Users/Baram/gcc-arm-none-eabi/bin/../lib/gcc/arm-none-eabi/4.9.3/../../../../arm-none-eabi/lib/armv7e-m/fpu/libm.a(lib_a-s_lib_ver.o)
[...]
Memory Configuration

Name             Origin             Length             Attributes
flash            0x0000000008000000 0x0000000000004000
flash2           0x000000000800c000 0x0000000000078000
ram              0x0000000020000000 0x0000000000020000
ccmram           0x0000000010000000 0x0000000000010000
*default*        0x0000000000000000 0xffffffffffffffff

Linker script and memory map

LOAD build/obj/main.o
LOAD build/obj/crt0.o
LOAD build/obj/vectors.o
LOAD build/obj/chcore.o
LOAD build/obj/chcore_v7m.o
LOAD build/obj/nvic.o
LOAD build/obj/chsys.o
LOAD build/obj/chdebug.o
LOAD build/obj/chlists.o
LOAD build/obj/chvt.o
LOAD build/obj/chschd.o
LOAD build/obj/chthreads.o
LOAD build/obj/chdynamic.o
LOAD build/obj/chregistry.o
LOAD build/obj/chsem.o
LOAD build/obj/chmtx.o
LOAD build/obj/chcond.o
LOAD build/obj/chevents.o
LOAD build/obj/chmsg.o
LOAD build/obj/chmboxes.o
LOAD build/obj/chqueues.o
LOAD build/obj/chmemcore.o
LOAD build/obj/chheap.o
LOAD build/obj/chmempools.o
LOAD build/obj/hal.o
LOAD build/obj/adc.o
LOAD build/obj/can.o
LOAD build/obj/ext.o
LOAD build/obj/gpt.o
LOAD build/obj/i2c.o
LOAD build/obj/icu.o
LOAD build/obj/mac.o
LOAD build/obj/mmc_spi.o
LOAD build/obj/mmcsd.o
LOAD build/obj/pal.o
LOAD build/obj/pwm.o
LOAD build/obj/rtc.o
LOAD build/obj/sdc.o
LOAD build/obj/serial.o
LOAD build/obj/serial_usb.o
LOAD build/obj/spi.o
LOAD build/obj/tm.o
LOAD build/obj/uart.o
LOAD build/obj/usb.o
LOAD build/obj/stm32_dma.o
LOAD build/obj/hal_lld.o
LOAD build/obj/adc_lld.o
LOAD build/obj/ext_lld_isr.o
LOAD build/obj/can_lld.o
LOAD build/obj/ext_lld.o
LOAD build/obj/mac_lld.o
LOAD build/obj/sdc_lld.o
LOAD build/obj/pal_lld.o
LOAD build/obj/i2c_lld.o
LOAD build/obj/usb_lld.o
LOAD build/obj/rtc_lld.o
LOAD build/obj/spi_lld.o
LOAD build/obj/gpt_lld.o
LOAD build/obj/icu_lld.o
LOAD build/obj/pwm_lld.o
LOAD build/obj/serial_lld.o
LOAD build/obj/uart_lld.o
LOAD build/obj/board.o
LOAD build/obj/chprintf.o
LOAD build/obj/memstreams.o
LOAD build/obj/syscalls.o
LOAD build/obj/bldc.o
LOAD build/obj/mcpwm.o
LOAD build/obj/usb_uart.o
LOAD build/obj/irq_handlers.o
LOAD build/obj/buffer.o
LOAD build/obj/comm_usb.o
LOAD build/obj/crc.o
LOAD build/obj/digital_filter.o
LOAD build/obj/ledpwm.o
LOAD build/obj/servo_dec.o
LOAD build/obj/utils.o
LOAD build/obj/servo.o
LOAD build/obj/packet.o
LOAD build/obj/terminal.o
LOAD build/obj/conf_general.o
LOAD build/obj/eeprom.o
LOAD build/obj/commands.o
LOAD build/obj/timeout.o
LOAD build/obj/comm_can.o
LOAD build/obj/ws2811.o
LOAD build/obj/led_external.o
LOAD build/obj/encoder.o
LOAD build/obj/flash_helper.o
LOAD build/obj/spi_dac.o
LOAD build/obj/hw_40.o
LOAD build/obj/hw_45.o
LOAD build/obj/hw_r2.o
LOAD build/obj/hw_bw.o
LOAD build/obj/hw_46.o
LOAD build/obj/hw_victor_r1a.o
LOAD build/obj/hw_oroca.o
LOAD build/obj/app.o
LOAD build/obj/app_ppm.o
LOAD build/obj/app_adc.o
LOAD build/obj/app_sten.o
LOAD build/obj/app_gurgalof.o
LOAD build/obj/app_uartcomm.o
LOAD build/obj/app_nunchuk.o
LOAD build/obj/spi_sw.o
LOAD build/obj/rf.o
LOAD build/obj/rfhelp.o
LOAD build/obj/nrf_driver.o
LOAD build/obj/misc.o
LOAD build/obj/stm32f4xx_dma.o
LOAD build/obj/stm32f4xx_rcc.o
LOAD build/obj/stm32f4xx_adc.o
LOAD build/obj/stm32f4xx_exti.o
LOAD build/obj/stm32f4xx_rng.o
LOAD build/obj/stm32f4xx_flash.o
LOAD build/obj/stm32f4xx_rtc.o
LOAD build/obj/stm32f4xx_crc.o
LOAD build/obj/stm32f4xx_fsmc.o
LOAD build/obj/stm32f4xx_sdio.o
LOAD build/obj/stm32f4xx_cryp_aes.o
LOAD build/obj/stm32f4xx_spi.o
LOAD build/obj/stm32f4xx_cryp.o
LOAD build/obj/stm32f4xx_hash.o
LOAD build/obj/stm32f4xx_syscfg.o
LOAD build/obj/stm32f4xx_cryp_des.o
LOAD build/obj/stm32f4xx_hash_md5.o
LOAD build/obj/stm32f4xx_tim.o
LOAD build/obj/stm32f4xx_cryp_tdes.o
LOAD build/obj/stm32f4xx_hash_sha1.o
LOAD build/obj/stm32f4xx_usart.o
LOAD build/obj/stm32f4xx_dac.o
LOAD build/obj/stm32f4xx_i2c.o
LOAD build/obj/stm32f4xx_wwdg.o
LOAD build/obj/stm32f4xx_dbgmcu.o
LOAD build/obj/stm32f4xx_iwdg.o
LOAD build/obj/stm32f4xx_dcmi.o
LOAD build/obj/stm32f4xx_pwr.o
                0x0000000000000800                __main_stack_size__ = 0x800
                0x0000000000000800                __process_stack_size__ = 0x800
                0x0000000020000000                __ram_start__ = ORIGIN (ram)
                0x0000000000020000                __ram_size__ = 0x20000
                0x0000000020020000                __ram_end__ = (__ram_start__ + __ram_size__)
                0x0000000000000000                . = 0x0
                0x0000000000000000                _text = .

startup         0x0000000008000000      0x1ac
 *(vectors)
 vectors        0x0000000008000000      0x1ac build/obj/vectors.o
                0x0000000008000000                _vectors

constructors    0x000000000800c000        0x0
                0x000000000800c000                PROVIDE (__init_array_start, .)
 *(SORT(.init_array.*))
 *(.init_array)
                0x000000000800c000                PROVIDE (__init_array_end, .)

destructors     0x000000000800c000        0x0
                0x000000000800c000                PROVIDE (__fini_array_start, .)
 *(.fini_array)
 *(SORT(.fini_array.*))
                0x000000000800c000                PROVIDE (__fini_array_end, .)

.text           0x000000000800c000     0xb384
 *(.text.startup.*)
 .text.startup.main
                0x000000000800c000       0x10 build/obj/main.o
                0x000000000800c000                main
 *(.text)
 .text          0x000000000800c010      0x370 /Users/Baram/gcc-arm-none-eabi/bin/../lib/gcc/arm-none-eabi/4.9.3/armv7e-m/fpu/libgcc.a(_arm_addsubdf3.o)
                0x000000000800c010                __aeabi_drsub
                0x000000000800c018                __subdf3
                0x000000000800c018                __aeabi_dsub
                0x000000000800c01c                __aeabi_dadd
                0x000000000800c01c                __adddf3
                0x000000000800c294                __aeabi_ui2d
                0x000000000800c294                __floatunsidf
                0x000000000800c2b4                __floatsidf
                0x000000000800c2b4                __aeabi_i2d
                0x000000000800c2d8                __extendsfdf2
                0x000000000800c2d8                __aeabi_f2d
                0x000000000800c314                __aeabi_ul2d
                0x000000000800c314                __floatundidf
                0x000000000800c324                __aeabi_l2d
                0x000000000800c324                __floatdidf
 .text          0x000000000800c380      0x424 /Users/Baram/gcc-arm-none-eabi/bin/../lib/gcc/arm-none-eabi/4.9.3/armv7e-m/fpu/libgcc.a(_arm_muldivdf3.o)
                0x000000000800c380                __aeabi_dmul
                0x000000000800c380                __muldf3
                0x000000000800c5d4                __aeabi_ddiv
                0x000000000800c5d4                __divdf3
 *fill*         0x000000000800c7a4        0xc 
 .text          0x000000000800c7b0      0x110 /Users/Baram/gcc-arm-none-eabi/bin/../lib/gcc/arm-none-eabi/4.9.3/armv7e-m/fpu/libgcc.a(_arm_cmpdf2.o)
                0x000000000800c7b0                __gtdf2
                0x000000000800c7b0                __gedf2
                0x000000000800c7b8                __ltdf2
                0x000000000800c7b8                __ledf2
                0x000000000800c7c0                __eqdf2
                0x000000000800c7c0                __nedf2
                0x000000000800c7c0                __cmpdf2
                0x000000000800c83c                __aeabi_cdrcmple
                0x000000000800c84c                __aeabi_cdcmple
                0x000000000800c84c                __aeabi_cdcmpeq
                0x000000000800c85c                __aeabi_dcmpeq
                0x000000000800c870                __aeabi_dcmplt
                0x000000000800c884                __aeabi_dcmple
                0x000000000800c898                __aeabi_dcmpge
                0x000000000800c8ac                __aeabi_dcmpgt
 .text          0x000000000800c8c0       0xa0 /Users/Baram/gcc-arm-none-eabi/bin/../lib/gcc/arm-none-eabi/4.9.3/armv7e-m/fpu/libgcc.a(_arm_truncdfsf2.o)
                0x000000000800c8c0                __aeabi_d2f
                0x000000000800c8c0                __truncdfsf2
 .text          0x000000000800c960      0x134 /Users/Baram/gcc-arm-none-eabi/bin/../lib/gcc/arm-none-eabi/4.9.3/../../../../arm-none-eabi/lib/armv7e-m/fpu/libg.a(lib_a-memcpy.o)
                0x000000000800c960                memcpy
 *(.text.*)
 *fill*         0x000000000800ca94        0xc 
 .text.__late_init
                0x000000000800caa0       0x10 build/obj/crt0.o
                0x000000000800caa0                __late_init
 .text._default_exit
                0x000000000800cab0       0x10 build/obj/crt0.o
                0x000000000800cab0                _default_exit
 .text.ResetHandler
                0x000000000800cac0      0x120 build/obj/crt0.o
                0x000000000800cac0                ResetHandler
 .text._unhandled_exception
                0x000000000800cbe0       0x10 build/obj/vectors.o
                0x000000000800cbe0                Vector174
                0x000000000800cbe0                VectorE8
                0x000000000800cbe0                Vector9C
                0x000000000800cbe0                VectorAC
                0x000000000800cbe0                Vector1A0
                0x000000000800cbe0                Vector5C
                0x000000000800cbe0                NMIVector
                0x000000000800cbe0                Vector19C
                0x000000000800cbe0                Vector168
                0x000000000800cbe0                Vector110
                0x000000000800cbe0                VectorA8
                0x000000000800cbe0                Vector160
                0x000000000800cbe0                VectorEC
                0x000000000800cbe0                UsageFaultVector
                0x000000000800cbe0                DebugMonitorVector
                0x000000000800cbe0                Vector40
                0x000000000800cbe0                VectorF8
                0x000000000800cbe0                VectorBC
                0x000000000800cbe0                Vector190
                0x000000000800cbe0                Vector148
                0x000000000800cbe0                Vector188
                0x000000000800cbe0                Vector198
                0x000000000800cbe0                Vector118
                0x000000000800cbe0                Vector64
                0x000000000800cbe0                VectorCC
                0x000000000800cbe0                Vector54
                0x000000000800cbe0                VectorD8
                0x000000000800cbe0                Vector138
                0x000000000800cbe0                Vector24
                0x000000000800cbe0                Vector178
                0x000000000800cbe0                Vector1A4
                0x000000000800cbe0                BusFaultVector
                0x000000000800cbe0                VectorD0
                0x000000000800cbe0                Vector140
                0x000000000800cbe0                VectorE4
                0x000000000800cbe0                VectorC0
                0x000000000800cbe0                SVCallVector
                0x000000000800cbe0                HardFaultVector
                0x000000000800cbe0                Vector134
                0x000000000800cbe0                VectorF0
                0x000000000800cbe0                Vector13C
                0x000000000800cbe0                Vector100
                0x000000000800cbe0                VectorF4
                0x000000000800cbe0                MemManageVector
                0x000000000800cbe0                VectorA0
                0x000000000800cbe0                Vector180
                0x000000000800cbe0                VectorB0
                0x000000000800cbe0                Vector114
                0x000000000800cbe0                Vector164
                0x000000000800cbe0                Vector60
                0x000000000800cbe0                Vector1C
                0x000000000800cbe0                Vector17C
                0x000000000800cbe0                Vector48
                0x000000000800cbe0                Vector1A8
                0x000000000800cbe0                Vector16C
                0x000000000800cbe0                VectorD4
                0x000000000800cbe0                Vector4C
                0x000000000800cbe0                Vector144
                0x000000000800cbe0                Vector68
                0x000000000800cbe0                _unhandled_exception
                0x000000000800cbe0                Vector170
                0x000000000800cbe0                Vector104
                0x000000000800cbe0                Vector184
                0x000000000800cbe0                Vector10C
                0x000000000800cbe0                Vector50
                0x000000000800cbe0                Vector194
                0x000000000800cbe0                Vector44
                0x000000000800cbe0                Vector28
                0x000000000800cbe0                VectorB8
                0x000000000800cbe0                Vector34
                0x000000000800cbe0                VectorA4
                0x000000000800cbe0                Vector20
                0x000000000800cbe0                Vector18C
                0x000000000800cbe0                Vector58
 .text.port_halt
                0x000000000800cbf0       0x10 build/obj/chcore.o
                0x000000000800cbf0                port_halt
 .text._port_switch_from_isr
                0x000000000800cc00       0x20 build/obj/chcore_v7m.o
                0x000000000800cc00                _port_switch_from_isr
 .text.PendSVVector
                0x000000000800cc20       0x20 build/obj/chcore_v7m.o
                0x000000000800cc20                PendSVVector
 .text._port_init
                0x000000000800cc40       0x30 build/obj/chcore_v7m.o
                0x000000000800cc40                _port_init
 .text._port_irq_epilogue
                0x000000000800cc70       0x80 build/obj/chcore_v7m.o
                0x000000000800cc70                _port_irq_epilogue
 .text.SysTickVector
                0x000000000800ccf0       0x20 build/obj/chcore_v7m.o
                0x000000000800ccf0                SysTickVector
 .text._port_switch
                0x000000000800cd10       0x20 build/obj/chcore_v7m.o
                0x000000000800cd10                _port_switch
 .text._port_thread_start
                0x000000000800cd30       0x10 build/obj/chcore_v7m.o
                0x000000000800cd30                _port_thread_start
 .text.nvicEnableVector
                0x000000000800cd40       0x50 build/obj/nvic.o
                0x000000000800cd40                nvicEnableVector
 .text.nvicDisableVector
                0x000000000800cd90       0x40 build/obj/nvic.o
                0x000000000800cd90                nvicDisableVector
 .text.nvicSetSystemHandlerPriority
                0x000000000800cdd0       0x30 build/obj/nvic.o
                0x000000000800cdd0                nvicSetSystemHandlerPriority
 .text._idle_thread
                0x000000000800ce00       0x20 build/obj/chsys.o
                0x000000000800ce00                _idle_thread
 .text.chSysInit
                0x000000000800ce20       0x60 build/obj/chsys.o
                0x000000000800ce20                chSysInit
 .text.chSysTimerHandlerI
                0x000000000800ce80       0x50 build/obj/chsys.o
                0x000000000800ce80                chSysTimerHandlerI
 .text._vt_init
                0x000000000800ced0       0x20 build/obj/chvt.o
                0x000000000800ced0                _vt_init
 .text.chVTSetI
                0x000000000800cef0       0x40 build/obj/chvt.o
                0x000000000800cef0                chVTSetI
 .text.chVTResetI
                0x000000000800cf30       0x30 build/obj/chvt.o
                0x000000000800cf30                chVTResetI
 .text.wakeup   0x000000000800cf60       0x60 build/obj/chschd.o
 .text._scheduler_init
                0x000000000800cfc0       0x20 build/obj/chschd.o
                0x000000000800cfc0                _scheduler_init
 .text.chSchReadyI
                0x000000000800cfe0       0x30 build/obj/chschd.o
                0x000000000800cfe0                chSchReadyI
 .text.chSchGoSleepS
                0x000000000800d010       0x30 build/obj/chschd.o
                0x000000000800d010                chSchGoSleepS
 .text.chSchGoSleepTimeoutS
                0x000000000800d040       0x50 build/obj/chschd.o
                0x000000000800d040                chSchGoSleepTimeoutS
 .text.chSchWakeupS
                0x000000000800d090       0x60 build/obj/chschd.o
                0x000000000800d090                chSchWakeupS
 .text.chSchDoRescheduleBehind
                0x000000000800d0f0       0x40 build/obj/chschd.o
                0x000000000800d0f0                chSchDoRescheduleBehind
 .text.chSchDoRescheduleAhead
                0x000000000800d130       0x40 build/obj/chschd.o
                0x000000000800d130                chSchDoRescheduleAhead
 .text.chSchRescheduleS
                0x000000000800d170       0x20 build/obj/chschd.o
                0x000000000800d170                chSchRescheduleS
 .text.chSchDoReschedule
                0x000000000800d190       0x20 build/obj/chschd.o
                0x000000000800d190                chSchDoReschedule
 .text._thread_init
                0x000000000800d1b0       0x50 build/obj/chthreads.o
                0x000000000800d1b0                _thread_init
 .text.chThdCreateI
                0x000000000800d200       0x70 build/obj/chthreads.o
                0x000000000800d200                chThdCreateI
 .text.chThdCreateStatic
                0x000000000800d270       0x80 build/obj/chthreads.o
                0x000000000800d270                chThdCreateStatic
 .text.chThdSleep
                0x000000000800d2f0       0x10 build/obj/chthreads.o
                0x000000000800d2f0                chThdSleep
 .text.chThdExitS
                0x000000000800d300       0x40 build/obj/chthreads.o
                0x000000000800d300                chThdExitS
 .text.chThdExit
                0x000000000800d340       0x10 build/obj/chthreads.o
                0x000000000800d340                chThdExit
 .text.chSemInit
                0x000000000800d350       0x10 build/obj/chsem.o
                0x000000000800d350                chSemInit
 .text.chSemSignalI
                0x000000000800d360       0x20 build/obj/chsem.o
                0x000000000800d360                chSemSignalI
 .text.chMtxInit
                0x000000000800d380       0x10 build/obj/chmtx.o
                0x000000000800d380                chMtxInit
 .text.chMtxLockS
                0x000000000800d390       0xd0 build/obj/chmtx.o
                0x000000000800d390                chMtxLockS
 .text.chMtxLock
                0x000000000800d460       0x10 build/obj/chmtx.o
                0x000000000800d460                chMtxLock
 .text.chMtxUnlock
                0x000000000800d470       0x60 build/obj/chmtx.o
                0x000000000800d470                chMtxUnlock
 .text.chEvtSignalI
                0x000000000800d4d0       0x30 build/obj/chevents.o
                0x000000000800d4d0                chEvtSignalI
 .text.chEvtBroadcastFlagsI
                0x000000000800d500       0x20 build/obj/chevents.o
                0x000000000800d500                chEvtBroadcastFlagsI
 .text.chEvtSignal
                0x000000000800d520       0x10 build/obj/chevents.o
                0x000000000800d520                chEvtSignal
 .text.chEvtWaitAny
                0x000000000800d530       0x30 build/obj/chevents.o
                0x000000000800d530                chEvtWaitAny
 .text.qwait    0x000000000800d560       0x30 build/obj/chqueues.o
 .text.chIQInit
                0x000000000800d590       0x20 build/obj/chqueues.o
                0x000000000800d590                chIQInit
 .text.chIQResetI
                0x000000000800d5b0       0x30 build/obj/chqueues.o
                0x000000000800d5b0                chIQResetI
 .text.chIQGetTimeout
                0x000000000800d5e0       0x40 build/obj/chqueues.o
                0x000000000800d5e0                chIQGetTimeout
 .text.chIQReadTimeout
                0x000000000800d620       0x60 build/obj/chqueues.o
                0x000000000800d620                chIQReadTimeout
 .text.chOQInit
                0x000000000800d680       0x20 build/obj/chqueues.o
                0x000000000800d680                chOQInit
 .text.chOQResetI
                0x000000000800d6a0       0x30 build/obj/chqueues.o
                0x000000000800d6a0                chOQResetI
 .text.chOQPutTimeout
                0x000000000800d6d0       0x50 build/obj/chqueues.o
                0x000000000800d6d0                chOQPutTimeout
 .text.chOQWriteTimeout
                0x000000000800d720       0x70 build/obj/chqueues.o
                0x000000000800d720                chOQWriteTimeout
 .text._core_init
                0x000000000800d790       0x30 build/obj/chmemcore.o
                0x000000000800d790                _core_init
 .text.chCoreAlloc
                0x000000000800d7c0       0x30 build/obj/chmemcore.o
                0x000000000800d7c0                chCoreAlloc
 .text._heap_init
                0x000000000800d7f0       0x20 build/obj/chheap.o
                0x000000000800d7f0                _heap_init
 .text.halInit  0x000000000800d810       0x40 build/obj/hal.o
                0x000000000800d810                halInit
 .text.halPolledDelay
                0x000000000800d850       0x30 build/obj/hal.o
                0x000000000800d850                halPolledDelay
 .text.canInit  0x000000000800d880       0x10 build/obj/can.o
                0x000000000800d880                canInit
 .text.canObjectInit
                0x000000000800d890       0x40 build/obj/can.o
                0x000000000800d890                canObjectInit
 .text.gptInit  0x000000000800d8d0       0x10 build/obj/gpt.o
                0x000000000800d8d0                gptInit
 .text.gptObjectInit
                0x000000000800d8e0       0x10 build/obj/gpt.o
                0x000000000800d8e0                gptObjectInit
 .text.gptStart
                0x000000000800d8f0       0x20 build/obj/gpt.o
                0x000000000800d8f0                gptStart
 .text.gptStartContinuous
                0x000000000800d910       0x10 build/obj/gpt.o
                0x000000000800d910                gptStartContinuous
 .text.i2cInit  0x000000000800d920       0x10 build/obj/i2c.o
                0x000000000800d920                i2cInit
 .text.i2cObjectInit
                0x000000000800d930       0x10 build/obj/i2c.o
                0x000000000800d930                i2cObjectInit
 .text.i2cStart
                0x000000000800d940       0x20 build/obj/i2c.o
                0x000000000800d940                i2cStart
 .text.i2cStop  0x000000000800d960       0x20 build/obj/i2c.o
                0x000000000800d960                i2cStop
 .text.i2cMasterTransmitTimeout
                0x000000000800d980       0x40 build/obj/i2c.o
                0x000000000800d980                i2cMasterTransmitTimeout
 .text.i2cMasterReceiveTimeout
                0x000000000800d9c0       0x30 build/obj/i2c.o
                0x000000000800d9c0                i2cMasterReceiveTimeout
 .text.i2cAcquireBus
                0x000000000800d9f0       0x10 build/obj/i2c.o
                0x000000000800d9f0                i2cAcquireBus
 .text.i2cReleaseBus
                0x000000000800da00       0x10 build/obj/i2c.o
                0x000000000800da00                i2cReleaseBus
 .text.icuInit  0x000000000800da10       0x10 build/obj/icu.o
                0x000000000800da10                icuInit
 .text.icuObjectInit
                0x000000000800da20       0x10 build/obj/icu.o
                0x000000000800da20                icuObjectInit
 .text.icuStart
                0x000000000800da30       0x20 build/obj/icu.o
                0x000000000800da30                icuStart
 .text.icuEnable
                0x000000000800da50       0x20 build/obj/icu.o
                0x000000000800da50                icuEnable
 .text.onotify  0x000000000800da70       0x60 build/obj/serial_usb.o
 .text.inotify  0x000000000800dad0       0x70 build/obj/serial_usb.o
 .text.readt    0x000000000800db40       0x10 build/obj/serial_usb.o
 .text.read     0x000000000800db50       0x10 build/obj/serial_usb.o
 .text.writet   0x000000000800db60       0x10 build/obj/serial_usb.o
 .text.write    0x000000000800db70       0x10 build/obj/serial_usb.o
 .text.gett     0x000000000800db80       0x10 build/obj/serial_usb.o
 .text.get      0x000000000800db90       0x10 build/obj/serial_usb.o
 .text.putt     0x000000000800dba0       0x10 build/obj/serial_usb.o
 .text.put      0x000000000800dbb0       0x10 build/obj/serial_usb.o
 .text.sduInit  0x000000000800dbc0       0x10 build/obj/serial_usb.o
                0x000000000800dbc0                sduInit
 .text.sduObjectInit
                0x000000000800dbd0       0x50 build/obj/serial_usb.o
                0x000000000800dbd0                sduObjectInit
 .text.sduStart
                0x000000000800dc20       0x30 build/obj/serial_usb.o
                0x000000000800dc20                sduStart
 .text.sduConfigureHookI
                0x000000000800dc50       0x50 build/obj/serial_usb.o
                0x000000000800dc50                sduConfigureHookI
 .text.sduRequestsHook
                0x000000000800dca0       0x40 build/obj/serial_usb.o
                0x000000000800dca0                sduRequestsHook
 .text.sduDataTransmitted
                0x000000000800dce0       0x60 build/obj/serial_usb.o
                0x000000000800dce0                sduDataTransmitted
 .text.sduDataReceived
                0x000000000800dd40       0x60 build/obj/serial_usb.o
                0x000000000800dd40                sduDataReceived
 .text.sduInterruptTransmitted
                0x000000000800dda0       0x10 build/obj/serial_usb.o
                0x000000000800dda0                sduInterruptTransmitted
 .text.uartInit
                0x000000000800ddb0       0x10 build/obj/uart.o
                0x000000000800ddb0                uartInit
 .text.uartObjectInit
                0x000000000800ddc0       0x10 build/obj/uart.o
                0x000000000800ddc0                uartObjectInit
 .text.uartStart
                0x000000000800ddd0       0x20 build/obj/uart.o
                0x000000000800ddd0                uartStart
 .text.uartStartSend
                0x000000000800ddf0       0x20 build/obj/uart.o
                0x000000000800ddf0                uartStartSend
 .text.usbInit  0x000000000800de10       0x10 build/obj/usb.o
                0x000000000800de10                usbInit
 .text.usbObjectInit
                0x000000000800de20       0x20 build/obj/usb.o
                0x000000000800de20                usbObjectInit
 .text.usbStart
                0x000000000800de40       0x20 build/obj/usb.o
                0x000000000800de40                usbStart
 .text.usbInitEndpointI
                0x000000000800de60       0x40 build/obj/usb.o
                0x000000000800de60                usbInitEndpointI
 .text.usbPrepareQueuedReceive
                0x000000000800dea0       0x20 build/obj/usb.o
                0x000000000800dea0                usbPrepareQueuedReceive
 .text.usbPrepareQueuedTransmit
                0x000000000800dec0       0x20 build/obj/usb.o
                0x000000000800dec0                usbPrepareQueuedTransmit
 .text.usbStartReceiveI
                0x000000000800dee0       0x30 build/obj/usb.o
                0x000000000800dee0                usbStartReceiveI
 .text.usbStartTransmitI
                0x000000000800df10       0x30 build/obj/usb.o
                0x000000000800df10                usbStartTransmitI
 .text._usb_reset
                0x000000000800df40       0x30 build/obj/usb.o
                0x000000000800df40                _usb_reset
 .text._usb_ep0setup
                0x000000000800df70      0x330 build/obj/usb.o
                0x000000000800df70                _usb_ep0setup
 .text._usb_ep0in
                0x000000000800e2a0       0xc0 build/obj/usb.o
                0x000000000800e2a0                _usb_ep0in
 .text._usb_ep0out
                0x000000000800e360       0x80 build/obj/usb.o
                0x000000000800e360                _usb_ep0out
 .text.Vector6C
                0x000000000800e3e0       0x30 build/obj/stm32_dma.o
                0x000000000800e3e0                Vector6C
 .text.Vector70
                0x000000000800e410       0x30 build/obj/stm32_dma.o
                0x000000000800e410                Vector70
 .text.Vector74
                0x000000000800e440       0x30 build/obj/stm32_dma.o
                0x000000000800e440                Vector74
 .text.Vector78
                0x000000000800e470       0x30 build/obj/stm32_dma.o
                0x000000000800e470                Vector78
 .text.Vector7C
                0x000000000800e4a0       0x30 build/obj/stm32_dma.o
                0x000000000800e4a0                Vector7C
 .text.Vector80
                0x000000000800e4d0       0x30 build/obj/stm32_dma.o
                0x000000000800e4d0                Vector80
 .text.Vector84
                0x000000000800e500       0x30 build/obj/stm32_dma.o
                0x000000000800e500                Vector84
 .text.VectorFC
                0x000000000800e530       0x30 build/obj/stm32_dma.o
                0x000000000800e530                VectorFC
 .text.Vector120
                0x000000000800e560       0x30 build/obj/stm32_dma.o
                0x000000000800e560                Vector120
 .text.Vector124
                0x000000000800e590       0x30 build/obj/stm32_dma.o
                0x000000000800e590                Vector124
 .text.Vector128
                0x000000000800e5c0       0x30 build/obj/stm32_dma.o
                0x000000000800e5c0                Vector128
 .text.Vector12C
                0x000000000800e5f0       0x30 build/obj/stm32_dma.o
                0x000000000800e5f0                Vector12C
 .text.Vector130
                0x000000000800e620       0x30 build/obj/stm32_dma.o
                0x000000000800e620                Vector130
 .text.Vector150
                0x000000000800e650       0x30 build/obj/stm32_dma.o
                0x000000000800e650                Vector150
 .text.Vector154
                0x000000000800e680       0x30 build/obj/stm32_dma.o
                0x000000000800e680                Vector154
 .text.Vector158
                0x000000000800e6b0       0x30 build/obj/stm32_dma.o
                0x000000000800e6b0                Vector158
 .text.dmaInit  0x000000000800e6e0       0x50 build/obj/stm32_dma.o
                0x000000000800e6e0                dmaInit
 .text.dmaStreamAllocate
                0x000000000800e730       0x90 build/obj/stm32_dma.o
                0x000000000800e730                dmaStreamAllocate
 .text.dmaStreamRelease
                0x000000000800e7c0       0x50 build/obj/stm32_dma.o
                0x000000000800e7c0                dmaStreamRelease
 .text.hal_lld_init
                0x000000000800e810       0xa0 build/obj/hal_lld.o
                0x000000000800e810                hal_lld_init
 .text.stm32_clock_init
                0x000000000800e8b0       0xc0 build/obj/hal_lld.o
                0x000000000800e8b0                stm32_clock_init
 .text.can_lld_set_filters
                0x000000000800e970      0x120 build/obj/can_lld.o
 .text.Vector8C
                0x000000000800ea90       0x40 build/obj/can_lld.o
                0x000000000800ea90                Vector8C
 .text.Vector90
                0x000000000800ead0       0x60 build/obj/can_lld.o
                0x000000000800ead0                Vector90
 .text.Vector94
                0x000000000800eb30       0x60 build/obj/can_lld.o
                0x000000000800eb30                Vector94
 .text.Vector98
                0x000000000800eb90       0x70 build/obj/can_lld.o
                0x000000000800eb90                Vector98
 .text.can_lld_init
                0x000000000800ec00       0x30 build/obj/can_lld.o
                0x000000000800ec00                can_lld_init
 .text._pal_lld_init
                0x000000000800ec30      0x1d0 build/obj/pal_lld.o
                0x000000000800ec30                _pal_lld_init
 .text._pal_lld_setgroupmode
                0x000000000800ee00       0xb0 build/obj/pal_lld.o
                0x000000000800ee00                _pal_lld_setgroupmode
 .text.i2c_lld_abort_operation
                0x000000000800eeb0       0x50 build/obj/i2c_lld.o
 .text.i2c_lld_safety_timeout
                0x000000000800ef00       0x30 build/obj/i2c_lld.o
 .text.i2c_lld_serve_tx_end_irq
                0x000000000800ef30       0x40 build/obj/i2c_lld.o
 .text.i2c_lld_serve_rx_end_irq
                0x000000000800ef70       0x70 build/obj/i2c_lld.o
 .text.VectorC4
                0x000000000800efe0      0x110 build/obj/i2c_lld.o
                0x000000000800efe0                VectorC4
 .text.VectorC8
                0x000000000800f0f0       0xf0 build/obj/i2c_lld.o
                0x000000000800f0f0                VectorC8
 .text.i2c_lld_init
                0x000000000800f1e0       0x30 build/obj/i2c_lld.o
                0x000000000800f1e0                i2c_lld_init
 .text.i2c_lld_start
                0x000000000800f210      0x190 build/obj/i2c_lld.o
                0x000000000800f210                i2c_lld_start
 .text.i2c_lld_stop
                0x000000000800f3a0       0x50 build/obj/i2c_lld.o
                0x000000000800f3a0                i2c_lld_stop
 .text.i2c_lld_master_receive_timeout
                0x000000000800f3f0       0xd0 build/obj/i2c_lld.o
                0x000000000800f3f0                i2c_lld_master_receive_timeout
 .text.i2c_lld_master_transmit_timeout
                0x000000000800f4c0       0xf0 build/obj/i2c_lld.o
                0x000000000800f4c0                i2c_lld_master_transmit_timeout
 .text.usb_lld_pump
                0x000000000800f5b0      0x320 build/obj/usb_lld.o
 .text.otg_disable_ep.isra.0
                0x000000000800f8d0       0x80 build/obj/usb_lld.o
 .text.usb_lld_init
                0x000000000800f950       0x30 build/obj/usb_lld.o
                0x000000000800f950                usb_lld_init
 .text.usb_lld_start
                0x000000000800f980       0xe0 build/obj/usb_lld.o
                0x000000000800f980                usb_lld_start
 .text.usb_lld_reset
                0x000000000800fa60       0xd0 build/obj/usb_lld.o
                0x000000000800fa60                usb_lld_reset
 .text.usb_lld_set_address
                0x000000000800fb30       0x20 build/obj/usb_lld.o
                0x000000000800fb30                usb_lld_set_address
 .text.usb_lld_init_endpoint
                0x000000000800fb50      0x160 build/obj/usb_lld.o
                0x000000000800fb50                usb_lld_init_endpoint
 .text.usb_lld_get_status_out
                0x000000000800fcb0       0x20 build/obj/usb_lld.o
                0x000000000800fcb0                usb_lld_get_status_out
 .text.usb_lld_get_status_in
                0x000000000800fcd0       0x20 build/obj/usb_lld.o
                0x000000000800fcd0                usb_lld_get_status_in
 .text.usb_lld_read_setup
                0x000000000800fcf0       0x20 build/obj/usb_lld.o
                0x000000000800fcf0                usb_lld_read_setup
 .text.usb_lld_prepare_receive
                0x000000000800fd10       0x50 build/obj/usb_lld.o
                0x000000000800fd10                usb_lld_prepare_receive
 .text.otg_epout_handler.constprop.8
                0x000000000800fd60       0xa0 build/obj/usb_lld.o
 .text.usb_lld_prepare_transmit
                0x000000000800fe00       0x50 build/obj/usb_lld.o
                0x000000000800fe00                usb_lld_prepare_transmit
 .text.otg_epin_handler.constprop.9
                0x000000000800fe50       0xc0 build/obj/usb_lld.o
 .text.Vector14C
                0x000000000800ff10       0xf0 build/obj/usb_lld.o
                0x000000000800ff10                Vector14C
 .text.usb_lld_start_out
                0x0000000008010000       0x20 build/obj/usb_lld.o
                0x0000000008010000                usb_lld_start_out
 .text.usb_lld_start_in
                0x0000000008010020       0x30 build/obj/usb_lld.o
                0x0000000008010020                usb_lld_start_in
 .text.usb_lld_stall_out
                0x0000000008010050       0x20 build/obj/usb_lld.o
                0x0000000008010050                usb_lld_stall_out
 .text.usb_lld_stall_in
                0x0000000008010070       0x20 build/obj/usb_lld.o
                0x0000000008010070                usb_lld_stall_in
 .text.usb_lld_clear_out
                0x0000000008010090       0x20 build/obj/usb_lld.o
                0x0000000008010090                usb_lld_clear_out
 .text.usb_lld_clear_in
                0x00000000080100b0       0x20 build/obj/usb_lld.o
                0x00000000080100b0                usb_lld_clear_in
 .text.Vector108
                0x00000000080100d0       0x40 build/obj/gpt_lld.o
                0x00000000080100d0                Vector108
 .text.gpt_lld_init
                0x0000000008010110       0x20 build/obj/gpt_lld.o
                0x0000000008010110                gpt_lld_init
 .text.gpt_lld_start
                0x0000000008010130       0x70 build/obj/gpt_lld.o
                0x0000000008010130                gpt_lld_start
 .text.gpt_lld_start_timer
                0x00000000080101a0       0x20 build/obj/gpt_lld.o
                0x00000000080101a0                gpt_lld_start_timer
 .text.VectorB4
                0x00000000080101c0       0x90 build/obj/icu_lld.o
                0x00000000080101c0                VectorB4
 .text.icu_lld_init
                0x0000000008010250       0x20 build/obj/icu_lld.o
                0x0000000008010250                icu_lld_init
 .text.icu_lld_start
                0x0000000008010270       0xc0 build/obj/icu_lld.o
                0x0000000008010270                icu_lld_start
 .text.icu_lld_enable
                0x0000000008010330       0x60 build/obj/icu_lld.o
                0x0000000008010330                icu_lld_enable
 .text.usart_stop
                0x0000000008010390       0x50 build/obj/uart_lld.o
 .text.serve_usart_irq
                0x00000000080103e0       0x70 build/obj/uart_lld.o
 .text.uart_lld_serve_tx_end_irq
                0x0000000008010450       0x50 build/obj/uart_lld.o
 .text.uart_lld_serve_rx_end_irq
                0x00000000080104a0       0x90 build/obj/uart_lld.o
 .text.VectorDC
                0x0000000008010530       0x20 build/obj/uart_lld.o
                0x0000000008010530                VectorDC
 .text.Vector15C
                0x0000000008010550       0x20 build/obj/uart_lld.o
                0x0000000008010550                Vector15C
 .text.uart_lld_init
                0x0000000008010570       0x50 build/obj/uart_lld.o
                0x0000000008010570                uart_lld_init
 .text.uart_lld_start
                0x00000000080105c0      0x170 build/obj/uart_lld.o
                0x00000000080105c0                uart_lld_start
 .text.uart_lld_start_send
                0x0000000008010730       0x20 build/obj/uart_lld.o
                0x0000000008010730                uart_lld_start_send
 .text.__early_init
                0x0000000008010750       0x10 build/obj/board.o
                0x0000000008010750                __early_init
 .text.boardInit
                0x0000000008010760       0x10 build/obj/board.o
                0x0000000008010760                boardInit
 .text.timer_thread
                0x0000000008010770       0x20 build/obj/bldc.o
 .text.sample_send_thread
                0x0000000008010790      0x130 build/obj/bldc.o
 .text.periodic_thread
                0x00000000080108c0       0x90 build/obj/bldc.o
 .text.bldc_init
                0x0000000008010950       0x60 build/obj/bldc.o
                0x0000000008010950                bldc_init
 .text.bldc_start
                0x00000000080109b0       0x60 build/obj/bldc.o
                0x00000000080109b0                bldc_start
 .text.SEQUENCE_thread
                0x0000000008010a10       0x20 build/obj/mcpwm.o
 .text.mcpwm_adc_int_handler
                0x0000000008010a30       0x20 build/obj/mcpwm.o
                0x0000000008010a30                mcpwm_adc_int_handler
 .text.ClarkePark
                0x0000000008010a50       0x70 build/obj/mcpwm.o
                0x0000000008010a50                ClarkePark
 .text.CalcPI   0x0000000008010ac0       0x60 build/obj/mcpwm.o
                0x0000000008010ac0                CalcPI
 .text.SetupControlParameters
                0x0000000008010b20       0xa0 build/obj/mcpwm.o
                0x0000000008010b20                SetupControlParameters
 .text.VoltRippleComp
                0x0000000008010bc0       0x60 build/obj/mcpwm.o
                0x0000000008010bc0                VoltRippleComp
 .text.DoControl
                0x0000000008010c20      0x250 build/obj/mcpwm.o
                0x0000000008010c20                DoControl
 .text.InvPark  0x0000000008010e70       0x50 build/obj/mcpwm.o
                0x0000000008010e70                InvPark
 .text.CalcTimes
                0x0000000008010ec0       0x70 build/obj/mcpwm.o
                0x0000000008010ec0                CalcTimes
 .text.update_timer_Duty
                0x0000000008010f30       0x60 build/obj/mcpwm.o
                0x0000000008010f30                update_timer_Duty
 .text.CalcSVGen
                0x0000000008010f90      0x110 build/obj/mcpwm.o
                0x0000000008010f90                CalcSVGen
 .text.SMC_HallSensor_Estimation
                0x00000000080110a0      0x1a0 build/obj/mcpwm.o
                0x00000000080110a0                SMC_HallSensor_Estimation
 .text.mcpwm_adc_inj_int_handler
                0x0000000008011240      0x140 build/obj/mcpwm.o
                0x0000000008011240                mcpwm_adc_inj_int_handler
 .text.FWInit   0x0000000008011380       0xb0 build/obj/mcpwm.o
                0x0000000008011380                FWInit
 .text.mcpwm_init
                0x0000000008011430      0x510 build/obj/mcpwm.o
                0x0000000008011430                mcpwm_init
 .text.mcpwm_get_state
                0x0000000008011940       0x10 build/obj/mcpwm.o
                0x0000000008011940                mcpwm_get_state
 .text.mcpwm_get_fault
                0x0000000008011950       0x10 build/obj/mcpwm.o
                0x0000000008011950                mcpwm_get_fault
 .text.get_descriptor
                0x0000000008011960       0x30 build/obj/usb_uart.o
 .text.usb_event
                0x0000000008011990       0x40 build/obj/usb_uart.o
 .text.usb_uart_init
                0x00000000080119d0       0x50 build/obj/usb_uart.o
                0x00000000080119d0                usb_uart_init
 .text.Vector11C
                0x0000000008011a20       0x20 build/obj/irq_handlers.o
                0x0000000008011a20                Vector11C
 .text.Vector88
                0x0000000008011a40       0x20 build/obj/irq_handlers.o
                0x0000000008011a40                Vector88
 .text.VectorE0
                0x0000000008011a60       0x30 build/obj/irq_handlers.o
                0x0000000008011a60                VectorE0
 .text.buffer_append_int32
                0x0000000008011a90       0x30 build/obj/buffer.o
                0x0000000008011a90                buffer_append_int32
 .text.buffer_get_int16
                0x0000000008011ac0       0x20 build/obj/buffer.o
                0x0000000008011ac0                buffer_get_int16
 .text.serial_process_thread
                0x0000000008011ae0       0x60 build/obj/comm_usb.o
 .text.serial_read_thread
                0x0000000008011b40       0x80 build/obj/comm_usb.o
 .text.process_packet
                0x0000000008011bc0       0x20 build/obj/comm_usb.o
 .text.send_packet_wrapper
                0x0000000008011be0       0x10 build/obj/comm_usb.o
 .text.send_packet
                0x0000000008011bf0       0x30 build/obj/comm_usb.o
 .text.comm_usb_init
                0x0000000008011c20       0x60 build/obj/comm_usb.o
                0x0000000008011c20                comm_usb_init
 .text.crc16    0x0000000008011c80       0x30 build/obj/crc.o
                0x0000000008011c80                crc16
 .text.ledpwm_init
                0x0000000008011cb0       0x60 build/obj/ledpwm.o
                0x0000000008011cb0                ledpwm_init
 .text.ledpwm_set_intensity
                0x0000000008011d10       0x50 build/obj/ledpwm.o
                0x0000000008011d10                ledpwm_set_intensity
 .text.icuwidthcb
                0x0000000008011d60      0x150 build/obj/servo_dec.o
 .text.icuperiodcb
                0x0000000008011eb0       0x10 build/obj/servo_dec.o
 .text.servodec_init
                0x0000000008011ec0       0x50 build/obj/servo_dec.o
                0x0000000008011ec0                servodec_init
 .text.servodec_set_pulse_options
                0x0000000008011f10       0x20 build/obj/servo_dec.o
                0x0000000008011f10                servodec_set_pulse_options
 .text.utils_sys_lock_cnt
                0x0000000008011f30       0x20 build/obj/utils.o
                0x0000000008011f30                utils_sys_lock_cnt
 .text.utils_sys_unlock_cnt
                0x0000000008011f50       0x20 build/obj/utils.o
                0x0000000008011f50                utils_sys_unlock_cnt
 .text.servo_irq
                0x0000000008011f70      0x110 build/obj/servo.o
                0x0000000008011f70                servo_irq
 .text.packet_init
                0x0000000008012080       0x20 build/obj/packet.o
                0x0000000008012080                packet_init
 .text.packet_send_packet
                0x00000000080120a0       0xc0 build/obj/packet.o
                0x00000000080120a0                packet_send_packet
 .text.packet_timerfunc
                0x0000000008012160       0x50 build/obj/packet.o
                0x0000000008012160                packet_timerfunc
 .text.packet_process_byte
                0x00000000080121b0      0x150 build/obj/packet.o
                0x00000000080121b0                packet_process_byte
 .text.conf_general_init
                0x0000000008012300       0x60 build/obj/conf_general.o
                0x0000000008012300                conf_general_init
 .text.conf_general_read_app_configuration
                0x0000000008012360      0x130 build/obj/conf_general.o
                0x0000000008012360                conf_general_read_app_configuration
 .text.conf_general_read_mc_configuration
                0x0000000008012490      0x1a0 build/obj/conf_general.o
                0x0000000008012490                conf_general_read_mc_configuration
 .text.conf_general_detect_motor_param
                0x0000000008012630       0x10 build/obj/conf_general.o
                0x0000000008012630                conf_general_detect_motor_param
 .text.EE_VerifyPageFullWriteVariable
                0x0000000008012640       0x80 build/obj/eeprom.o
 .text.EE_Format
                0x00000000080126c0       0x30 build/obj/eeprom.o
 .text.EE_ReadVariable
                0x00000000080126f0       0x70 build/obj/eeprom.o
                0x00000000080126f0                EE_ReadVariable
 .text.EE_Init  0x0000000008012760      0x160 build/obj/eeprom.o
                0x0000000008012760                EE_Init
 .text.detect_thread
                0x00000000080128c0       0xc0 build/obj/commands.o
 .text.commands_init
                0x0000000008012980       0x30 build/obj/commands.o
                0x0000000008012980                commands_init
 .text.commands_set_send_func
                0x00000000080129b0       0x10 build/obj/commands.o
                0x00000000080129b0                commands_set_send_func
 .text.commands_process_packet
                0x00000000080129c0       0x10 build/obj/commands.o
                0x00000000080129c0                commands_process_packet
 .text.commands_send_samples
                0x00000000080129d0       0x50 build/obj/commands.o
                0x00000000080129d0                commands_send_samples
 .text.timeout_thread
                0x0000000008012a20       0x20 build/obj/timeout.o
 .text.timeout_init
                0x0000000008012a40       0x60 build/obj/timeout.o
                0x0000000008012a40                timeout_init
 .text.timeout_configure
                0x0000000008012aa0       0x20 build/obj/timeout.o
                0x0000000008012aa0                timeout_configure
 .text.timeout_reset
                0x0000000008012ac0       0x20 build/obj/timeout.o
                0x0000000008012ac0                timeout_reset
 .text.timeout_has_timeout
                0x0000000008012ae0       0x10 build/obj/timeout.o
                0x0000000008012ae0                timeout_has_timeout
 .text.gpt_cb   0x0000000008012af0       0x10 build/obj/spi_dac.o
 .text.initGPT  0x0000000008012b00       0x30 build/obj/spi_dac.o
                0x0000000008012b00                initGPT
 .text.spi_hw_init_gpio
                0x0000000008012b30       0x70 build/obj/spi_dac.o
                0x0000000008012b30                spi_hw_init_gpio
 .text.spi_dac_hw_init
                0x0000000008012ba0       0x30 build/obj/spi_dac.o
                0x0000000008012ba0                spi_dac_hw_init
 .text.hw_init_gpio
                0x0000000008012bd0      0x190 build/obj/hw_oroca.o
                0x0000000008012bd0                hw_init_gpio
 .text.hw_setup_adc_channels
                0x0000000008012d60       0xc0 build/obj/hw_oroca.o
                0x0000000008012d60                hw_setup_adc_channels
 .text.hw_start_i2c
                0x0000000008012e20       0x50 build/obj/hw_oroca.o
                0x0000000008012e20                hw_start_i2c
 .text.hw_stop_i2c
                0x0000000008012e70       0x50 build/obj/hw_oroca.o
                0x0000000008012e70                hw_stop_i2c
 .text.hw_try_restore_i2c
                0x0000000008012ec0       0xd0 build/obj/hw_oroca.o
                0x0000000008012ec0                hw_try_restore_i2c
 .text.app_get_configuration
                0x0000000008012f90       0x10 build/obj/app.o
                0x0000000008012f90                app_get_configuration
 .text.app_set_configuration
                0x0000000008012fa0       0x40 build/obj/app.o
                0x0000000008012fa0                app_set_configuration
 .text.app_init
                0x0000000008012fe0       0x70 build/obj/app.o
                0x0000000008012fe0                app_init
 .text.update   0x0000000008013050       0x30 build/obj/app_ppm.o
 .text.ppm_thread
                0x0000000008013080       0x50 build/obj/app_ppm.o
 .text.servodec_func
                0x00000000080130d0       0x20 build/obj/app_ppm.o
 .text.app_ppm_configure
                0x00000000080130f0       0x50 build/obj/app_ppm.o
                0x00000000080130f0                app_ppm_configure
 .text.app_ppm_start
                0x0000000008013140       0x40 build/obj/app_ppm.o
                0x0000000008013140                app_ppm_start
 .text.adc_thread
                0x0000000008013180       0x30 build/obj/app_adc.o
 .text.app_adc_configure
                0x00000000080131b0       0x30 build/obj/app_adc.o
                0x00000000080131b0                app_adc_configure
 .text.app_adc_start
                0x00000000080131e0       0x30 build/obj/app_adc.o
                0x00000000080131e0                app_adc_start
 .text.txend1   0x0000000008013210       0x10 build/obj/app_uartcomm.o
 .text.txend2   0x0000000008013220       0x10 build/obj/app_uartcomm.o
 .text.rxerr    0x0000000008013230       0x10 build/obj/app_uartcomm.o
 .text.rxend    0x0000000008013240       0x10 build/obj/app_uartcomm.o
 .text.packet_process_thread
                0x0000000008013250       0x60 build/obj/app_uartcomm.o
 .text.rxchar   0x00000000080132b0       0x40 build/obj/app_uartcomm.o
 .text.process_packet
                0x00000000080132f0       0x20 build/obj/app_uartcomm.o
 .text.send_packet_wrapper
                0x0000000008013310       0x10 build/obj/app_uartcomm.o
 .text.send_packet
                0x0000000008013320       0x40 build/obj/app_uartcomm.o
 .text.app_uartcomm_start
                0x0000000008013360       0x70 build/obj/app_uartcomm.o
                0x0000000008013360                app_uartcomm_start
 .text.app_uartcomm_configure
                0x00000000080133d0       0x20 build/obj/app_uartcomm.o
                0x00000000080133d0                app_uartcomm_configure
 .text.output_thread
                0x00000000080133f0       0x20 build/obj/app_nunchuk.o
 .text.app_nunchuk_configure
                0x0000000008013410       0x20 build/obj/app_nunchuk.o
                0x0000000008013410                app_nunchuk_configure
 .text.app_nunchuk_start
                0x0000000008013430       0x30 build/obj/app_nunchuk.o
                0x0000000008013430                app_nunchuk_start
 .text.app_nunchuk_update_output
                0x0000000008013460       0x60 build/obj/app_nunchuk.o
                0x0000000008013460                app_nunchuk_update_output
 .text.chuk_thread
                0x00000000080134c0      0x1b0 build/obj/app_nunchuk.o
 .text.spi_sw_init
                0x0000000008013670       0x60 build/obj/spi_sw.o
                0x0000000008013670                spi_sw_init
 .text.spi_sw_transfer
                0x00000000080136d0       0xa0 build/obj/spi_sw.o
                0x00000000080136d0                spi_sw_transfer
 .text.spi_sw_begin
                0x0000000008013770       0x20 build/obj/spi_sw.o
                0x0000000008013770                spi_sw_begin
 .text.spi_sw_end
                0x0000000008013790       0x20 build/obj/spi_sw.o
                0x0000000008013790                spi_sw_end
 .text.rf_read_rx_payload
                0x00000000080137b0       0x30 build/obj/rf.o
                0x00000000080137b0                rf_read_rx_payload
 .text.rf_flush_tx
                0x00000000080137e0       0x30 build/obj/rf.o
                0x00000000080137e0                rf_flush_tx
 .text.rf_flush_rx
                0x0000000008013810       0x30 build/obj/rf.o
                0x0000000008013810                rf_flush_rx
 .text.rf_get_payload_width
                0x0000000008013840       0x40 build/obj/rf.o
                0x0000000008013840                rf_get_payload_width
 .text.rf_status
                0x0000000008013880       0x30 build/obj/rf.o
                0x0000000008013880                rf_status
 .text.rf_write_reg
                0x00000000080138b0       0x40 build/obj/rf.o
                0x00000000080138b0                rf_write_reg
 .text.rf_set_rx_addr
                0x00000000080138f0       0x10 build/obj/rf.o
                0x00000000080138f0                rf_set_rx_addr
 .text.rf_set_tx_addr
                0x0000000008013900       0x10 build/obj/rf.o
                0x0000000008013900                rf_set_tx_addr
 .text.rf_clear_rx_irq
                0x0000000008013910       0x20 build/obj/rf.o
                0x0000000008013910                rf_clear_rx_irq
 .text.rf_read_reg
                0x0000000008013930       0x30 build/obj/rf.o
                0x0000000008013930                rf_read_reg
 .text.rf_set_speed
                0x0000000008013960       0x50 build/obj/rf.o
                0x0000000008013960                rf_set_speed
 .text.rf_set_power
                0x00000000080139b0       0x50 build/obj/rf.o
                0x00000000080139b0                rf_set_power
 .text.rf_set_crc_type
                0x0000000008013a00       0x50 build/obj/rf.o
                0x0000000008013a00                rf_set_crc_type
 .text.rf_set_retr_retries
                0x0000000008013a50       0x40 build/obj/rf.o
                0x0000000008013a50                rf_set_retr_retries
 .text.rf_set_retr_delay
                0x0000000008013a90       0x40 build/obj/rf.o
                0x0000000008013a90                rf_set_retr_delay
 .text.rf_power_up
                0x0000000008013ad0       0x40 build/obj/rf.o
                0x0000000008013ad0                rf_power_up
 .text.rf_mode_rx
                0x0000000008013b10       0x40 build/obj/rf.o
                0x0000000008013b10                rf_mode_rx
 .text.rf_enable_pipe_autoack
                0x0000000008013b50       0x40 build/obj/rf.o
                0x0000000008013b50                rf_enable_pipe_autoack
 .text.rf_enable_pipe_address
                0x0000000008013b90       0x40 build/obj/rf.o
                0x0000000008013b90                rf_enable_pipe_address
 .text.rf_enable_pipe_dlp
                0x0000000008013bd0       0x40 build/obj/rf.o
                0x0000000008013bd0                rf_enable_pipe_dlp
 .text.rf_enable_features
                0x0000000008013c10       0x40 build/obj/rf.o
                0x0000000008013c10                rf_enable_features
 .text.rf_init  0x0000000008013c50       0xa0 build/obj/rf.o
                0x0000000008013c50                rf_init
 .text.rfhelp_init
                0x0000000008013cf0       0x70 build/obj/rfhelp.o
                0x0000000008013cf0                rfhelp_init
 .text.rfhelp_restart
                0x0000000008013d60       0x60 build/obj/rfhelp.o
                0x0000000008013d60                rfhelp_restart
 .text.rfhelp_read_rx_data
                0x0000000008013dc0       0x60 build/obj/rfhelp.o
                0x0000000008013dc0                rfhelp_read_rx_data
 .text.rfhelp_set_tx_addr
                0x0000000008013e20       0x60 build/obj/rfhelp.o
                0x0000000008013e20                rfhelp_set_tx_addr
 .text.rfhelp_set_rx_addr
                0x0000000008013e80       0x70 build/obj/rfhelp.o
                0x0000000008013e80                rfhelp_set_rx_addr
 .text.tx_thread
                0x0000000008013ef0       0x20 build/obj/nrf_driver.o
 .text.rx_thread
                0x0000000008013f10       0xc0 build/obj/nrf_driver.o
 .text.nrf_driver_init
                0x0000000008013fd0       0x80 build/obj/nrf_driver.o
                0x0000000008013fd0                nrf_driver_init
 .text.NVIC_Init
                0x0000000008014050       0x70 build/obj/misc.o
                0x0000000008014050                NVIC_Init
 .text.DMA_Init
                0x00000000080140c0       0x70 build/obj/stm32f4xx_dma.o
                0x00000000080140c0                DMA_Init
 .text.DMA_Cmd  0x0000000008014130       0x20 build/obj/stm32f4xx_dma.o
                0x0000000008014130                DMA_Cmd
 .text.DMA_ITConfig
                0x0000000008014150       0x40 build/obj/stm32f4xx_dma.o
                0x0000000008014150                DMA_ITConfig
 .text.RCC_AHB1PeriphClockCmd
                0x0000000008014190       0x20 build/obj/stm32f4xx_rcc.o
                0x0000000008014190                RCC_AHB1PeriphClockCmd
 .text.RCC_APB1PeriphClockCmd
                0x00000000080141b0       0x20 build/obj/stm32f4xx_rcc.o
                0x00000000080141b0                RCC_APB1PeriphClockCmd
 .text.RCC_APB2PeriphClockCmd
                0x00000000080141d0       0x20 build/obj/stm32f4xx_rcc.o
                0x00000000080141d0                RCC_APB2PeriphClockCmd
 .text.RCC_APB1PeriphResetCmd
                0x00000000080141f0       0x20 build/obj/stm32f4xx_rcc.o
                0x00000000080141f0                RCC_APB1PeriphResetCmd
 .text.RCC_APB2PeriphResetCmd
                0x0000000008014210       0x20 build/obj/stm32f4xx_rcc.o
                0x0000000008014210                RCC_APB2PeriphResetCmd
 .text.ADC_Init
                0x0000000008014230       0x50 build/obj/stm32f4xx_adc.o
                0x0000000008014230                ADC_Init
 .text.ADC_CommonInit
                0x0000000008014280       0x30 build/obj/stm32f4xx_adc.o
                0x0000000008014280                ADC_CommonInit
 .text.ADC_Cmd  0x00000000080142b0       0x20 build/obj/stm32f4xx_adc.o
                0x00000000080142b0                ADC_Cmd
 .text.ADC_RegularChannelConfig
                0x00000000080142d0       0x90 build/obj/stm32f4xx_adc.o
                0x00000000080142d0                ADC_RegularChannelConfig
 .text.ADC_MultiModeDMARequestAfterLastTransferCmd
                0x0000000008014360       0x20 build/obj/stm32f4xx_adc.o
                0x0000000008014360                ADC_MultiModeDMARequestAfterLastTransferCmd
 .text.ADC_InjectedChannelConfig
                0x0000000008014380       0x60 build/obj/stm32f4xx_adc.o
                0x0000000008014380                ADC_InjectedChannelConfig
 .text.ADC_InjectedSequencerLengthConfig
                0x00000000080143e0       0x10 build/obj/stm32f4xx_adc.o
                0x00000000080143e0                ADC_InjectedSequencerLengthConfig
 .text.ADC_ExternalTrigInjectedConvConfig
                0x00000000080143f0       0x10 build/obj/stm32f4xx_adc.o
                0x00000000080143f0                ADC_ExternalTrigInjectedConvConfig
 .text.ADC_ExternalTrigInjectedConvEdgeConfig
                0x0000000008014400       0x10 build/obj/stm32f4xx_adc.o
                0x0000000008014400                ADC_ExternalTrigInjectedConvEdgeConfig
 .text.ADC_GetInjectedConversionValue
                0x0000000008014410       0x20 build/obj/stm32f4xx_adc.o
                0x0000000008014410                ADC_GetInjectedConversionValue
 .text.ADC_ITConfig
                0x0000000008014430       0x20 build/obj/stm32f4xx_adc.o
                0x0000000008014430                ADC_ITConfig
 .text.ADC_ClearITPendingBit
                0x0000000008014450       0x10 build/obj/stm32f4xx_adc.o
                0x0000000008014450                ADC_ClearITPendingBit
 .text.EXTI_GetITStatus
                0x0000000008014460       0x20 build/obj/stm32f4xx_exti.o
                0x0000000008014460                EXTI_GetITStatus
 .text.EXTI_ClearITPendingBit
                0x0000000008014480       0x10 build/obj/stm32f4xx_exti.o
                0x0000000008014480                EXTI_ClearITPendingBit
 .text.FLASH_Unlock
                0x0000000008014490       0x20 build/obj/stm32f4xx_flash.o
                0x0000000008014490                FLASH_Unlock
 .text.FLASH_ClearFlag
                0x00000000080144b0       0x10 build/obj/stm32f4xx_flash.o
                0x00000000080144b0                FLASH_ClearFlag
 .text.FLASH_GetStatus
                0x00000000080144c0       0x40 build/obj/stm32f4xx_flash.o
                0x00000000080144c0                FLASH_GetStatus
 .text.FLASH_WaitForLastOperation
                0x0000000008014500       0x30 build/obj/stm32f4xx_flash.o
                0x0000000008014500                FLASH_WaitForLastOperation
 .text.FLASH_EraseSector
                0x0000000008014530       0x80 build/obj/stm32f4xx_flash.o
                0x0000000008014530                FLASH_EraseSector
 .text.FLASH_ProgramHalfWord
                0x00000000080145b0       0x40 build/obj/stm32f4xx_flash.o
                0x00000000080145b0                FLASH_ProgramHalfWord
 .text.TIM_DeInit
                0x00000000080145f0      0x1c0 build/obj/stm32f4xx_tim.o
                0x00000000080145f0                TIM_DeInit
 .text.TIM_TimeBaseInit
                0x00000000080147b0       0xa0 build/obj/stm32f4xx_tim.o
                0x00000000080147b0                TIM_TimeBaseInit
 .text.TIM_ARRPreloadConfig
                0x0000000008014850       0x20 build/obj/stm32f4xx_tim.o
                0x0000000008014850                TIM_ARRPreloadConfig
 .text.TIM_Cmd  0x0000000008014870       0x20 build/obj/stm32f4xx_tim.o
                0x0000000008014870                TIM_Cmd
 .text.TIM_OC1Init
                0x0000000008014890       0x90 build/obj/stm32f4xx_tim.o
                0x0000000008014890                TIM_OC1Init
 .text.TIM_OC2Init
                0x0000000008014920       0x90 build/obj/stm32f4xx_tim.o
                0x0000000008014920                TIM_OC2Init
 .text.TIM_OC3Init
                0x00000000080149b0       0x90 build/obj/stm32f4xx_tim.o
                0x00000000080149b0                TIM_OC3Init
 .text.TIM_OC4Init
                0x0000000008014a40       0x80 build/obj/stm32f4xx_tim.o
                0x0000000008014a40                TIM_OC4Init
 .text.TIM_OC1PreloadConfig
                0x0000000008014ac0       0x10 build/obj/stm32f4xx_tim.o
                0x0000000008014ac0                TIM_OC1PreloadConfig
 .text.TIM_OC2PreloadConfig
                0x0000000008014ad0       0x20 build/obj/stm32f4xx_tim.o
                0x0000000008014ad0                TIM_OC2PreloadConfig
 .text.TIM_OC3PreloadConfig
                0x0000000008014af0       0x10 build/obj/stm32f4xx_tim.o
                0x0000000008014af0                TIM_OC3PreloadConfig
 .text.TIM_OC4PreloadConfig
                0x0000000008014b00       0x20 build/obj/stm32f4xx_tim.o
                0x0000000008014b00                TIM_OC4PreloadConfig
 .text.TIM_BDTRConfig
                0x0000000008014b20       0x30 build/obj/stm32f4xx_tim.o
                0x0000000008014b20                TIM_BDTRConfig
 .text.TIM_CtrlPWMOutputs
                0x0000000008014b50       0x20 build/obj/stm32f4xx_tim.o
                0x0000000008014b50                TIM_CtrlPWMOutputs
 .text.TIM_CCPreloadControl
                0x0000000008014b70       0x20 build/obj/stm32f4xx_tim.o
                0x0000000008014b70                TIM_CCPreloadControl
 .text.TIM_ClearITPendingBit
                0x0000000008014b90       0x10 build/obj/stm32f4xx_tim.o
                0x0000000008014b90                TIM_ClearITPendingBit
 .text.TIM_SelectInputTrigger
                0x0000000008014ba0       0x10 build/obj/stm32f4xx_tim.o
                0x0000000008014ba0                TIM_SelectInputTrigger
 .text.TIM_SelectOutputTrigger
                0x0000000008014bb0       0x20 build/obj/stm32f4xx_tim.o
                0x0000000008014bb0                TIM_SelectOutputTrigger
 .text.TIM_SelectSlaveMode
                0x0000000008014bd0       0x20 build/obj/stm32f4xx_tim.o
                0x0000000008014bd0                TIM_SelectSlaveMode
 .text.TIM_SelectMasterSlaveMode
                0x0000000008014bf0       0x20 build/obj/stm32f4xx_tim.o
                0x0000000008014bf0                TIM_SelectMasterSlaveMode
 .text.WWDG_SetPrescaler
                0x0000000008014c10       0x20 build/obj/stm32f4xx_wwdg.o
                0x0000000008014c10                WWDG_SetPrescaler
 .text.WWDG_SetWindowValue
                0x0000000008014c30       0x30 build/obj/stm32f4xx_wwdg.o
                0x0000000008014c30                WWDG_SetWindowValue
 .text.WWDG_SetCounter
                0x0000000008014c60       0x10 build/obj/stm32f4xx_wwdg.o
                0x0000000008014c60                WWDG_SetCounter
 .text.WWDG_Enable
                0x0000000008014c70       0x10 build/obj/stm32f4xx_wwdg.o
                0x0000000008014c70                WWDG_Enable
 .text.cosf     0x0000000008014c80       0x78 /Users/Baram/gcc-arm-none-eabi/bin/../lib/gcc/arm-none-eabi/4.9.3/../../../../arm-none-eabi/lib/armv7e-m/fpu/libm.a(lib_a-sf_cos.o)
                0x0000000008014c80                cosf
 *fill*         0x0000000008014cf8        0x8 
 .text.roundf   0x0000000008014d00       0x60 /Users/Baram/gcc-arm-none-eabi/bin/../lib/gcc/arm-none-eabi/4.9.3/../../../../arm-none-eabi/lib/armv7e-m/fpu/libm.a(lib_a-sf_round.o)
                0x0000000008014d00                roundf
 .text.sinf     0x0000000008014d60       0x7c /Users/Baram/gcc-arm-none-eabi/bin/../lib/gcc/arm-none-eabi/4.9.3/../../../../arm-none-eabi/lib/armv7e-m/fpu/libm.a(lib_a-sf_sin.o)
                0x0000000008014d60                sinf
 *fill*         0x0000000008014ddc        0x4 
 .text.powf     0x0000000008014de0      0x344 /Users/Baram/gcc-arm-none-eabi/bin/../lib/gcc/arm-none-eabi/4.9.3/../../../../arm-none-eabi/lib/armv7e-m/fpu/libm.a(lib_a-wf_pow.o)
                0x0000000008014de0                powf
 *fill*         0x0000000008015124        0xc 
 .text.sqrtf    0x0000000008015130       0xb8 /Users/Baram/gcc-arm-none-eabi/bin/../lib/gcc/arm-none-eabi/4.9.3/../../../../arm-none-eabi/lib/armv7e-m/fpu/libm.a(lib_a-wf_sqrt.o)
                0x0000000008015130                sqrtf
 *fill*         0x00000000080151e8        0x8 
 .text.__ieee754_powf
                0x00000000080151f0      0x5f0 /Users/Baram/gcc-arm-none-eabi/bin/../lib/gcc/arm-none-eabi/4.9.3/../../../../arm-none-eabi/lib/armv7e-m/fpu/libm.a(lib_a-ef_pow.o)
                0x00000000080151f0                __ieee754_powf
 .text.__ieee754_rem_pio2f
                0x00000000080157e0      0x290 /Users/Baram/gcc-arm-none-eabi/bin/../lib/gcc/arm-none-eabi/4.9.3/../../../../arm-none-eabi/lib/armv7e-m/fpu/libm.a(lib_a-ef_rem_pio2.o)
                0x00000000080157e0                __ieee754_rem_pio2f
 .text.__ieee754_sqrtf
                0x0000000008015a70       0xa4 /Users/Baram/gcc-arm-none-eabi/bin/../lib/gcc/arm-none-eabi/4.9.3/../../../../arm-none-eabi/lib/armv7e-m/fpu/libm.a(lib_a-ef_sqrt.o)
                0x0000000008015a70                __ieee754_sqrtf
 *fill*         0x0000000008015b14        0xc 
 .text.__kernel_cosf
                0x0000000008015b20      0x104 /Users/Baram/gcc-arm-none-eabi/bin/../lib/gcc/arm-none-eabi/4.9.3/../../../../arm-none-eabi/lib/armv7e-m/fpu/libm.a(lib_a-kf_cos.o)
                0x0000000008015b20                __kernel_cosf
 *fill*         0x0000000008015c24        0xc 
 .text.__kernel_rem_pio2f
                0x0000000008015c30      0x5e4 /Users/Baram/gcc-arm-none-eabi/bin/../lib/gcc/arm-none-eabi/4.9.3/../../../../arm-none-eabi/lib/armv7e-m/fpu/libm.a(lib_a-kf_rem_pio2.o)
                0x0000000008015c30                __kernel_rem_pio2f
 *fill*         0x0000000008016214        0xc 
 .text.__kernel_sinf
                0x0000000008016220       0x90 /Users/Baram/gcc-arm-none-eabi/bin/../lib/gcc/arm-none-eabi/4.9.3/../../../../arm-none-eabi/lib/armv7e-m/fpu/libm.a(lib_a-kf_sin.o)
                0x0000000008016220                __kernel_sinf
 .text.matherr  0x00000000080162b0        0x4 /Users/Baram/gcc-arm-none-eabi/bin/../lib/gcc/arm-none-eabi/4.9.3/../../../../arm-none-eabi/lib/armv7e-m/fpu/libm.a(lib_a-s_matherr.o)
                0x00000000080162b0                matherr
 *fill*         0x00000000080162b4        0xc 
 .text.rint     0x00000000080162c0      0x124 /Users/Baram/gcc-arm-none-eabi/bin/../lib/gcc/arm-none-eabi/4.9.3/../../../../arm-none-eabi/lib/armv7e-m/fpu/libm.a(lib_a-s_rint.o)
                0x00000000080162c0                rint
 *fill*         0x00000000080163e4        0xc 
 .text.fabsf    0x00000000080163f0       0x10 /Users/Baram/gcc-arm-none-eabi/bin/../lib/gcc/arm-none-eabi/4.9.3/../../../../arm-none-eabi/lib/armv7e-m/fpu/libm.a(lib_a-sf_fabs.o)
                0x00000000080163f0                fabsf
 .text.finitef  0x0000000008016400       0x14 /Users/Baram/gcc-arm-none-eabi/bin/../lib/gcc/arm-none-eabi/4.9.3/../../../../arm-none-eabi/lib/armv7e-m/fpu/libm.a(lib_a-sf_finite.o)
                0x0000000008016400                finitef
 *fill*         0x0000000008016414        0xc 
 .text.floorf   0x0000000008016420       0x90 /Users/Baram/gcc-arm-none-eabi/bin/../lib/gcc/arm-none-eabi/4.9.3/../../../../arm-none-eabi/lib/armv7e-m/fpu/libm.a(lib_a-sf_floor.o)
                0x0000000008016420                floorf
 .text.__fpclassifyf
                0x00000000080164b0       0x38 /Users/Baram/gcc-arm-none-eabi/bin/../lib/gcc/arm-none-eabi/4.9.3/../../../../arm-none-eabi/lib/armv7e-m/fpu/libm.a(lib_a-sf_fpclassify.o)
                0x00000000080164b0                __fpclassifyf
 *fill*         0x00000000080164e8        0x8 
 .text.nanf     0x00000000080164f0        0xc /Users/Baram/gcc-arm-none-eabi/bin/../lib/gcc/arm-none-eabi/4.9.3/../../../../arm-none-eabi/lib/armv7e-m/fpu/libm.a(lib_a-sf_nan.o)
                0x00000000080164f0                nanf
 *fill*         0x00000000080164fc        0x4 
 .text.scalbnf  0x0000000008016500       0xd0 /Users/Baram/gcc-arm-none-eabi/bin/../lib/gcc/arm-none-eabi/4.9.3/../../../../arm-none-eabi/lib/armv7e-m/fpu/libm.a(lib_a-sf_scalbn.o)
                0x0000000008016500                scalbnf
 .text.copysignf
                0x00000000080165d0       0x18 /Users/Baram/gcc-arm-none-eabi/bin/../lib/gcc/arm-none-eabi/4.9.3/../../../../arm-none-eabi/lib/armv7e-m/fpu/libm.a(lib_a-sf_copysign.o)
                0x00000000080165d0                copysignf
 *fill*         0x00000000080165e8        0x8 
 .text.__errno  0x00000000080165f0        0xc /Users/Baram/gcc-arm-none-eabi/bin/../lib/gcc/arm-none-eabi/4.9.3/../../../../arm-none-eabi/lib/armv7e-m/fpu/libg.a(lib_a-errno.o)
                0x00000000080165f0                __errno
 *fill*         0x00000000080165fc        0x4 
 .text.memcmp   0x0000000008016600       0x64 /Users/Baram/gcc-arm-none-eabi/bin/../lib/gcc/arm-none-eabi/4.9.3/../../../../arm-none-eabi/lib/armv7e-m/fpu/libg.a(lib_a-memcmp.o)
                0x0000000008016600                memcmp
 *fill*         0x0000000008016664        0xc 
 .text.memset   0x0000000008016670       0x9c /Users/Baram/gcc-arm-none-eabi/bin/../lib/gcc/arm-none-eabi/4.9.3/../../../../arm-none-eabi/lib/armv7e-m/fpu/libg.a(lib_a-memset.o)
                0x0000000008016670                memset
 *(.rodata)
 *(.rodata.*)
 *fill*         0x000000000801670c        0x4 
 .rodata.str1.4
                0x0000000008016710        0x5 build/obj/chsys.o
                                          0x8 (size before relaxing)
 *fill*         0x0000000008016715        0xb 
 .rodata.ch_debug
                0x0000000008016720       0x18 build/obj/chregistry.o
                0x0000000008016720                ch_debug
 *fill*         0x0000000008016738        0x8 
 .rodata.vmt    0x0000000008016740       0x20 build/obj/serial_usb.o
 .rodata.zero_status
                0x0000000008016760        0x4 build/obj/usb.o
 *fill*         0x0000000008016764        0xc 
 .rodata.active_status
                0x0000000008016770        0x4 build/obj/usb.o
 *fill*         0x0000000008016774        0xc 
 .rodata.halted_status
                0x0000000008016780        0x4 build/obj/usb.o
 *fill*         0x0000000008016784        0xc 
 .rodata._stm32_dma_streams
                0x0000000008016790       0xc0 build/obj/stm32_dma.o
                0x0000000008016790                _stm32_dma_streams
 .rodata.fsparams
                0x0000000008016850        0xc build/obj/usb_lld.o
 *fill*         0x000000000801685c        0x4 
 .rodata.str1.4
                0x0000000008016860        0xd build/obj/usb_lld.o
                                         0x10 (size before relaxing)
 *fill*         0x000000000801686d        0x3 
 .rodata.ep0config
                0x0000000008016870       0x24 build/obj/usb_lld.o
 *fill*         0x0000000008016894        0xc 
 .rodata.pal_default_config
                0x00000000080168a0       0xfc build/obj/board.o
                0x00000000080168a0                pal_default_config
 *fill*         0x000000000801699c        0x4 
 .rodata.str1.4
                0x00000000080169a0       0x26 build/obj/bldc.o
                                         0x28 (size before relaxing)
 *fill*         0x00000000080169c6        0xa 
 .rodata.str1.4
                0x00000000080169d0       0xc7 build/obj/mcpwm.o
                                         0xc8 (size before relaxing)
 *fill*         0x0000000008016a97        0x9 
 .rodata.ep1config
                0x0000000008016aa0       0x24 build/obj/usb_uart.o
 *fill*         0x0000000008016ac4        0xc 
 .rodata.vcom_configuration_descriptor
                0x0000000008016ad0        0x8 build/obj/usb_uart.o
 *fill*         0x0000000008016ad8        0x8 
 .rodata.ep2config
                0x0000000008016ae0       0x24 build/obj/usb_uart.o
 *fill*         0x0000000008016b04        0xc 
 .rodata.usbcfg
                0x0000000008016b10       0x10 build/obj/usb_uart.o
                0x0000000008016b10                usbcfg
 .rodata.vcom_configuration_descriptor_data
                0x0000000008016b20       0x44 build/obj/usb_uart.o
 *fill*         0x0000000008016b64        0xc 
 .rodata.vcom_device_descriptor_data
                0x0000000008016b70       0x14 build/obj/usb_uart.o
 *fill*         0x0000000008016b84        0xc 
 .rodata.vcom_string0
                0x0000000008016b90        0x4 build/obj/usb_uart.o
 *fill*         0x0000000008016b94        0xc 
 .rodata.vcom_string1
                0x0000000008016ba0       0x28 build/obj/usb_uart.o
 *fill*         0x0000000008016bc8        0x8 
 .rodata.vcom_string2
                0x0000000008016bd0       0x38 build/obj/usb_uart.o
 *fill*         0x0000000008016c08        0x8 
 .rodata.vcom_string3
                0x0000000008016c10        0x8 build/obj/usb_uart.o
 *fill*         0x0000000008016c18        0x8 
 .rodata.vcom_strings
                0x0000000008016c20       0x20 build/obj/usb_uart.o
 .rodata.serusbcfg
                0x0000000008016c40        0x8 build/obj/usb_uart.o
                0x0000000008016c40                serusbcfg
 *fill*         0x0000000008016c48        0x8 
 .rodata.vcom_device_descriptor
                0x0000000008016c50        0x8 build/obj/usb_uart.o
 *fill*         0x0000000008016c58        0x8 
 .rodata.str1.4
                0x0000000008016c60       0x24 build/obj/comm_usb.o
 *fill*         0x0000000008016c84        0xc 
 .rodata.crc16_tab
                0x0000000008016c90      0x200 build/obj/crc.o
                0x0000000008016c90                crc16_tab
 .rodata.str1.4
                0x0000000008016e90        0x7 build/obj/commands.o
                                          0x8 (size before relaxing)
 *fill*         0x0000000008016e97        0x9 
 .rodata.str1.4
                0x0000000008016ea0        0x8 build/obj/timeout.o
 *fill*         0x0000000008016ea8        0x8 
 .rodata.gpt_cfg
                0x0000000008016eb0        0xc build/obj/spi_dac.o
 *fill*         0x0000000008016ebc        0x4 
 .rodata.i2cfg  0x0000000008016ec0        0xc build/obj/hw_oroca.o
 *fill*         0x0000000008016ecc        0x4 
 .rodata.str1.4
                0x0000000008016ed0        0x8 build/obj/app_ppm.o
 *fill*         0x0000000008016ed8        0x8 
 .rodata.str1.4
                0x0000000008016ee0        0x8 build/obj/app_adc.o
 *fill*         0x0000000008016ee8        0x8 
 .rodata.str1.4
                0x0000000008016ef0       0x11 build/obj/app_uartcomm.o
                                         0x14 (size before relaxing)
 *fill*         0x0000000008016f01        0xf 
 .rodata.str1.4
                0x0000000008016f10       0x1c build/obj/app_nunchuk.o
 *fill*         0x0000000008016f2c        0x4 
 .rodata.str1.4
                0x0000000008016f30        0xb build/obj/nrf_driver.o
                                          0xc (size before relaxing)
 *fill*         0x0000000008016f3b        0x5 
 .rodata.str1.4
                0x0000000008016f40        0x5 /Users/Baram/gcc-arm-none-eabi/bin/../lib/gcc/arm-none-eabi/4.9.3/../../../../arm-none-eabi/lib/armv7e-m/fpu/libm.a(lib_a-wf_pow.o)
                                          0x8 (size before relaxing)
 *fill*         0x0000000008016f45        0xb 
 .rodata.str1.4
                0x0000000008016f50        0x6 /Users/Baram/gcc-arm-none-eabi/bin/../lib/gcc/arm-none-eabi/4.9.3/../../../../arm-none-eabi/lib/armv7e-m/fpu/libm.a(lib_a-wf_sqrt.o)
                                          0x8 (size before relaxing)
 *fill*         0x0000000008016f56        0xa 
 .rodata.dp_h   0x0000000008016f60        0x8 /Users/Baram/gcc-arm-none-eabi/bin/../lib/gcc/arm-none-eabi/4.9.3/../../../../arm-none-eabi/lib/armv7e-m/fpu/libm.a(lib_a-ef_pow.o)
 *fill*         0x0000000008016f68        0x8 
 .rodata.dp_l   0x0000000008016f70        0x8 /Users/Baram/gcc-arm-none-eabi/bin/../lib/gcc/arm-none-eabi/4.9.3/../../../../arm-none-eabi/lib/armv7e-m/fpu/libm.a(lib_a-ef_pow.o)
 *fill*         0x0000000008016f78        0x8 
 .rodata.bp     0x0000000008016f80        0x8 /Users/Baram/gcc-arm-none-eabi/bin/../lib/gcc/arm-none-eabi/4.9.3/../../../../arm-none-eabi/lib/armv7e-m/fpu/libm.a(lib_a-ef_pow.o)
 .rodata.str1.4
                0x0000000000000000        0x6 /Users/Baram/gcc-arm-none-eabi/bin/../lib/gcc/arm-none-eabi/4.9.3/../../../../arm-none-eabi/lib/armv7e-m/fpu/libm.a(lib_a-ef_pow.o)
                                          0x4 (size before relaxing)
 *fill*         0x0000000008016f88        0x8 
 .rodata.npio2_hw
                0x0000000008016f90       0x80 /Users/Baram/gcc-arm-none-eabi/bin/../lib/gcc/arm-none-eabi/4.9.3/../../../../arm-none-eabi/lib/armv7e-m/fpu/libm.a(lib_a-ef_rem_pio2.o)
 .rodata.two_over_pi
                0x0000000008017010      0x318 /Users/Baram/gcc-arm-none-eabi/bin/../lib/gcc/arm-none-eabi/4.9.3/../../../../arm-none-eabi/lib/armv7e-m/fpu/libm.a(lib_a-ef_rem_pio2.o)
 *fill*         0x0000000008017328        0x8 
 .rodata.init_jk
                0x0000000008017330        0xc /Users/Baram/gcc-arm-none-eabi/bin/../lib/gcc/arm-none-eabi/4.9.3/../../../../arm-none-eabi/lib/armv7e-m/fpu/libm.a(lib_a-kf_rem_pio2.o)
 *fill*         0x000000000801733c        0x4 
 .rodata.PIo2   0x0000000008017340       0x2c /Users/Baram/gcc-arm-none-eabi/bin/../lib/gcc/arm-none-eabi/4.9.3/../../../../arm-none-eabi/lib/armv7e-m/fpu/libm.a(lib_a-kf_rem_pio2.o)
 *fill*         0x000000000801736c        0x4 
 .rodata.TWO52  0x0000000008017370       0x10 /Users/Baram/gcc-arm-none-eabi/bin/../lib/gcc/arm-none-eabi/4.9.3/../../../../arm-none-eabi/lib/armv7e-m/fpu/libm.a(lib_a-s_rint.o)
 .rodata.str1.4
                0x0000000008017380        0x4 /Users/Baram/gcc-arm-none-eabi/bin/../lib/gcc/arm-none-eabi/4.9.3/../../../../arm-none-eabi/lib/armv7e-m/fpu/libg.a(lib_a-impure.o)
 *(.glue_7t)
 .glue_7t       0x0000000000000000        0x0 linker stubs
 *(.glue_7)
 .glue_7        0x0000000000000000        0x0 linker stubs
 *(.gcc*)

.vfp11_veneer   0x0000000008017384        0x0
 .vfp11_veneer  0x0000000000000000        0x0 linker stubs

.v4_bx          0x0000000008017384        0x0
 .v4_bx         0x0000000000000000        0x0 linker stubs

.iplt           0x0000000008017384        0x0
 .iplt          0x0000000000000000        0x0 build/obj/main.o

.rel.dyn        0x0000000008017384        0x0
 .rel.iplt      0x0000000000000000        0x0 build/obj/main.o

.ARM.extab
 *(.ARM.extab* .gnu.linkonce.armextab.*)

.ARM.exidx      0x0000000008017384        0x0
                0x0000000008017384                PROVIDE (__exidx_start, .)
 *(.ARM.exidx* .gnu.linkonce.armexidx.*)
                0x0000000008017384                PROVIDE (__exidx_end, .)

.eh_frame_hdr
 *(.eh_frame_hdr)

.eh_frame
 *(.eh_frame)

.textalign      0x0000000008017384        0x4
                0x0000000008017388                . = ALIGN (0x8)
 *fill*         0x0000000008017384        0x4 
                0x0000000008017388                _etext = .
                0x0000000008017388                _textdata = _etext

.stacks         0x0000000020000000     0x1000
                0x0000000020000000                . = ALIGN (0x8)
                0x0000000020000000                __main_stack_base__ = .
                0x0000000020000800                . = (. + __main_stack_size__)
 *fill*         0x0000000020000000      0x800 
                0x0000000020000800                . = ALIGN (0x8)
                0x0000000020000800                __main_stack_end__ = .
                0x0000000020000800                __process_stack_base__ = .
                0x0000000020000800                __main_thread_stack_base__ = .
                0x0000000020001000                . = (. + __process_stack_size__)
 *fill*         0x0000000020000800      0x800 
                0x0000000020001000                . = ALIGN (0x8)
                0x0000000020001000                __process_stack_end__ = .
                0x0000000020001000                __main_thread_stack_end__ = .

.data           0x0000000020001000      0x48c load address 0x0000000008017388
                0x0000000020001000                . = ALIGN (0x4)
                0x0000000020001000                PROVIDE (_data, .)
 *(.data)
                0x0000000020001000                . = ALIGN (0x4)
 *(.data.*)
 .data.linecoding
                0x0000000020001000        0x8 build/obj/serial_usb.o
 .data.sample_len
                0x0000000020001008        0x4 build/obj/bldc.o
 .data.switching_frequency_now
                0x000000002000100c        0x4 build/obj/mcpwm.o
                0x000000002000100c                switching_frequency_now
 .data.c2.9454  0x0000000020001010        0x4 build/obj/servo_dec.o
 .data.c1.9453  0x0000000020001014        0x4 build/obj/servo_dec.o
 .data.pulse_end
                0x0000000020001018        0x4 build/obj/servo_dec.o
 .data.pulse_start
                0x000000002000101c        0x4 build/obj/servo_dec.o
 .data.icucfg   0x0000000020001020       0x1c build/obj/servo_dec.o
 .data.uart_cfg
                0x000000002000103c       0x20 build/obj/app_uartcomm.o
 .data.__fdlib_version
                0x000000002000105c        0x1 /Users/Baram/gcc-arm-none-eabi/bin/../lib/gcc/arm-none-eabi/4.9.3/../../../../arm-none-eabi/lib/armv7e-m/fpu/libm.a(lib_a-s_lib_ver.o)
                0x000000002000105c                __fdlib_version
 *fill*         0x000000002000105d        0x3 
 .data.impure_data
                0x0000000020001060      0x428 /Users/Baram/gcc-arm-none-eabi/bin/../lib/gcc/arm-none-eabi/4.9.3/../../../../arm-none-eabi/lib/armv7e-m/fpu/libg.a(lib_a-impure.o)
 .data._impure_ptr
                0x0000000020001488        0x4 /Users/Baram/gcc-arm-none-eabi/bin/../lib/gcc/arm-none-eabi/4.9.3/../../../../arm-none-eabi/lib/armv7e-m/fpu/libg.a(lib_a-impure.o)
                0x0000000020001488                _impure_ptr
                0x000000002000148c                . = ALIGN (0x4)
 *(.ramtext)
                0x000000002000148c                . = ALIGN (0x4)
                0x000000002000148c                PROVIDE (_edata, .)

.igot.plt       0x000000002000148c        0x0 load address 0x0000000008017814
 .igot.plt      0x0000000000000000        0x0 build/obj/main.o

.bss            0x0000000020001490    0x12358 load address 0x0000000008017814
                0x0000000020001490                . = ALIGN (0x4)
                0x0000000020001490                PROVIDE (_bss_start, .)
 *(.bss)
                0x0000000020001490                . = ALIGN (0x4)
 *(.bss.*)
 .bss.mainthread.4846
                0x0000000020001490       0x48 build/obj/chsys.o
 .bss._idle_thread_wa
                0x00000000200014d8      0x1d8 build/obj/chsys.o
                0x00000000200014d8                _idle_thread_wa
 .bss.vtlist    0x00000000200016b0       0x10 build/obj/chvt.o
                0x00000000200016b0                vtlist
 .bss.rlist     0x00000000200016c0       0x1c build/obj/chschd.o
                0x00000000200016c0                rlist
 .bss.endmem    0x00000000200016dc        0x4 build/obj/chmemcore.o
 .bss.nextmem   0x00000000200016e0        0x4 build/obj/chmemcore.o
 *fill*         0x00000000200016e4        0x4 
 .bss.default_heap
                0x00000000200016e8       0x20 build/obj/chheap.o
 .bss.dma_isr_redir
                0x0000000020001708       0x80 build/obj/stm32_dma.o
 .bss.dma_streams_mask
                0x0000000020001788        0x4 build/obj/stm32_dma.o
 .bss.CAND1     0x000000002000178c       0x38 build/obj/can_lld.o
                0x000000002000178c                CAND1
 .bss.I2CD2     0x00000000200017c4       0x38 build/obj/i2c_lld.o
                0x00000000200017c4                I2CD2
 *fill*         0x00000000200017fc        0x4 
 .bss.USBD1     0x0000000020001800      0x280 build/obj/usb_lld.o
                0x0000000020001800                USBD1
 .bss.ep0_state
                0x0000000020001a80       0x14 build/obj/usb_lld.o
 .bss.ep0setup_buffer
                0x0000000020001a94        0x8 build/obj/usb_lld.o
 .bss.GPTD5     0x0000000020001a9c       0x10 build/obj/gpt_lld.o
                0x0000000020001a9c                GPTD5
 .bss.ICUD3     0x0000000020001aac       0x18 build/obj/icu_lld.o
                0x0000000020001aac                ICUD3
 .bss.UARTD3    0x0000000020001ac4       0x1c build/obj/uart_lld.o
                0x0000000020001ac4                UARTD3
 .bss.UARTD6    0x0000000020001ae0       0x1c build/obj/uart_lld.o
                0x0000000020001ae0                UARTD6
 .bss.status_samples
                0x0000000020001afc      0x7d0 build/obj/bldc.o
 .bss.f_sw_samples
                0x00000000200022cc      0xfa0 build/obj/bldc.o
 .bss.ph2_samples
                0x000000002000326c      0xfa0 build/obj/bldc.o
 .bss.vzero_samples
                0x000000002000420c      0xfa0 build/obj/bldc.o
 .bss.curr0_samples
                0x00000000200051ac      0xfa0 build/obj/bldc.o
 .bss.curr_fir_samples
                0x000000002000614c      0xfa0 build/obj/bldc.o
 *fill*         0x00000000200070ec        0x4 
 .bss.sample_send_thread_wa
                0x00000000200070f0      0x598 build/obj/bldc.o
 .bss.ph3_samples
                0x0000000020007688      0xfa0 build/obj/bldc.o
 .bss.curr1_samples
                0x0000000020008628      0xfa0 build/obj/bldc.o
 .bss.ph1_samples
                0x00000000200095c8      0xfa0 build/obj/bldc.o
 .bss.timer_thread_wa
                0x000000002000a568      0x218 build/obj/bldc.o
 .bss.sample_send_tp
                0x000000002000a780        0x4 build/obj/bldc.o
 *fill*         0x000000002000a784        0x4 
 .bss.periodic_thread_wa
                0x000000002000a788      0x598 build/obj/bldc.o
 .bss.curr0_offset
                0x000000002000ad20        0x4 build/obj/mcpwm.o
 .bss.ADC_Value
                0x000000002000ad24       0x18 build/obj/mcpwm.o
                0x000000002000ad24                ADC_Value
 .bss.Startup_Ramp
                0x000000002000ad3c        0x4 build/obj/mcpwm.o
                0x000000002000ad3c                Startup_Ramp
 .bss.PIParmD   0x000000002000ad40       0x24 build/obj/mcpwm.o
                0x000000002000ad40                PIParmD
 .bss.curr1_sum
                0x000000002000ad64        0x4 build/obj/mcpwm.o
 .bss.CtrlParm  0x000000002000ad68        0xc build/obj/mcpwm.o
                0x000000002000ad68                CtrlParm
 *fill*         0x000000002000ad74        0x4 
 .bss.SEQUENCE_thread_wa
                0x000000002000ad78      0x998 build/obj/mcpwm.o
 .bss.PIParmQ   0x000000002000b710       0x24 build/obj/mcpwm.o
                0x000000002000b710                PIParmQ
 .bss.uGF       0x000000002000b734        0x4 build/obj/mcpwm.o
                0x000000002000b734                uGF
 .bss.Hall_SinCos
                0x000000002000b738        0x4 build/obj/mcpwm.o
                0x000000002000b738                Hall_SinCos
 .bss.PIParmW   0x000000002000b73c       0x24 build/obj/mcpwm.o
                0x000000002000b73c                PIParmW
 .bss.curr_start_samples
                0x000000002000b760        0x4 build/obj/mcpwm.o
 .bss.Hall_CosSin
                0x000000002000b764        0x4 build/obj/mcpwm.o
                0x000000002000b764                Hall_CosSin
 .bss.dccal_done
                0x000000002000b768        0x1 build/obj/mcpwm.o
 *fill*         0x000000002000b769        0x3 
 .bss.Hall_Err0
                0x000000002000b76c        0x4 build/obj/mcpwm.o
 .bss.Startup_Lock
                0x000000002000b770        0x4 build/obj/mcpwm.o
                0x000000002000b770                Startup_Lock
 .bss.AccumThetaCnt
                0x000000002000b774        0x2 build/obj/mcpwm.o
                0x000000002000b774                AccumThetaCnt
 *fill*         0x000000002000b776        0x2 
 .bss.PIParmPLL
                0x000000002000b778       0x24 build/obj/mcpwm.o
                0x000000002000b778                PIParmPLL
 .bss.sinth     0x000000002000b79c        0x4 build/obj/mcpwm.o
                0x000000002000b79c                sinth
 .bss.qVdSquared
                0x000000002000b7a0        0x4 build/obj/mcpwm.o
 .bss.DCbus     0x000000002000b7a4        0x4 build/obj/mcpwm.o
 .bss.TargetDCbus
                0x000000002000b7a8        0x4 build/obj/mcpwm.o
 .bss.Theta     0x000000002000b7ac        0x4 build/obj/mcpwm.o
 .bss.smc1      0x000000002000b7b0       0x64 build/obj/mcpwm.o
                0x000000002000b7b0                smc1
 .bss.ParkParm  0x000000002000b814       0x40 build/obj/mcpwm.o
                0x000000002000b814                ParkParm
 .bss.costh     0x000000002000b854        0x4 build/obj/mcpwm.o
                0x000000002000b854                costh
 .bss.SVGenParm
                0x000000002000b858       0x24 build/obj/mcpwm.o
                0x000000002000b858                SVGenParm
 .bss.curr1_offset
                0x000000002000b87c        0x4 build/obj/mcpwm.o
 .bss.curr0_sum
                0x000000002000b880        0x4 build/obj/mcpwm.o
 .bss.FdWeakParm
                0x000000002000b884       0x5c build/obj/mcpwm.o
                0x000000002000b884                FdWeakParm
 .bss.Hall_PIout
                0x000000002000b8e0        0x4 build/obj/mcpwm.o
 .bss.fault_now
                0x000000002000b8e4        0x1 build/obj/mcpwm.o
 *fill*         0x000000002000b8e5        0x3 
 .bss.HallPLLA  0x000000002000b8e8        0x4 build/obj/mcpwm.o
                0x000000002000b8e8                HallPLLA
 .bss.HallPLLB  0x000000002000b8ec        0x4 build/obj/mcpwm.o
                0x000000002000b8ec                HallPLLB
 .bss.MeasCurrParm
                0x000000002000b8f0       0x10 build/obj/mcpwm.o
 .bss.ep2instate
                0x000000002000b900       0x14 build/obj/usb_uart.o
 .bss.SDU1      0x000000002000b914      0x258 build/obj/usb_uart.o
                0x000000002000b914                SDU1
 .bss.ep1instate
                0x000000002000bb6c       0x14 build/obj/usb_uart.o
 .bss.ep1outstate