Archive member included because of file (symbol)

/Users/imac/Downloads/gcc-arm-none-eabi-4_9-2015q2/bin/../lib/gcc/arm-none-eabi/4.9.3/../../../../arm-none-eabi/lib/armv7e-m/fpu/libm.a(lib_a-sf_cos.o)
                              build/obj/mcpwm.o (cosf)
/Users/imac/Downloads/gcc-arm-none-eabi-4_9-2015q2/bin/../lib/gcc/arm-none-eabi/4.9.3/../../../../arm-none-eabi/lib/armv7e-m/fpu/libm.a(lib_a-sf_sin.o)
                              build/obj/mcpwm.o (sinf)
/Users/imac/Downloads/gcc-arm-none-eabi-4_9-2015q2/bin/../lib/gcc/arm-none-eabi/4.9.3/../../../../arm-none-eabi/lib/armv7e-m/fpu/libm.a(lib_a-wf_atan2.o)
                              build/obj/mcpwm.o (atan2f)
/Users/imac/Downloads/gcc-arm-none-eabi-4_9-2015q2/bin/../lib/gcc/arm-none-eabi/4.9.3/../../../../arm-none-eabi/lib/armv7e-m/fpu/libm.a(lib_a-wf_fmod.o)
                              build/obj/utils.o (fmodf)
/Users/imac/Downloads/gcc-arm-none-eabi-4_9-2015q2/bin/../lib/gcc/arm-none-eabi/4.9.3/../../../../arm-none-eabi/lib/armv7e-m/fpu/libm.a(lib_a-wf_sqrt.o)
                              build/obj/mcpwm.o (sqrtf)
/Users/imac/Downloads/gcc-arm-none-eabi-4_9-2015q2/bin/../lib/gcc/arm-none-eabi/4.9.3/../../../../arm-none-eabi/lib/armv7e-m/fpu/libm.a(lib_a-ef_atan2.o)
                              /Users/imac/Downloads/gcc-arm-none-eabi-4_9-2015q2/bin/../lib/gcc/arm-none-eabi/4.9.3/../../../../arm-none-eabi/lib/armv7e-m/fpu/libm.a(lib_a-wf_atan2.o) (__ieee754_atan2f)
/Users/imac/Downloads/gcc-arm-none-eabi-4_9-2015q2/bin/../lib/gcc/arm-none-eabi/4.9.3/../../../../arm-none-eabi/lib/armv7e-m/fpu/libm.a(lib_a-ef_fmod.o)
                              /Users/imac/Downloads/gcc-arm-none-eabi-4_9-2015q2/bin/../lib/gcc/arm-none-eabi/4.9.3/../../../../arm-none-eabi/lib/armv7e-m/fpu/libm.a(lib_a-wf_fmod.o) (__ieee754_fmodf)
/Users/imac/Downloads/gcc-arm-none-eabi-4_9-2015q2/bin/../lib/gcc/arm-none-eabi/4.9.3/../../../../arm-none-eabi/lib/armv7e-m/fpu/libm.a(lib_a-ef_rem_pio2.o)
                              /Users/imac/Downloads/gcc-arm-none-eabi-4_9-2015q2/bin/../lib/gcc/arm-none-eabi/4.9.3/../../../../arm-none-eabi/lib/armv7e-m/fpu/libm.a(lib_a-sf_cos.o) (__ieee754_rem_pio2f)
/Users/imac/Downloads/gcc-arm-none-eabi-4_9-2015q2/bin/../lib/gcc/arm-none-eabi/4.9.3/../../../../arm-none-eabi/lib/armv7e-m/fpu/libm.a(lib_a-ef_sqrt.o)
                              /Users/imac/Downloads/gcc-arm-none-eabi-4_9-2015q2/bin/../lib/gcc/arm-none-eabi/4.9.3/../../../../arm-none-eabi/lib/armv7e-m/fpu/libm.a(lib_a-wf_sqrt.o) (__ieee754_sqrtf)
/Users/imac/Downloads/gcc-arm-none-eabi-4_9-2015q2/bin/../lib/gcc/arm-none-eabi/4.9.3/../../../../arm-none-eabi/lib/armv7e-m/fpu/libm.a(lib_a-kf_cos.o)
                              /Users/imac/Downloads/gcc-arm-none-eabi-4_9-2015q2/bin/../lib/gcc/arm-none-eabi/4.9.3/../../../../arm-none-eabi/lib/armv7e-m/fpu/libm.a(lib_a-sf_cos.o) (__kernel_cosf)
/Users/imac/Downloads/gcc-arm-none-eabi-4_9-2015q2/bin/../lib/gcc/arm-none-eabi/4.9.3/../../../../arm-none-eabi/lib/armv7e-m/fpu/libm.a(lib_a-kf_rem_pio2.o)
                              /Users/imac/Downloads/gcc-arm-none-eabi-4_9-2015q2/bin/../lib/gcc/arm-none-eabi/4.9.3/../../../../arm-none-eabi/lib/armv7e-m/fpu/libm.a(lib_a-ef_rem_pio2.o) (__kernel_rem_pio2f)
/Users/imac/Downloads/gcc-arm-none-eabi-4_9-2015q2/bin/../lib/gcc/arm-none-eabi/4.9.3/../../../../arm-none-eabi/lib/armv7e-m/fpu/libm.a(lib_a-kf_sin.o)
                              /Users/imac/Downloads/gcc-arm-none-eabi-4_9-2015q2/bin/../lib/gcc/arm-none-eabi/4.9.3/../../../../arm-none-eabi/lib/armv7e-m/fpu/libm.a(lib_a-sf_cos.o) (__kernel_sinf)
/Users/imac/Downloads/gcc-arm-none-eabi-4_9-2015q2/bin/../lib/gcc/arm-none-eabi/4.9.3/../../../../arm-none-eabi/lib/armv7e-m/fpu/libm.a(lib_a-s_lib_ver.o)
                              /Users/imac/Downloads/gcc-arm-none-eabi-4_9-2015q2/bin/../lib/gcc/arm-none-eabi/4.9.3/../../../../arm-none-eabi/lib/armv7e-m/fpu/libm.a(lib_a-wf_fmod.o) (__fdlib_version)
/Users/imac/Downloads/gcc-arm-none-eabi-4_9-2015q2/bin/../lib/gcc/arm-none-eabi/4.9.3/../../../../arm-none-eabi/lib/armv7e-m/fpu/libm.a(lib_a-s_matherr.o)
                              /Users/imac/Downloads/gcc-arm-none-eabi-4_9-2015q2/bin/../lib/gcc/arm-none-eabi/4.9.3/../../../../arm-none-eabi/lib/armv7e-m/fpu/libm.a(lib_a-wf_fmod.o) (matherr)
/Users/imac/Downloads/gcc-arm-none-eabi-4_9-2015q2/bin/../lib/gcc/arm-none-eabi/4.9.3/../../../../arm-none-eabi/lib/armv7e-m/fpu/libm.a(lib_a-sf_atan.o)
                              /Users/imac/Downloads/gcc-arm-none-eabi-4_9-2015q2/bin/../lib/gcc/arm-none-eabi/4.9.3/../../../../arm-none-eabi/lib/armv7e-m/fpu/libm.a(lib_a-ef_atan2.o) (atanf)
/Users/imac/Downloads/gcc-arm-none-eabi-4_9-2015q2/bin/../lib/gcc/arm-none-eabi/4.9.3/../../../../arm-none-eabi/lib/armv7e-m/fpu/libm.a(lib_a-sf_fabs.o)
                              /Users/imac/Downloads/gcc-arm-none-eabi-4_9-2015q2/bin/../lib/gcc/arm-none-eabi/4.9.3/../../../../arm-none-eabi/lib/armv7e-m/fpu/libm.a(lib_a-ef_atan2.o) (fabsf)
[...]
Memory Configuration

Name             Origin             Length             Attributes
flash            0x0000000008000000 0x0000000000004000
flash2           0x000000000800c000 0x0000000000078000
ram0             0x0000000020000000 0x0000000000020000
ram1             0x0000000020000000 0x000000000001c000
ram2             0x000000002001c000 0x0000000000004000
ram3             0x0000000000000000 0x0000000000000000
ram4             0x0000000010000000 0x0000000000010000
ram5             0x0000000040024000 0x0000000000001000
ram6             0x0000000000000000 0x0000000000000000
ram7             0x0000000000000000 0x0000000000000000
*default*        0x0000000000000000 0xffffffffffffffff

Linker script and memory map

LOAD build/obj/crt0_v7m.o
LOAD build/obj/chcoreasm_v7m.o
LOAD build/obj/crt1.o
LOAD build/obj/vectors.o
LOAD build/obj/chsys.o
LOAD build/obj/chdebug.o
LOAD build/obj/chvt.o
LOAD build/obj/chschd.o
LOAD build/obj/chthreads.o
LOAD build/obj/chtm.o
LOAD build/obj/chdynamic.o
LOAD build/obj/chregistry.o
LOAD build/obj/chsem.o
LOAD build/obj/chmtx.o
LOAD build/obj/chcond.o
LOAD build/obj/chevents.o
LOAD build/obj/chmsg.o
LOAD build/obj/chmboxes.o
LOAD build/obj/chqueues.o
LOAD build/obj/chmemcore.o
LOAD build/obj/chheap.o
LOAD build/obj/chmempools.o
LOAD build/obj/chcore.o
LOAD build/obj/chcore_v7m.o
LOAD build/obj/osal.o
LOAD build/obj/hal.o
LOAD build/obj/st.o
LOAD build/obj/hal_queues.o
LOAD build/obj/hal_mmcsd.o
LOAD build/obj/can.o
LOAD build/obj/i2c.o
LOAD build/obj/icu.o
LOAD build/obj/pal.o
LOAD build/obj/serial_usb.o
LOAD build/obj/uart.o
LOAD build/obj/usb.o
LOAD build/obj/nvic.o
LOAD build/obj/stm32_dma.o
LOAD build/obj/hal_lld.o
LOAD build/obj/st_lld.o
LOAD build/obj/can_lld.o
LOAD build/obj/pal_lld.o
LOAD build/obj/i2c_lld.o
LOAD build/obj/usb_lld.o
LOAD build/obj/icu_lld.o
LOAD build/obj/uart_lld.o
LOAD build/obj/board.o
LOAD build/obj/chprintf.o
LOAD build/obj/syscalls.o
LOAD build/obj/bldc.o
LOAD build/obj/mcpwm.o
LOAD build/obj/usb_uart.o
LOAD build/obj/irq_handlers.o
LOAD build/obj/comm_usb.o
LOAD build/obj/servo_dec.o
LOAD build/obj/utils.o
LOAD build/obj/conf_general.o
LOAD build/obj/eeprom.o
LOAD build/obj/flash_helper.o
LOAD build/obj/hw_oroca.o
LOAD build/obj/misc.o
LOAD build/obj/stm32f4xx_adc.o
LOAD build/obj/stm32f4xx_dma.o
LOAD build/obj/stm32f4xx_exti.o
LOAD build/obj/stm32f4xx_flash.o
LOAD build/obj/stm32f4xx_rcc.o
LOAD build/obj/stm32f4xx_syscfg.o
LOAD build/obj/stm32f4xx_tim.o
LOAD build/obj/stm32f4xx_wwdg.o
LOAD build/obj/main.o
                0x0000000020000000                __ram0_start__ = ORIGIN (ram0)
                0x0000000000020000                __ram0_size__ = 0x20000
                0x0000000020020000                __ram0_end__ = (__ram0_start__ + __ram0_size__)
                0x0000000020000000                __ram1_start__ = ORIGIN (ram1)
                0x000000000001c000                __ram1_size__ = 0x1c000
                0x000000002001c000                __ram1_end__ = (__ram1_start__ + __ram1_size__)
                0x000000002001c000                __ram2_start__ = ORIGIN (ram2)
                0x0000000000004000                __ram2_size__ = 0x4000
                0x0000000020020000                __ram2_end__ = (__ram2_start__ + __ram2_size__)
                0x0000000000000000                __ram3_start__ = ORIGIN (ram3)
                0x0000000000000000                __ram3_size__ = 0x0
                0x0000000000000000                __ram3_end__ = (__ram3_start__ + __ram3_size__)
                0x0000000010000000                __ram4_start__ = ORIGIN (ram4)
                0x0000000000010000                __ram4_size__ = 0x10000
                0x0000000010010000                __ram4_end__ = (__ram4_start__ + __ram4_size__)
                0x0000000040024000                __ram5_start__ = ORIGIN (ram5)
                0x0000000000001000                __ram5_size__ = 0x1000
                0x0000000040025000                __ram5_end__ = (__ram5_start__ + __ram5_size__)
                0x0000000000000000                __ram6_start__ = ORIGIN (ram6)
                0x0000000000000000                __ram6_size__ = 0x0
                0x0000000000000000                __ram6_end__ = (__ram6_start__ + __ram6_size__)
                0x0000000000000000                __ram7_start__ = ORIGIN (ram7)
                0x0000000000000000                __ram7_size__ = 0x0
                0x0000000000000000                __ram7_end__ = (__ram7_start__ + __ram7_size__)
                0x0000000000000000                . = 0x0
                0x0000000000000000                _text = .

startup         0x0000000008000000      0x1c0
 *(.vectors)
 .vectors       0x0000000008000000      0x1c0 build/obj/vectors.o
                0x0000000008000000                _vectors

constructors    0x000000000800c000        0x0
                0x000000000800c000                PROVIDE (__init_array_start, .)
 *(SORT(.init_array.*))
 *(.init_array)
                0x000000000800c000                PROVIDE (__init_array_end, .)

destructors     0x000000000800c000        0x0
                0x000000000800c000                PROVIDE (__fini_array_start, .)
 *(.fini_array)
 *(SORT(.fini_array.*))
                0x000000000800c000                PROVIDE (__fini_array_end, .)

.text           0x000000000800c000     0xbf08
 *(.text)
 .text          0x000000000800c000      0x108 build/obj/crt0_v7m.o
                0x000000000800c000                Reset_Handler
 *fill*         0x000000000800c108        0x8 
 .text          0x000000000800c110       0x30 build/obj/chcoreasm_v7m.o
                0x000000000800c110                _port_switch
                0x000000000800c128                _port_thread_start
                0x000000000800c138                _port_switch_from_isr
                0x000000000800c13c                _port_exit_from_isr
 .text          0x000000000800c140      0x370 /Users/imac/Downloads/gcc-arm-none-eabi-4_9-2015q2/bin/../lib/gcc/arm-none-eabi/4.9.3/armv7e-m/fpu/libgcc.a(_arm_addsubdf3.o)
                0x000000000800c140                __aeabi_drsub
                0x000000000800c148                __subdf3
                0x000000000800c148                __aeabi_dsub
                0x000000000800c14c                __aeabi_dadd
                0x000000000800c14c                __adddf3
                0x000000000800c3c4                __aeabi_ui2d
                0x000000000800c3c4                __floatunsidf
                0x000000000800c3e4                __floatsidf
                0x000000000800c3e4                __aeabi_i2d
                0x000000000800c408                __extendsfdf2
                0x000000000800c408                __aeabi_f2d
                0x000000000800c444                __aeabi_ul2d
                0x000000000800c444                __floatundidf
                0x000000000800c454                __aeabi_l2d
                0x000000000800c454                __floatdidf
 .text          0x000000000800c4b0      0x424 /Users/imac/Downloads/gcc-arm-none-eabi-4_9-2015q2/bin/../lib/gcc/arm-none-eabi/4.9.3/armv7e-m/fpu/libgcc.a(_arm_muldivdf3.o)
                0x000000000800c4b0                __aeabi_dmul
                0x000000000800c4b0                __muldf3
                0x000000000800c704                __aeabi_ddiv
                0x000000000800c704                __divdf3
 *fill*         0x000000000800c8d4        0xc 
 .text          0x000000000800c8e0       0x50 /Users/imac/Downloads/gcc-arm-none-eabi-4_9-2015q2/bin/../lib/gcc/arm-none-eabi/4.9.3/armv7e-m/fpu/libgcc.a(_arm_fixdfsi.o)
                0x000000000800c8e0                __fixdfsi
                0x000000000800c8e0                __aeabi_d2iz
 .text          0x000000000800c930       0xa0 /Users/imac/Downloads/gcc-arm-none-eabi-4_9-2015q2/bin/../lib/gcc/arm-none-eabi/4.9.3/armv7e-m/fpu/libgcc.a(_arm_truncdfsf2.o)
                0x000000000800c930                __aeabi_d2f
                0x000000000800c930                __truncdfsf2
 .text          0x000000000800c9d0      0x134 /Users/imac/Downloads/gcc-arm-none-eabi-4_9-2015q2/bin/../lib/gcc/arm-none-eabi/4.9.3/../../../../arm-none-eabi/lib/armv7e-m/fpu/libg.a(lib_a-memcpy.o)
                0x000000000800c9d0                memcpy
 *fill*         0x000000000800cb04        0xc 
 .text          0x000000000800cb10      0x110 /Users/imac/Downloads/gcc-arm-none-eabi-4_9-2015q2/bin/../lib/gcc/arm-none-eabi/4.9.3/armv7e-m/fpu/libgcc.a(_arm_cmpdf2.o)
                0x000000000800cb10                __gtdf2
                0x000000000800cb10                __gedf2
                0x000000000800cb18                __ltdf2
                0x000000000800cb18                __ledf2
                0x000000000800cb20                __eqdf2
                0x000000000800cb20                __nedf2
                0x000000000800cb20                __cmpdf2
                0x000000000800cb9c                __aeabi_cdrcmple
                0x000000000800cbac                __aeabi_cdcmple
                0x000000000800cbac                __aeabi_cdcmpeq
                0x000000000800cbbc                __aeabi_dcmpeq
                0x000000000800cbd0                __aeabi_dcmplt
                0x000000000800cbe4                __aeabi_dcmple
                0x000000000800cbf8                __aeabi_dcmpge
                0x000000000800cc0c                __aeabi_dcmpgt
 .text          0x000000000800cc20       0x30 /Users/imac/Downloads/gcc-arm-none-eabi-4_9-2015q2/bin/../lib/gcc/arm-none-eabi/4.9.3/armv7e-m/fpu/libgcc.a(_aeabi_uldivmod.o)
                0x000000000800cc20                __aeabi_uldivmod
 .text          0x000000000800cc50       0x60 /Users/imac/Downloads/gcc-arm-none-eabi-4_9-2015q2/bin/../lib/gcc/arm-none-eabi/4.9.3/armv7e-m/fpu/libgcc.a(bpabi.o)
                0x000000000800cc50                __gnu_ldivmod_helper
                0x000000000800cc80                __gnu_uldivmod_helper
 .text          0x000000000800ccb0        0x4 /Users/imac/Downloads/gcc-arm-none-eabi-4_9-2015q2/bin/../lib/gcc/arm-none-eabi/4.9.3/armv7e-m/fpu/libgcc.a(_dvmd_tls.o)
                0x000000000800ccb0                __aeabi_ldiv0
                0x000000000800ccb0                __aeabi_idiv0
 *fill*         0x000000000800ccb4        0xc 
 .text          0x000000000800ccc0      0x29c /Users/imac/Downloads/gcc-arm-none-eabi-4_9-2015q2/bin/../lib/gcc/arm-none-eabi/4.9.3/armv7e-m/fpu/libgcc.a(_divdi3.o)
                0x000000000800ccc0                __divdi3
 *fill*         0x000000000800cf5c        0x4 
 .text          0x000000000800cf60      0x26c /Users/imac/Downloads/gcc-arm-none-eabi-4_9-2015q2/bin/../lib/gcc/arm-none-eabi/4.9.3/armv7e-m/fpu/libgcc.a(_udivdi3.o)
                0x000000000800cf60                __udivdi3
 *(.text.*)
 *fill*         0x000000000800d1cc        0x4 
 .text.__core_init
                0x000000000800d1d0        0x4 build/obj/crt1.o
                0x000000000800d1d0                __core_init
 *fill*         0x000000000800d1d4        0xc 
 .text.__late_init
                0x000000000800d1e0        0x4 build/obj/crt1.o
                0x000000000800d1e0                __late_init
 *fill*         0x000000000800d1e4        0xc 
 .text.__default_exit
                0x000000000800d1f0        0x4 build/obj/crt1.o
                0x000000000800d1f0                __default_exit
 *fill*         0x000000000800d1f4        0xc 
 .text._unhandled_exception
                0x000000000800d200        0x4 build/obj/vectors.o
                0x000000000800d200                Vector174
                0x000000000800d200                VectorE8
                0x000000000800d200                Vector9C
                0x000000000800d200                VectorAC
                0x000000000800d200                DebugMon_Handler
                0x000000000800d200                Vector1A0
                0x000000000800d200                Vector5C
                0x000000000800d200                HardFault_Handler
                0x000000000800d200                Vector1B8
                0x000000000800d200                Vector19C
                0x000000000800d200                PendSV_Handler
                0x000000000800d200                Vector168
                0x000000000800d200                NMI_Handler
                0x000000000800d200                Vector110
                0x000000000800d200                VectorA8
                0x000000000800d200                Vector160
                0x000000000800d200                Vector1B0
                0x000000000800d200                UsageFault_Handler
                0x000000000800d200                VectorEC
                0x000000000800d200                Vector40
                0x000000000800d200                VectorF8
                0x000000000800d200                Vector108
                0x000000000800d200                VectorBC
                0x000000000800d200                Vector190
                0x000000000800d200                Vector148
                0x000000000800d200                Vector188
                0x000000000800d200                Vector198
                0x000000000800d200                Vector118
                0x000000000800d200                Vector64
                0x000000000800d200                VectorCC
                0x000000000800d200                Vector54
                0x000000000800d200                VectorD8
                0x000000000800d200                Vector138
                0x000000000800d200                Vector24
                0x000000000800d200                Vector1AC
                0x000000000800d200                Vector178
                0x000000000800d200                Vector1A4
                0x000000000800d200                VectorD0
                0x000000000800d200                Vector1B4
                0x000000000800d200                Vector140
                0x000000000800d200                VectorE4
                0x000000000800d200                VectorC0
                0x000000000800d200                Vector134
                0x000000000800d200                VectorF0
                0x000000000800d200                Vector13C
                0x000000000800d200                Vector100
                0x000000000800d200                VectorF4
                0x000000000800d200                MemManage_Handler
                0x000000000800d200                VectorA0
                0x000000000800d200                Vector180
                0x000000000800d200                VectorB0
                0x000000000800d200                Vector114
                0x000000000800d200                Vector164
                0x000000000800d200                Vector60
                0x000000000800d200                Vector1C
                0x000000000800d200                Vector1BC
                0x000000000800d200                Vector17C
                0x000000000800d200                Vector48
                0x000000000800d200                Vector1A8
                0x000000000800d200                Vector16C
                0x000000000800d200                VectorD4
                0x000000000800d200                Vector4C
                0x000000000800d200                Vector144
                0x000000000800d200                Vector68
                0x000000000800d200                _unhandled_exception
                0x000000000800d200                Vector170
                0x000000000800d200                Vector104
                0x000000000800d200                Vector184
                0x000000000800d200                Vector10C
                0x000000000800d200                BusFault_Handler
                0x000000000800d200                Vector50
                0x000000000800d200                Vector194
                0x000000000800d200                Vector44
                0x000000000800d200                Vector28
                0x000000000800d200                VectorB8
                0x000000000800d200                Vector34
                0x000000000800d200                VectorA4
                0x000000000800d200                Vector20
                0x000000000800d200                Vector18C
                0x000000000800d200                Vector58
 *fill*         0x000000000800d204        0xc 
 .text._idle_thread
                0x000000000800d210        0x4 build/obj/chsys.o
 *fill*         0x000000000800d214        0xc 
 .text.chSysInit
                0x000000000800d220       0xa4 build/obj/chsys.o
                0x000000000800d220                chSysInit
 *fill*         0x000000000800d2c4        0xc 
 .text.chSysTimerHandlerI
                0x000000000800d2d0       0x58 build/obj/chsys.o
                0x000000000800d2d0                chSysTimerHandlerI
 *fill*         0x000000000800d328        0x8 
 .text.chSysPolledDelayX
                0x000000000800d330       0x14 build/obj/chsys.o
                0x000000000800d330                chSysPolledDelayX
 *fill*         0x000000000800d344        0xc 
 .text._vt_init
                0x000000000800d350       0x1c build/obj/chvt.o
                0x000000000800d350                _vt_init
 *fill*         0x000000000800d36c        0x4 
 .text.chVTDoSetI
                0x000000000800d370       0x3c build/obj/chvt.o
                0x000000000800d370                chVTDoSetI
 *fill*         0x000000000800d3ac        0x4 
 .text.chVTDoResetI
                0x000000000800d3b0       0x28 build/obj/chvt.o
                0x000000000800d3b0                chVTDoResetI
 *fill*         0x000000000800d3d8        0x8 
 .text.wakeup   0x000000000800d3e0       0x70 build/obj/chschd.o
 .text._scheduler_init
                0x000000000800d450       0x14 build/obj/chschd.o
                0x000000000800d450                _scheduler_init
 *fill*         0x000000000800d464        0xc 
 .text.chSchReadyI
                0x000000000800d470       0x2c build/obj/chschd.o
                0x000000000800d470                chSchReadyI
 *fill*         0x000000000800d49c        0x4 
 .text.chSchGoSleepS
                0x000000000800d4a0       0x28 build/obj/chschd.o
                0x000000000800d4a0                chSchGoSleepS
 *fill*         0x000000000800d4c8        0x8 
 .text.chSchGoSleepTimeoutS
                0x000000000800d4d0       0x44 build/obj/chschd.o
                0x000000000800d4d0                chSchGoSleepTimeoutS
 *fill*         0x000000000800d514        0xc 
 .text.chSchWakeupS
                0x000000000800d520       0x58 build/obj/chschd.o
                0x000000000800d520                chSchWakeupS
 *fill*         0x000000000800d578        0x8 
 .text.chSchIsPreemptionRequired
                0x000000000800d580       0x28 build/obj/chschd.o
                0x000000000800d580                chSchIsPreemptionRequired
 *fill*         0x000000000800d5a8        0x8 
 .text.chSchDoRescheduleBehind
                0x000000000800d5b0       0x40 build/obj/chschd.o
                0x000000000800d5b0                chSchDoRescheduleBehind
 .text.chSchDoRescheduleAhead
                0x000000000800d5f0       0x3c build/obj/chschd.o
                0x000000000800d5f0                chSchDoRescheduleAhead
 *fill*         0x000000000800d62c        0x4 
 .text.chSchRescheduleS
                0x000000000800d630       0x18 build/obj/chschd.o
                0x000000000800d630                chSchRescheduleS
 *fill*         0x000000000800d648        0x8 
 .text.chSchDoReschedule
                0x000000000800d650       0x14 build/obj/chschd.o
                0x000000000800d650                chSchDoReschedule
 *fill*         0x000000000800d664        0xc 
 .text._thread_init
                0x000000000800d670       0x50 build/obj/chthreads.o
                0x000000000800d670                _thread_init
 .text.chThdCreateI
                0x000000000800d6c0       0x70 build/obj/chthreads.o
                0x000000000800d6c0                chThdCreateI
 .text.chThdCreateStatic
                0x000000000800d730       0x80 build/obj/chthreads.o
                0x000000000800d730                chThdCreateStatic
 .text.chThdSleep
                0x000000000800d7b0       0x18 build/obj/chthreads.o
                0x000000000800d7b0                chThdSleep
 *fill*         0x000000000800d7c8        0x8 
 .text.chThdExitS
                0x000000000800d7d0       0x40 build/obj/chthreads.o
                0x000000000800d7d0                chThdExitS
 .text.chThdExit
                0x000000000800d810        0xc build/obj/chthreads.o
                0x000000000800d810                chThdExit
 *fill*         0x000000000800d81c        0x4 
 .text.chThdSuspendS
                0x000000000800d820       0x1c build/obj/chthreads.o
                0x000000000800d820                chThdSuspendS
 *fill*         0x000000000800d83c        0x4 
 .text.chThdResumeI
                0x000000000800d840       0x14 build/obj/chthreads.o
                0x000000000800d840                chThdResumeI
 *fill*         0x000000000800d854        0xc 
 .text.chThdEnqueueTimeoutS
                0x000000000800d860       0x28 build/obj/chthreads.o
                0x000000000800d860                chThdEnqueueTimeoutS
 *fill*         0x000000000800d888        0x8 
 .text.chThdDequeueAllI
                0x000000000800d890       0x24 build/obj/chthreads.o
                0x000000000800d890                chThdDequeueAllI
 *fill*         0x000000000800d8b4        0xc 
 .text.chTMStartMeasurementX
                0x000000000800d8c0        0xc build/obj/chtm.o
                0x000000000800d8c0                chTMStartMeasurementX
 *fill*         0x000000000800d8cc        0x4 
 .text.chTMStopMeasurementX
                0x000000000800d8d0       0x48 build/obj/chtm.o
                0x000000000800d8d0                chTMStopMeasurementX
 *fill*         0x000000000800d918        0x8 
 .text._tm_init
                0x000000000800d920       0x38 build/obj/chtm.o
                0x000000000800d920                _tm_init
 *fill*         0x000000000800d958        0x8 
 .text.chMtxObjectInit
                0x000000000800d960        0xc build/obj/chmtx.o
                0x000000000800d960                chMtxObjectInit
 *fill*         0x000000000800d96c        0x4 
 .text.chEvtSignalI
                0x000000000800d970       0x2c build/obj/chevents.o
                0x000000000800d970                chEvtSignalI
 *fill*         0x000000000800d99c        0x4 
 .text.chEvtBroadcastFlagsI
                0x000000000800d9a0       0x2c build/obj/chevents.o
                0x000000000800d9a0                chEvtBroadcastFlagsI
 *fill*         0x000000000800d9cc        0x4 
 .text.chIQObjectInit
                0x000000000800d9d0       0x20 build/obj/chqueues.o
                0x000000000800d9d0                chIQObjectInit
 .text.chIQResetI
                0x000000000800d9f0       0x14 build/obj/chqueues.o
                0x000000000800d9f0                chIQResetI
 *fill*         0x000000000800da04        0xc 
 .text.chIQGetTimeout
                0x000000000800da10       0x50 build/obj/chqueues.o
                0x000000000800da10                chIQGetTimeout
 .text.chIQReadTimeout
                0x000000000800da60       0x78 build/obj/chqueues.o
                0x000000000800da60                chIQReadTimeout
 *fill*         0x000000000800dad8        0x8 
 .text.chOQObjectInit
                0x000000000800dae0       0x1c build/obj/chqueues.o
                0x000000000800dae0                chOQObjectInit
 *fill*         0x000000000800dafc        0x4 
 .text.chOQResetI
                0x000000000800db00       0x1c build/obj/chqueues.o
                0x000000000800db00                chOQResetI
 *fill*         0x000000000800db1c        0x4 
 .text.chOQPutTimeout
                0x000000000800db20       0x54 build/obj/chqueues.o
                0x000000000800db20                chOQPutTimeout
 *fill*         0x000000000800db74        0xc 
 .text.chOQWriteTimeout
                0x000000000800db80       0x84 build/obj/chqueues.o
                0x000000000800db80                chOQWriteTimeout
 *fill*         0x000000000800dc04        0xc 
 .text._core_init
                0x000000000800dc10       0x28 build/obj/chmemcore.o
                0x000000000800dc10                _core_init
 *fill*         0x000000000800dc38        0x8 
 .text.chCoreAlloc
                0x000000000800dc40       0x38 build/obj/chmemcore.o
                0x000000000800dc40                chCoreAlloc
 *fill*         0x000000000800dc78        0x8 
 .text._heap_init
                0x000000000800dc80       0x1c build/obj/chheap.o
                0x000000000800dc80                _heap_init
 *fill*         0x000000000800dc9c        0x4 
 .text.SVC_Handler
                0x000000000800dca0       0x20 build/obj/chcore_v7m.o
                0x000000000800dca0                SVC_Handler
 .text._port_irq_epilogue
                0x000000000800dcc0       0x60 build/obj/chcore_v7m.o
                0x000000000800dcc0                _port_irq_epilogue
 .text.halInit  0x000000000800dd20       0x34 build/obj/hal.o
                0x000000000800dd20                halInit
 *fill*         0x000000000800dd54        0xc 
 .text.stInit   0x000000000800dd60        0x4 build/obj/st.o
                0x000000000800dd60                stInit
 *fill*         0x000000000800dd64        0xc 
 .text.canInit  0x000000000800dd70        0x4 build/obj/can.o
                0x000000000800dd70                canInit
 *fill*         0x000000000800dd74        0xc 
 .text.canObjectInit
                0x000000000800dd80       0x44 build/obj/can.o
                0x000000000800dd80                canObjectInit
 *fill*         0x000000000800ddc4        0xc 
 .text.i2cInit  0x000000000800ddd0        0x4 build/obj/i2c.o
                0x000000000800ddd0                i2cInit
 *fill*         0x000000000800ddd4        0xc 
 .text.i2cObjectInit
                0x000000000800dde0       0x10 build/obj/i2c.o
                0x000000000800dde0                i2cObjectInit
 .text.icuInit  0x000000000800ddf0        0x4 build/obj/icu.o
                0x000000000800ddf0                icuInit
 *fill*         0x000000000800ddf4        0xc 
 .text.icuObjectInit
                0x000000000800de00        0xc build/obj/icu.o
                0x000000000800de00                icuObjectInit
 *fill*         0x000000000800de0c        0x4 
 .text.onotify  0x000000000800de10       0x5c build/obj/serial_usb.o
 *fill*         0x000000000800de6c        0x4 
 .text.inotify  0x000000000800de70       0x6c build/obj/serial_usb.o
 *fill*         0x000000000800dedc        0x4 
 .text.readt    0x000000000800dee0        0x8 build/obj/serial_usb.o
 *fill*         0x000000000800dee8        0x8 
 .text.read     0x000000000800def0        0xc build/obj/serial_usb.o
 *fill*         0x000000000800defc        0x4 
 .text.writet   0x000000000800df00        0x8 build/obj/serial_usb.o
 *fill*         0x000000000800df08        0x8 
 .text.write    0x000000000800df10        0xc build/obj/serial_usb.o
 *fill*         0x000000000800df1c        0x4 
 .text.gett     0x000000000800df20        0x8 build/obj/serial_usb.o
 *fill*         0x000000000800df28        0x8 
 .text.get      0x000000000800df30        0xc build/obj/serial_usb.o
 *fill*         0x000000000800df3c        0x4 
 .text.putt     0x000000000800df40        0x8 build/obj/serial_usb.o
 *fill*         0x000000000800df48        0x8 
 .text.put      0x000000000800df50        0xc build/obj/serial_usb.o
 *fill*         0x000000000800df5c        0x4 
 .text.sduInit  0x000000000800df60        0x4 build/obj/serial_usb.o
                0x000000000800df60                sduInit
 *fill*         0x000000000800df64        0xc 
 .text.sduObjectInit
                0x000000000800df70       0x4c build/obj/serial_usb.o
                0x000000000800df70                sduObjectInit
 *fill*         0x000000000800dfbc        0x4 
 .text.sduStart
                0x000000000800dfc0       0x34 build/obj/serial_usb.o
                0x000000000800dfc0                sduStart
 *fill*         0x000000000800dff4        0xc 
 .text.sduConfigureHookI
                0x000000000800e000       0x4c build/obj/serial_usb.o
                0x000000000800e000                sduConfigureHookI
 *fill*         0x000000000800e04c        0x4 
 .text.sduRequestsHook
                0x000000000800e050       0x40 build/obj/serial_usb.o
                0x000000000800e050                sduRequestsHook
 .text.sduDataTransmitted
                0x000000000800e090       0x6c build/obj/serial_usb.o
                0x000000000800e090                sduDataTransmitted
 *fill*         0x000000000800e0fc        0x4 
 .text.sduDataReceived
                0x000000000800e100       0x6c build/obj/serial_usb.o
                0x000000000800e100                sduDataReceived
 *fill*         0x000000000800e16c        0x4 
 .text.sduInterruptTransmitted
                0x000000000800e170        0x4 build/obj/serial_usb.o
                0x000000000800e170                sduInterruptTransmitted
 *fill*         0x000000000800e174        0xc 
 .text.uartInit
                0x000000000800e180        0x4 build/obj/uart.o
                0x000000000800e180                uartInit
 *fill*         0x000000000800e184        0xc 
 .text.uartObjectInit
                0x000000000800e190       0x10 build/obj/uart.o
                0x000000000800e190                uartObjectInit
 .text.usbInit  0x000000000800e1a0        0x4 build/obj/usb.o
                0x000000000800e1a0                usbInit
 *fill*         0x000000000800e1a4        0xc 
 .text.usbObjectInit
                0x000000000800e1b0       0x1c build/obj/usb.o
                0x000000000800e1b0                usbObjectInit
 *fill*         0x000000000800e1cc        0x4 
 .text.usbStart
                0x000000000800e1d0       0x24 build/obj/usb.o
                0x000000000800e1d0                usbStart
 *fill*         0x000000000800e1f4        0xc 
 .text.usbInitEndpointI
                0x000000000800e200       0x34 build/obj/usb.o
                0x000000000800e200                usbInitEndpointI
 *fill*         0x000000000800e234        0xc 
 .text.usbPrepareQueuedReceive
                0x000000000800e240       0x1c build/obj/usb.o
                0x000000000800e240                usbPrepareQueuedReceive
 *fill*         0x000000000800e25c        0x4 
 .text.usbPrepareQueuedTransmit
                0x000000000800e260       0x1c build/obj/usb.o
                0x000000000800e260                usbPrepareQueuedTransmit
 *fill*         0x000000000800e27c        0x4 
 .text.usbStartReceiveI
                0x000000000800e280       0x24 build/obj/usb.o
                0x000000000800e280                usbStartReceiveI
 *fill*         0x000000000800e2a4        0xc 
 .text.usbStartTransmitI
                0x000000000800e2b0       0x24 build/obj/usb.o
                0x000000000800e2b0                usbStartTransmitI
 *fill*         0x000000000800e2d4        0xc 
 .text._usb_reset
                0x000000000800e2e0       0x28 build/obj/usb.o
                0x000000000800e2e0                _usb_reset
 *fill*         0x000000000800e308        0x8 
 .text._usb_ep0setup
                0x000000000800e310      0x34c build/obj/usb.o
                0x000000000800e310                _usb_ep0setup
 *fill*         0x000000000800e65c        0x4 
 .text._usb_ep0in
                0x000000000800e660       0xc4 build/obj/usb.o
                0x000000000800e660                _usb_ep0in
 *fill*         0x000000000800e724        0xc 
 .text._usb_ep0out
                0x000000000800e730       0x88 build/obj/usb.o
                0x000000000800e730                _usb_ep0out
 *fill*         0x000000000800e7b8        0x8 
 .text.nvicEnableVector
                0x000000000800e7c0       0x34 build/obj/nvic.o
                0x000000000800e7c0                nvicEnableVector
 *fill*         0x000000000800e7f4        0xc 
 .text.nvicSetSystemHandlerPriority
                0x000000000800e800       0x10 build/obj/nvic.o
                0x000000000800e800                nvicSetSystemHandlerPriority
 .text.Vector6C
                0x000000000800e810       0x28 build/obj/stm32_dma.o
                0x000000000800e810                Vector6C
 *fill*         0x000000000800e838        0x8 
 .text.Vector70
                0x000000000800e840       0x2c build/obj/stm32_dma.o
                0x000000000800e840                Vector70
 *fill*         0x000000000800e86c        0x4 
 .text.Vector74
                0x000000000800e870       0x2c build/obj/stm32_dma.o
                0x000000000800e870                Vector74
 *fill*         0x000000000800e89c        0x4 
 .text.Vector78
                0x000000000800e8a0       0x2c build/obj/stm32_dma.o
                0x000000000800e8a0                Vector78
 *fill*         0x000000000800e8cc        0x4 
 .text.Vector7C
                0x000000000800e8d0       0x28 build/obj/stm32_dma.o
                0x000000000800e8d0                Vector7C
 *fill*         0x000000000800e8f8        0x8 
 .text.Vector80
                0x000000000800e900       0x2c build/obj/stm32_dma.o
                0x000000000800e900                Vector80
 *fill*         0x000000000800e92c        0x4 
 .text.Vector84
                0x000000000800e930       0x2c build/obj/stm32_dma.o
                0x000000000800e930                Vector84
 *fill*         0x000000000800e95c        0x4 
 .text.VectorFC
                0x000000000800e960       0x2c build/obj/stm32_dma.o
                0x000000000800e960                VectorFC
 *fill*         0x000000000800e98c        0x4 
 .text.Vector120
                0x000000000800e990       0x28 build/obj/stm32_dma.o
                0x000000000800e990                Vector120
 *fill*         0x000000000800e9b8        0x8 
 .text.Vector124
                0x000000000800e9c0       0x2c build/obj/stm32_dma.o
                0x000000000800e9c0                Vector124
 *fill*         0x000000000800e9ec        0x4 
 .text.Vector128
                0x000000000800e9f0       0x2c build/obj/stm32_dma.o
                0x000000000800e9f0                Vector128
 *fill*         0x000000000800ea1c        0x4 
 .text.Vector12C
                0x000000000800ea20       0x2c build/obj/stm32_dma.o
                0x000000000800ea20                Vector12C
 *fill*         0x000000000800ea4c        0x4 
 .text.Vector130
                0x000000000800ea50       0x28 build/obj/stm32_dma.o
                0x000000000800ea50                Vector130
 *fill*         0x000000000800ea78        0x8 
 .text.Vector150
                0x000000000800ea80       0x2c build/obj/stm32_dma.o
                0x000000000800ea80                Vector150
 *fill*         0x000000000800eaac        0x4 
 .text.Vector154
                0x000000000800eab0       0x2c build/obj/stm32_dma.o
                0x000000000800eab0                Vector154
 *fill*         0x000000000800eadc        0x4 
 .text.Vector158
                0x000000000800eae0       0x2c build/obj/stm32_dma.o
                0x000000000800eae0                Vector158
 *fill*         0x000000000800eb0c        0x4 
 .text.dmaInit  0x000000000800eb10       0x4c build/obj/stm32_dma.o
                0x000000000800eb10                dmaInit
 *fill*         0x000000000800eb5c        0x4 
 .text.dmaStreamAllocate
                0x000000000800eb60       0x8c build/obj/stm32_dma.o
                0x000000000800eb60                dmaStreamAllocate
 *fill*         0x000000000800ebec        0x4 
 .text.hal_lld_init
                0x000000000800ebf0       0x68 build/obj/hal_lld.o
                0x000000000800ebf0                hal_lld_init
 *fill*         0x000000000800ec58        0x8 
 .text.stm32_clock_init
                0x000000000800ec60       0xc8 build/obj/hal_lld.o
                0x000000000800ec60                stm32_clock_init
 *fill*         0x000000000800ed28        0x8 
 .text.SysTick_Handler
                0x000000000800ed30       0x1c build/obj/st_lld.o
                0x000000000800ed30                SysTick_Handler
 *fill*         0x000000000800ed4c        0x4 
 .text.st_lld_init
                0x000000000800ed50       0x1c build/obj/st_lld.o
                0x000000000800ed50                st_lld_init
 *fill*         0x000000000800ed6c        0x4 
 .text.can_lld_set_filters
                0x000000000800ed70      0x118 build/obj/can_lld.o
 *fill*         0x000000000800ee88        0x8 
 .text.Vector8C
                0x000000000800ee90       0x3c build/obj/can_lld.o
                0x000000000800ee90                Vector8C
 *fill*         0x000000000800eecc        0x4 
 .text.Vector90
                0x000000000800eed0       0x64 build/obj/can_lld.o
                0x000000000800eed0                Vector90
 *fill*         0x000000000800ef34        0xc 
 .text.Vector94
                0x000000000800ef40       0x64 build/obj/can_lld.o
                0x000000000800ef40                Vector94
 *fill*         0x000000000800efa4        0xc 
 .text.Vector98
                0x000000000800efb0       0x78 build/obj/can_lld.o
                0x000000000800efb0                Vector98
 *fill*         0x000000000800f028        0x8 
 .text.can_lld_init
                0x000000000800f030       0x24 build/obj/can_lld.o
                0x000000000800f030                can_lld_init
 *fill*         0x000000000800f054        0xc 
 .text._pal_lld_init
                0x000000000800f060      0x1cc build/obj/pal_lld.o
                0x000000000800f060                _pal_lld_init
 *fill*         0x000000000800f22c        0x4 
 .text._pal_lld_setgroupmode
                0x000000000800f230       0xac build/obj/pal_lld.o
                0x000000000800f230                _pal_lld_setgroupmode
 *fill*         0x000000000800f2dc        0x4 
 .text.VectorC4
                0x000000000800f2e0       0xf8 build/obj/i2c_lld.o
                0x000000000800f2e0                VectorC4
 *fill*         0x000000000800f3d8        0x8 
 .text.VectorC8
                0x000000000800f3e0       0xdc build/obj/i2c_lld.o
                0x000000000800f3e0                VectorC8
 *fill*         0x000000000800f4bc        0x4 
 .text.i2c_lld_init
                0x000000000800f4c0       0x2c build/obj/i2c_lld.o
                0x000000000800f4c0                i2c_lld_init
 *fill*         0x000000000800f4ec        0x4 
 .text.usb_lld_pump
                0x000000000800f4f0      0x328 build/obj/usb_lld.o
                0x000000000800f4f0                usb_lld_pump
 *fill*         0x000000000800f818        0x8 
 .text.otg_disable_ep.isra.0
                0x000000000800f820       0x74 build/obj/usb_lld.o
 *fill*         0x000000000800f894        0xc 
 .text.usb_lld_init
                0x000000000800f8a0       0x24 build/obj/usb_lld.o
                0x000000000800f8a0                usb_lld_init
 *fill*         0x000000000800f8c4        0xc 
 .text.usb_lld_start
                0x000000000800f8d0       0xe8 build/obj/usb_lld.o
                0x000000000800f8d0                usb_lld_start
 *fill*         0x000000000800f9b8        0x8 
 .text.usb_lld_reset
                0x000000000800f9c0       0xc4 build/obj/usb_lld.o
                0x000000000800f9c0                usb_lld_reset
 *fill*         0x000000000800fa84        0xc 
 .text.usb_lld_set_address
                0x000000000800fa90       0x18 build/obj/usb_lld.o
                0x000000000800fa90                usb_lld_set_address
 *fill*         0x000000000800faa8        0x8 
 .text.usb_lld_init_endpoint
                0x000000000800fab0      0x160 build/obj/usb_lld.o
                0x000000000800fab0                usb_lld_init_endpoint
 .text.usb_lld_get_status_out
                0x000000000800fc10       0x1c build/obj/usb_lld.o
                0x000000000800fc10                usb_lld_get_status_out
 *fill*         0x000000000800fc2c        0x4 
 .text.usb_lld_get_status_in
                0x000000000800fc30       0x1c build/obj/usb_lld.o
                0x000000000800fc30                usb_lld_get_status_in
 *fill*         0x000000000800fc4c        0x4 
 .text.usb_lld_read_setup
                0x000000000800fc50       0x14 build/obj/usb_lld.o
                0x000000000800fc50                usb_lld_read_setup
 *fill*         0x000000000800fc64        0xc 
 .text.usb_lld_prepare_receive
                0x000000000800fc70       0x44 build/obj/usb_lld.o
                0x000000000800fc70                usb_lld_prepare_receive
 *fill*         0x000000000800fcb4        0xc 
 .text.otg_epout_handler.constprop.7
                0x000000000800fcc0       0xa4 build/obj/usb_lld.o
 *fill*         0x000000000800fd64        0xc 
 .text.usb_lld_prepare_transmit
                0x000000000800fd70       0x50 build/obj/usb_lld.o
                0x000000000800fd70                usb_lld_prepare_transmit
 .text.otg_epin_handler.constprop.8
                0x000000000800fdc0       0xd0 build/obj/usb_lld.o
 .text.Vector14C
                0x000000000800fe90       0xf4 build/obj/usb_lld.o
                0x000000000800fe90                Vector14C
 *fill*         0x000000000800ff84        0xc 
 .text.usb_lld_start_out
                0x000000000800ff90       0x14 build/obj/usb_lld.o
                0x000000000800ff90                usb_lld_start_out
 *fill*         0x000000000800ffa4        0xc 
 .text.usb_lld_start_in
                0x000000000800ffb0       0x28 build/obj/usb_lld.o
                0x000000000800ffb0                usb_lld_start_in
 *fill*         0x000000000800ffd8        0x8 
 .text.usb_lld_stall_out
                0x000000000800ffe0       0x14 build/obj/usb_lld.o
                0x000000000800ffe0                usb_lld_stall_out
 *fill*         0x000000000800fff4        0xc 
 .text.usb_lld_stall_in
                0x0000000008010000       0x14 build/obj/usb_lld.o
                0x0000000008010000                usb_lld_stall_in
 *fill*         0x0000000008010014        0xc 
 .text.usb_lld_clear_out
                0x0000000008010020       0x14 build/obj/usb_lld.o
                0x0000000008010020                usb_lld_clear_out
 *fill*         0x0000000008010034        0xc 
 .text.usb_lld_clear_in
                0x0000000008010040       0x14 build/obj/usb_lld.o
                0x0000000008010040                usb_lld_clear_in
 *fill*         0x0000000008010054        0xc 
 .text.VectorB4
                0x0000000008010060       0x9c build/obj/icu_lld.o
                0x0000000008010060                VectorB4
 *fill*         0x00000000080100fc        0x4 
 .text.icu_lld_init
                0x0000000008010100       0x18 build/obj/icu_lld.o
                0x0000000008010100                icu_lld_init
 *fill*         0x0000000008010118        0x8 
 .text.serve_usart_irq
                0x0000000008010120       0x78 build/obj/uart_lld.o
 *fill*         0x0000000008010198        0x8 
 .text.VectorDC
                0x00000000080101a0       0x14 build/obj/uart_lld.o
                0x00000000080101a0                VectorDC
 *fill*         0x00000000080101b4        0xc 
 .text.Vector15C
                0x00000000080101c0       0x14 build/obj/uart_lld.o
                0x00000000080101c0                Vector15C
 *fill*         0x00000000080101d4        0xc 
 .text.uart_lld_init
                0x00000000080101e0       0x48 build/obj/uart_lld.o
                0x00000000080101e0                uart_lld_init
 *fill*         0x0000000008010228        0x8 
 .text.__early_init
                0x0000000008010230        0x4 build/obj/board.o
                0x0000000008010230                __early_init
 *fill*         0x0000000008010234        0xc 
 .text.boardInit
                0x0000000008010240        0x4 build/obj/board.o
                0x0000000008010240                boardInit
 *fill*         0x0000000008010244        0xc 
 .text._sbrk_r  0x0000000008010250       0x18 build/obj/syscalls.o
                0x0000000008010250                _sbrk_r
 *fill*         0x0000000008010268        0x8 
 .text.uart_process_thread
                0x0000000008010270       0x28 build/obj/bldc.o
 *fill*         0x0000000008010298        0x8 
 .text.periodic_thread
                0x00000000080102a0       0x68 build/obj/bldc.o
 *fill*         0x0000000008010308        0x8 
 .text.bldc_init
                0x0000000008010310       0x3c build/obj/bldc.o
                0x0000000008010310                bldc_init
 *fill*         0x000000000801034c        0x4 
 .text.bldc_start
                0x0000000008010350       0xc4 build/obj/bldc.o
                0x0000000008010350                bldc_start
 *fill*         0x0000000008010414        0xc 
 .text.SEQUENCE_thread
                0x0000000008010420       0x1c build/obj/mcpwm.o
 *fill*         0x000000000801043c        0x4 
 .text.mcpwm_adc_int_handler
                0x0000000008010440       0x1c build/obj/mcpwm.o
                0x0000000008010440                mcpwm_adc_int_handler
 *fill*         0x000000000801045c        0x4 
 .text.ClarkePark
                0x0000000008010460       0x68 build/obj/mcpwm.o
                0x0000000008010460                ClarkePark
 *fill*         0x00000000080104c8        0x8 
 .text.CalcPI   0x00000000080104d0       0x60 build/obj/mcpwm.o
                0x00000000080104d0                CalcPI
 .text.SetupControlParameters
                0x0000000008010530       0x98 build/obj/mcpwm.o
                0x0000000008010530                SetupControlParameters
 *fill*         0x00000000080105c8        0x8 
 .text.VoltRippleComp
                0x00000000080105d0       0x5c build/obj/mcpwm.o
                0x00000000080105d0                VoltRippleComp
 *fill*         0x000000000801062c        0x4 
 .text.DoControl
                0x0000000008010630      0x248 build/obj/mcpwm.o
                0x0000000008010630                DoControl
 *fill*         0x0000000008010878        0x8 
 .text.InvPark  0x0000000008010880       0x4c build/obj/mcpwm.o
                0x0000000008010880                InvPark
 *fill*         0x00000000080108cc        0x4 
 .text.CalcTimes
                0x00000000080108d0       0x6c build/obj/mcpwm.o
                0x00000000080108d0                CalcTimes
 *fill*         0x000000000801093c        0x4 
 .text.update_timer_Duty
                0x0000000008010940       0x4c build/obj/mcpwm.o
                0x0000000008010940                update_timer_Duty
 *fill*         0x000000000801098c        0x4 
 .text.CalcSVGen
                0x0000000008010990      0x104 build/obj/mcpwm.o
                0x0000000008010990                CalcSVGen
 *fill*         0x0000000008010a94        0xc 
 .text.SMC_HallSensor_Estimation
                0x0000000008010aa0      0x19c build/obj/mcpwm.o
                0x0000000008010aa0                SMC_HallSensor_Estimation
 *fill*         0x0000000008010c3c        0x4 
 .text.mcpwm_adc_inj_int_handler
                0x0000000008010c40      0x160 build/obj/mcpwm.o
                0x0000000008010c40                mcpwm_adc_inj_int_handler
 .text.FWInit   0x0000000008010da0       0xac build/obj/mcpwm.o
                0x0000000008010da0                FWInit
 *fill*         0x0000000008010e4c        0x4 
 .text.mcpwm_init
                0x0000000008010e50      0x4f8 build/obj/mcpwm.o
                0x0000000008010e50                mcpwm_init
 *fill*         0x0000000008011348        0x8 
 .text.mcpwm_get_state
                0x0000000008011350        0x4 build/obj/mcpwm.o
                0x0000000008011350                mcpwm_get_state
 *fill*         0x0000000008011354        0xc 
 .text.mcpwm_get_fault
                0x0000000008011360        0xc build/obj/mcpwm.o
                0x0000000008011360                mcpwm_get_fault
 *fill*         0x000000000801136c        0x4 
 .text.get_descriptor
                0x0000000008011370       0x30 build/obj/usb_uart.o
 .text.usb_event
                0x00000000080113a0       0x40 build/obj/usb_uart.o
 .text.usb_uart_init
                0x00000000080113e0       0x4c build/obj/usb_uart.o
                0x00000000080113e0                usb_uart_init
 *fill*         0x000000000801142c        0x4 
 .text.usb_uart_printf
                0x0000000008011430       0x38 build/obj/usb_uart.o
                0x0000000008011430                usb_uart_printf
 *fill*         0x0000000008011468        0x8 
 .text.usb_uart_getch
                0x0000000008011470       0x20 build/obj/usb_uart.o
                0x0000000008011470                usb_uart_getch
 .text.Vector11C
                0x0000000008011490       0x18 build/obj/irq_handlers.o
                0x0000000008011490                Vector11C
 *fill*         0x00000000080114a8        0x8 
 .text.Vector88
                0x00000000080114b0       0x1c build/obj/irq_handlers.o
                0x00000000080114b0                Vector88
 *fill*         0x00000000080114cc        0x4 
 .text.VectorE0
                0x00000000080114d0       0x24 build/obj/irq_handlers.o
                0x00000000080114d0                VectorE0
 *fill*         0x00000000080114f4        0xc 
 .text.comm_usb_init
                0x0000000008011500       0x14 build/obj/comm_usb.o
                0x0000000008011500                comm_usb_init
 *fill*         0x0000000008011514        0xc 
 .text.utils_sys_lock_cnt
                0x0000000008011520       0x18 build/obj/utils.o
                0x0000000008011520                utils_sys_lock_cnt
 *fill*         0x0000000008011538        0x8 
 .text.utils_sys_unlock_cnt
                0x0000000008011540       0x1c build/obj/utils.o
                0x0000000008011540                utils_sys_unlock_cnt
 *fill*         0x000000000801155c        0x4 
 .text.conf_general_init
                0x0000000008011560       0x58 build/obj/conf_general.o
                0x0000000008011560                conf_general_init
 *fill*         0x00000000080115b8        0x8 
 .text.conf_general_read_app_configuration
                0x00000000080115c0      0x124 build/obj/conf_general.o
                0x00000000080115c0                conf_general_read_app_configuration
 *fill*         0x00000000080116e4        0xc 
 .text.conf_general_read_mc_configuration
                0x00000000080116f0      0x1a0 build/obj/conf_general.o
                0x00000000080116f0                conf_general_read_mc_configuration
 .text.EE_VerifyPageFullWriteVariable
                0x0000000008011890       0x7c build/obj/eeprom.o
 *fill*         0x000000000801190c        0x4 
 .text.EE_EraseSectorIfNotEmpty.constprop.1
                0x0000000008011910       0x30 build/obj/eeprom.o
 .text.EE_Format
                0x0000000008011940       0x2c build/obj/eeprom.o
 *fill*         0x000000000801196c        0x4 
 .text.EE_ReadVariable
                0x0000000008011970       0x70 build/obj/eeprom.o
                0x0000000008011970                EE_ReadVariable
 .text.EE_Init  0x00000000080119e0      0x140 build/obj/eeprom.o
                0x00000000080119e0                EE_Init
 .text.flash_helper_get_sector_address
                0x0000000008011b20       0x28 build/obj/flash_helper.o
                0x0000000008011b20                flash_helper_get_sector_address
 *fill*         0x0000000008011b48        0x8 
 .text.hw_init_gpio
                0x0000000008011b50      0x190 build/obj/hw_oroca.o
                0x0000000008011b50                hw_init_gpio
 .text.hw_setup_adc_channels
                0x0000000008011ce0       0xc0 build/obj/hw_oroca.o
                0x0000000008011ce0                hw_setup_adc_channels
 .text.NVIC_Init
                0x0000000008011da0       0x70 build/obj/misc.o
                0x0000000008011da0                NVIC_Init
 .text.ADC_Init
                0x0000000008011e10       0x50 build/obj/stm32f4xx_adc.o
                0x0000000008011e10                ADC_Init
 .text.ADC_CommonInit
                0x0000000008011e60       0x28 build/obj/stm32f4xx_adc.o
                0x0000000008011e60                ADC_CommonInit
 *fill*         0x0000000008011e88        0x8 
 .text.ADC_Cmd  0x0000000008011e90       0x14 build/obj/stm32f4xx_adc.o
                0x0000000008011e90                ADC_Cmd
 *fill*         0x0000000008011ea4        0xc 
 .text.ADC_RegularChannelConfig
                0x0000000008011eb0       0x8c build/obj/stm32f4xx_adc.o
                0x0000000008011eb0                ADC_RegularChannelConfig
 *fill*         0x0000000008011f3c        0x4 
 .text.ADC_MultiModeDMARequestAfterLastTransferCmd
                0x0000000008011f40       0x1c build/obj/stm32f4xx_adc.o
                0x0000000008011f40                ADC_MultiModeDMARequestAfterLastTransferCmd
 *fill*         0x0000000008011f5c        0x4 
 .text.ADC_InjectedChannelConfig
                0x0000000008011f60       0x58 build/obj/stm32f4xx_adc.o
                0x0000000008011f60                ADC_InjectedChannelConfig
 *fill*         0x0000000008011fb8        0x8 
 .text.ADC_InjectedSequencerLengthConfig
                0x0000000008011fc0       0x10 build/obj/stm32f4xx_adc.o
                0x0000000008011fc0                ADC_InjectedSequencerLengthConfig
 .text.ADC_ExternalTrigInjectedConvConfig
                0x0000000008011fd0        0xc build/obj/stm32f4xx_adc.o
                0x0000000008011fd0                ADC_ExternalTrigInjectedConvConfig
 *fill*         0x0000000008011fdc        0x4 
 .text.ADC_ExternalTrigInjectedConvEdgeConfig
                0x0000000008011fe0        0xc build/obj/stm32f4xx_adc.o
                0x0000000008011fe0                ADC_ExternalTrigInjectedConvEdgeConfig
 *fill*         0x0000000008011fec        0x4 
 .text.ADC_GetInjectedConversionValue
                0x0000000008011ff0       0x1c build/obj/stm32f4xx_adc.o
                0x0000000008011ff0                ADC_GetInjectedConversionValue
 *fill*         0x000000000801200c        0x4 
 .text.ADC_ITConfig
                0x0000000008012010       0x1c build/obj/stm32f4xx_adc.o
                0x0000000008012010                ADC_ITConfig
 *fill*         0x000000000801202c        0x4 
 .text.ADC_ClearITPendingBit
                0x0000000008012030        0x8 build/obj/stm32f4xx_adc.o
                0x0000000008012030                ADC_ClearITPendingBit
 *fill*         0x0000000008012038        0x8 
 .text.DMA_Init
                0x0000000008012040       0x70 build/obj/stm32f4xx_dma.o
                0x0000000008012040                DMA_Init
 .text.DMA_Cmd  0x00000000080120b0       0x14 build/obj/stm32f4xx_dma.o
                0x00000000080120b0                DMA_Cmd
 *fill*         0x00000000080120c4        0xc 
 .text.DMA_ITConfig
                0x00000000080120d0       0x40 build/obj/stm32f4xx_dma.o
                0x00000000080120d0                DMA_ITConfig
 .text.EXTI_GetITStatus
                0x0000000008012110       0x14 build/obj/stm32f4xx_exti.o
                0x0000000008012110                EXTI_GetITStatus
 *fill*         0x0000000008012124        0xc 
 .text.EXTI_ClearITPendingBit
                0x0000000008012130        0xc build/obj/stm32f4xx_exti.o
                0x0000000008012130                EXTI_ClearITPendingBit
 *fill*         0x000000000801213c        0x4 
 .text.FLASH_Unlock
                0x0000000008012140       0x20 build/obj/stm32f4xx_flash.o
                0x0000000008012140                FLASH_Unlock
 .text.FLASH_ClearFlag
                0x0000000008012160        0xc build/obj/stm32f4xx_flash.o
                0x0000000008012160                FLASH_ClearFlag
 *fill*         0x000000000801216c        0x4 
 .text.FLASH_GetStatus
                0x0000000008012170       0x40 build/obj/stm32f4xx_flash.o
                0x0000000008012170                FLASH_GetStatus
 .text.FLASH_WaitForLastOperation
                0x00000000080121b0       0x28 build/obj/stm32f4xx_flash.o
                0x00000000080121b0                FLASH_WaitForLastOperation
 *fill*         0x00000000080121d8        0x8 
 .text.FLASH_EraseSector
                0x00000000080121e0       0x74 build/obj/stm32f4xx_flash.o
                0x00000000080121e0                FLASH_EraseSector
 *fill*         0x0000000008012254        0xc 
 .text.FLASH_ProgramHalfWord
                0x0000000008012260       0x40 build/obj/stm32f4xx_flash.o
                0x0000000008012260                FLASH_ProgramHalfWord
 .text.RCC_AHB1PeriphClockCmd
                0x00000000080122a0       0x18 build/obj/stm32f4xx_rcc.o
                0x00000000080122a0                RCC_AHB1PeriphClockCmd
 *fill*         0x00000000080122b8        0x8 
 .text.RCC_APB1PeriphClockCmd
                0x00000000080122c0       0x18 build/obj/stm32f4xx_rcc.o
                0x00000000080122c0                RCC_APB1PeriphClockCmd
 *fill*         0x00000000080122d8        0x8 
 .text.RCC_APB2PeriphClockCmd
                0x00000000080122e0       0x18 build/obj/stm32f4xx_rcc.o
                0x00000000080122e0                RCC_APB2PeriphClockCmd
 *fill*         0x00000000080122f8        0x8 
 .text.RCC_APB1PeriphResetCmd
                0x0000000008012300       0x18 build/obj/stm32f4xx_rcc.o
                0x0000000008012300                RCC_APB1PeriphResetCmd
 *fill*         0x0000000008012318        0x8 
 .text.RCC_APB2PeriphResetCmd
                0x0000000008012320       0x18 build/obj/stm32f4xx_rcc.o
                0x0000000008012320                RCC_APB2PeriphResetCmd
 *fill*         0x0000000008012338        0x8 
 .text.TIM_DeInit
                0x0000000008012340      0x1b8 build/obj/stm32f4xx_tim.o
                0x0000000008012340                TIM_DeInit
 *fill*         0x00000000080124f8        0x8 
 .text.TIM_TimeBaseInit
                0x0000000008012500       0x98 build/obj/stm32f4xx_tim.o
                0x0000000008012500                TIM_TimeBaseInit
 *fill*         0x0000000008012598        0x8 
 .text.TIM_ARRPreloadConfig
                0x00000000080125a0       0x18 build/obj/stm32f4xx_tim.o
                0x00000000080125a0                TIM_ARRPreloadConfig
 *fill*         0x00000000080125b8        0x8 
 .text.TIM_Cmd  0x00000000080125c0       0x18 build/obj/stm32f4xx_tim.o
                0x00000000080125c0                TIM_Cmd
 *fill*         0x00000000080125d8        0x8 
 .text.TIM_OC1Init
                0x00000000080125e0       0x7c build/obj/stm32f4xx_tim.o
                0x00000000080125e0                TIM_OC1Init
 *fill*         0x000000000801265c        0x4 
 .text.TIM_OC2Init
                0x0000000008012660       0x98 build/obj/stm32f4xx_tim.o
                0x0000000008012660                TIM_OC2Init
 *fill*         0x00000000080126f8        0x8 
 .text.TIM_OC3Init
                0x0000000008012700       0x90 build/obj/stm32f4xx_tim.o
                0x0000000008012700                TIM_OC3Init
 .text.TIM_OC4Init
                0x0000000008012790       0x74 build/obj/stm32f4xx_tim.o
                0x0000000008012790                TIM_OC4Init
 *fill*         0x0000000008012804        0xc 
 .text.TIM_OC1PreloadConfig
                0x0000000008012810       0x10 build/obj/stm32f4xx_tim.o
                0x0000000008012810                TIM_OC1PreloadConfig
 .text.TIM_OC2PreloadConfig
                0x0000000008012820       0x14 build/obj/stm32f4xx_tim.o
                0x0000000008012820                TIM_OC2PreloadConfig
 *fill*         0x0000000008012834        0xc 
 .text.TIM_OC3PreloadConfig
                0x0000000008012840       0x10 build/obj/stm32f4xx_tim.o
                0x0000000008012840                TIM_OC3PreloadConfig
 .text.TIM_OC4PreloadConfig
                0x0000000008012850       0x14 build/obj/stm32f4xx_tim.o
                0x0000000008012850                TIM_OC4PreloadConfig
 *fill*         0x0000000008012864        0xc 
 .text.TIM_BDTRConfig
                0x0000000008012870       0x28 build/obj/stm32f4xx_tim.o
                0x0000000008012870                TIM_BDTRConfig
 *fill*         0x0000000008012898        0x8 
 .text.TIM_CtrlPWMOutputs
                0x00000000080128a0       0x14 build/obj/stm32f4xx_tim.o
                0x00000000080128a0                TIM_CtrlPWMOutputs
 *fill*         0x00000000080128b4        0xc 
 .text.TIM_CCPreloadControl
                0x00000000080128c0       0x18 build/obj/stm32f4xx_tim.o
                0x00000000080128c0                TIM_CCPreloadControl
 *fill*         0x00000000080128d8        0x8 
 .text.TIM_ClearITPendingBit
                0x00000000080128e0        0x8 build/obj/stm32f4xx_tim.o
                0x00000000080128e0                TIM_ClearITPendingBit
 *fill*         0x00000000080128e8        0x8 
 .text.TIM_SelectInputTrigger
                0x00000000080128f0       0x10 build/obj/stm32f4xx_tim.o
                0x00000000080128f0                TIM_SelectInputTrigger
 .text.TIM_SelectOutputTrigger
                0x0000000008012900       0x14 build/obj/stm32f4xx_tim.o
                0x0000000008012900                TIM_SelectOutputTrigger
 *fill*         0x0000000008012914        0xc 
 .text.TIM_SelectSlaveMode
                0x0000000008012920       0x14 build/obj/stm32f4xx_tim.o
                0x0000000008012920                TIM_SelectSlaveMode
 *fill*         0x0000000008012934        0xc 
 .text.TIM_SelectMasterSlaveMode
                0x0000000008012940       0x14 build/obj/stm32f4xx_tim.o
                0x0000000008012940                TIM_SelectMasterSlaveMode
 *fill*         0x0000000008012954        0xc 
 .text.WWDG_SetPrescaler
                0x0000000008012960       0x14 build/obj/stm32f4xx_wwdg.o
                0x0000000008012960                WWDG_SetPrescaler
 *fill*         0x0000000008012974        0xc 
 .text.WWDG_SetWindowValue
                0x0000000008012980       0x28 build/obj/stm32f4xx_wwdg.o
                0x0000000008012980                WWDG_SetWindowValue
 *fill*         0x00000000080129a8        0x8 
 .text.WWDG_SetCounter
                0x00000000080129b0       0x10 build/obj/stm32f4xx_wwdg.o
                0x00000000080129b0                WWDG_SetCounter
 .text.WWDG_Enable
                0x00000000080129c0       0x10 build/obj/stm32f4xx_wwdg.o
                0x00000000080129c0                WWDG_Enable
 .text.startup.main
                0x00000000080129d0       0x10 build/obj/main.o
                0x00000000080129d0                main
 .text.cosf     0x00000000080129e0       0x78 /Users/imac/Downloads/gcc-arm-none-eabi-4_9-2015q2/bin/../lib/gcc/arm-none-eabi/4.9.3/../../../../arm-none-eabi/lib/armv7e-m/fpu/libm.a(lib_a-sf_cos.o)
                0x00000000080129e0                cosf
 *fill*         0x0000000008012a58        0x8 
 .text.sinf     0x0000000008012a60       0x7c /Users/imac/Downloads/gcc-arm-none-eabi-4_9-2015q2/bin/../lib/gcc/arm-none-eabi/4.9.3/../../../../arm-none-eabi/lib/armv7e-m/fpu/libm.a(lib_a-sf_sin.o)
                0x0000000008012a60                sinf
 *fill*         0x0000000008012adc        0x4 
 .text.sqrtf    0x0000000008012ae0       0xb8 /Users/imac/Downloads/gcc-arm-none-eabi-4_9-2015q2/bin/../lib/gcc/arm-none-eabi/4.9.3/../../../../arm-none-eabi/lib/armv7e-m/fpu/libm.a(lib_a-wf_sqrt.o)
                0x0000000008012ae0                sqrtf
 *fill*         0x0000000008012b98        0x8 
 .text.__ieee754_rem_pio2f
                0x0000000008012ba0      0x290 /Users/imac/Downloads/gcc-arm-none-eabi-4_9-2015q2/bin/../lib/gcc/arm-none-eabi/4.9.3/../../../../arm-none-eabi/lib/armv7e-m/fpu/libm.a(lib_a-ef_rem_pio2.o)
                0x0000000008012ba0                __ieee754_rem_pio2f
 .text.__ieee754_sqrtf
                0x0000000008012e30       0xa4 /Users/imac/Downloads/gcc-arm-none-eabi-4_9-2015q2/bin/../lib/gcc/arm-none-eabi/4.9.3/../../../../arm-none-eabi/lib/armv7e-m/fpu/libm.a(lib_a-ef_sqrt.o)
                0x0000000008012e30                __ieee754_sqrtf
 *fill*         0x0000000008012ed4        0xc 
 .text.__kernel_cosf
                0x0000000008012ee0      0x104 /Users/imac/Downloads/gcc-arm-none-eabi-4_9-2015q2/bin/../lib/gcc/arm-none-eabi/4.9.3/../../../../arm-none-eabi/lib/armv7e-m/fpu/libm.a(lib_a-kf_cos.o)
                0x0000000008012ee0                __kernel_cosf
 *fill*         0x0000000008012fe4        0xc 
 .text.__kernel_rem_pio2f
                0x0000000008012ff0      0x5e4 /Users/imac/Downloads/gcc-arm-none-eabi-4_9-2015q2/bin/../lib/gcc/arm-none-eabi/4.9.3/../../../../arm-none-eabi/lib/armv7e-m/fpu/libm.a(lib_a-kf_rem_pio2.o)
                0x0000000008012ff0                __kernel_rem_pio2f
 *fill*         0x00000000080135d4        0xc 
 .text.__kernel_sinf
                0x00000000080135e0       0x90 /Users/imac/Downloads/gcc-arm-none-eabi-4_9-2015q2/bin/../lib/gcc/arm-none-eabi/4.9.3/../../../../arm-none-eabi/lib/armv7e-m/fpu/libm.a(lib_a-kf_sin.o)
                0x00000000080135e0                __kernel_sinf
 .text.matherr  0x0000000008013670        0x4 /Users/imac/Downloads/gcc-arm-none-eabi-4_9-2015q2/bin/../lib/gcc/arm-none-eabi/4.9.3/../../../../arm-none-eabi/lib/armv7e-m/fpu/libm.a(lib_a-s_matherr.o)
                0x0000000008013670                matherr
 *fill*         0x0000000008013674        0xc 
 .text.fabsf    0x0000000008013680       0x10 /Users/imac/Downloads/gcc-arm-none-eabi-4_9-2015q2/bin/../lib/gcc/arm-none-eabi/4.9.3/../../../../arm-none-eabi/lib/armv7e-m/fpu/libm.a(lib_a-sf_fabs.o)
                0x0000000008013680                fabsf
 .text.floorf   0x0000000008013690       0x90 /Users/imac/Downloads/gcc-arm-none-eabi-4_9-2015q2/bin/../lib/gcc/arm-none-eabi/4.9.3/../../../../arm-none-eabi/lib/armv7e-m/fpu/libm.a(lib_a-sf_floor.o)
                0x0000000008013690                floorf
 .text.__fpclassifyf
                0x0000000008013720       0x38 /Users/imac/Downloads/gcc-arm-none-eabi-4_9-2015q2/bin/../lib/gcc/arm-none-eabi/4.9.3/../../../../arm-none-eabi/lib/armv7e-m/fpu/libm.a(lib_a-sf_fpclassify.o)
                0x0000000008013720                __fpclassifyf
 *fill*         0x0000000008013758        0x8 
 .text.scalbnf  0x0000000008013760       0xd0 /Users/imac/Downloads/gcc-arm-none-eabi-4_9-2015q2/bin/../lib/gcc/arm-none-eabi/4.9.3/../../../../arm-none-eabi/lib/armv7e-m/fpu/libm.a(lib_a-sf_scalbn.o)
                0x0000000008013760                scalbnf
 .text.copysignf
                0x0000000008013830       0x18 /Users/imac/Downloads/gcc-arm-none-eabi-4_9-2015q2/bin/../lib/gcc/arm-none-eabi/4.9.3/../../../../arm-none-eabi/lib/armv7e-m/fpu/libm.a(lib_a-sf_copysign.o)
                0x0000000008013830                copysignf
 *fill*         0x0000000008013848        0x8 
 .text.__errno  0x0000000008013850        0xc /Users/imac/Downloads/gcc-arm-none-eabi-4_9-2015q2/bin/../lib/gcc/arm-none-eabi/4.9.3/../../../../arm-none-eabi/lib/armv7e-m/fpu/libg.a(lib_a-errno.o)
                0x0000000008013850                __errno
 *fill*         0x000000000801385c        0x4 
 .text.memset   0x0000000008013860       0x9c /Users/imac/Downloads/gcc-arm-none-eabi-4_9-2015q2/bin/../lib/gcc/arm-none-eabi/4.9.3/../../../../arm-none-eabi/lib/armv7e-m/fpu/libg.a(lib_a-memset.o)
                0x0000000008013860                memset
 *fill*         0x00000000080138fc        0x4 
 .text._vsnprintf_r
                0x0000000008013900       0x74 /Users/imac/Downloads/gcc-arm-none-eabi-4_9-2015q2/bin/../lib/gcc/arm-none-eabi/4.9.3/../../../../arm-none-eabi/lib/armv7e-m/fpu/libg.a(lib_a-vsnprintf.o)
                0x0000000008013900                _vsnprintf_r
 *fill*         0x0000000008013974        0xc 
 .text.vsnprintf
                0x0000000008013980       0x20 /Users/imac/Downloads/gcc-arm-none-eabi-4_9-2015q2/bin/../lib/gcc/arm-none-eabi/4.9.3/../../../../arm-none-eabi/lib/armv7e-m/fpu/libg.a(lib_a-vsnprintf.o)
                0x0000000008013980                vsnprintf
 .text._svfprintf_r
                0x00000000080139a0     0x14cc /Users/imac/Downloads/gcc-arm-none-eabi-4_9-2015q2/bin/../lib/gcc/arm-none-eabi/4.9.3/../../../../arm-none-eabi/lib/armv7e-m/fpu/libg.a(lib_a-svfprintf.o)
                0x00000000080139a0                _svfprintf_r
 *fill*         0x0000000008014e6c        0x4 
 .text.quorem   0x0000000008014e70      0x12c /Users/imac/Downloads/gcc-arm-none-eabi-4_9-2015q2/bin/../lib/gcc/arm-none-eabi/4.9.3/../../../../arm-none-eabi/lib/armv7e-m/fpu/libg.a(lib_a-dtoa.o)
 *fill*         0x0000000008014f9c        0x4 
 .text._dtoa_r  0x0000000008014fa0      0xea4 /Users/imac/Downloads/gcc-arm-none-eabi-4_9-2015q2/bin/../lib/gcc/arm-none-eabi/4.9.3/../../../../arm-none-eabi/lib/armv7e-m/fpu/libg.a(lib_a-dtoa.o)
                0x0000000008014fa0                _dtoa_r
 *fill*         0x0000000008015e44        0xc 
 .text._localeconv_r
                0x0000000008015e50        0x8 /Users/imac/Downloads/gcc-arm-none-eabi-4_9-2015q2/bin/../lib/gcc/arm-none-eabi/4.9.3/../../../../arm-none-eabi/lib/armv7e-m/fpu/libg.a(lib_a-locale.o)
                0x0000000008015e50                _localeconv_r
 *fill*         0x0000000008015e58        0x8 
 .text._malloc_r
                0x0000000008015e60      0x524 /Users/imac/Downloads/gcc-arm-none-eabi-4_9-2015q2/bin/../lib/gcc/arm-none-eabi/4.9.3/../../../../arm-none-eabi/lib/armv7e-m/fpu/libg.a(lib_a-mallocr.o)
                0x0000000008015e60                _malloc_r
 *fill*         0x0000000008016384        0xc 
 .text.memchr   0x0000000008016390       0x94 /Users/imac/Downloads/gcc-arm-none-eabi-4_9-2015q2/bin/../lib/gcc/arm-none-eabi/4.9.3/../../../../arm-none-eabi/lib/armv7e-m/fpu/libg.a(lib_a-memchr.o)
                0x0000000008016390                memchr
 *fill*         0x0000000008016424        0xc 
 .text.__malloc_lock
                0x0000000008016430        0x4 /Users/imac/Downloads/gcc-arm-none-eabi-4_9-2015q2/bin/../lib/gcc/arm-none-eabi/4.9.3/../../../../arm-none-eabi/lib/armv7e-m/fpu/libg.a(lib_a-mlock.o)
                0x0000000008016430                __malloc_lock
 *fill*         0x0000000008016434        0xc 
 .text.__malloc_unlock
                0x0000000008016440        0x4 /Users/imac/Downloads/gcc-arm-none-eabi-4_9-2015q2/bin/../lib/gcc/arm-none-eabi/4.9.3/../../../../arm-none-eabi/lib/armv7e-m/fpu/libg.a(lib_a-mlock.o)
                0x0000000008016440                __malloc_unlock
 *fill*         0x0000000008016444        0xc 
 .text._Balloc  0x0000000008016450       0x4c /Users/imac/Downloads/gcc-arm-none-eabi-4_9-2015q2/bin/../lib/gcc/arm-none-eabi/4.9.3/../../../../arm-none-eabi/lib/armv7e-m/fpu/libg.a(lib_a-mprec.o)
                0x0000000008016450                _Balloc
 *fill*         0x000000000801649c        0x4 
 .text._Bfree   0x00000000080164a0       0x14 /Users/imac/Downloads/gcc-arm-none-eabi-4_9-2015q2/bin/../lib/gcc/arm-none-eabi/4.9.3/../../../../arm-none-eabi/lib/armv7e-m/fpu/libg.a(lib_a-mprec.o)
                0x00000000080164a0                _Bfree
 *fill*         0x00000000080164b4        0xc 
 .text.__multadd
                0x00000000080164c0       0x84 /Users/imac/Downloads/gcc-arm-none-eabi-4_9-2015q2/bin/../lib/gcc/arm-none-eabi/4.9.3/../../../../arm-none-eabi/lib/armv7e-m/fpu/libg.a(lib_a-mprec.o)
                0x00000000080164c0                __multadd
 *fill*         0x0000000008016544        0xc 
 .text.__hi0bits
                0x0000000008016550       0x40 /Users/imac/Downloads/gcc-arm-none-eabi-4_9-2015q2/bin/../lib/gcc/arm-none-eabi/4.9.3/../../../../arm-none-eabi/lib/armv7e-m/fpu/libg.a(lib_a-mprec.o)
                0x0000000008016550                __hi0bits
 .text.__lo0bits
                0x0000000008016590       0x5c /Users/imac/Downloads/gcc-arm-none-eabi-4_9-2015q2/bin/../lib/gcc/arm-none-eabi/4.9.3/../../../../arm-none-eabi/lib/armv7e-m/fpu/libg.a(lib_a-mprec.o)
                0x0000000008016590                __lo0bits
 *fill*         0x00000000080165ec        0x4 
 .text.__i2b    0x00000000080165f0       0x14 /Users/imac/Downloads/gcc-arm-none-eabi-4_9-2015q2/bin/../lib/gcc/arm-none-eabi/4.9.3/../../../../arm-none-eabi/lib/armv7e-m/fpu/libg.a(lib_a-mprec.o)
                0x00000000080165f0                __i2b
 *fill*         0x0000000008016604        0xc 
 .text.__multiply
                0x0000000008016610      0x134 /Users/imac/Downloads/gcc-arm-none-eabi-4_9-2015q2/bin/../lib/gcc/arm-none-eabi/4.9.3/../../../../arm-none-eabi/lib/armv7e-m/fpu/libg.a(lib_a-mprec.o)
                0x0000000008016610                __multiply
 *fill*         0x0000000008016744        0xc 
 .text.__pow5mult
                0x0000000008016750       0xa0 /Users/imac/Downloads/gcc-arm-none-eabi-4_9-2015q2/bin/../lib/gcc/arm-none-eabi/4.9.3/../../../../arm-none-eabi/lib/armv7e-m/fpu/libg.a(lib_a-mprec.o)
                0x0000000008016750                __pow5mult
 .text.__lshift
                0x00000000080167f0       0xac /Users/imac/Downloads/gcc-arm-none-eabi-4_9-2015q2/bin/../lib/gcc/arm-none-eabi/4.9.3/../../../../arm-none-eabi/lib/armv7e-m/fpu/libg.a(lib_a-mprec.o)
                0x00000000080167f0                __lshift
 *fill*         0x000000000801689c        0x4 
 .text.__mcmp   0x00000000080168a0       0x48 /Users/imac/Downloads/gcc-arm-none-eabi-4_9-2015q2/bin/../lib/gcc/arm-none-eabi/4.9.3/../../../../arm-none-eabi/lib/armv7e-m/fpu/libg.a(lib_a-mprec.o)
                0x00000000080168a0                __mcmp
 *fill*         0x00000000080168e8        0x8 
 .text.__mdiff  0x00000000080168f0       0xd4 /Users/imac/Downloads/gcc-arm-none-eabi-4_9-2015q2/bin/../lib/gcc/arm-none-eabi/4.9.3/../../../../arm-none-eabi/lib/armv7e-m/fpu/libg.a(lib_a-mprec.o)
                0x00000000080168f0                __mdiff
 *fill*         0x00000000080169c4        0xc 
 .text.__d2b    0x00000000080169d0       0xbc /Users/imac/Downloads/gcc-arm-none-eabi-4_9-2015q2/bin/../lib/gcc/arm-none-eabi/4.9.3/../../../../arm-none-eabi/lib/armv7e-m/fpu/libg.a(lib_a-mprec.o)
                0x00000000080169d0                __d2b
 *fill*         0x0000000008016a8c        0x4 
 .text.__fpclassifyd
                0x0000000008016a90       0x5c /Users/imac/Downloads/gcc-arm-none-eabi-4_9-2015q2/bin/../lib/gcc/arm-none-eabi/4.9.3/../../../../arm-none-eabi/lib/armv7e-m/fpu/libg.a(lib_a-s_fpclassify.o)
                0x0000000008016a90                __fpclassifyd
 *fill*         0x0000000008016aec        0x4 
 .text.strlen   0x0000000008016af0       0x5c /Users/imac/Downloads/gcc-arm-none-eabi-4_9-2015q2/bin/../lib/gcc/arm-none-eabi/4.9.3/../../../../arm-none-eabi/lib/armv7e-m/fpu/libg.a(lib_a-strlen.o)
                0x0000000008016af0                strlen
 *fill*         0x0000000008016b4c        0x4 
 .text.__ssprint_r
                0x0000000008016b50      0x104 /Users/imac/Downloads/gcc-arm-none-eabi-4_9-2015q2/bin/../lib/gcc/arm-none-eabi/4.9.3/../../../../arm-none-eabi/lib/armv7e-m/fpu/libg.a(lib_a-svfiprintf.o)
                0x0000000008016b50                __ssprint_r
 *fill*         0x0000000008016c54        0xc 
 .text._calloc_r
                0x0000000008016c60       0x60 /Users/imac/Downloads/gcc-arm-none-eabi-4_9-2015q2/bin/../lib/gcc/arm-none-eabi/4.9.3/../../../../arm-none-eabi/lib/armv7e-m/fpu/libg.a(lib_a-callocr.o)
                0x0000000008016c60                _calloc_r
 .text._malloc_trim_r
                0x0000000008016cc0       0x9c /Users/imac/Downloads/gcc-arm-none-eabi-4_9-2015q2/bin/../lib/gcc/arm-none-eabi/4.9.3/../../../../arm-none-eabi/lib/armv7e-m/fpu/libg.a(lib_a-freer.o)
                0x0000000008016cc0                _malloc_trim_r
 *fill*         0x0000000008016d5c        0x4 
 .text._free_r  0x0000000008016d60      0x1b0 /Users/imac/Downloads/gcc-arm-none-eabi-4_9-2015q2/bin/../lib/gcc/arm-none-eabi/4.9.3/../../../../arm-none-eabi/lib/armv7e-m/fpu/libg.a(lib_a-freer.o)
                0x0000000008016d60                _free_r
 .text.memmove  0x0000000008016f10       0xc8 /Users/imac/Downloads/gcc-arm-none-eabi-4_9-2015q2/bin/../lib/gcc/arm-none-eabi/4.9.3/../../../../arm-none-eabi/lib/armv7e-m/fpu/libg.a(lib_a-memmove.o)
                0x0000000008016f10                memmove
 *fill*         0x0000000008016fd8        0x8 
 .text._realloc_r
                0x0000000008016fe0      0x3ec /Users/imac/Downloads/gcc-arm-none-eabi-4_9-2015q2/bin/../lib/gcc/arm-none-eabi/4.9.3/../../../../arm-none-eabi/lib/armv7e-m/fpu/libg.a(lib_a-reallocr.o)
                0x0000000008016fe0                _realloc_r
 *(.rodata)
 *(.rodata.*)
 *fill*         0x00000000080173cc        0x4 
 .rodata.str1.4
                0x00000000080173d0        0x5 build/obj/chsys.o
 *fill*         0x00000000080173d5        0xb 
 .rodata.ch_debug
                0x00000000080173e0       0x16 build/obj/chregistry.o
                0x00000000080173e0                ch_debug
 *fill*         0x00000000080173f6        0xa 
 .rodata.vmt    0x0000000008017400       0x20 build/obj/serial_usb.o
 .rodata.zero_status
                0x0000000008017420        0x2 build/obj/usb.o
 *fill*         0x0000000008017422        0xe 
 .rodata.active_status
                0x0000000008017430        0x2 build/obj/usb.o
 *fill*         0x0000000008017432        0xe 
 .rodata.halted_status
                0x0000000008017440        0x2 build/obj/usb.o
 *fill*         0x0000000008017442        0xe 
 .rodata._stm32_dma_streams
                0x0000000008017450       0xc0 build/obj/stm32_dma.o
                0x0000000008017450                _stm32_dma_streams
 .rodata.fsparams
                0x0000000008017510        0xc build/obj/usb_lld.o
 *fill*         0x000000000801751c        0x4 
 .rodata.str1.4
                0x0000000008017520        0xd build/obj/usb_lld.o
 *fill*         0x000000000801752d        0x3 
 .rodata.ep0config
                0x0000000008017530       0x24 build/obj/usb_lld.o
 *fill*         0x0000000008017554        0xc 
 .rodata.pal_default_config
                0x0000000008017560       0xfc build/obj/board.o
                0x0000000008017560                pal_default_config
 *fill*         0x000000000801765c        0x4 
 .rodata.str1.4
                0x0000000008017660       0x2e build/obj/bldc.o
 *fill*         0x000000000801768e        0x2 
 .rodata.str1.4
                0x0000000008017690       0xc7 build/obj/mcpwm.o
 *fill*         0x0000000008017757        0x9 
 .rodata.ep1config
                0x0000000008017760       0x24 build/obj/usb_uart.o
 *fill*         0x0000000008017784        0xc 
 .rodata.vcom_configuration_descriptor
                0x0000000008017790        0x8 build/obj/usb_uart.o
 *fill*         0x0000000008017798        0x8 
 .rodata.ep2config
                0x00000000080177a0       0x24 build/obj/usb_uart.o
 *fill*         0x00000000080177c4        0xc 
 .rodata.usbcfg
                0x00000000080177d0       0x10 build/obj/usb_uart.o
 .rodata.vcom_configuration_descriptor_data
                0x00000000080177e0       0x43 build/obj/usb_uart.o
 *fill*         0x0000000008017823        0xd 
 .rodata.vcom_device_descriptor_data
                0x0000000008017830       0x12 build/obj/usb_uart.o
 *fill*         0x0000000008017842        0xe 
 .rodata.vcom_string0
                0x0000000008017850        0x4 build/obj/usb_uart.o
 *fill*         0x0000000008017854        0xc 
 .rodata.vcom_string1
                0x0000000008017860       0x26 build/obj/usb_uart.o
 *fill*         0x0000000008017886        0xa 
 .rodata.vcom_string2
                0x0000000008017890       0x38 build/obj/usb_uart.o
 *fill*         0x00000000080178c8        0x8 
 .rodata.vcom_string3
                0x00000000080178d0        0x8 build/obj/usb_uart.o
 *fill*         0x00000000080178d8        0x8 
 .rodata.vcom_strings
                0x00000000080178e0       0x20 build/obj/usb_uart.o
 .rodata.serusbcfg
                0x0000000008017900        0x8 build/obj/usb_uart.o
                0x0000000008017900                serusbcfg
 *fill*         0x0000000008017908        0x8 
 .rodata.vcom_device_descriptor
                0x0000000008017910        0x8 build/obj/usb_uart.o
 *fill*         0x0000000008017918        0x8 
 .rodata.flash_sector
                0x0000000008017920       0x18 build/obj/flash_helper.o
 *fill*         0x0000000008017938        0x8 
 .rodata.flash_addr
                0x0000000008017940       0x30 build/obj/flash_helper.o
 .rodata.str1.4
                0x0000000008017970        0x6 /Users/imac/Downloads/gcc-arm-none-eabi-4_9-2015q2/bin/../lib/gcc/arm-none-eabi/4.9.3/../../../../arm-none-eabi/lib/armv7e-m/fpu/libm.a(lib_a-wf_sqrt.o)
 *fill*         0x0000000008017976        0xa 
 .rodata.npio2_hw
                0x0000000008017980       0x80 /Users/imac/Downloads/gcc-arm-none-eabi-4_9-2015q2/bin/../lib/gcc/arm-none-eabi/4.9.3/../../../../arm-none-eabi/lib/armv7e-m/fpu/libm.a(lib_a-ef_rem_pio2.o)
 .rodata.two_over_pi
                0x0000000008017a00      0x318 /Users/imac/Downloads/gcc-arm-none-eabi-4_9-2015q2/bin/../lib/gcc/arm-none-eabi/4.9.3/../../../../arm-none-eabi/lib/armv7e-m/fpu/libm.a(lib_a-ef_rem_pio2.o)
 *fill*         0x0000000008017d18        0x8 
 .rodata.init_jk
                0x0000000008017d20        0xc /Users/imac/Downloads/gcc-arm-none-eabi-4_9-2015q2/bin/../lib/gcc/arm-none-eabi/4.9.3/../../../../arm-none-eabi/lib/armv7e-m/fpu/libm.a(lib_a-kf_rem_pio2.o)
 *fill*         0x0000000008017d2c        0x4 
 .rodata.PIo2   0x0000000008017d30       0x2c /Users/imac/Downloads/gcc-arm-none-eabi-4_9-2015q2/bin/../lib/gcc/arm-none-eabi/4.9.3/../../../../arm-none-eabi/lib/armv7e-m/fpu/libm.a(lib_a-kf_rem_pio2.o)
 *fill*         0x0000000008017d5c        0x4 
 .rodata.str1.4
                0x0000000008017d60        0x2 /Users/imac/Downloads/gcc-arm-none-eabi-4_9-2015q2/bin/../lib/gcc/arm-none-eabi/4.9.3/../../../../arm-none-eabi/lib/armv7e-m/fpu/libg.a(lib_a-impure.o)
 *fill*         0x0000000008017d62        0xe 
 .rodata.zeroes.6911
                0x0000000008017d70       0x10 /Users/imac/Downloads/gcc-arm-none-eabi-4_9-2015q2/bin/../lib/gcc/arm-none-eabi/4.9.3/../../../../arm-none-eabi/lib/armv7e-m/fpu/libg.a(lib_a-svfprintf.o)
 .rodata.blanks.6910
                0x0000000008017d80       0x10 /Users/imac/Downloads/gcc-arm-none-eabi-4_9-2015q2/bin/../lib/gcc/arm-none-eabi/4.9.3/../../../../arm-none-eabi/lib/armv7e-m/fpu/libg.a(lib_a-svfprintf.o)
 .rodata.str1.4
                0x0000000008017d90       0x42 /Users/imac/Downloads/gcc-arm-none-eabi-4_9-2015q2/bin/../lib/gcc/arm-none-eabi/4.9.3/../../../../arm-none-eabi/lib/armv7e-m/fpu/libg.a(lib_a-svfprintf.o)
 *fill*         0x0000000008017dd2        0xe 
 .rodata.str1.4
                0x0000000008017de0       0x10 /Users/imac/Downloads/gcc-arm-none-eabi-4_9-2015q2/bin/../lib/gcc/arm-none-eabi/4.9.3/../../../../arm-none-eabi/lib/armv7e-m/fpu/libg.a(lib_a-dtoa.o)
                                         0x12 (size before relaxing)
 .rodata.str1.4
                0x0000000008017df0        0xc /Users/imac/Downloads/gcc-arm-none-eabi-4_9-2015q2/bin/../lib/gcc/arm-none-eabi/4.9.3/../../../../arm-none-eabi/lib/armv7e-m/fpu/libg.a(lib_a-locale.o)
                                         0x12 (size before relaxing)
 *fill*         0x0000000008017dfc        0x4 
 .rodata.__mprec_tens
                0x0000000008017e00       0xc8 /Users/imac/Downloads/gcc-arm-none-eabi-4_9-2015q2/bin/../lib/gcc/arm-none-eabi/4.9.3/../../../../arm-none-eabi/lib/armv7e-m/fpu/libg.a(lib_a-mprec.o)
                0x0000000008017e00                __mprec_tens
 *fill*         0x0000000008017ec8        0x8 
 .rodata.p05.5302
                0x0000000008017ed0        0xc /Users/imac/Downloads/gcc-arm-none-eabi-4_9-2015q2/bin/../lib/gcc/arm-none-eabi/4.9.3/../../../../arm-none-eabi/lib/armv7e-m/fpu/libg.a(lib_a-mprec.o)
 *fill*         0x0000000008017edc        0x4 
 .rodata.__mprec_bigtens
                0x0000000008017ee0       0x28 /Users/imac/Downloads/gcc-arm-none-eabi-4_9-2015q2/bin/../lib/gcc/arm-none-eabi/4.9.3/../../../../arm-none-eabi/lib/armv7e-m/fpu/libg.a(lib_a-mprec.o)
                0x0000000008017ee0                __mprec_bigtens
 *(.glue_7t)
 .glue_7t       0x0000000000000000        0x0 linker stubs
 *(.glue_7)
 .glue_7        0x0000000000000000        0x0 linker stubs
 *(.gcc*)

.vfp11_veneer   0x0000000008017f08        0x0
 .vfp11_veneer  0x0000000000000000        0x0 linker stubs

.v4_bx          0x0000000008017f08        0x0
 .v4_bx         0x0000000000000000        0x0 linker stubs

.iplt           0x0000000008017f08        0x0
 .iplt          0x0000000000000000        0x0 build/obj/crt0_v7m.o

.ARM.extab
 *(.ARM.extab* .gnu.linkonce.armextab.*)

.ARM.exidx      0x0000000008017f08        0x8
                0x0000000008017f08                PROVIDE (__exidx_start, .)
 *(.ARM.exidx* .gnu.linkonce.armexidx.*)
 .ARM.exidx     0x0000000008017f08        0x8 /Users/imac/Downloads/gcc-arm-none-eabi-4_9-2015q2/bin/../lib/gcc/arm-none-eabi/4.9.3/armv7e-m/fpu/libgcc.a(_divdi3.o)
 .ARM.exidx     0x0000000008017f10        0x0 /Users/imac/Downloads/gcc-arm-none-eabi-4_9-2015q2/bin/../lib/gcc/arm-none-eabi/4.9.3/armv7e-m/fpu/libgcc.a(_udivdi3.o)
                                          0x8 (size before relaxing)
                0x0000000008017f10                PROVIDE (__exidx_end, .)

.rel.dyn        0x0000000008017f10        0x0
 .rel.iplt      0x0000000000000000        0x0 build/obj/crt0_v7m.o

.eh_frame_hdr
 *(.eh_frame_hdr)

.eh_frame
 *(.eh_frame)

.textalign      0x0000000008017f10        0x0
                0x0000000008017f10                . = ALIGN (0x8)
                0x0000000008017f10                . = ALIGN (0x4)
                0x0000000008017f10                _etext = .
                0x0000000008017f10                _textdata = _etext

.mstack         0x0000000020000000      0x400
                0x0000000020000000                . = ALIGN (0x8)
                0x0000000020000000                __main_stack_base__ = .
                0x0000000020000400                . = (. + __main_stack_size__)
 *fill*         0x0000000020000000      0x400 
                0x0000000020000400                . = ALIGN (0x8)
                0x0000000020000400                __main_stack_end__ = .

.pstack         0x0000000020000400      0x400
                0x0000000020000400                __process_stack_base__ = .
                0x0000000020000400                __main_thread_stack_base__ = .
                0x0000000020000800                . = (. + __process_stack_size__)
 *fill*         0x0000000020000400      0x400 
                0x0000000020000800                . = ALIGN (0x8)
                0x0000000020000800                __process_stack_end__ = .
                0x0000000020000800                __main_thread_stack_end__ = .

.data           0x0000000020000800      0x88c load address 0x0000000008017f10
                0x0000000020000800                . = ALIGN (0x4)
                0x0000000020000800                PROVIDE (_data, .)
 *(.data)
 *(.data.*)
 .data.linecoding
                0x0000000020000800        0x7 build/obj/serial_usb.o
 *fill*         0x0000000020000807        0x1 
 .data.qVelRef  0x0000000020000808        0x4 build/obj/bldc.o
                0x0000000020000808                qVelRef
 .data.switching_frequency_now
                0x000000002000080c        0x4 build/obj/mcpwm.o
                0x000000002000080c                switching_frequency_now
 .data.__fdlib_version
                0x0000000020000810        0x1 /Users/imac/Downloads/gcc-arm-none-eabi-4_9-2015q2/bin/../lib/gcc/arm-none-eabi/4.9.3/../../../../arm-none-eabi/lib/armv7e-m/fpu/libm.a(lib_a-s_lib_ver.o)
                0x0000000020000810                __fdlib_version
 *fill*         0x0000000020000811        0x7 
 .data.impure_data
                0x0000000020000818      0x428 /Users/imac/Downloads/gcc-arm-none-eabi-4_9-2015q2/bin/../lib/gcc/arm-none-eabi/4.9.3/../../../../arm-none-eabi/lib/armv7e-m/fpu/libg.a(lib_a-impure.o)
 .data._impure_ptr
                0x0000000020000c40        0x4 /Users/imac/Downloads/gcc-arm-none-eabi-4_9-2015q2/bin/../lib/gcc/arm-none-eabi/4.9.3/../../../../arm-none-eabi/lib/armv7e-m/fpu/libg.a(lib_a-impure.o)
                0x0000000020000c40                _impure_ptr
 .data.lconv    0x0000000020000c44       0x38 /Users/imac/Downloads/gcc-arm-none-eabi-4_9-2015q2/bin/../lib/gcc/arm-none-eabi/4.9.3/../../../../arm-none-eabi/lib/armv7e-m/fpu/libg.a(lib_a-locale.o)
 .data.__malloc_av_
                0x0000000020000c7c      0x408 /Users/imac/Downloads/gcc-arm-none-eabi-4_9-2015q2/bin/../lib/gcc/arm-none-eabi/4.9.3/../../../../arm-none-eabi/lib/armv7e-m/fpu/libg.a(lib_a-mallocr.o)
                0x0000000020000c7c                __malloc_av_
 .data.__malloc_trim_threshold
                0x0000000020001084        0x4 /Users/imac/Downloads/gcc-arm-none-eabi-4_9-2015q2/bin/../lib/gcc/arm-none-eabi/4.9.3/../../../../arm-none-eabi/lib/armv7e-m/fpu/libg.a(lib_a-mallocr.o)
                0x0000000020001084                __malloc_trim_threshold
 .data.__malloc_sbrk_base
                0x0000000020001088        0x4 /Users/imac/Downloads/gcc-arm-none-eabi-4_9-2015q2/bin/../lib/gcc/arm-none-eabi/4.9.3/../../../../arm-none-eabi/lib/armv7e-m/fpu/libg.a(lib_a-mallocr.o)
                0x0000000020001088                __malloc_sbrk_base
 *(.ramtext)
                0x000000002000108c                . = ALIGN (0x4)
                0x000000002000108c                PROVIDE (_edata, .)

.igot.plt       0x000000002000108c        0x0 load address 0x000000000801879c
 .igot.plt      0x0000000000000000        0x0 build/obj/crt0_v7m.o

.bss            0x0000000020001090     0x1f18 load address 0x000000000801879c
                0x0000000020001090                . = ALIGN (0x4)
                0x0000000020001090                PROVIDE (_bss_start, .)
 *(.bss)
 *(.bss.*)
 .bss.ch        0x0000000020001090      0x258 build/obj/chschd.o
                0x0000000020001090                ch
 .bss.endmem    0x00000000200012e8        0x4 build/obj/chmemcore.o
 .bss.nextmem   0x00000000200012ec        0x4 build/obj/chmemcore.o
 .bss.default_heap
                0x00000000200012f0       0x20 build/obj/chheap.o
 .bss.dma_isr_redir
                0x0000000020001310       0x80 build/obj/stm32_dma.o
 .bss.dma_streams_mask
                0x0000000020001390        0x4 build/obj/stm32_dma.o
 .bss.CAND1     0x0000000020001394       0x30 build/obj/can_lld.o
                0x0000000020001394                CAND1
 .bss.I2CD2     0x00000000200013c4       0x38 build/obj/i2c_lld.o
                0x00000000200013c4                I2CD2
 *fill*         0x00000000200013fc        0x4 
 .bss.USBD1     0x0000000020001400      0x280 build/obj/usb_lld.o
                0x0000000020001400                USBD1
 .bss.ep0_state
                0x0000000020001680       0x14 build/obj/usb_lld.o
 .bss.ep0setup_buffer
                0x0000000020001694        0x8 build/obj/usb_lld.o
 .bss.ICUD3     0x000000002000169c       0x18 build/obj/icu_lld.o
                0x000000002000169c                ICUD3
 .bss.UARTD3    0x00000000200016b4       0x1c build/obj/uart_lld.o
                0x00000000200016b4                UARTD3
 .bss.UARTD6    0x00000000200016d0       0x1c build/obj/uart_lld.o
                0x00000000200016d0                UARTD6
 .bss.Ch        0x00000000200016ec        0x1 build/obj/bldc.o
                0x00000000200016ec                Ch
 *fill*         0x00000000200016ed        0x1 
 .bss.dbg_AccumTheta
                0x00000000200016ee        0x2 build/obj/bldc.o
                0x00000000200016ee                dbg_AccumTheta
 .bss.dbg_fMea  0x00000000200016f0        0x4 build/obj/bldc.o
                0x00000000200016f0                dbg_fMea
 .bss.dbg_fTheta
                0x00000000200016f4        0x4 build/obj/bldc.o
                0x00000000200016f4                dbg_fTheta
 .bss.uart_thread_wa
                0x00000000200016f8      0x218 build/obj/bldc.o
 .bss.periodic_thread_wa
                0x0000000020001910      0x598 build/obj/bldc.o
 .bss.curr0_offset
                0x0000000020001ea8        0x4 build/obj/mcpwm.o
 .bss.ADC_Value
                0x0000000020001eac       0x18 build/obj/mcpwm.o
                0x0000000020001eac                ADC_Value
 .bss.Startup_Ramp
                0x0000000020001ec4        0x4 build/obj/mcpwm.o
                0x0000000020001ec4                Startup_Ramp
 .bss.PIParmD   0x0000000020001ec8       0x24 build/obj/mcpwm.o
                0x0000000020001ec8                PIParmD
 .bss.curr1_sum
                0x0000000020001eec        0x4 build/obj/mcpwm.o
 .bss.CtrlParm  0x0000000020001ef0        0xc build/obj/mcpwm.o
                0x0000000020001ef0                CtrlParm
 *fill*         0x0000000020001efc        0x4 
 .bss.SEQUENCE_thread_wa
                0x0000000020001f00      0x998 build/obj/mcpwm.o
 .bss.PIParmQ   0x0000000020002898       0x24 build/obj/mcpwm.o
                0x0000000020002898                PIParmQ
 .bss.uGF       0x00000000200028bc        0x4 build/obj/mcpwm.o
                0x00000000200028bc                uGF
 .bss.Hall_SinCos
                0x00000000200028c0        0x4 build/obj/mcpwm.o
                0x00000000200028c0                Hall_SinCos
 .bss.PIParmW   0x00000000200028c4       0x24 build/obj/mcpwm.o
                0x00000000200028c4                PIParmW
 .bss.curr_start_samples
                0x00000000200028e8        0x4 build/obj/mcpwm.o
 .bss.Hall_CosSin
                0x00000000200028ec        0x4 build/obj/mcpwm.o
                0x00000000200028ec                Hall_CosSin
 .bss.dccal_done
                0x00000000200028f0        0x1 build/obj/mcpwm.o
 *fill*         0x00000000200028f1        0x3 
 .bss.Hall_Err0
                0x00000000200028f4        0x4 build/obj/mcpwm.o
 .bss.Startup_Lock
                0x00000000200028f8        0x4 build/obj/mcpwm.o
                0x00000000200028f8                Startup_Lock
 .bss.AccumThetaCnt
                0x00000000200028fc        0x2 build/obj/mcpwm.o
                0x00000000200028fc                AccumThetaCnt
 *fill*         0x00000000200028fe        0x2 
 .bss.PIParmPLL
                0x0000000020002900       0x24 build/obj/mcpwm.o
                0x0000000020002900                PIParmPLL
 .bss.sinth     0x0000000020002924        0x4 build/obj/mcpwm.o
                0x0000000020002924                sinth
 .bss.qVdSquared
                0x0000000020002928        0x4 build/obj/mcpwm.o
 .bss.DCbus     0x000000002000292c        0x4 build/obj/mcpwm.o
 .bss.TargetDCbus