Archive member included because of file (symbol)

c:/program files (x86)/gnu tools arm embedded/4.9 2015q3/bin/../lib/gcc/arm-none-eabi/4.9.3/../../../../arm-none-eabi/lib/armv7e-m/fpu\libm.a(lib_a-sf_cos.o)
                              build/obj/mcpwm.o (cosf)
c:/program files (x86)/gnu tools arm embedded/4.9 2015q3/bin/../lib/gcc/arm-none-eabi/4.9.3/../../../../arm-none-eabi/lib/armv7e-m/fpu\libm.a(lib_a-sf_sin.o)
                              build/obj/mcpwm.o (sinf)
c:/program files (x86)/gnu tools arm embedded/4.9 2015q3/bin/../lib/gcc/arm-none-eabi/4.9.3/../../../../arm-none-eabi/lib/armv7e-m/fpu\libm.a(lib_a-wf_fmod.o)
                              build/obj/utils.o (fmodf)
c:/program files (x86)/gnu tools arm embedded/4.9 2015q3/bin/../lib/gcc/arm-none-eabi/4.9.3/../../../../arm-none-eabi/lib/armv7e-m/fpu\libm.a(lib_a-wf_sqrt.o)
                              build/obj/mcpwm.o (sqrtf)
c:/program files (x86)/gnu tools arm embedded/4.9 2015q3/bin/../lib/gcc/arm-none-eabi/4.9.3/../../../../arm-none-eabi/lib/armv7e-m/fpu\libm.a(lib_a-ef_fmod.o)
                              c:/program files (x86)/gnu tools arm embedded/4.9 2015q3/bin/../lib/gcc/arm-none-eabi/4.9.3/../../../../arm-none-eabi/lib/armv7e-m/fpu\libm.a(lib_a-wf_fmod.o) (__ieee754_fmodf)
c:/program files (x86)/gnu tools arm embedded/4.9 2015q3/bin/../lib/gcc/arm-none-eabi/4.9.3/../../../../arm-none-eabi/lib/armv7e-m/fpu\libm.a(lib_a-ef_rem_pio2.o)
                              c:/program files (x86)/gnu tools arm embedded/4.9 2015q3/bin/../lib/gcc/arm-none-eabi/4.9.3/../../../../arm-none-eabi/lib/armv7e-m/fpu\libm.a(lib_a-sf_cos.o) (__ieee754_rem_pio2f)
c:/program files (x86)/gnu tools arm embedded/4.9 2015q3/bin/../lib/gcc/arm-none-eabi/4.9.3/../../../../arm-none-eabi/lib/armv7e-m/fpu\libm.a(lib_a-ef_sqrt.o)
                              c:/program files (x86)/gnu tools arm embedded/4.9 2015q3/bin/../lib/gcc/arm-none-eabi/4.9.3/../../../../arm-none-eabi/lib/armv7e-m/fpu\libm.a(lib_a-wf_sqrt.o) (__ieee754_sqrtf)
c:/program files (x86)/gnu tools arm embedded/4.9 2015q3/bin/../lib/gcc/arm-none-eabi/4.9.3/../../../../arm-none-eabi/lib/armv7e-m/fpu\libm.a(lib_a-kf_cos.o)
                              c:/program files (x86)/gnu tools arm embedded/4.9 2015q3/bin/../lib/gcc/arm-none-eabi/4.9.3/../../../../arm-none-eabi/lib/armv7e-m/fpu\libm.a(lib_a-sf_cos.o) (__kernel_cosf)
c:/program files (x86)/gnu tools arm embedded/4.9 2015q3/bin/../lib/gcc/arm-none-eabi/4.9.3/../../../../arm-none-eabi/lib/armv7e-m/fpu\libm.a(lib_a-kf_rem_pio2.o)
                              c:/program files (x86)/gnu tools arm embedded/4.9 2015q3/bin/../lib/gcc/arm-none-eabi/4.9.3/../../../../arm-none-eabi/lib/armv7e-m/fpu\libm.a(lib_a-ef_rem_pio2.o) (__kernel_rem_pio2f)
c:/program files (x86)/gnu tools arm embedded/4.9 2015q3/bin/../lib/gcc/arm-none-eabi/4.9.3/../../../../arm-none-eabi/lib/armv7e-m/fpu\libm.a(lib_a-kf_sin.o)
                              c:/program files (x86)/gnu tools arm embedded/4.9 2015q3/bin/../lib/gcc/arm-none-eabi/4.9.3/../../../../arm-none-eabi/lib/armv7e-m/fpu\libm.a(lib_a-sf_cos.o) (__kernel_sinf)
c:/program files (x86)/gnu tools arm embedded/4.9 2015q3/bin/../lib/gcc/arm-none-eabi/4.9.3/../../../../arm-none-eabi/lib/armv7e-m/fpu\libm.a(lib_a-s_lib_ver.o)
                              c:/program files (x86)/gnu tools arm embedded/4.9 2015q3/bin/../lib/gcc/arm-none-eabi/4.9.3/../../../../arm-none-eabi/lib/armv7e-m/fpu\libm.a(lib_a-wf_fmod.o) (__fdlib_version)
c:/program files (x86)/gnu tools arm embedded/4.9 2015q3/bin/../lib/gcc/arm-none-eabi/4.9.3/../../../../arm-none-eabi/lib/armv7e-m/fpu\libm.a(lib_a-s_matherr.o)
                              c:/program files (x86)/gnu tools arm embedded/4.9 2015q3/bin/../lib/gcc/arm-none-eabi/4.9.3/../../../../arm-none-eabi/lib/armv7e-m/fpu\libm.a(lib_a-wf_fmod.o) (matherr)
c:/program files (x86)/gnu tools arm embedded/4.9 2015q3/bin/../lib/gcc/arm-none-eabi/4.9.3/../../../../arm-none-eabi/lib/armv7e-m/fpu\libm.a(lib_a-sf_fabs.o)
                              c:/program files (x86)/gnu tools arm embedded/4.9 2015q3/bin/../lib/gcc/arm-none-eabi/4.9.3/../../../../arm-none-eabi/lib/armv7e-m/fpu\libm.a(lib_a-ef_rem_pio2.o) (fabsf)
c:/program files (x86)/gnu tools arm embedded/4.9 2015q3/bin/../lib/gcc/arm-none-eabi/4.9.3/../../../../arm-none-eabi/lib/armv7e-m/fpu\libm.a(lib_a-sf_floor.o)
                              c:/program files (x86)/gnu tools arm embedded/4.9 2015q3/bin/../lib/gcc/arm-none-eabi/4.9.3/../../../../arm-none-eabi/lib/armv7e-m/fpu\libm.a(lib_a-kf_rem_pio2.o) (floorf)
c:/program files (x86)/gnu tools arm embedded/4.9 2015q3/bin/../lib/gcc/arm-none-eabi/4.9.3/../../../../arm-none-eabi/lib/armv7e-m/fpu\libm.a(lib_a-sf_fpclassify.o)
                              c:/program files (x86)/gnu tools arm embedded/4.9 2015q3/bin/../lib/gcc/arm-none-eabi/4.9.3/../../../../arm-none-eabi/lib/armv7e-m/fpu\libm.a(lib_a-wf_fmod.o) (__fpclassifyf)
[...]
Memory Configuration

Name             Origin             Length             Attributes
flash            0x08000000         0x00004000
flash2           0x0800c000         0x00078000
ram0             0x20000000         0x00020000
ram1             0x20000000         0x0001c000
ram2             0x2001c000         0x00004000
ram3             0x00000000         0x00000000
ram4             0x10000000         0x00010000
ram5             0x40024000         0x00001000
ram6             0x00000000         0x00000000
ram7             0x00000000         0x00000000
*default*        0x00000000         0xffffffff

Linker script and memory map

LOAD build/obj/crt0_v7m.o
LOAD build/obj/chcoreasm_v7m.o
LOAD build/obj/crt1.o
LOAD build/obj/vectors.o
LOAD build/obj/chsys.o
LOAD build/obj/chdebug.o
LOAD build/obj/chvt.o
LOAD build/obj/chschd.o
LOAD build/obj/chthreads.o
LOAD build/obj/chtm.o
LOAD build/obj/chstats.o
LOAD build/obj/chdynamic.o
LOAD build/obj/chregistry.o
LOAD build/obj/chsem.o
LOAD build/obj/chmtx.o
LOAD build/obj/chcond.o
LOAD build/obj/chevents.o
LOAD build/obj/chmsg.o
LOAD build/obj/chmboxes.o
LOAD build/obj/chqueues.o
LOAD build/obj/chmemcore.o
LOAD build/obj/chheap.o
LOAD build/obj/chmempools.o
LOAD build/obj/chcore.o
LOAD build/obj/chcore_v7m.o
LOAD build/obj/osal.o
LOAD build/obj/hal.o
LOAD build/obj/hal_queues.o
LOAD build/obj/hal_mmcsd.o
LOAD build/obj/adc.o
LOAD build/obj/can.o
LOAD build/obj/dac.o
LOAD build/obj/ext.o
LOAD build/obj/gpt.o
LOAD build/obj/i2c.o
LOAD build/obj/i2s.o
LOAD build/obj/icu.o
LOAD build/obj/mac.o
LOAD build/obj/mmc_spi.o
LOAD build/obj/pal.o
LOAD build/obj/pwm.o
LOAD build/obj/rtc.o
LOAD build/obj/sdc.o
LOAD build/obj/serial.o
LOAD build/obj/serial_usb.o
LOAD build/obj/spi.o
LOAD build/obj/st.o
LOAD build/obj/uart.o
LOAD build/obj/usb.o
LOAD build/obj/nvic.o
LOAD build/obj/stm32_dma.o
LOAD build/obj/hal_lld.o
LOAD build/obj/adc_lld.o
LOAD build/obj/ext_lld_isr.o
LOAD build/obj/can_lld.o
LOAD build/obj/ext_lld.o
LOAD build/obj/mac_lld.o
LOAD build/obj/sdc_lld.o
LOAD build/obj/dac_lld.o
LOAD build/obj/pal_lld.o
LOAD build/obj/i2c_lld.o
LOAD build/obj/usb_lld.o
LOAD build/obj/rtc_lld.o
LOAD build/obj/i2s_lld.o
LOAD build/obj/spi_lld.o
LOAD build/obj/gpt_lld.o
LOAD build/obj/icu_lld.o
LOAD build/obj/pwm_lld.o
LOAD build/obj/st_lld.o
LOAD build/obj/serial_lld.o
LOAD build/obj/uart_lld.o
LOAD build/obj/board.o
LOAD build/obj/chprintf.o
LOAD build/obj/syscalls.o
LOAD build/obj/bldc.o
LOAD build/obj/mcpwm.o
LOAD build/obj/usb_uart.o
LOAD build/obj/irq_handlers.o
LOAD build/obj/comm_usb.o
LOAD build/obj/servo_dec.o
LOAD build/obj/utils.o
LOAD build/obj/conf_general.o
LOAD build/obj/eeprom.o
LOAD build/obj/flash_helper.o
LOAD build/obj/hw_oroca.o
LOAD build/obj/misc.o
LOAD build/obj/stm32f4xx_adc.o
LOAD build/obj/stm32f4xx_dma.o
LOAD build/obj/stm32f4xx_exti.o
LOAD build/obj/stm32f4xx_flash.o
LOAD build/obj/stm32f4xx_rcc.o
LOAD build/obj/stm32f4xx_syscfg.o
LOAD build/obj/stm32f4xx_tim.o
LOAD build/obj/stm32f4xx_wwdg.o
LOAD build/obj/main.o
                0x20000000                __ram0_start__ = ORIGIN (ram0)
                0x00020000                __ram0_size__ = 0x20000
                0x20020000                __ram0_end__ = (__ram0_start__ + __ram0_size__)
                0x20000000                __ram1_start__ = ORIGIN (ram1)
                0x0001c000                __ram1_size__ = 0x1c000
                0x2001c000                __ram1_end__ = (__ram1_start__ + __ram1_size__)
                0x2001c000                __ram2_start__ = ORIGIN (ram2)
                0x00004000                __ram2_size__ = 0x4000
                0x20020000                __ram2_end__ = (__ram2_start__ + __ram2_size__)
                0x00000000                __ram3_start__ = ORIGIN (ram3)
                0x00000000                __ram3_size__ = 0x0
                0x00000000                __ram3_end__ = (__ram3_start__ + __ram3_size__)
                0x10000000                __ram4_start__ = ORIGIN (ram4)
                0x00010000                __ram4_size__ = 0x10000
                0x10010000                __ram4_end__ = (__ram4_start__ + __ram4_size__)
                0x40024000                __ram5_start__ = ORIGIN (ram5)
                0x00001000                __ram5_size__ = 0x1000
                0x40025000                __ram5_end__ = (__ram5_start__ + __ram5_size__)
                0x00000000                __ram6_start__ = ORIGIN (ram6)
                0x00000000                __ram6_size__ = 0x0
                0x00000000                __ram6_end__ = (__ram6_start__ + __ram6_size__)
                0x00000000                __ram7_start__ = ORIGIN (ram7)
                0x00000000                __ram7_size__ = 0x0
                0x00000000                __ram7_end__ = (__ram7_start__ + __ram7_size__)
                0x00000000                . = 0x0
                0x00000000                _text = .

startup         0x08000000      0x1c0
 *(.vectors)
 .vectors       0x08000000      0x1c0 build/obj/vectors.o
                0x08000000                _vectors

constructors    0x0800c000        0x0
                0x0800c000                PROVIDE (__init_array_start, .)
 *(SORT(.init_array.*))
 *(.init_array)
                0x0800c000                PROVIDE (__init_array_end, .)

destructors     0x0800c000        0x0
                0x0800c000                PROVIDE (__fini_array_start, .)
 *(.fini_array)
 *(SORT(.fini_array.*))
                0x0800c000                PROVIDE (__fini_array_end, .)

.text           0x0800c000     0xbba8
 *(.text)
 .text          0x0800c000      0x108 build/obj/crt0_v7m.o
                0x0800c000                Reset_Handler
 *fill*         0x0800c108        0x8 
 .text          0x0800c110       0x30 build/obj/chcoreasm_v7m.o
                0x0800c110                _port_switch
                0x0800c128                _port_thread_start
                0x0800c138                _port_switch_from_isr
                0x0800c13c                _port_exit_from_isr
 .text          0x0800c140      0x370 c:/program files (x86)/gnu tools arm embedded/4.9 2015q3/bin/../lib/gcc/arm-none-eabi/4.9.3/armv7e-m/fpu\libgcc.a(_arm_addsubdf3.o)
                0x0800c140                __aeabi_drsub
                0x0800c148                __aeabi_dsub
                0x0800c148                __subdf3
                0x0800c14c                __aeabi_dadd
                0x0800c14c                __adddf3
                0x0800c3c4                __floatunsidf
                0x0800c3c4                __aeabi_ui2d
                0x0800c3e4                __floatsidf
                0x0800c3e4                __aeabi_i2d
                0x0800c408                __aeabi_f2d
                0x0800c408                __extendsfdf2
                0x0800c444                __floatundidf
                0x0800c444                __aeabi_ul2d
                0x0800c454                __floatdidf
                0x0800c454                __aeabi_l2d
 .text          0x0800c4b0      0x424 c:/program files (x86)/gnu tools arm embedded/4.9 2015q3/bin/../lib/gcc/arm-none-eabi/4.9.3/armv7e-m/fpu\libgcc.a(_arm_muldivdf3.o)
                0x0800c4b0                __aeabi_dmul
                0x0800c4b0                __muldf3
                0x0800c704                __divdf3
                0x0800c704                __aeabi_ddiv
 *fill*         0x0800c8d4        0xc 
 .text          0x0800c8e0       0x50 c:/program files (x86)/gnu tools arm embedded/4.9 2015q3/bin/../lib/gcc/arm-none-eabi/4.9.3/armv7e-m/fpu\libgcc.a(_arm_fixdfsi.o)
                0x0800c8e0                __aeabi_d2iz
                0x0800c8e0                __fixdfsi
 .text          0x0800c930       0xa0 c:/program files (x86)/gnu tools arm embedded/4.9 2015q3/bin/../lib/gcc/arm-none-eabi/4.9.3/armv7e-m/fpu\libgcc.a(_arm_truncdfsf2.o)
                0x0800c930                __truncdfsf2
                0x0800c930                __aeabi_d2f
 .text          0x0800c9d0      0x134 c:/program files (x86)/gnu tools arm embedded/4.9 2015q3/bin/../lib/gcc/arm-none-eabi/4.9.3/../../../../arm-none-eabi/lib/armv7e-m/fpu\libg.a(lib_a-memcpy.o)
                0x0800c9d0                memcpy
 *fill*         0x0800cb04        0xc 
 .text          0x0800cb10      0x110 c:/program files (x86)/gnu tools arm embedded/4.9 2015q3/bin/../lib/gcc/arm-none-eabi/4.9.3/armv7e-m/fpu\libgcc.a(_arm_cmpdf2.o)
                0x0800cb10                __gtdf2
                0x0800cb10                __gedf2
                0x0800cb18                __ltdf2
                0x0800cb18                __ledf2
                0x0800cb20                __nedf2
                0x0800cb20                __eqdf2
                0x0800cb20                __cmpdf2
                0x0800cb9c                __aeabi_cdrcmple
                0x0800cbac                __aeabi_cdcmpeq
                0x0800cbac                __aeabi_cdcmple
                0x0800cbbc                __aeabi_dcmpeq
                0x0800cbd0                __aeabi_dcmplt
                0x0800cbe4                __aeabi_dcmple
                0x0800cbf8                __aeabi_dcmpge
                0x0800cc0c                __aeabi_dcmpgt
 .text          0x0800cc20       0x30 c:/program files (x86)/gnu tools arm embedded/4.9 2015q3/bin/../lib/gcc/arm-none-eabi/4.9.3/armv7e-m/fpu\libgcc.a(_aeabi_uldivmod.o)
                0x0800cc20                __aeabi_uldivmod
 .text          0x0800cc50       0x60 c:/program files (x86)/gnu tools arm embedded/4.9 2015q3/bin/../lib/gcc/arm-none-eabi/4.9.3/armv7e-m/fpu\libgcc.a(bpabi.o)
                0x0800cc50                __gnu_ldivmod_helper
                0x0800cc80                __gnu_uldivmod_helper
 .text          0x0800ccb0        0x4 c:/program files (x86)/gnu tools arm embedded/4.9 2015q3/bin/../lib/gcc/arm-none-eabi/4.9.3/armv7e-m/fpu\libgcc.a(_dvmd_tls.o)
                0x0800ccb0                __aeabi_idiv0
                0x0800ccb0                __aeabi_ldiv0
 *fill*         0x0800ccb4        0xc 
 .text          0x0800ccc0      0x29c c:/program files (x86)/gnu tools arm embedded/4.9 2015q3/bin/../lib/gcc/arm-none-eabi/4.9.3/armv7e-m/fpu\libgcc.a(_divdi3.o)
                0x0800ccc0                __divdi3
 *fill*         0x0800cf5c        0x4 
 .text          0x0800cf60      0x26c c:/program files (x86)/gnu tools arm embedded/4.9 2015q3/bin/../lib/gcc/arm-none-eabi/4.9.3/armv7e-m/fpu\libgcc.a(_udivdi3.o)
                0x0800cf60                __udivdi3
 *(.text.*)
 *fill*         0x0800d1cc        0x4 
 .text.__core_init
                0x0800d1d0        0x4 build/obj/crt1.o
                0x0800d1d0                __core_init
 *fill*         0x0800d1d4        0xc 
 .text.__late_init
                0x0800d1e0        0x4 build/obj/crt1.o
                0x0800d1e0                __late_init
 *fill*         0x0800d1e4        0xc 
 .text.__default_exit
                0x0800d1f0        0x4 build/obj/crt1.o
                0x0800d1f0                __default_exit
 *fill*         0x0800d1f4        0xc 
 .text._unhandled_exception
                0x0800d200        0x4 build/obj/vectors.o
                0x0800d200                Vector58
                0x0800d200                VectorE8
                0x0800d200                Vector9C
                0x0800d200                VectorAC
                0x0800d200                DebugMon_Handler
                0x0800d200                Vector1A0
                0x0800d200                Vector5C
                0x0800d200                HardFault_Handler
                0x0800d200                Vector1B8
                0x0800d200                Vector19C
                0x0800d200                PendSV_Handler
                0x0800d200                Vector168
                0x0800d200                NMI_Handler
                0x0800d200                Vector110
                0x0800d200                VectorA8
                0x0800d200                Vector160
                0x0800d200                Vector1B0
                0x0800d200                UsageFault_Handler
                0x0800d200                VectorEC
                0x0800d200                Vector40
                0x0800d200                VectorF8
                0x0800d200                Vector108
                0x0800d200                VectorBC
                0x0800d200                Vector190
                0x0800d200                Vector148
                0x0800d200                Vector188
                0x0800d200                Vector198
                0x0800d200                Vector118
                0x0800d200                Vector64
                0x0800d200                VectorCC
                0x0800d200                Vector54
                0x0800d200                VectorD8
                0x0800d200                Vector138
                0x0800d200                Vector24
                0x0800d200                Vector1AC
                0x0800d200                Vector178
                0x0800d200                Vector1A4
                0x0800d200                VectorD0
                0x0800d200                Vector1B4
                0x0800d200                Vector140
                0x0800d200                VectorE4
                0x0800d200                VectorC0
                0x0800d200                Vector134
                0x0800d200                VectorF0
                0x0800d200                Vector13C
                0x0800d200                Vector100
                0x0800d200                VectorF4
                0x0800d200                MemManage_Handler
                0x0800d200                VectorA0
                0x0800d200                Vector180
                0x0800d200                VectorB0
                0x0800d200                Vector114
                0x0800d200                Vector164
                0x0800d200                Vector60
                0x0800d200                Vector1C
                0x0800d200                Vector1BC
                0x0800d200                Vector17C
                0x0800d200                Vector48
                0x0800d200                Vector1A8
                0x0800d200                Vector16C
                0x0800d200                VectorD4
                0x0800d200                Vector4C
                0x0800d200                Vector144
                0x0800d200                Vector68
                0x0800d200                _unhandled_exception
                0x0800d200                Vector170
                0x0800d200                Vector104
                0x0800d200                Vector184
                0x0800d200                Vector10C
                0x0800d200                BusFault_Handler
                0x0800d200                Vector50
                0x0800d200                Vector194
                0x0800d200                Vector44
                0x0800d200                Vector28
                0x0800d200                VectorB8
                0x0800d200                Vector34
                0x0800d200                VectorA4
                0x0800d200                Vector20
                0x0800d200                Vector18C
                0x0800d200                Vector174
 *fill*         0x0800d204        0xc 
 .text._idle_thread
                0x0800d210        0x4 build/obj/chsys.o
 *fill*         0x0800d214        0xc 
 .text.chSysInit
                0x0800d220       0xa4 build/obj/chsys.o
                0x0800d220                chSysInit
 *fill*         0x0800d2c4        0xc 
 .text.chSysTimerHandlerI
                0x0800d2d0       0x58 build/obj/chsys.o
                0x0800d2d0                chSysTimerHandlerI
 *fill*         0x0800d328        0x8 
 .text.chSysPolledDelayX
                0x0800d330       0x14 build/obj/chsys.o
                0x0800d330                chSysPolledDelayX
 *fill*         0x0800d344        0xc 
 .text._vt_init
                0x0800d350       0x1c build/obj/chvt.o
                0x0800d350                _vt_init
 *fill*         0x0800d36c        0x4 
 .text.chVTDoSetI
                0x0800d370       0x3c build/obj/chvt.o
                0x0800d370                chVTDoSetI
 *fill*         0x0800d3ac        0x4 
 .text.chVTDoResetI
                0x0800d3b0       0x28 build/obj/chvt.o
                0x0800d3b0                chVTDoResetI
 *fill*         0x0800d3d8        0x8 
 .text.wakeup   0x0800d3e0       0x70 build/obj/chschd.o
 .text._scheduler_init
                0x0800d450       0x14 build/obj/chschd.o
                0x0800d450                _scheduler_init
 *fill*         0x0800d464        0xc 
 .text.chSchReadyI
                0x0800d470       0x2c build/obj/chschd.o
                0x0800d470                chSchReadyI
 *fill*         0x0800d49c        0x4 
 .text.chSchGoSleepS
                0x0800d4a0       0x28 build/obj/chschd.o
                0x0800d4a0                chSchGoSleepS
 *fill*         0x0800d4c8        0x8 
 .text.chSchGoSleepTimeoutS
                0x0800d4d0       0x44 build/obj/chschd.o
                0x0800d4d0                chSchGoSleepTimeoutS
 *fill*         0x0800d514        0xc 
 .text.chSchWakeupS
                0x0800d520       0x58 build/obj/chschd.o
                0x0800d520                chSchWakeupS
 *fill*         0x0800d578        0x8 
 .text.chSchIsPreemptionRequired
                0x0800d580       0x28 build/obj/chschd.o
                0x0800d580                chSchIsPreemptionRequired
 *fill*         0x0800d5a8        0x8 
 .text.chSchDoRescheduleBehind
                0x0800d5b0       0x40 build/obj/chschd.o
                0x0800d5b0                chSchDoRescheduleBehind
 .text.chSchDoRescheduleAhead
                0x0800d5f0       0x3c build/obj/chschd.o
                0x0800d5f0                chSchDoRescheduleAhead
 *fill*         0x0800d62c        0x4 
 .text.chSchRescheduleS
                0x0800d630       0x18 build/obj/chschd.o
                0x0800d630                chSchRescheduleS
 *fill*         0x0800d648        0x8 
 .text.chSchDoReschedule
                0x0800d650       0x14 build/obj/chschd.o
                0x0800d650                chSchDoReschedule
 *fill*         0x0800d664        0xc 
 .text._thread_init
                0x0800d670       0x50 build/obj/chthreads.o
                0x0800d670                _thread_init
 .text.chThdCreateI
                0x0800d6c0       0x70 build/obj/chthreads.o
                0x0800d6c0                chThdCreateI
 .text.chThdCreateStatic
                0x0800d730       0x80 build/obj/chthreads.o
                0x0800d730                chThdCreateStatic
 .text.chThdSleep
                0x0800d7b0       0x18 build/obj/chthreads.o
                0x0800d7b0                chThdSleep
 *fill*         0x0800d7c8        0x8 
 .text.chThdExitS
                0x0800d7d0       0x40 build/obj/chthreads.o
                0x0800d7d0                chThdExitS
 .text.chThdExit
                0x0800d810        0xc build/obj/chthreads.o
                0x0800d810                chThdExit
 *fill*         0x0800d81c        0x4 
 .text.chThdSuspendS
                0x0800d820       0x1c build/obj/chthreads.o
                0x0800d820                chThdSuspendS
 *fill*         0x0800d83c        0x4 
 .text.chThdResumeI
                0x0800d840       0x14 build/obj/chthreads.o
                0x0800d840                chThdResumeI
 *fill*         0x0800d854        0xc 
 .text.chThdEnqueueTimeoutS
                0x0800d860       0x28 build/obj/chthreads.o
                0x0800d860                chThdEnqueueTimeoutS
 *fill*         0x0800d888        0x8 
 .text.chThdDequeueAllI
                0x0800d890       0x24 build/obj/chthreads.o
                0x0800d890                chThdDequeueAllI
 *fill*         0x0800d8b4        0xc 
 .text.chTMStartMeasurementX
                0x0800d8c0        0xc build/obj/chtm.o
                0x0800d8c0                chTMStartMeasurementX
 *fill*         0x0800d8cc        0x4 
 .text.chTMStopMeasurementX
                0x0800d8d0       0x48 build/obj/chtm.o
                0x0800d8d0                chTMStopMeasurementX
 *fill*         0x0800d918        0x8 
 .text._tm_init
                0x0800d920       0x38 build/obj/chtm.o
                0x0800d920                _tm_init
 *fill*         0x0800d958        0x8 
 .text.chMtxObjectInit
                0x0800d960        0xc build/obj/chmtx.o
                0x0800d960                chMtxObjectInit
 *fill*         0x0800d96c        0x4 
 .text.chEvtSignalI
                0x0800d970       0x2c build/obj/chevents.o
                0x0800d970                chEvtSignalI
 *fill*         0x0800d99c        0x4 
 .text.chEvtBroadcastFlagsI
                0x0800d9a0       0x2c build/obj/chevents.o
                0x0800d9a0                chEvtBroadcastFlagsI
 *fill*         0x0800d9cc        0x4 
 .text.chIQObjectInit
                0x0800d9d0       0x20 build/obj/chqueues.o
                0x0800d9d0                chIQObjectInit
 .text.chIQResetI
                0x0800d9f0       0x14 build/obj/chqueues.o
                0x0800d9f0                chIQResetI
 *fill*         0x0800da04        0xc 
 .text.chIQGetTimeout
                0x0800da10       0x50 build/obj/chqueues.o
                0x0800da10                chIQGetTimeout
 .text.chIQReadTimeout
                0x0800da60       0x78 build/obj/chqueues.o
                0x0800da60                chIQReadTimeout
 *fill*         0x0800dad8        0x8 
 .text.chOQObjectInit
                0x0800dae0       0x1c build/obj/chqueues.o
                0x0800dae0                chOQObjectInit
 *fill*         0x0800dafc        0x4 
 .text.chOQResetI
                0x0800db00       0x1c build/obj/chqueues.o
                0x0800db00                chOQResetI
 *fill*         0x0800db1c        0x4 
 .text.chOQPutTimeout
                0x0800db20       0x54 build/obj/chqueues.o
                0x0800db20                chOQPutTimeout
 *fill*         0x0800db74        0xc 
 .text.chOQWriteTimeout
                0x0800db80       0x84 build/obj/chqueues.o
                0x0800db80                chOQWriteTimeout
 *fill*         0x0800dc04        0xc 
 .text._core_init
                0x0800dc10       0x28 build/obj/chmemcore.o
                0x0800dc10                _core_init
 *fill*         0x0800dc38        0x8 
 .text.chCoreAlloc
                0x0800dc40       0x38 build/obj/chmemcore.o
                0x0800dc40                chCoreAlloc
 *fill*         0x0800dc78        0x8 
 .text._heap_init
                0x0800dc80       0x1c build/obj/chheap.o
                0x0800dc80                _heap_init
 *fill*         0x0800dc9c        0x4 
 .text.SVC_Handler
                0x0800dca0       0x20 build/obj/chcore_v7m.o
                0x0800dca0                SVC_Handler
 .text._port_irq_epilogue
                0x0800dcc0       0x60 build/obj/chcore_v7m.o
                0x0800dcc0                _port_irq_epilogue
 .text.halInit  0x0800dd20       0x34 build/obj/hal.o
                0x0800dd20                halInit
 *fill*         0x0800dd54        0xc 
 .text.canInit  0x0800dd60        0x4 build/obj/can.o
                0x0800dd60                canInit
 *fill*         0x0800dd64        0xc 
 .text.canObjectInit
                0x0800dd70       0x44 build/obj/can.o
                0x0800dd70                canObjectInit
 *fill*         0x0800ddb4        0xc 
 .text.i2cInit  0x0800ddc0        0x4 build/obj/i2c.o
                0x0800ddc0                i2cInit
 *fill*         0x0800ddc4        0xc 
 .text.i2cObjectInit
                0x0800ddd0       0x10 build/obj/i2c.o
                0x0800ddd0                i2cObjectInit
 .text.icuInit  0x0800dde0        0x4 build/obj/icu.o
                0x0800dde0                icuInit
 *fill*         0x0800dde4        0xc 
 .text.icuObjectInit
                0x0800ddf0        0xc build/obj/icu.o
                0x0800ddf0                icuObjectInit
 *fill*         0x0800ddfc        0x4 
 .text.onotify  0x0800de00       0x5c build/obj/serial_usb.o
 *fill*         0x0800de5c        0x4 
 .text.inotify  0x0800de60       0x6c build/obj/serial_usb.o
 *fill*         0x0800decc        0x4 
 .text.readt    0x0800ded0        0x8 build/obj/serial_usb.o
 *fill*         0x0800ded8        0x8 
 .text.read     0x0800dee0        0xc build/obj/serial_usb.o
 *fill*         0x0800deec        0x4 
 .text.writet   0x0800def0        0x8 build/obj/serial_usb.o
 *fill*         0x0800def8        0x8 
 .text.write    0x0800df00        0xc build/obj/serial_usb.o
 *fill*         0x0800df0c        0x4 
 .text.gett     0x0800df10        0x8 build/obj/serial_usb.o
 *fill*         0x0800df18        0x8 
 .text.get      0x0800df20        0xc build/obj/serial_usb.o
 *fill*         0x0800df2c        0x4 
 .text.putt     0x0800df30        0x8 build/obj/serial_usb.o
 *fill*         0x0800df38        0x8 
 .text.put      0x0800df40        0xc build/obj/serial_usb.o
 *fill*         0x0800df4c        0x4 
 .text.sduInit  0x0800df50        0x4 build/obj/serial_usb.o
                0x0800df50                sduInit
 *fill*         0x0800df54        0xc 
 .text.sduObjectInit
                0x0800df60       0x4c build/obj/serial_usb.o
                0x0800df60                sduObjectInit
 *fill*         0x0800dfac        0x4 
 .text.sduStart
                0x0800dfb0       0x34 build/obj/serial_usb.o
                0x0800dfb0                sduStart
 *fill*         0x0800dfe4        0xc 
 .text.sduConfigureHookI
                0x0800dff0       0x4c build/obj/serial_usb.o
                0x0800dff0                sduConfigureHookI
 *fill*         0x0800e03c        0x4 
 .text.sduRequestsHook
                0x0800e040       0x40 build/obj/serial_usb.o
                0x0800e040                sduRequestsHook
 .text.sduDataTransmitted
                0x0800e080       0x6c build/obj/serial_usb.o
                0x0800e080                sduDataTransmitted
 *fill*         0x0800e0ec        0x4 
 .text.sduDataReceived
                0x0800e0f0       0x6c build/obj/serial_usb.o
                0x0800e0f0                sduDataReceived
 *fill*         0x0800e15c        0x4 
 .text.sduInterruptTransmitted
                0x0800e160        0x4 build/obj/serial_usb.o
                0x0800e160                sduInterruptTransmitted
 *fill*         0x0800e164        0xc 
 .text.stInit   0x0800e170        0x4 build/obj/st.o
                0x0800e170                stInit
 *fill*         0x0800e174        0xc 
 .text.uartInit
                0x0800e180        0x4 build/obj/uart.o
                0x0800e180                uartInit
 *fill*         0x0800e184        0xc 
 .text.uartObjectInit
                0x0800e190       0x10 build/obj/uart.o
                0x0800e190                uartObjectInit
 .text.usbInit  0x0800e1a0        0x4 build/obj/usb.o
                0x0800e1a0                usbInit
 *fill*         0x0800e1a4        0xc 
 .text.usbObjectInit
                0x0800e1b0       0x1c build/obj/usb.o
                0x0800e1b0                usbObjectInit
 *fill*         0x0800e1cc        0x4 
 .text.usbStart
                0x0800e1d0       0x24 build/obj/usb.o
                0x0800e1d0                usbStart
 *fill*         0x0800e1f4        0xc 
 .text.usbInitEndpointI
                0x0800e200       0x34 build/obj/usb.o
                0x0800e200                usbInitEndpointI
 *fill*         0x0800e234        0xc 
 .text.usbPrepareQueuedReceive
                0x0800e240       0x1c build/obj/usb.o
                0x0800e240                usbPrepareQueuedReceive
 *fill*         0x0800e25c        0x4 
 .text.usbPrepareQueuedTransmit
                0x0800e260       0x1c build/obj/usb.o
                0x0800e260                usbPrepareQueuedTransmit
 *fill*         0x0800e27c        0x4 
 .text.usbStartReceiveI
                0x0800e280       0x24 build/obj/usb.o
                0x0800e280                usbStartReceiveI
 *fill*         0x0800e2a4        0xc 
 .text.usbStartTransmitI
                0x0800e2b0       0x24 build/obj/usb.o
                0x0800e2b0                usbStartTransmitI
 *fill*         0x0800e2d4        0xc 
 .text._usb_reset
                0x0800e2e0       0x28 build/obj/usb.o
                0x0800e2e0                _usb_reset
 *fill*         0x0800e308        0x8 
 .text._usb_ep0setup
                0x0800e310      0x34c build/obj/usb.o
                0x0800e310                _usb_ep0setup
 *fill*         0x0800e65c        0x4 
 .text._usb_ep0in
                0x0800e660       0xc4 build/obj/usb.o
                0x0800e660                _usb_ep0in
 *fill*         0x0800e724        0xc 
 .text._usb_ep0out
                0x0800e730       0x88 build/obj/usb.o
                0x0800e730                _usb_ep0out
 *fill*         0x0800e7b8        0x8 
 .text.nvicEnableVector
                0x0800e7c0       0x34 build/obj/nvic.o
                0x0800e7c0                nvicEnableVector
 *fill*         0x0800e7f4        0xc 
 .text.nvicSetSystemHandlerPriority
                0x0800e800       0x10 build/obj/nvic.o
                0x0800e800                nvicSetSystemHandlerPriority
 .text.Vector6C
                0x0800e810       0x28 build/obj/stm32_dma.o
                0x0800e810                Vector6C
 *fill*         0x0800e838        0x8 
 .text.Vector70
                0x0800e840       0x2c build/obj/stm32_dma.o
                0x0800e840                Vector70
 *fill*         0x0800e86c        0x4 
 .text.Vector74
                0x0800e870       0x2c build/obj/stm32_dma.o
                0x0800e870                Vector74
 *fill*         0x0800e89c        0x4 
 .text.Vector78
                0x0800e8a0       0x2c build/obj/stm32_dma.o
                0x0800e8a0                Vector78
 *fill*         0x0800e8cc        0x4 
 .text.Vector7C
                0x0800e8d0       0x28 build/obj/stm32_dma.o
                0x0800e8d0                Vector7C
 *fill*         0x0800e8f8        0x8 
 .text.Vector80
                0x0800e900       0x2c build/obj/stm32_dma.o
                0x0800e900                Vector80
 *fill*         0x0800e92c        0x4 
 .text.Vector84
                0x0800e930       0x2c build/obj/stm32_dma.o
                0x0800e930                Vector84
 *fill*         0x0800e95c        0x4 
 .text.VectorFC
                0x0800e960       0x2c build/obj/stm32_dma.o
                0x0800e960                VectorFC
 *fill*         0x0800e98c        0x4 
 .text.Vector120
                0x0800e990       0x28 build/obj/stm32_dma.o
                0x0800e990                Vector120
 *fill*         0x0800e9b8        0x8 
 .text.Vector124
                0x0800e9c0       0x2c build/obj/stm32_dma.o
                0x0800e9c0                Vector124
 *fill*         0x0800e9ec        0x4 
 .text.Vector128
                0x0800e9f0       0x2c build/obj/stm32_dma.o
                0x0800e9f0                Vector128
 *fill*         0x0800ea1c        0x4 
 .text.Vector12C
                0x0800ea20       0x2c build/obj/stm32_dma.o
                0x0800ea20                Vector12C
 *fill*         0x0800ea4c        0x4 
 .text.Vector130
                0x0800ea50       0x28 build/obj/stm32_dma.o
                0x0800ea50                Vector130
 *fill*         0x0800ea78        0x8 
 .text.Vector150
                0x0800ea80       0x2c build/obj/stm32_dma.o
                0x0800ea80                Vector150
 *fill*         0x0800eaac        0x4 
 .text.Vector154
                0x0800eab0       0x2c build/obj/stm32_dma.o
                0x0800eab0                Vector154
 *fill*         0x0800eadc        0x4 
 .text.Vector158
                0x0800eae0       0x2c build/obj/stm32_dma.o
                0x0800eae0                Vector158
 *fill*         0x0800eb0c        0x4 
 .text.dmaInit  0x0800eb10       0x4c build/obj/stm32_dma.o
                0x0800eb10                dmaInit
 *fill*         0x0800eb5c        0x4 
 .text.dmaStreamAllocate
                0x0800eb60       0x8c build/obj/stm32_dma.o
                0x0800eb60                dmaStreamAllocate
 *fill*         0x0800ebec        0x4 
 .text.hal_lld_init
                0x0800ebf0       0x68 build/obj/hal_lld.o
                0x0800ebf0                hal_lld_init
 *fill*         0x0800ec58        0x8 
 .text.stm32_clock_init
                0x0800ec60       0xc8 build/obj/hal_lld.o
                0x0800ec60                stm32_clock_init
 *fill*         0x0800ed28        0x8 
 .text.can_lld_set_filters
                0x0800ed30      0x118 build/obj/can_lld.o
 *fill*         0x0800ee48        0x8 
 .text.Vector8C
                0x0800ee50       0x3c build/obj/can_lld.o
                0x0800ee50                Vector8C
 *fill*         0x0800ee8c        0x4 
 .text.Vector90
                0x0800ee90       0x64 build/obj/can_lld.o
                0x0800ee90                Vector90
 *fill*         0x0800eef4        0xc 
 .text.Vector94
                0x0800ef00       0x64 build/obj/can_lld.o
                0x0800ef00                Vector94
 *fill*         0x0800ef64        0xc 
 .text.Vector98
                0x0800ef70       0x78 build/obj/can_lld.o
                0x0800ef70                Vector98
 *fill*         0x0800efe8        0x8 
 .text.can_lld_init
                0x0800eff0       0x24 build/obj/can_lld.o
                0x0800eff0                can_lld_init
 *fill*         0x0800f014        0xc 
 .text._pal_lld_init
                0x0800f020      0x1cc build/obj/pal_lld.o
                0x0800f020                _pal_lld_init
 *fill*         0x0800f1ec        0x4 
 .text._pal_lld_setgroupmode
                0x0800f1f0       0xac build/obj/pal_lld.o
                0x0800f1f0                _pal_lld_setgroupmode
 *fill*         0x0800f29c        0x4 
 .text.VectorC4
                0x0800f2a0       0xf8 build/obj/i2c_lld.o
                0x0800f2a0                VectorC4
 *fill*         0x0800f398        0x8 
 .text.VectorC8
                0x0800f3a0       0xdc build/obj/i2c_lld.o
                0x0800f3a0                VectorC8
 *fill*         0x0800f47c        0x4 
 .text.i2c_lld_init
                0x0800f480       0x2c build/obj/i2c_lld.o
                0x0800f480                i2c_lld_init
 *fill*         0x0800f4ac        0x4 
 .text.usb_lld_pump
                0x0800f4b0      0x328 build/obj/usb_lld.o
                0x0800f4b0                usb_lld_pump
 *fill*         0x0800f7d8        0x8 
 .text.otg_disable_ep.isra.0
                0x0800f7e0       0x74 build/obj/usb_lld.o
 *fill*         0x0800f854        0xc 
 .text.usb_lld_init
                0x0800f860       0x24 build/obj/usb_lld.o
                0x0800f860                usb_lld_init
 *fill*         0x0800f884        0xc 
 .text.usb_lld_start
                0x0800f890       0xe8 build/obj/usb_lld.o
                0x0800f890                usb_lld_start
 *fill*         0x0800f978        0x8 
 .text.usb_lld_reset
                0x0800f980       0xc4 build/obj/usb_lld.o
                0x0800f980                usb_lld_reset
 *fill*         0x0800fa44        0xc 
 .text.usb_lld_set_address
                0x0800fa50       0x18 build/obj/usb_lld.o
                0x0800fa50                usb_lld_set_address
 *fill*         0x0800fa68        0x8 
 .text.usb_lld_init_endpoint
                0x0800fa70      0x160 build/obj/usb_lld.o
                0x0800fa70                usb_lld_init_endpoint
 .text.usb_lld_get_status_out
                0x0800fbd0       0x1c build/obj/usb_lld.o
                0x0800fbd0                usb_lld_get_status_out
 *fill*         0x0800fbec        0x4 
 .text.usb_lld_get_status_in
                0x0800fbf0       0x1c build/obj/usb_lld.o
                0x0800fbf0                usb_lld_get_status_in
 *fill*         0x0800fc0c        0x4 
 .text.usb_lld_read_setup
                0x0800fc10       0x14 build/obj/usb_lld.o
                0x0800fc10                usb_lld_read_setup
 *fill*         0x0800fc24        0xc 
 .text.usb_lld_prepare_receive
                0x0800fc30       0x44 build/obj/usb_lld.o
                0x0800fc30                usb_lld_prepare_receive
 *fill*         0x0800fc74        0xc 
 .text.otg_epout_handler.constprop.7
                0x0800fc80       0xa4 build/obj/usb_lld.o
 *fill*         0x0800fd24        0xc 
 .text.usb_lld_prepare_transmit
                0x0800fd30       0x50 build/obj/usb_lld.o
                0x0800fd30                usb_lld_prepare_transmit
 .text.otg_epin_handler.constprop.8
                0x0800fd80       0xd0 build/obj/usb_lld.o
 .text.Vector14C
                0x0800fe50       0xf4 build/obj/usb_lld.o
                0x0800fe50                Vector14C
 *fill*         0x0800ff44        0xc 
 .text.usb_lld_start_out
                0x0800ff50       0x14 build/obj/usb_lld.o
                0x0800ff50                usb_lld_start_out
 *fill*         0x0800ff64        0xc 
 .text.usb_lld_start_in
                0x0800ff70       0x28 build/obj/usb_lld.o
                0x0800ff70                usb_lld_start_in
 *fill*         0x0800ff98        0x8 
 .text.usb_lld_stall_out
                0x0800ffa0       0x14 build/obj/usb_lld.o
                0x0800ffa0                usb_lld_stall_out
 *fill*         0x0800ffb4        0xc 
 .text.usb_lld_stall_in
                0x0800ffc0       0x14 build/obj/usb_lld.o
                0x0800ffc0                usb_lld_stall_in
 *fill*         0x0800ffd4        0xc 
 .text.usb_lld_clear_out
                0x0800ffe0       0x14 build/obj/usb_lld.o
                0x0800ffe0                usb_lld_clear_out
 *fill*         0x0800fff4        0xc 
 .text.usb_lld_clear_in
                0x08010000       0x14 build/obj/usb_lld.o
                0x08010000                usb_lld_clear_in
 *fill*         0x08010014        0xc 
 .text.VectorB4
                0x08010020       0x9c build/obj/icu_lld.o
                0x08010020                VectorB4
 *fill*         0x080100bc        0x4 
 .text.icu_lld_init
                0x080100c0       0x18 build/obj/icu_lld.o
                0x080100c0                icu_lld_init
 *fill*         0x080100d8        0x8 
 .text.SysTick_Handler
                0x080100e0       0x1c build/obj/st_lld.o
                0x080100e0                SysTick_Handler
 *fill*         0x080100fc        0x4 
 .text.st_lld_init
                0x08010100       0x1c build/obj/st_lld.o
                0x08010100                st_lld_init
 *fill*         0x0801011c        0x4 
 .text.serve_usart_irq
                0x08010120       0x78 build/obj/uart_lld.o
 *fill*         0x08010198        0x8 
 .text.VectorDC
                0x080101a0       0x14 build/obj/uart_lld.o
                0x080101a0                VectorDC
 *fill*         0x080101b4        0xc 
 .text.Vector15C
                0x080101c0       0x14 build/obj/uart_lld.o
                0x080101c0                Vector15C
 *fill*         0x080101d4        0xc 
 .text.uart_lld_init
                0x080101e0       0x48 build/obj/uart_lld.o
                0x080101e0                uart_lld_init
 *fill*         0x08010228        0x8 
 .text.__early_init
                0x08010230        0x4 build/obj/board.o
                0x08010230                __early_init
 *fill*         0x08010234        0xc 
 .text.boardInit
                0x08010240        0x4 build/obj/board.o
                0x08010240                boardInit
 *fill*         0x08010244        0xc 
 .text._sbrk_r  0x08010250       0x18 build/obj/syscalls.o
                0x08010250                _sbrk_r
 *fill*         0x08010268        0x8 
 .text.periodic_thread
                0x08010270       0x1c build/obj/bldc.o
 *fill*         0x0801028c        0x4 
 .text.uart_process_thread
                0x08010290       0x28 build/obj/bldc.o
 *fill*         0x080102b8        0x8 
 .text.bldc_init
                0x080102c0       0x3c build/obj/bldc.o
                0x080102c0                bldc_init
 *fill*         0x080102fc        0x4 
 .text.bldc_start
                0x08010300       0xc4 build/obj/bldc.o
                0x08010300                bldc_start
 *fill*         0x080103c4        0xc 
 .text.SEQUENCE_thread
                0x080103d0       0x1c build/obj/mcpwm.o
 *fill*         0x080103ec        0x4 
 .text.mcpwm_adc_int_handler
                0x080103f0       0x1c build/obj/mcpwm.o
                0x080103f0                mcpwm_adc_int_handler
 *fill*         0x0801040c        0x4 
 .text.ClarkePark
                0x08010410       0x68 build/obj/mcpwm.o
                0x08010410                ClarkePark
 *fill*         0x08010478        0x8 
 .text.CalcPI   0x08010480       0x60 build/obj/mcpwm.o
                0x08010480                CalcPI
 .text.SetupControlParameters
                0x080104e0       0x98 build/obj/mcpwm.o
                0x080104e0                SetupControlParameters
 *fill*         0x08010578        0x8 
 .text.mcpwm_init
                0x08010580      0x4c8 build/obj/mcpwm.o
                0x08010580                mcpwm_init
 *fill*         0x08010a48        0x8 
 .text.VoltRippleComp
                0x08010a50       0x5c build/obj/mcpwm.o
                0x08010a50                VoltRippleComp
 *fill*         0x08010aac        0x4 
 .text.DoControl.part.1
                0x08010ab0      0x10c build/obj/mcpwm.o
 *fill*         0x08010bbc        0x4 
 .text.InvPark  0x08010bc0       0x4c build/obj/mcpwm.o
                0x08010bc0                InvPark
 *fill*         0x08010c0c        0x4 
 .text.CalcTimes
                0x08010c10       0x6c build/obj/mcpwm.o
                0x08010c10                CalcTimes
 *fill*         0x08010c7c        0x4 
 .text.update_timer_Duty
                0x08010c80       0x4c build/obj/mcpwm.o
                0x08010c80                update_timer_Duty
 *fill*         0x08010ccc        0x4 
 .text.CalcSVGen
                0x08010cd0      0x104 build/obj/mcpwm.o
                0x08010cd0                CalcSVGen
 *fill*         0x08010dd4        0xc 
 .text.SMC_HallSensor_Estimation
                0x08010de0      0x194 build/obj/mcpwm.o
                0x08010de0                SMC_HallSensor_Estimation
 *fill*         0x08010f74        0xc 
 .text.mcpwm_adc_inj_int_handler
                0x08010f80      0x148 build/obj/mcpwm.o
                0x08010f80                mcpwm_adc_inj_int_handler
 *fill*         0x080110c8        0x8 
 .text.get_descriptor
                0x080110d0       0x30 build/obj/usb_uart.o
 .text.usb_event
                0x08011100       0x40 build/obj/usb_uart.o
 .text.usb_uart_init
                0x08011140       0x4c build/obj/usb_uart.o
                0x08011140                usb_uart_init
 *fill*         0x0801118c        0x4 
 .text.usb_uart_printf
                0x08011190       0x38 build/obj/usb_uart.o
                0x08011190                usb_uart_printf
 *fill*         0x080111c8        0x8 
 .text.usb_uart_getch
                0x080111d0       0x20 build/obj/usb_uart.o
                0x080111d0                usb_uart_getch
 .text.Vector11C
                0x080111f0       0x18 build/obj/irq_handlers.o
                0x080111f0                Vector11C
 *fill*         0x08011208        0x8 
 .text.Vector88
                0x08011210       0x1c build/obj/irq_handlers.o
                0x08011210                Vector88
 *fill*         0x0801122c        0x4 
 .text.VectorE0
                0x08011230       0x24 build/obj/irq_handlers.o
                0x08011230                VectorE0
 *fill*         0x08011254        0xc 
 .text.comm_usb_init
                0x08011260       0x14 build/obj/comm_usb.o
                0x08011260                comm_usb_init
 *fill*         0x08011274        0xc 
 .text.utils_sys_lock_cnt
                0x08011280       0x18 build/obj/utils.o
                0x08011280                utils_sys_lock_cnt
 *fill*         0x08011298        0x8 
 .text.utils_sys_unlock_cnt
                0x080112a0       0x1c build/obj/utils.o
                0x080112a0                utils_sys_unlock_cnt
 *fill*         0x080112bc        0x4 
 .text.conf_general_init
                0x080112c0       0x58 build/obj/conf_general.o
                0x080112c0                conf_general_init
 *fill*         0x08011318        0x8 
 .text.conf_general_read_app_configuration
                0x08011320      0x124 build/obj/conf_general.o
                0x08011320                conf_general_read_app_configuration
 *fill*         0x08011444        0xc 
 .text.conf_general_read_mc_configuration
                0x08011450      0x1a0 build/obj/conf_general.o
                0x08011450                conf_general_read_mc_configuration
 .text.EE_VerifyPageFullWriteVariable
                0x080115f0       0x7c build/obj/eeprom.o
 *fill*         0x0801166c        0x4 
 .text.EE_EraseSectorIfNotEmpty.constprop.1
                0x08011670       0x30 build/obj/eeprom.o
 .text.EE_Format
                0x080116a0       0x2c build/obj/eeprom.o
 *fill*         0x080116cc        0x4 
 .text.EE_ReadVariable
                0x080116d0       0x70 build/obj/eeprom.o
                0x080116d0                EE_ReadVariable
 .text.EE_Init  0x08011740      0x140 build/obj/eeprom.o
                0x08011740                EE_Init
 .text.flash_helper_get_sector_address
                0x08011880       0x28 build/obj/flash_helper.o
                0x08011880                flash_helper_get_sector_address
 *fill*         0x080118a8        0x8 
 .text.hw_init_gpio
                0x080118b0      0x190 build/obj/hw_oroca.o
                0x080118b0                hw_init_gpio
 .text.hw_setup_adc_channels
                0x08011a40       0xc0 build/obj/hw_oroca.o
                0x08011a40                hw_setup_adc_channels
 .text.NVIC_Init
                0x08011b00       0x70 build/obj/misc.o
                0x08011b00                NVIC_Init
 .text.ADC_Init
                0x08011b70       0x50 build/obj/stm32f4xx_adc.o
                0x08011b70                ADC_Init
 .text.ADC_CommonInit
                0x08011bc0       0x28 build/obj/stm32f4xx_adc.o
                0x08011bc0                ADC_CommonInit
 *fill*         0x08011be8        0x8 
 .text.ADC_Cmd  0x08011bf0       0x14 build/obj/stm32f4xx_adc.o
                0x08011bf0                ADC_Cmd
 *fill*         0x08011c04        0xc 
 .text.ADC_RegularChannelConfig
                0x08011c10       0x8c build/obj/stm32f4xx_adc.o
                0x08011c10                ADC_RegularChannelConfig
 *fill*         0x08011c9c        0x4 
 .text.ADC_MultiModeDMARequestAfterLastTransferCmd
                0x08011ca0       0x1c build/obj/stm32f4xx_adc.o
                0x08011ca0                ADC_MultiModeDMARequestAfterLastTransferCmd
 *fill*         0x08011cbc        0x4 
 .text.ADC_InjectedChannelConfig
                0x08011cc0       0x58 build/obj/stm32f4xx_adc.o
                0x08011cc0                ADC_InjectedChannelConfig
 *fill*         0x08011d18        0x8 
 .text.ADC_InjectedSequencerLengthConfig
                0x08011d20       0x10 build/obj/stm32f4xx_adc.o
                0x08011d20                ADC_InjectedSequencerLengthConfig
 .text.ADC_ExternalTrigInjectedConvConfig
                0x08011d30        0xc build/obj/stm32f4xx_adc.o
                0x08011d30                ADC_ExternalTrigInjectedConvConfig
 *fill*         0x08011d3c        0x4 
 .text.ADC_ExternalTrigInjectedConvEdgeConfig
                0x08011d40        0xc build/obj/stm32f4xx_adc.o
                0x08011d40                ADC_ExternalTrigInjectedConvEdgeConfig
 *fill*         0x08011d4c        0x4 
 .text.ADC_GetInjectedConversionValue
                0x08011d50       0x1c build/obj/stm32f4xx_adc.o
                0x08011d50                ADC_GetInjectedConversionValue
 *fill*         0x08011d6c        0x4 
 .text.ADC_ITConfig
                0x08011d70       0x1c build/obj/stm32f4xx_adc.o
                0x08011d70                ADC_ITConfig
 *fill*         0x08011d8c        0x4 
 .text.ADC_ClearITPendingBit
                0x08011d90        0x8 build/obj/stm32f4xx_adc.o
                0x08011d90                ADC_ClearITPendingBit
 *fill*         0x08011d98        0x8 
 .text.DMA_Init
                0x08011da0       0x70 build/obj/stm32f4xx_dma.o
                0x08011da0                DMA_Init
 .text.DMA_Cmd  0x08011e10       0x14 build/obj/stm32f4xx_dma.o
                0x08011e10                DMA_Cmd
 *fill*         0x08011e24        0xc 
 .text.DMA_ITConfig
                0x08011e30       0x40 build/obj/stm32f4xx_dma.o
                0x08011e30                DMA_ITConfig
 .text.EXTI_GetITStatus
                0x08011e70       0x14 build/obj/stm32f4xx_exti.o
                0x08011e70                EXTI_GetITStatus
 *fill*         0x08011e84        0xc 
 .text.EXTI_ClearITPendingBit
                0x08011e90        0xc build/obj/stm32f4xx_exti.o
                0x08011e90                EXTI_ClearITPendingBit
 *fill*         0x08011e9c        0x4 
 .text.FLASH_Unlock
                0x08011ea0       0x20 build/obj/stm32f4xx_flash.o
                0x08011ea0                FLASH_Unlock
 .text.FLASH_ClearFlag
                0x08011ec0        0xc build/obj/stm32f4xx_flash.o
                0x08011ec0                FLASH_ClearFlag
 *fill*         0x08011ecc        0x4 
 .text.FLASH_GetStatus
                0x08011ed0       0x40 build/obj/stm32f4xx_flash.o
                0x08011ed0                FLASH_GetStatus
 .text.FLASH_WaitForLastOperation
                0x08011f10       0x28 build/obj/stm32f4xx_flash.o
                0x08011f10                FLASH_WaitForLastOperation
 *fill*         0x08011f38        0x8 
 .text.FLASH_EraseSector
                0x08011f40       0x74 build/obj/stm32f4xx_flash.o
                0x08011f40                FLASH_EraseSector
 *fill*         0x08011fb4        0xc 
 .text.FLASH_ProgramHalfWord
                0x08011fc0       0x40 build/obj/stm32f4xx_flash.o
                0x08011fc0                FLASH_ProgramHalfWord
 .text.RCC_AHB1PeriphClockCmd
                0x08012000       0x18 build/obj/stm32f4xx_rcc.o
                0x08012000                RCC_AHB1PeriphClockCmd
 *fill*         0x08012018        0x8 
 .text.RCC_APB1PeriphClockCmd
                0x08012020       0x18 build/obj/stm32f4xx_rcc.o
                0x08012020                RCC_APB1PeriphClockCmd
 *fill*         0x08012038        0x8 
 .text.RCC_APB2PeriphClockCmd
                0x08012040       0x18 build/obj/stm32f4xx_rcc.o
                0x08012040                RCC_APB2PeriphClockCmd
 *fill*         0x08012058        0x8 
 .text.RCC_APB1PeriphResetCmd
                0x08012060       0x18 build/obj/stm32f4xx_rcc.o
                0x08012060                RCC_APB1PeriphResetCmd
 *fill*         0x08012078        0x8 
 .text.RCC_APB2PeriphResetCmd
                0x08012080       0x18 build/obj/stm32f4xx_rcc.o
                0x08012080                RCC_APB2PeriphResetCmd
 *fill*         0x08012098        0x8 
 .text.TIM_DeInit
                0x080120a0      0x1b8 build/obj/stm32f4xx_tim.o
                0x080120a0                TIM_DeInit
 *fill*         0x08012258        0x8 
 .text.TIM_TimeBaseInit
                0x08012260       0x98 build/obj/stm32f4xx_tim.o
                0x08012260                TIM_TimeBaseInit
 *fill*         0x080122f8        0x8 
 .text.TIM_ARRPreloadConfig
                0x08012300       0x18 build/obj/stm32f4xx_tim.o
                0x08012300                TIM_ARRPreloadConfig
 *fill*         0x08012318        0x8 
 .text.TIM_Cmd  0x08012320       0x18 build/obj/stm32f4xx_tim.o
                0x08012320                TIM_Cmd
 *fill*         0x08012338        0x8 
 .text.TIM_OC1Init
                0x08012340       0x7c build/obj/stm32f4xx_tim.o
                0x08012340                TIM_OC1Init
 *fill*         0x080123bc        0x4 
 .text.TIM_OC2Init
                0x080123c0       0x98 build/obj/stm32f4xx_tim.o
                0x080123c0                TIM_OC2Init
 *fill*         0x08012458        0x8 
 .text.TIM_OC3Init
                0x08012460       0x90 build/obj/stm32f4xx_tim.o
                0x08012460                TIM_OC3Init
 .text.TIM_OC4Init
                0x080124f0       0x74 build/obj/stm32f4xx_tim.o
                0x080124f0                TIM_OC4Init
 *fill*         0x08012564        0xc 
 .text.TIM_OC1PreloadConfig
                0x08012570       0x10 build/obj/stm32f4xx_tim.o
                0x08012570                TIM_OC1PreloadConfig
 .text.TIM_OC2PreloadConfig
                0x08012580       0x14 build/obj/stm32f4xx_tim.o
                0x08012580                TIM_OC2PreloadConfig
 *fill*         0x08012594        0xc 
 .text.TIM_OC3PreloadConfig
                0x080125a0       0x10 build/obj/stm32f4xx_tim.o
                0x080125a0                TIM_OC3PreloadConfig
 .text.TIM_OC4PreloadConfig
                0x080125b0       0x14 build/obj/stm32f4xx_tim.o
                0x080125b0                TIM_OC4PreloadConfig
 *fill*         0x080125c4        0xc 
 .text.TIM_BDTRConfig
                0x080125d0       0x28 build/obj/stm32f4xx_tim.o
                0x080125d0                TIM_BDTRConfig
 *fill*         0x080125f8        0x8 
 .text.TIM_CtrlPWMOutputs
                0x08012600       0x14 build/obj/stm32f4xx_tim.o
                0x08012600                TIM_CtrlPWMOutputs
 *fill*         0x08012614        0xc 
 .text.TIM_CCPreloadControl
                0x08012620       0x18 build/obj/stm32f4xx_tim.o
                0x08012620                TIM_CCPreloadControl
 *fill*         0x08012638        0x8 
 .text.TIM_ClearITPendingBit
                0x08012640        0x8 build/obj/stm32f4xx_tim.o
                0x08012640                TIM_ClearITPendingBit
 *fill*         0x08012648        0x8 
 .text.TIM_SelectInputTrigger
                0x08012650       0x10 build/obj/stm32f4xx_tim.o
                0x08012650                TIM_SelectInputTrigger
 .text.TIM_SelectOutputTrigger
                0x08012660       0x14 build/obj/stm32f4xx_tim.o
                0x08012660                TIM_SelectOutputTrigger
 *fill*         0x08012674        0xc 
 .text.TIM_SelectSlaveMode
                0x08012680       0x14 build/obj/stm32f4xx_tim.o
                0x08012680                TIM_SelectSlaveMode
 *fill*         0x08012694        0xc 
 .text.TIM_SelectMasterSlaveMode
                0x080126a0       0x14 build/obj/stm32f4xx_tim.o
                0x080126a0                TIM_SelectMasterSlaveMode
 *fill*         0x080126b4        0xc 
 .text.WWDG_SetPrescaler
                0x080126c0       0x14 build/obj/stm32f4xx_wwdg.o
                0x080126c0                WWDG_SetPrescaler
 *fill*         0x080126d4        0xc 
 .text.WWDG_SetWindowValue
                0x080126e0       0x28 build/obj/stm32f4xx_wwdg.o
                0x080126e0                WWDG_SetWindowValue
 *fill*         0x08012708        0x8 
 .text.WWDG_SetCounter
                0x08012710       0x10 build/obj/stm32f4xx_wwdg.o
                0x08012710                WWDG_SetCounter
 .text.WWDG_Enable
                0x08012720       0x10 build/obj/stm32f4xx_wwdg.o
                0x08012720                WWDG_Enable
 .text.startup.main
                0x08012730       0x10 build/obj/main.o
                0x08012730                main
 .text.cosf     0x08012740       0x78 c:/program files (x86)/gnu tools arm embedded/4.9 2015q3/bin/../lib/gcc/arm-none-eabi/4.9.3/../../../../arm-none-eabi/lib/armv7e-m/fpu\libm.a(lib_a-sf_cos.o)
                0x08012740                cosf
 *fill*         0x080127b8        0x8 
 .text.sinf     0x080127c0       0x7c c:/program files (x86)/gnu tools arm embedded/4.9 2015q3/bin/../lib/gcc/arm-none-eabi/4.9.3/../../../../arm-none-eabi/lib/armv7e-m/fpu\libm.a(lib_a-sf_sin.o)
                0x080127c0                sinf
 *fill*         0x0801283c        0x4 
 .text.sqrtf    0x08012840       0xb8 c:/program files (x86)/gnu tools arm embedded/4.9 2015q3/bin/../lib/gcc/arm-none-eabi/4.9.3/../../../../arm-none-eabi/lib/armv7e-m/fpu\libm.a(lib_a-wf_sqrt.o)
                0x08012840                sqrtf
 *fill*         0x080128f8        0x8 
 .text.__ieee754_rem_pio2f
                0x08012900      0x290 c:/program files (x86)/gnu tools arm embedded/4.9 2015q3/bin/../lib/gcc/arm-none-eabi/4.9.3/../../../../arm-none-eabi/lib/armv7e-m/fpu\libm.a(lib_a-ef_rem_pio2.o)
                0x08012900                __ieee754_rem_pio2f
 .text.__ieee754_sqrtf
                0x08012b90       0xa4 c:/program files (x86)/gnu tools arm embedded/4.9 2015q3/bin/../lib/gcc/arm-none-eabi/4.9.3/../../../../arm-none-eabi/lib/armv7e-m/fpu\libm.a(lib_a-ef_sqrt.o)
                0x08012b90                __ieee754_sqrtf
 *fill*         0x08012c34        0xc 
 .text.__kernel_cosf
                0x08012c40      0x104 c:/program files (x86)/gnu tools arm embedded/4.9 2015q3/bin/../lib/gcc/arm-none-eabi/4.9.3/../../../../arm-none-eabi/lib/armv7e-m/fpu\libm.a(lib_a-kf_cos.o)
                0x08012c40                __kernel_cosf
 *fill*         0x08012d44        0xc 
 .text.__kernel_rem_pio2f
                0x08012d50      0x5e4 c:/program files (x86)/gnu tools arm embedded/4.9 2015q3/bin/../lib/gcc/arm-none-eabi/4.9.3/../../../../arm-none-eabi/lib/armv7e-m/fpu\libm.a(lib_a-kf_rem_pio2.o)
                0x08012d50                __kernel_rem_pio2f
 *fill*         0x08013334        0xc 
 .text.__kernel_sinf
                0x08013340       0x90 c:/program files (x86)/gnu tools arm embedded/4.9 2015q3/bin/../lib/gcc/arm-none-eabi/4.9.3/../../../../arm-none-eabi/lib/armv7e-m/fpu\libm.a(lib_a-kf_sin.o)
                0x08013340                __kernel_sinf
 .text.matherr  0x080133d0        0x4 c:/program files (x86)/gnu tools arm embedded/4.9 2015q3/bin/../lib/gcc/arm-none-eabi/4.9.3/../../../../arm-none-eabi/lib/armv7e-m/fpu\libm.a(lib_a-s_matherr.o)
                0x080133d0                matherr
 *fill*         0x080133d4        0xc 
 .text.fabsf    0x080133e0       0x10 c:/program files (x86)/gnu tools arm embedded/4.9 2015q3/bin/../lib/gcc/arm-none-eabi/4.9.3/../../../../arm-none-eabi/lib/armv7e-m/fpu\libm.a(lib_a-sf_fabs.o)
                0x080133e0                fabsf
 .text.floorf   0x080133f0       0x90 c:/program files (x86)/gnu tools arm embedded/4.9 2015q3/bin/../lib/gcc/arm-none-eabi/4.9.3/../../../../arm-none-eabi/lib/armv7e-m/fpu\libm.a(lib_a-sf_floor.o)
                0x080133f0                floorf
 .text.__fpclassifyf
                0x08013480       0x38 c:/program files (x86)/gnu tools arm embedded/4.9 2015q3/bin/../lib/gcc/arm-none-eabi/4.9.3/../../../../arm-none-eabi/lib/armv7e-m/fpu\libm.a(lib_a-sf_fpclassify.o)
                0x08013480                __fpclassifyf
 *fill*         0x080134b8        0x8 
 .text.scalbnf  0x080134c0       0xd0 c:/program files (x86)/gnu tools arm embedded/4.9 2015q3/bin/../lib/gcc/arm-none-eabi/4.9.3/../../../../arm-none-eabi/lib/armv7e-m/fpu\libm.a(lib_a-sf_scalbn.o)
                0x080134c0                scalbnf
 .text.copysignf
                0x08013590       0x18 c:/program files (x86)/gnu tools arm embedded/4.9 2015q3/bin/../lib/gcc/arm-none-eabi/4.9.3/../../../../arm-none-eabi/lib/armv7e-m/fpu\libm.a(lib_a-sf_copysign.o)
                0x08013590                copysignf
 *fill*         0x080135a8        0x8 
 .text.__errno  0x080135b0        0xc c:/program files (x86)/gnu tools arm embedded/4.9 2015q3/bin/../lib/gcc/arm-none-eabi/4.9.3/../../../../arm-none-eabi/lib/armv7e-m/fpu\libg.a(lib_a-errno.o)
                0x080135b0                __errno
 *fill*         0x080135bc        0x4 
 .text.memset   0x080135c0       0x9c c:/program files (x86)/gnu tools arm embedded/4.9 2015q3/bin/../lib/gcc/arm-none-eabi/4.9.3/../../../../arm-none-eabi/lib/armv7e-m/fpu\libg.a(lib_a-memset.o)
                0x080135c0                memset
 *fill*         0x0801365c        0x4 
 .text._vsnprintf_r
                0x08013660       0x74 c:/program files (x86)/gnu tools arm embedded/4.9 2015q3/bin/../lib/gcc/arm-none-eabi/4.9.3/../../../../arm-none-eabi/lib/armv7e-m/fpu\libg.a(lib_a-vsnprintf.o)
                0x08013660                _vsnprintf_r
 *fill*         0x080136d4        0xc 
 .text.vsnprintf
                0x080136e0       0x20 c:/program files (x86)/gnu tools arm embedded/4.9 2015q3/bin/../lib/gcc/arm-none-eabi/4.9.3/../../../../arm-none-eabi/lib/armv7e-m/fpu\libg.a(lib_a-vsnprintf.o)
                0x080136e0                vsnprintf
 .text._svfprintf_r
                0x08013700     0x14cc c:/program files (x86)/gnu tools arm embedded/4.9 2015q3/bin/../lib/gcc/arm-none-eabi/4.9.3/../../../../arm-none-eabi/lib/armv7e-m/fpu\libg.a(lib_a-svfprintf.o)
                0x08013700                _svfprintf_r
 *fill*         0x08014bcc        0x4 
 .text.quorem   0x08014bd0      0x12c c:/program files (x86)/gnu tools arm embedded/4.9 2015q3/bin/../lib/gcc/arm-none-eabi/4.9.3/../../../../arm-none-eabi/lib/armv7e-m/fpu\libg.a(lib_a-dtoa.o)
 *fill*         0x08014cfc        0x4 
 .text._dtoa_r  0x08014d00      0xea4 c:/program files (x86)/gnu tools arm embedded/4.9 2015q3/bin/../lib/gcc/arm-none-eabi/4.9.3/../../../../arm-none-eabi/lib/armv7e-m/fpu\libg.a(lib_a-dtoa.o)
                0x08014d00                _dtoa_r
 *fill*         0x08015ba4        0xc 
 .text._localeconv_r
                0x08015bb0        0x8 c:/program files (x86)/gnu tools arm embedded/4.9 2015q3/bin/../lib/gcc/arm-none-eabi/4.9.3/../../../../arm-none-eabi/lib/armv7e-m/fpu\libg.a(lib_a-locale.o)
                0x08015bb0                _localeconv_r
 *fill*         0x08015bb8        0x8 
 .text._malloc_r
                0x08015bc0      0x524 c:/program files (x86)/gnu tools arm embedded/4.9 2015q3/bin/../lib/gcc/arm-none-eabi/4.9.3/../../../../arm-none-eabi/lib/armv7e-m/fpu\libg.a(lib_a-mallocr.o)
                0x08015bc0                _malloc_r
 *fill*         0x080160e4        0xc 
 .text.memchr   0x080160f0       0x94 c:/program files (x86)/gnu tools arm embedded/4.9 2015q3/bin/../lib/gcc/arm-none-eabi/4.9.3/../../../../arm-none-eabi/lib/armv7e-m/fpu\libg.a(lib_a-memchr.o)
                0x080160f0                memchr
 *fill*         0x08016184        0xc 
 .text.__malloc_lock
                0x08016190        0x4 c:/program files (x86)/gnu tools arm embedded/4.9 2015q3/bin/../lib/gcc/arm-none-eabi/4.9.3/../../../../arm-none-eabi/lib/armv7e-m/fpu\libg.a(lib_a-mlock.o)
                0x08016190                __malloc_lock
 *fill*         0x08016194        0xc 
 .text.__malloc_unlock
                0x080161a0        0x4 c:/program files (x86)/gnu tools arm embedded/4.9 2015q3/bin/../lib/gcc/arm-none-eabi/4.9.3/../../../../arm-none-eabi/lib/armv7e-m/fpu\libg.a(lib_a-mlock.o)
                0x080161a0                __malloc_unlock
 *fill*         0x080161a4        0xc 
 .text._Balloc  0x080161b0       0x4c c:/program files (x86)/gnu tools arm embedded/4.9 2015q3/bin/../lib/gcc/arm-none-eabi/4.9.3/../../../../arm-none-eabi/lib/armv7e-m/fpu\libg.a(lib_a-mprec.o)
                0x080161b0                _Balloc
 *fill*         0x080161fc        0x4 
 .text._Bfree   0x08016200       0x14 c:/program files (x86)/gnu tools arm embedded/4.9 2015q3/bin/../lib/gcc/arm-none-eabi/4.9.3/../../../../arm-none-eabi/lib/armv7e-m/fpu\libg.a(lib_a-mprec.o)
                0x08016200                _Bfree
 *fill*         0x08016214        0xc 
 .text.__multadd
                0x08016220       0x84 c:/program files (x86)/gnu tools arm embedded/4.9 2015q3/bin/../lib/gcc/arm-none-eabi/4.9.3/../../../../arm-none-eabi/lib/armv7e-m/fpu\libg.a(lib_a-mprec.o)
                0x08016220                __multadd
 *fill*         0x080162a4        0xc 
 .text.__hi0bits
                0x080162b0       0x40 c:/program files (x86)/gnu tools arm embedded/4.9 2015q3/bin/../lib/gcc/arm-none-eabi/4.9.3/../../../../arm-none-eabi/lib/armv7e-m/fpu\libg.a(lib_a-mprec.o)
                0x080162b0                __hi0bits
 .text.__lo0bits
                0x080162f0       0x5c c:/program files (x86)/gnu tools arm embedded/4.9 2015q3/bin/../lib/gcc/arm-none-eabi/4.9.3/../../../../arm-none-eabi/lib/armv7e-m/fpu\libg.a(lib_a-mprec.o)
                0x080162f0                __lo0bits
 *fill*         0x0801634c        0x4 
 .text.__i2b    0x08016350       0x14 c:/program files (x86)/gnu tools arm embedded/4.9 2015q3/bin/../lib/gcc/arm-none-eabi/4.9.3/../../../../arm-none-eabi/lib/armv7e-m/fpu\libg.a(lib_a-mprec.o)
                0x08016350                __i2b
 *fill*         0x08016364        0xc 
 .text.__multiply
                0x08016370      0x134 c:/program files (x86)/gnu tools arm embedded/4.9 2015q3/bin/../lib/gcc/arm-none-eabi/4.9.3/../../../../arm-none-eabi/lib/armv7e-m/fpu\libg.a(lib_a-mprec.o)
                0x08016370                __multiply
 *fill*         0x080164a4        0xc 
 .text.__pow5mult
                0x080164b0       0xa0 c:/program files (x86)/gnu tools arm embedded/4.9 2015q3/bin/../lib/gcc/arm-none-eabi/4.9.3/../../../../arm-none-eabi/lib/armv7e-m/fpu\libg.a(lib_a-mprec.o)
                0x080164b0                __pow5mult
 .text.__lshift
                0x08016550       0xac c:/program files (x86)/gnu tools arm embedded/4.9 2015q3/bin/../lib/gcc/arm-none-eabi/4.9.3/../../../../arm-none-eabi/lib/armv7e-m/fpu\libg.a(lib_a-mprec.o)
                0x08016550                __lshift
 *fill*         0x080165fc        0x4 
 .text.__mcmp   0x08016600       0x48 c:/program files (x86)/gnu tools arm embedded/4.9 2015q3/bin/../lib/gcc/arm-none-eabi/4.9.3/../../../../arm-none-eabi/lib/armv7e-m/fpu\libg.a(lib_a-mprec.o)
                0x08016600                __mcmp
 *fill*         0x08016648        0x8 
 .text.__mdiff  0x08016650       0xd4 c:/program files (x86)/gnu tools arm embedded/4.9 2015q3/bin/../lib/gcc/arm-none-eabi/4.9.3/../../../../arm-none-eabi/lib/armv7e-m/fpu\libg.a(lib_a-mprec.o)
                0x08016650                __mdiff
 *fill*         0x08016724        0xc 
 .text.__d2b    0x08016730       0xbc c:/program files (x86)/gnu tools arm embedded/4.9 2015q3/bin/../lib/gcc/arm-none-eabi/4.9.3/../../../../arm-none-eabi/lib/armv7e-m/fpu\libg.a(lib_a-mprec.o)
                0x08016730                __d2b
 *fill*         0x080167ec        0x4 
 .text.__fpclassifyd
                0x080167f0       0x5c c:/program files (x86)/gnu tools arm embedded/4.9 2015q3/bin/../lib/gcc/arm-none-eabi/4.9.3/../../../../arm-none-eabi/lib/armv7e-m/fpu\libg.a(lib_a-s_fpclassify.o)
                0x080167f0                __fpclassifyd
 *fill*         0x0801684c        0x4 
 .text.strlen   0x08016850       0x5c c:/program files (x86)/gnu tools arm embedded/4.9 2015q3/bin/../lib/gcc/arm-none-eabi/4.9.3/../../../../arm-none-eabi/lib/armv7e-m/fpu\libg.a(lib_a-strlen.o)
                0x08016850                strlen
 *fill*         0x080168ac        0x4 
 .text.__ssprint_r
                0x080168b0      0x104 c:/program files (x86)/gnu tools arm embedded/4.9 2015q3/bin/../lib/gcc/arm-none-eabi/4.9.3/../../../../arm-none-eabi/lib/armv7e-m/fpu\libg.a(lib_a-svfiprintf.o)
                0x080168b0                __ssprint_r
 *fill*         0x080169b4        0xc 
 .text._calloc_r
                0x080169c0       0x60 c:/program files (x86)/gnu tools arm embedded/4.9 2015q3/bin/../lib/gcc/arm-none-eabi/4.9.3/../../../../arm-none-eabi/lib/armv7e-m/fpu\libg.a(lib_a-callocr.o)
                0x080169c0                _calloc_r
 .text._malloc_trim_r
                0x08016a20       0x9c c:/program files (x86)/gnu tools arm embedded/4.9 2015q3/bin/../lib/gcc/arm-none-eabi/4.9.3/../../../../arm-none-eabi/lib/armv7e-m/fpu\libg.a(lib_a-freer.o)
                0x08016a20                _malloc_trim_r
 *fill*         0x08016abc        0x4 
 .text._free_r  0x08016ac0      0x1b0 c:/program files (x86)/gnu tools arm embedded/4.9 2015q3/bin/../lib/gcc/arm-none-eabi/4.9.3/../../../../arm-none-eabi/lib/armv7e-m/fpu\libg.a(lib_a-freer.o)
                0x08016ac0                _free_r
 .text.memmove  0x08016c70       0xc8 c:/program files (x86)/gnu tools arm embedded/4.9 2015q3/bin/../lib/gcc/arm-none-eabi/4.9.3/../../../../arm-none-eabi/lib/armv7e-m/fpu\libg.a(lib_a-memmove.o)
                0x08016c70                memmove
 *fill*         0x08016d38        0x8 
 .text._realloc_r
                0x08016d40      0x3ec c:/program files (x86)/gnu tools arm embedded/4.9 2015q3/bin/../lib/gcc/arm-none-eabi/4.9.3/../../../../arm-none-eabi/lib/armv7e-m/fpu\libg.a(lib_a-reallocr.o)
                0x08016d40                _realloc_r
 *(.rodata)
 *(.rodata.*)
 *fill*         0x0801712c        0x4 
 .rodata.str1.4
                0x08017130        0x5 build/obj/chsys.o
 *fill*         0x08017135        0xb 
 .rodata.ch_debug
                0x08017140       0x16 build/obj/chregistry.o
                0x08017140                ch_debug
 *fill*         0x08017156        0xa 
 .rodata.vmt    0x08017160       0x20 build/obj/serial_usb.o
 .rodata.zero_status
                0x08017180        0x2 build/obj/usb.o
 *fill*         0x08017182        0xe 
 .rodata.active_status
                0x08017190        0x2 build/obj/usb.o
 *fill*         0x08017192        0xe 
 .rodata.halted_status
                0x080171a0        0x2 build/obj/usb.o
 *fill*         0x080171a2        0xe 
 .rodata._stm32_dma_streams
                0x080171b0       0xc0 build/obj/stm32_dma.o
                0x080171b0                _stm32_dma_streams
 .rodata.fsparams
                0x08017270        0xc build/obj/usb_lld.o
 *fill*         0x0801727c        0x4 
 .rodata.str1.4
                0x08017280        0xd build/obj/usb_lld.o
 *fill*         0x0801728d        0x3 
 .rodata.ep0config
                0x08017290       0x24 build/obj/usb_lld.o
 *fill*         0x080172b4        0xc 
 .rodata.pal_default_config
                0x080172c0       0xfc build/obj/board.o
                0x080172c0                pal_default_config
 *fill*         0x080173bc        0x4 
 .rodata.str1.4
                0x080173c0       0x2e build/obj/bldc.o
 *fill*         0x080173ee        0x2 
 .rodata.str1.4
                0x080173f0        0xc build/obj/mcpwm.o
 *fill*         0x080173fc        0x4 
 .rodata.ep1config
                0x08017400       0x24 build/obj/usb_uart.o
 *fill*         0x08017424        0xc 
 .rodata.vcom_configuration_descriptor
                0x08017430        0x8 build/obj/usb_uart.o
 *fill*         0x08017438        0x8 
 .rodata.ep2config
                0x08017440       0x24 build/obj/usb_uart.o
 *fill*         0x08017464        0xc 
 .rodata.usbcfg
                0x08017470       0x10 build/obj/usb_uart.o
 .rodata.vcom_configuration_descriptor_data
                0x08017480       0x43 build/obj/usb_uart.o
 *fill*         0x080174c3        0xd 
 .rodata.vcom_device_descriptor_data
                0x080174d0       0x12 build/obj/usb_uart.o
 *fill*         0x080174e2        0xe 
 .rodata.vcom_string0
                0x080174f0        0x4 build/obj/usb_uart.o
 *fill*         0x080174f4        0xc 
 .rodata.vcom_string1
                0x08017500       0x26 build/obj/usb_uart.o
 *fill*         0x08017526        0xa 
 .rodata.vcom_string2
                0x08017530       0x38 build/obj/usb_uart.o
 *fill*         0x08017568        0x8 
 .rodata.vcom_string3
                0x08017570        0x8 build/obj/usb_uart.o
 *fill*         0x08017578        0x8 
 .rodata.vcom_strings
                0x08017580       0x20 build/obj/usb_uart.o
 .rodata.serusbcfg
                0x080175a0        0x8 build/obj/usb_uart.o
                0x080175a0                serusbcfg
 *fill*         0x080175a8        0x8 
 .rodata.vcom_device_descriptor
                0x080175b0        0x8 build/obj/usb_uart.o
 *fill*         0x080175b8        0x8 
 .rodata.flash_sector
                0x080175c0       0x18 build/obj/flash_helper.o
 *fill*         0x080175d8        0x8 
 .rodata.flash_addr
                0x080175e0       0x30 build/obj/flash_helper.o
 .rodata.str1.4
                0x08017610        0x6 c:/program files (x86)/gnu tools arm embedded/4.9 2015q3/bin/../lib/gcc/arm-none-eabi/4.9.3/../../../../arm-none-eabi/lib/armv7e-m/fpu\libm.a(lib_a-wf_sqrt.o)
 *fill*         0x08017616        0xa 
 .rodata.npio2_hw
                0x08017620       0x80 c:/program files (x86)/gnu tools arm embedded/4.9 2015q3/bin/../lib/gcc/arm-none-eabi/4.9.3/../../../../arm-none-eabi/lib/armv7e-m/fpu\libm.a(lib_a-ef_rem_pio2.o)
 .rodata.two_over_pi
                0x080176a0      0x318 c:/program files (x86)/gnu tools arm embedded/4.9 2015q3/bin/../lib/gcc/arm-none-eabi/4.9.3/../../../../arm-none-eabi/lib/armv7e-m/fpu\libm.a(lib_a-ef_rem_pio2.o)
 *fill*         0x080179b8        0x8 
 .rodata.init_jk
                0x080179c0        0xc c:/program files (x86)/gnu tools arm embedded/4.9 2015q3/bin/../lib/gcc/arm-none-eabi/4.9.3/../../../../arm-none-eabi/lib/armv7e-m/fpu\libm.a(lib_a-kf_rem_pio2.o)
 *fill*         0x080179cc        0x4 
 .rodata.PIo2   0x080179d0       0x2c c:/program files (x86)/gnu tools arm embedded/4.9 2015q3/bin/../lib/gcc/arm-none-eabi/4.9.3/../../../../arm-none-eabi/lib/armv7e-m/fpu\libm.a(lib_a-kf_rem_pio2.o)
 *fill*         0x080179fc        0x4 
 .rodata.str1.4
                0x08017a00        0x2 c:/program files (x86)/gnu tools arm embedded/4.9 2015q3/bin/../lib/gcc/arm-none-eabi/4.9.3/../../../../arm-none-eabi/lib/armv7e-m/fpu\libg.a(lib_a-impure.o)
 *fill*         0x08017a02        0xe 
 .rodata.zeroes.6911
                0x08017a10       0x10 c:/program files (x86)/gnu tools arm embedded/4.9 2015q3/bin/../lib/gcc/arm-none-eabi/4.9.3/../../../../arm-none-eabi/lib/armv7e-m/fpu\libg.a(lib_a-svfprintf.o)
 .rodata.blanks.6910
                0x08017a20       0x10 c:/program files (x86)/gnu tools arm embedded/4.9 2015q3/bin/../lib/gcc/arm-none-eabi/4.9.3/../../../../arm-none-eabi/lib/armv7e-m/fpu\libg.a(lib_a-svfprintf.o)
 .rodata.str1.4
                0x08017a30       0x42 c:/program files (x86)/gnu tools arm embedded/4.9 2015q3/bin/../lib/gcc/arm-none-eabi/4.9.3/../../../../arm-none-eabi/lib/armv7e-m/fpu\libg.a(lib_a-svfprintf.o)
 *fill*         0x08017a72        0xe 
 .rodata.str1.4
                0x08017a80       0x10 c:/program files (x86)/gnu tools arm embedded/4.9 2015q3/bin/../lib/gcc/arm-none-eabi/4.9.3/../../../../arm-none-eabi/lib/armv7e-m/fpu\libg.a(lib_a-dtoa.o)
                                 0x12 (size before relaxing)
 .rodata.str1.4
                0x08017a90        0xc c:/program files (x86)/gnu tools arm embedded/4.9 2015q3/bin/../lib/gcc/arm-none-eabi/4.9.3/../../../../arm-none-eabi/lib/armv7e-m/fpu\libg.a(lib_a-locale.o)
                                 0x12 (size before relaxing)
 *fill*         0x08017a9c        0x4 
 .rodata.__mprec_tens
                0x08017aa0       0xc8 c:/program files (x86)/gnu tools arm embedded/4.9 2015q3/bin/../lib/gcc/arm-none-eabi/4.9.3/../../../../arm-none-eabi/lib/armv7e-m/fpu\libg.a(lib_a-mprec.o)
                0x08017aa0                __mprec_tens
 *fill*         0x08017b68        0x8 
 .rodata.p05.5302
                0x08017b70        0xc c:/program files (x86)/gnu tools arm embedded/4.9 2015q3/bin/../lib/gcc/arm-none-eabi/4.9.3/../../../../arm-none-eabi/lib/armv7e-m/fpu\libg.a(lib_a-mprec.o)
 *fill*         0x08017b7c        0x4 
 .rodata.__mprec_bigtens
                0x08017b80       0x28 c:/program files (x86)/gnu tools arm embedded/4.9 2015q3/bin/../lib/gcc/arm-none-eabi/4.9.3/../../../../arm-none-eabi/lib/armv7e-m/fpu\libg.a(lib_a-mprec.o)
                0x08017b80                __mprec_bigtens
 *(.glue_7t)
 .glue_7t       0x00000000        0x0 linker stubs
 *(.glue_7)
 .glue_7        0x00000000        0x0 linker stubs
 *(.gcc*)

.vfp11_veneer   0x08017ba8        0x0
 .vfp11_veneer  0x00000000        0x0 linker stubs

.v4_bx          0x08017ba8        0x0
 .v4_bx         0x00000000        0x0 linker stubs

.iplt           0x08017ba8        0x0
 .iplt          0x00000000        0x0 build/obj/crt0_v7m.o

.ARM.extab
 *(.ARM.extab* .gnu.linkonce.armextab.*)

.ARM.exidx      0x08017ba8        0x8
                0x08017ba8                PROVIDE (__exidx_start, .)
 *(.ARM.exidx* .gnu.linkonce.armexidx.*)
 .ARM.exidx     0x08017ba8        0x8 c:/program files (x86)/gnu tools arm embedded/4.9 2015q3/bin/../lib/gcc/arm-none-eabi/4.9.3/armv7e-m/fpu\libgcc.a(_divdi3.o)
 .ARM.exidx     0x08017bb0        0x0 c:/program files (x86)/gnu tools arm embedded/4.9 2015q3/bin/../lib/gcc/arm-none-eabi/4.9.3/armv7e-m/fpu\libgcc.a(_udivdi3.o)
                                  0x8 (size before relaxing)
                0x08017bb0                PROVIDE (__exidx_end, .)

.rel.dyn        0x08017bb0        0x0
 .rel.iplt      0x00000000        0x0 build/obj/crt0_v7m.o

.eh_frame_hdr
 *(.eh_frame_hdr)

.eh_frame
 *(.eh_frame)

.textalign      0x08017bb0        0x0
                0x08017bb0                . = ALIGN (0x8)
                0x08017bb0                . = ALIGN (0x4)
                0x08017bb0                _etext = .
                0x08017bb0                _textdata = _etext

.mstack         0x20000000      0x400
                0x20000000                . = ALIGN (0x8)
                0x20000000                __main_stack_base__ = .
                0x20000400                . = (. + __main_stack_size__)
 *fill*         0x20000000      0x400 
                0x20000400                . = ALIGN (0x8)
                0x20000400                __main_stack_end__ = .

.pstack         0x20000400      0x400
                0x20000400                __process_stack_base__ = .
                0x20000400                __main_thread_stack_base__ = .
                0x20000800                . = (. + __process_stack_size__)
 *fill*         0x20000400      0x400 
                0x20000800                . = ALIGN (0x8)
                0x20000800                __process_stack_end__ = .
                0x20000800                __main_thread_stack_end__ = .

.data           0x20000800      0x88c load address 0x08017bb0
                0x20000800                . = ALIGN (0x4)
                0x20000800                PROVIDE (_data, .)
 *(.data)
 *(.data.*)
 .data.linecoding
                0x20000800        0x7 build/obj/serial_usb.o
 *fill*         0x20000807        0x1 
 .data.qVelRef  0x20000808        0x4 build/obj/bldc.o
                0x20000808                qVelRef
 .data.switching_frequency_now
                0x2000080c        0x4 build/obj/mcpwm.o
                0x2000080c                switching_frequency_now
 .data.__fdlib_version
                0x20000810        0x1 c:/program files (x86)/gnu tools arm embedded/4.9 2015q3/bin/../lib/gcc/arm-none-eabi/4.9.3/../../../../arm-none-eabi/lib/armv7e-m/fpu\libm.a(lib_a-s_lib_ver.o)
                0x20000810                __fdlib_version
 *fill*         0x20000811        0x7 
 .data.impure_data
                0x20000818      0x428 c:/program files (x86)/gnu tools arm embedded/4.9 2015q3/bin/../lib/gcc/arm-none-eabi/4.9.3/../../../../arm-none-eabi/lib/armv7e-m/fpu\libg.a(lib_a-impure.o)
 .data._impure_ptr
                0x20000c40        0x4 c:/program files (x86)/gnu tools arm embedded/4.9 2015q3/bin/../lib/gcc/arm-none-eabi/4.9.3/../../../../arm-none-eabi/lib/armv7e-m/fpu\libg.a(lib_a-impure.o)
                0x20000c40                _impure_ptr
 .data.lconv    0x20000c44       0x38 c:/program files (x86)/gnu tools arm embedded/4.9 2015q3/bin/../lib/gcc/arm-none-eabi/4.9.3/../../../../arm-none-eabi/lib/armv7e-m/fpu\libg.a(lib_a-locale.o)
 .data.__malloc_av_
                0x20000c7c      0x408 c:/program files (x86)/gnu tools arm embedded/4.9 2015q3/bin/../lib/gcc/arm-none-eabi/4.9.3/../../../../arm-none-eabi/lib/armv7e-m/fpu\libg.a(lib_a-mallocr.o)
                0x20000c7c                __malloc_av_
 .data.__malloc_trim_threshold
                0x20001084        0x4 c:/program files (x86)/gnu tools arm embedded/4.9 2015q3/bin/../lib/gcc/arm-none-eabi/4.9.3/../../../../arm-none-eabi/lib/armv7e-m/fpu\libg.a(lib_a-mallocr.o)
                0x20001084                __malloc_trim_threshold
 .data.__malloc_sbrk_base
                0x20001088        0x4 c:/program files (x86)/gnu tools arm embedded/4.9 2015q3/bin/../lib/gcc/arm-none-eabi/4.9.3/../../../../arm-none-eabi/lib/armv7e-m/fpu\libg.a(lib_a-mallocr.o)
                0x20001088                __malloc_sbrk_base
 *(.ramtext)
                0x2000108c                . = ALIGN (0x4)
                0x2000108c                PROVIDE (_edata, .)

.igot.plt       0x2000108c        0x0 load address 0x0801843c
 .igot.plt      0x00000000        0x0 build/obj/crt0_v7m.o

.bss            0x20001090     0x1eb4 load address 0x0801843c
                0x20001090                . = ALIGN (0x4)
                0x20001090                PROVIDE (_bss_start, .)
 *(.bss)
 *(.bss.*)
 .bss.ch        0x20001090      0x258 build/obj/chschd.o
                0x20001090                ch
 .bss.endmem    0x200012e8        0x4 build/obj/chmemcore.o
 .bss.nextmem   0x200012ec        0x4 build/obj/chmemcore.o
 .bss.default_heap
                0x200012f0       0x20 build/obj/chheap.o
 .bss.dma_isr_redir
                0x20001310       0x80 build/obj/stm32_dma.o
 .bss.dma_streams_mask
                0x20001390        0x4 build/obj/stm32_dma.o
 .bss.CAND1     0x20001394       0x30 build/obj/can_lld.o
                0x20001394                CAND1
 .bss.I2CD2     0x200013c4       0x38 build/obj/i2c_lld.o
                0x200013c4                I2CD2
 *fill*         0x200013fc        0x4 
 .bss.USBD1     0x20001400      0x280 build/obj/usb_lld.o
                0x20001400                USBD1
 .bss.ep0_state
                0x20001680       0x14 build/obj/usb_lld.o
 .bss.ep0setup_buffer
                0x20001694        0x8 build/obj/usb_lld.o
 .bss.ICUD3     0x2000169c       0x18 build/obj/icu_lld.o
                0x2000169c                ICUD3
 .bss.UARTD3    0x200016b4       0x1c build/obj/uart_lld.o
                0x200016b4                UARTD3
 .bss.UARTD6    0x200016d0       0x1c build/obj/uart_lld.o
                0x200016d0                UARTD6
 .bss.Ch        0x200016ec        0x1 build/obj/bldc.o
                0x200016ec                Ch
 *fill*         0x200016ed        0x3 
 .bss.dbg_fMea  0x200016f0        0x4 build/obj/bldc.o
                0x200016f0                dbg_fMea
 *fill*         0x200016f4        0x4 
 .bss.uart_thread_wa
                0x200016f8      0x218 build/obj/bldc.o
 .bss.periodic_thread_wa
                0x20001910      0x598 build/obj/bldc.o
 .bss.curr0_offset
                0x20001ea8        0x4 build/obj/mcpwm.o
 .bss.ADC_Value
                0x20001eac       0x18 build/obj/mcpwm.o
                0x20001eac                ADC_Value
 .bss.CtrlParm  0x20001ec4        0xc build/obj/mcpwm.o
                0x20001ec4                CtrlParm
 .bss.PIParmD   0x20001ed0       0x24 build/obj/mcpwm.o
                0x20001ed0                PIParmD
 .bss.curr1_sum
                0x20001ef4        0x4 build/obj/mcpwm.o
 .bss.PIParmW   0x20001ef8       0x24 build/obj/mcpwm.o
                0x20001ef8                PIParmW
 *fill*         0x20001f1c        0x4 
 .bss.SEQUENCE_thread_wa
                0x20001f20      0x998 build/obj/mcpwm.o
 .bss.PIParmQ   0x200028b8       0x24 build/obj/mcpwm.o
                0x200028b8                PIParmQ
 .bss.uGF       0x200028dc        0x4 build/obj/mcpwm.o
                0x200028dc                uGF
 .bss.curr_start_samples
                0x200028e0        0x4 build/obj/mcpwm.o
 .bss.Hall_CosSin
                0x200028e4        0x4 build/obj/mcpwm.o
                0x200028e4                Hall_CosSin
 .bss.dccal_done
                0x200028e8        0x1 build/obj/mcpwm.o
 *fill*         0x200028e9        0x3 
 .bss.Hall_Err0
                0x200028ec        0x4 build/obj/mcpwm.o
 .bss.Hall_SinCos
                0x200028f0        0x4 build/obj/mcpwm.o
                0x200028f0                Hall_SinCos
 .bss.PIParmPLL
                0x200028f4       0x24 build/obj/mcpwm.o
                0x200028f4                PIParmPLL
 .bss.sinth     0x20002918        0x4 build/obj/mcpwm.o
                0x20002918                sinth
 .bss.qVdSquared
                0x2000291c        0x4 build/obj/mcpwm.o
 .bss.DCbus     0x20002920        0x4 build/obj/mcpwm.o
 .bss.TargetDCbus
                0x20002924        0x4 build/obj/mcpwm.o
 .bss.AccumThetaCnt
                0x20002928        0x2 build/obj/mcpwm.o
                0x20002928                AccumThetaCnt
 *fill*         0x2000292a        0x2 
 .bss.Theta     0x2000292c        0x4 build/obj/mcpwm.o
 .bss.smc1      0x20002930       0x64 build/obj/mcpwm.o
                0x20002930                smc1
 .bss.ParkParm  0x20002994       0x40 build/obj/mcpwm.o
                0x20002994                ParkParm
 .bss.costh     0x200029d4        0x4 build/obj/mcpwm.o
                0x200029d4                costh
 .bss.SVGenParm
                0x200029d8       0x24 build/obj/mcpwm.o
                0x200029d8                SVGenParm
 .bss.curr1_offset
                0x200029fc        0x4 build/obj/mcpwm.o
 .bss.curr0_sum
                0x20002a00        0x4 build/obj/mcpwm.o
 .bss.Hall_PIout
                0x20002a04        0x4 build/obj/mcpwm.o
 .bss.fault_now
                0x20002a08        0x1 build/obj/mcpwm.o
 *fill*         0x20002a09        0x3 
 .bss.HallPLLA  0x20002a0c        0x4 build/obj/mcpwm.o
                0x20002a0c                HallPLLA
 .bss.HallPLLB  0x20002a10        0x4 build/obj/mcpwm.o
                0x20002a10                HallPLLB
 .bss.MeasCurrParm
                0x20002a14       0x10 build/obj/mcpwm.o
 .bss.print_buffer.9327
                0x20002a24       0xff build/obj/usb_uart.o
 *fill*         0x20002b23        0x1 
 .bss.ep2instate
                0x20002b24       0x14 build/obj/usb_uart.o
 .bss.SDU1      0x20002b38      0x258 build/obj/usb_uart.o
                0x20002b38                SDU1
 .bss.ep1instate
                0x20002d90       0x14 build/obj/usb_uart.o
 .bss.ep1outstate
                0x20002da4       0x14 build/obj/usb_uart.o
 .bss.send_mutex
                0x20002db8       0x10 build/obj/comm_usb.o
 .bss.sys_lock_cnt
                0x20002dc8        0x4 build/obj/utils.o
 .bss.VirtAddVarTab
                0x20002dcc      0x140 build/obj/conf_general.o
                0x20002dcc                VirtAddVarTab
 .bss.DataVar   0x20002f0c        0x2 build/obj/eeprom.o
                0x20002f0c                DataVar
 *fill*         0x20002f0e        0x2 
 .bss.__malloc_max_total_mem
                0x20002f10        0x4 c:/program files (x86)/gnu tools arm embedded/4.9 2015q3/bin/../lib/gcc/arm-none-eabi/4.9.3/../../../../arm-none-eabi/lib/armv7e-m/fpu\libg.a(lib_a-mallocr.o)
                0x20002f10                __malloc_max_total_mem
 .bss.__malloc_max_sbrked_mem
                0x20002f14        0x4 c:/program files (x86)/gnu tools arm embedded/4.9 2015q3/bin/../lib/gcc/arm-none-eabi/4.9.3/../../../../arm-none-eabi/lib/armv7e-m/fpu\libg.a(lib_a-mallocr.o)
                0x20002f14                __malloc_max_sbrked_mem
 .bss.__malloc_top_pad
                0x20002f18        0x4 c:/program files (x86)/gnu tools arm embedded/4.9 2015q3/bin/../lib/gcc/arm-none-eabi/4.9.3/../../../../arm-none-eabi/lib/armv7e-m/fpu\libg.a(lib_a-mallocr.o)
                0x20002f18                __malloc_top_pad
 .bss.__malloc_current_mallinfo
                0x20002f1c       0x28 c:/program files (x86)/gnu tools arm embedded/4.9 2015q3/bin/../lib/gcc/arm-none-eabi/4.9.3/../../../../arm-none-eabi/lib/armv7e-m/fpu\libg.a(lib_a-mallocr.o)
                0x20002f1c                __malloc_current_mallinfo
 *(COMMON)
                0x20002f44                . = ALIGN (0x4)
                0x20002f44                PROVIDE (_bss_end, .)
                0x20002f44                PROVIDE (end, .)

.ram0           0x20002f44        0x0 load address 0x0801843c
                0x20002f44                . = ALIGN (0x4)
 *(.ram0)
 *(.ram0.*)
                0x20002f44                . = ALIGN (0x4)
                0x20002f44                __ram0_free__ = .

.ram1           0x20000000        0x0
                0x20000000                . = ALIGN (0x4)
 *(.ram1)
 *(.ram1.*)
                0x20000000                . = ALIGN (0x4)
                0x20000000                __ram1_free__ = .

.ram2           0x2001c000        0x0
                0x2001c000                . = ALIGN (0x4)
 *(.ram2)
 *(.ram2.*)
                0x2001c000                . = ALIGN (0x4)
                0x2001c000                __ram2_free__ = .

.ram3           0x00000000        0x0
                0x00000000                . = ALIGN (0x4)
 *(.ram3)
 *(.ram3.*)
                0x00000000                . = ALIGN (0x4)
                0x00000000                __ram3_free__ = .

.ram4           0x10000000        0x0
                0x10000000                . = ALIGN (0x4)
 *(.ram4)
 *(.ram4.*)
                0x10000000                . = ALIGN (0x4)
                0x10000000                __ram4_free__ = .

.ram5           0x40024000        0x0
                0x40024000                . = ALIGN (0x4)
 *(.ram5)
 *(.ram5.*)
                0x40024000                . = ALIGN (0x4)
                0x40024000                __ram5_free__ = .

.ram6           0x00000000        0x0
                0x00000000                . = ALIGN (0x4)
 *(.ram6)
 *(.ram6.*)
                0x00000000                . = ALIGN (0x4)
                0x00000000                __ram6_free__ = .

.ram7           0x00000000        0x0
                0x00000000                . = ALIGN (0x4)
 *(.ram7)
 *(.ram7.*)
                0x00000000                . = ALIGN (0x4)
                0x00000000                __ram7_free__ = .
                0x20002f44                __heap_base__ = __ram0_free__
                0x20020000                __heap_end__ = __ram0_end__
                0x00000400                __process_stack_size__ = 0x400
                0x00000400                __main_stack_size__ = 0x400
LOAD c:/program files (x86)/gnu tools arm embedded/4.9 2015q3/bin/../lib/gcc/arm-none-eabi/4.9.3/../../../../arm-none-eabi/lib/armv7e-m/fpu\libstdc++.a
LOAD c:/program files (x86)/gnu tools arm embedded/4.9 2015q3/bin/../lib/gcc/arm-none-eabi/4.9.3/../../../../arm-none-eabi/lib/armv7e-m/fpu\libm.a
START GROUP
LOAD c:/program files (x86)/gnu tools arm embedded/4.9 2015q3/bin/../lib/gcc/arm-none-eabi/4.9.3/armv7e-m/fpu\libgcc.a
LOAD c:/program files (x86)/gnu tools arm embedded/4.9 2015q3/bin/../lib/gcc/arm-none-eabi/4.9.3/../../../../arm-none-eabi/lib/armv7e-m/fpu\libg.a
LOAD c:/program files (x86)/gnu tools arm embedded/4.9 2015q3/bin/../lib/gcc/arm-none-eabi/4.9.3/../../../../arm-none-eabi/lib/armv7e-m/fpu\libc.a
END GROUP
OUTPUT(build/oroca_bldc.elf elf32-littlearm)

.ARM.attributes
                0x00000000       0x35
 .ARM.attributes
                0x00000000       0x25 build/obj/crt0_v7m.o
 .ARM.attributes
                0x00000025       0x25 build/obj/chcoreasm_v7m.o
 .ARM.attributes
                0x0000004a       0x39 build/obj/crt1.o
 .ARM.attributes
                0x00000083       0x39 build/obj/vectors.o
 .ARM.attributes
                0x000000bc       0x39 build/obj/chsys.o
 .ARM.attributes
                0x000000f5       0x39 build/obj/chvt.o
 .ARM.attributes
                0x0000012e       0x39 build/obj/chschd.o
 .ARM.attributes
                0x00000167       0x39 build/obj/chthreads.o
 .ARM.attributes
                0x000001a0       0x39 build/obj/chtm.o
 .ARM.attributes
                0x000001d9       0x39 build/obj/chregistry.o
 .ARM.attributes
                0x00000212       0x39 build/obj/chmtx.o
 .ARM.attributes
                0x0000024b       0x39 build/obj/chevents.o
 .ARM.attributes
                0x00000284       0x39 build/obj/chqueues.o
 .ARM.attributes
                0x000002bd       0x39 build/obj/chmemcore.o
 .ARM.attributes
                0x000002f6       0x39 build/obj/chheap.o
 .ARM.attributes
                0x0000032f       0x39 build/obj/chcore_v7m.o
 .ARM.attributes
                0x00000368       0x39 build/obj/hal.o
 .ARM.attributes
                0x000003a1       0x39 build/obj/can.o
 .ARM.attributes
                0x000003da       0x39 build/obj/i2c.o
 .ARM.attributes
                0x00000413       0x39 build/obj/icu.o
 .ARM.attributes
                0x0000044c       0x39 build/obj/serial_usb.o
 .ARM.attributes
                0x00000485       0x39 build/obj/st.o
 .ARM.attributes
                0x000004be       0x39 build/obj/uart.o
 .ARM.attributes
                0x000004f7       0x39 build/obj/usb.o
 .ARM.attributes
                0x00000530       0x39 build/obj/nvic.o
 .ARM.attributes
                0x00000569       0x39 build/obj/stm32_dma.o
 .ARM.attributes
                0x000005a2       0x39 build/obj/hal_lld.o
 .ARM.attributes
                0x000005db       0x39 build/obj/can_lld.o
 .ARM.attributes
                0x00000614       0x39 build/obj/pal_lld.o
 .ARM.attributes
                0x0000064d       0x39 build/obj/i2c_lld.o
 .ARM.attributes
                0x00000686       0x39 build/obj/usb_lld.o
 .ARM.attributes
                0x000006bf       0x39 build/obj/icu_lld.o
 .ARM.attributes
                0x000006f8       0x39 build/obj/st_lld.o
 .ARM.attributes
                0x00000731       0x39 build/obj/uart_lld.o
 .ARM.attributes
                0x0000076a       0x39 build/obj/board.o
 .ARM.attributes
                0x000007a3       0x39 build/obj/syscalls.o
 .ARM.attributes
                0x000007dc       0x39 build/obj/bldc.o
 .ARM.attributes
                0x00000815       0x39 build/obj/mcpwm.o
 .ARM.attributes
                0x0000084e       0x39 build/obj/usb_uart.o
 .ARM.attributes
                0x00000887       0x39 build/obj/irq_handlers.o
 .ARM.attributes
                0x000008c0       0x39 build/obj/comm_usb.o
 .ARM.attributes
                0x000008f9       0x39 build/obj/utils.o
 .ARM.attributes
                0x00000932       0x39 build/obj/conf_general.o
 .ARM.attributes
                0x0000096b       0x39 build/obj/eeprom.o
 .ARM.attributes
                0x000009a4       0x39 build/obj/flash_helper.o
 .ARM.attributes