Archive member included because of file (symbol)

/Users/imac/Downloads/gcc-arm-none-eabi-4_9-2015q2/bin/../lib/gcc/arm-none-eabi/4.9.3/../../../../arm-none-eabi/lib/armv7e-m/fpu/libm.a(lib_a-sf_cos.o)
                              build/obj/mcpwm.o (cosf)
/Users/imac/Downloads/gcc-arm-none-eabi-4_9-2015q2/bin/../lib/gcc/arm-none-eabi/4.9.3/../../../../arm-none-eabi/lib/armv7e-m/fpu/libm.a(lib_a-sf_round.o)
                              build/obj/ledpwm.o (roundf)
/Users/imac/Downloads/gcc-arm-none-eabi-4_9-2015q2/bin/../lib/gcc/arm-none-eabi/4.9.3/../../../../arm-none-eabi/lib/armv7e-m/fpu/libm.a(lib_a-sf_sin.o)
                              build/obj/mcpwm.o (sinf)
/Users/imac/Downloads/gcc-arm-none-eabi-4_9-2015q2/bin/../lib/gcc/arm-none-eabi/4.9.3/../../../../arm-none-eabi/lib/armv7e-m/fpu/libm.a(lib_a-w_sqrt.o)
                              build/obj/digital_filter.o (sqrt)
/Users/imac/Downloads/gcc-arm-none-eabi-4_9-2015q2/bin/../lib/gcc/arm-none-eabi/4.9.3/../../../../arm-none-eabi/lib/armv7e-m/fpu/libm.a(lib_a-wf_atan2.o)
                              build/obj/mcpwm.o (atan2f)
/Users/imac/Downloads/gcc-arm-none-eabi-4_9-2015q2/bin/../lib/gcc/arm-none-eabi/4.9.3/../../../../arm-none-eabi/lib/armv7e-m/fpu/libm.a(lib_a-wf_fmod.o)
                              build/obj/utils.o (fmodf)
/Users/imac/Downloads/gcc-arm-none-eabi-4_9-2015q2/bin/../lib/gcc/arm-none-eabi/4.9.3/../../../../arm-none-eabi/lib/armv7e-m/fpu/libm.a(lib_a-wf_pow.o)
                              build/obj/ledpwm.o (powf)
/Users/imac/Downloads/gcc-arm-none-eabi-4_9-2015q2/bin/../lib/gcc/arm-none-eabi/4.9.3/../../../../arm-none-eabi/lib/armv7e-m/fpu/libm.a(lib_a-wf_sqrt.o)
                              build/obj/mcpwm.o (sqrtf)
/Users/imac/Downloads/gcc-arm-none-eabi-4_9-2015q2/bin/../lib/gcc/arm-none-eabi/4.9.3/../../../../arm-none-eabi/lib/armv7e-m/fpu/libm.a(lib_a-e_sqrt.o)
                              /Users/imac/Downloads/gcc-arm-none-eabi-4_9-2015q2/bin/../lib/gcc/arm-none-eabi/4.9.3/../../../../arm-none-eabi/lib/armv7e-m/fpu/libm.a(lib_a-w_sqrt.o) (__ieee754_sqrt)
/Users/imac/Downloads/gcc-arm-none-eabi-4_9-2015q2/bin/../lib/gcc/arm-none-eabi/4.9.3/../../../../arm-none-eabi/lib/armv7e-m/fpu/libm.a(lib_a-ef_atan2.o)
                              /Users/imac/Downloads/gcc-arm-none-eabi-4_9-2015q2/bin/../lib/gcc/arm-none-eabi/4.9.3/../../../../arm-none-eabi/lib/armv7e-m/fpu/libm.a(lib_a-wf_atan2.o) (__ieee754_atan2f)
/Users/imac/Downloads/gcc-arm-none-eabi-4_9-2015q2/bin/../lib/gcc/arm-none-eabi/4.9.3/../../../../arm-none-eabi/lib/armv7e-m/fpu/libm.a(lib_a-ef_fmod.o)
                              /Users/imac/Downloads/gcc-arm-none-eabi-4_9-2015q2/bin/../lib/gcc/arm-none-eabi/4.9.3/../../../../arm-none-eabi/lib/armv7e-m/fpu/libm.a(lib_a-wf_fmod.o) (__ieee754_fmodf)
/Users/imac/Downloads/gcc-arm-none-eabi-4_9-2015q2/bin/../lib/gcc/arm-none-eabi/4.9.3/../../../../arm-none-eabi/lib/armv7e-m/fpu/libm.a(lib_a-ef_pow.o)
                              /Users/imac/Downloads/gcc-arm-none-eabi-4_9-2015q2/bin/../lib/gcc/arm-none-eabi/4.9.3/../../../../arm-none-eabi/lib/armv7e-m/fpu/libm.a(lib_a-wf_pow.o) (__ieee754_powf)
/Users/imac/Downloads/gcc-arm-none-eabi-4_9-2015q2/bin/../lib/gcc/arm-none-eabi/4.9.3/../../../../arm-none-eabi/lib/armv7e-m/fpu/libm.a(lib_a-ef_rem_pio2.o)
                              /Users/imac/Downloads/gcc-arm-none-eabi-4_9-2015q2/bin/../lib/gcc/arm-none-eabi/4.9.3/../../../../arm-none-eabi/lib/armv7e-m/fpu/libm.a(lib_a-sf_cos.o) (__ieee754_rem_pio2f)
/Users/imac/Downloads/gcc-arm-none-eabi-4_9-2015q2/bin/../lib/gcc/arm-none-eabi/4.9.3/../../../../arm-none-eabi/lib/armv7e-m/fpu/libm.a(lib_a-ef_sqrt.o)
                              /Users/imac/Downloads/gcc-arm-none-eabi-4_9-2015q2/bin/../lib/gcc/arm-none-eabi/4.9.3/../../../../arm-none-eabi/lib/armv7e-m/fpu/libm.a(lib_a-wf_sqrt.o) (__ieee754_sqrtf)
/Users/imac/Downloads/gcc-arm-none-eabi-4_9-2015q2/bin/../lib/gcc/arm-none-eabi/4.9.3/../../../../arm-none-eabi/lib/armv7e-m/fpu/libm.a(lib_a-kf_cos.o)
                              /Users/imac/Downloads/gcc-arm-none-eabi-4_9-2015q2/bin/../lib/gcc/arm-none-eabi/4.9.3/../../../../arm-none-eabi/lib/armv7e-m/fpu/libm.a(lib_a-sf_cos.o) (__kernel_cosf)
/Users/imac/Downloads/gcc-arm-none-eabi-4_9-2015q2/bin/../lib/gcc/arm-none-eabi/4.9.3/../../../../arm-none-eabi/lib/armv7e-m/fpu/libm.a(lib_a-kf_rem_pio2.o)
                              /Users/imac/Downloads/gcc-arm-none-eabi-4_9-2015q2/bin/../lib/gcc/arm-none-eabi/4.9.3/../../../../arm-none-eabi/lib/armv7e-m/fpu/libm.a(lib_a-ef_rem_pio2.o) (__kernel_rem_pio2f)
/Users/imac/Downloads/gcc-arm-none-eabi-4_9-2015q2/bin/../lib/gcc/arm-none-eabi/4.9.3/../../../../arm-none-eabi/lib/armv7e-m/fpu/libm.a(lib_a-kf_sin.o)
                              /Users/imac/Downloads/gcc-arm-none-eabi-4_9-2015q2/bin/../lib/gcc/arm-none-eabi/4.9.3/../../../../arm-none-eabi/lib/armv7e-m/fpu/libm.a(lib_a-sf_cos.o) (__kernel_sinf)
[...]
Memory Configuration

Name             Origin             Length             Attributes
flash            0x0000000008000000 0x0000000000004000
flash2           0x000000000800c000 0x0000000000078000
ram              0x0000000020000000 0x0000000000020000
ccmram           0x0000000010000000 0x0000000000010000
*default*        0x0000000000000000 0xffffffffffffffff

Linker script and memory map

LOAD build/obj/main.o
LOAD build/obj/crt0.o
LOAD build/obj/vectors.o
LOAD build/obj/chcore.o
LOAD build/obj/chcore_v7m.o
LOAD build/obj/nvic.o
LOAD build/obj/chsys.o
LOAD build/obj/chdebug.o
LOAD build/obj/chlists.o
LOAD build/obj/chvt.o
LOAD build/obj/chschd.o
LOAD build/obj/chthreads.o
LOAD build/obj/chdynamic.o
LOAD build/obj/chregistry.o
LOAD build/obj/chsem.o
LOAD build/obj/chmtx.o
LOAD build/obj/chcond.o
LOAD build/obj/chevents.o
LOAD build/obj/chmsg.o
LOAD build/obj/chmboxes.o
LOAD build/obj/chqueues.o
LOAD build/obj/chmemcore.o
LOAD build/obj/chheap.o
LOAD build/obj/chmempools.o
LOAD build/obj/hal.o
LOAD build/obj/adc.o
LOAD build/obj/can.o
LOAD build/obj/ext.o
LOAD build/obj/gpt.o
LOAD build/obj/i2c.o
LOAD build/obj/icu.o
LOAD build/obj/mac.o
LOAD build/obj/mmc_spi.o
LOAD build/obj/mmcsd.o
LOAD build/obj/pal.o
LOAD build/obj/pwm.o
LOAD build/obj/rtc.o
LOAD build/obj/sdc.o
LOAD build/obj/serial.o
LOAD build/obj/serial_usb.o
LOAD build/obj/spi.o
LOAD build/obj/tm.o
LOAD build/obj/uart.o
LOAD build/obj/usb.o
LOAD build/obj/stm32_dma.o
LOAD build/obj/hal_lld.o
LOAD build/obj/adc_lld.o
LOAD build/obj/ext_lld_isr.o
LOAD build/obj/can_lld.o
LOAD build/obj/ext_lld.o
LOAD build/obj/mac_lld.o
LOAD build/obj/sdc_lld.o
LOAD build/obj/pal_lld.o
LOAD build/obj/i2c_lld.o
LOAD build/obj/usb_lld.o
LOAD build/obj/rtc_lld.o
LOAD build/obj/spi_lld.o
LOAD build/obj/gpt_lld.o
LOAD build/obj/icu_lld.o
LOAD build/obj/pwm_lld.o
LOAD build/obj/serial_lld.o
LOAD build/obj/uart_lld.o
LOAD build/obj/board.o
LOAD build/obj/chprintf.o
LOAD build/obj/memstreams.o
LOAD build/obj/syscalls.o
LOAD build/obj/bldc.o
LOAD build/obj/mcpwm.o
LOAD build/obj/usb_uart.o
LOAD build/obj/irq_handlers.o
LOAD build/obj/buffer.o
LOAD build/obj/comm_usb.o
LOAD build/obj/crc.o
LOAD build/obj/digital_filter.o
LOAD build/obj/ledpwm.o
LOAD build/obj/servo_dec.o
LOAD build/obj/utils.o
LOAD build/obj/servo.o
LOAD build/obj/packet.o
LOAD build/obj/terminal.o
LOAD build/obj/conf_general.o
LOAD build/obj/eeprom.o
LOAD build/obj/commands.o
LOAD build/obj/timeout.o
LOAD build/obj/comm_can.o
LOAD build/obj/ws2811.o
LOAD build/obj/led_external.o
LOAD build/obj/encoder.o
LOAD build/obj/flash_helper.o
LOAD build/obj/spi_dac.o
LOAD build/obj/hw_40.o
LOAD build/obj/hw_45.o
LOAD build/obj/hw_r2.o
LOAD build/obj/hw_bw.o
LOAD build/obj/hw_46.o
LOAD build/obj/hw_victor_r1a.o
LOAD build/obj/hw_oroca.o
LOAD build/obj/app.o
LOAD build/obj/app_ppm.o
LOAD build/obj/app_adc.o
LOAD build/obj/app_sten.o
LOAD build/obj/app_gurgalof.o
LOAD build/obj/app_uartcomm.o
LOAD build/obj/app_nunchuk.o
LOAD build/obj/spi_sw.o
LOAD build/obj/rf.o
LOAD build/obj/rfhelp.o
LOAD build/obj/nrf_driver.o
LOAD build/obj/misc.o
LOAD build/obj/stm32f4xx_dma.o
LOAD build/obj/stm32f4xx_rcc.o
LOAD build/obj/stm32f4xx_adc.o
LOAD build/obj/stm32f4xx_exti.o
LOAD build/obj/stm32f4xx_rng.o
LOAD build/obj/stm32f4xx_flash.o
LOAD build/obj/stm32f4xx_rtc.o
LOAD build/obj/stm32f4xx_crc.o
LOAD build/obj/stm32f4xx_fsmc.o
LOAD build/obj/stm32f4xx_sdio.o
LOAD build/obj/stm32f4xx_cryp_aes.o
LOAD build/obj/stm32f4xx_spi.o
LOAD build/obj/stm32f4xx_cryp.o
LOAD build/obj/stm32f4xx_hash.o
LOAD build/obj/stm32f4xx_syscfg.o
LOAD build/obj/stm32f4xx_cryp_des.o
LOAD build/obj/stm32f4xx_hash_md5.o
LOAD build/obj/stm32f4xx_tim.o
LOAD build/obj/stm32f4xx_cryp_tdes.o
LOAD build/obj/stm32f4xx_hash_sha1.o
LOAD build/obj/stm32f4xx_usart.o
LOAD build/obj/stm32f4xx_dac.o
LOAD build/obj/stm32f4xx_i2c.o
LOAD build/obj/stm32f4xx_wwdg.o
LOAD build/obj/stm32f4xx_dbgmcu.o
LOAD build/obj/stm32f4xx_iwdg.o
LOAD build/obj/stm32f4xx_dcmi.o
LOAD build/obj/stm32f4xx_pwr.o
                0x0000000000000800                __main_stack_size__ = 0x800
                0x0000000000000800                __process_stack_size__ = 0x800
                0x0000000020000000                __ram_start__ = ORIGIN (ram)
                0x0000000000020000                __ram_size__ = 0x20000
                0x0000000020020000                __ram_end__ = (__ram_start__ + __ram_size__)
                0x0000000000000000                . = 0x0
                0x0000000000000000                _text = .

startup         0x0000000008000000      0x1ac
 *(vectors)
 vectors        0x0000000008000000      0x1ac build/obj/vectors.o
                0x0000000008000000                _vectors

constructors    0x000000000800c000        0x0
                0x000000000800c000                PROVIDE (__init_array_start, .)
 *(SORT(.init_array.*))
 *(.init_array)
                0x000000000800c000                PROVIDE (__init_array_end, .)

destructors     0x000000000800c000        0x0
                0x000000000800c000                PROVIDE (__fini_array_start, .)
 *(.fini_array)
 *(SORT(.fini_array.*))
                0x000000000800c000                PROVIDE (__fini_array_end, .)

.text           0x000000000800c000     0xb8a4
 *(.text.startup.*)
 .text.startup.main
                0x000000000800c000       0x10 build/obj/main.o
                0x000000000800c000                main
 *(.text)
 .text          0x000000000800c010      0x370 /Users/imac/Downloads/gcc-arm-none-eabi-4_9-2015q2/bin/../lib/gcc/arm-none-eabi/4.9.3/armv7e-m/fpu/libgcc.a(_arm_addsubdf3.o)
                0x000000000800c010                __aeabi_drsub
                0x000000000800c018                __subdf3
                0x000000000800c018                __aeabi_dsub
                0x000000000800c01c                __aeabi_dadd
                0x000000000800c01c                __adddf3
                0x000000000800c294                __aeabi_ui2d
                0x000000000800c294                __floatunsidf
                0x000000000800c2b4                __floatsidf
                0x000000000800c2b4                __aeabi_i2d
                0x000000000800c2d8                __extendsfdf2
                0x000000000800c2d8                __aeabi_f2d
                0x000000000800c314                __aeabi_ul2d
                0x000000000800c314                __floatundidf
                0x000000000800c324                __aeabi_l2d
                0x000000000800c324                __floatdidf
 .text          0x000000000800c380      0x424 /Users/imac/Downloads/gcc-arm-none-eabi-4_9-2015q2/bin/../lib/gcc/arm-none-eabi/4.9.3/armv7e-m/fpu/libgcc.a(_arm_muldivdf3.o)
                0x000000000800c380                __aeabi_dmul
                0x000000000800c380                __muldf3
                0x000000000800c5d4                __aeabi_ddiv
                0x000000000800c5d4                __divdf3
 *fill*         0x000000000800c7a4        0xc 
 .text          0x000000000800c7b0      0x110 /Users/imac/Downloads/gcc-arm-none-eabi-4_9-2015q2/bin/../lib/gcc/arm-none-eabi/4.9.3/armv7e-m/fpu/libgcc.a(_arm_cmpdf2.o)
                0x000000000800c7b0                __gtdf2
                0x000000000800c7b0                __gedf2
                0x000000000800c7b8                __ltdf2
                0x000000000800c7b8                __ledf2
                0x000000000800c7c0                __eqdf2
                0x000000000800c7c0                __nedf2
                0x000000000800c7c0                __cmpdf2
                0x000000000800c83c                __aeabi_cdrcmple
                0x000000000800c84c                __aeabi_cdcmple
                0x000000000800c84c                __aeabi_cdcmpeq
                0x000000000800c85c                __aeabi_dcmpeq
                0x000000000800c870                __aeabi_dcmplt
                0x000000000800c884                __aeabi_dcmple
                0x000000000800c898                __aeabi_dcmpge
                0x000000000800c8ac                __aeabi_dcmpgt
 .text          0x000000000800c8c0       0x50 /Users/imac/Downloads/gcc-arm-none-eabi-4_9-2015q2/bin/../lib/gcc/arm-none-eabi/4.9.3/armv7e-m/fpu/libgcc.a(_arm_fixdfsi.o)
                0x000000000800c8c0                __fixdfsi
                0x000000000800c8c0                __aeabi_d2iz
 .text          0x000000000800c910       0xa0 /Users/imac/Downloads/gcc-arm-none-eabi-4_9-2015q2/bin/../lib/gcc/arm-none-eabi/4.9.3/armv7e-m/fpu/libgcc.a(_arm_truncdfsf2.o)
                0x000000000800c910                __aeabi_d2f
                0x000000000800c910                __truncdfsf2
 .text          0x000000000800c9b0      0x134 /Users/imac/Downloads/gcc-arm-none-eabi-4_9-2015q2/bin/../lib/gcc/arm-none-eabi/4.9.3/../../../../arm-none-eabi/lib/armv7e-m/fpu/libg.a(lib_a-memcpy.o)
                0x000000000800c9b0                memcpy
 *(.text.*)
 *fill*         0x000000000800cae4        0xc 
 .text.__late_init
                0x000000000800caf0        0x4 build/obj/crt0.o
                0x000000000800caf0                __late_init
 *fill*         0x000000000800caf4        0xc 
 .text._default_exit
                0x000000000800cb00        0x4 build/obj/crt0.o
                0x000000000800cb00                _default_exit
 *fill*         0x000000000800cb04        0xc 
 .text.ResetHandler
                0x000000000800cb10      0x120 build/obj/crt0.o
                0x000000000800cb10                ResetHandler
 .text._unhandled_exception
                0x000000000800cc30        0x4 build/obj/vectors.o
                0x000000000800cc30                Vector174
                0x000000000800cc30                VectorE8
                0x000000000800cc30                Vector9C
                0x000000000800cc30                VectorAC
                0x000000000800cc30                Vector1A0
                0x000000000800cc30                Vector5C
                0x000000000800cc30                NMIVector
                0x000000000800cc30                Vector19C
                0x000000000800cc30                Vector168
                0x000000000800cc30                Vector110
                0x000000000800cc30                VectorA8
                0x000000000800cc30                Vector160
                0x000000000800cc30                VectorEC
                0x000000000800cc30                UsageFaultVector
                0x000000000800cc30                DebugMonitorVector
                0x000000000800cc30                Vector40
                0x000000000800cc30                VectorF8
                0x000000000800cc30                VectorBC
                0x000000000800cc30                Vector190
                0x000000000800cc30                Vector148
                0x000000000800cc30                Vector188
                0x000000000800cc30                Vector198
                0x000000000800cc30                Vector118
                0x000000000800cc30                Vector64
                0x000000000800cc30                VectorCC
                0x000000000800cc30                Vector54
                0x000000000800cc30                VectorD8
                0x000000000800cc30                Vector138
                0x000000000800cc30                Vector24
                0x000000000800cc30                Vector178
                0x000000000800cc30                Vector1A4
                0x000000000800cc30                BusFaultVector
                0x000000000800cc30                VectorD0
                0x000000000800cc30                Vector140
                0x000000000800cc30                VectorE4
                0x000000000800cc30                VectorC0
                0x000000000800cc30                SVCallVector
                0x000000000800cc30                HardFaultVector
                0x000000000800cc30                Vector134
                0x000000000800cc30                VectorF0
                0x000000000800cc30                Vector13C
                0x000000000800cc30                Vector100
                0x000000000800cc30                VectorF4
                0x000000000800cc30                MemManageVector
                0x000000000800cc30                VectorA0
                0x000000000800cc30                Vector180
                0x000000000800cc30                VectorB0
                0x000000000800cc30                Vector114
                0x000000000800cc30                Vector164
                0x000000000800cc30                Vector60
                0x000000000800cc30                Vector1C
                0x000000000800cc30                Vector17C
                0x000000000800cc30                Vector48
                0x000000000800cc30                Vector1A8
                0x000000000800cc30                Vector16C
                0x000000000800cc30                VectorD4
                0x000000000800cc30                Vector4C
                0x000000000800cc30                Vector144
                0x000000000800cc30                Vector68
                0x000000000800cc30                _unhandled_exception
                0x000000000800cc30                Vector170
                0x000000000800cc30                Vector104
                0x000000000800cc30                Vector184
                0x000000000800cc30                Vector10C
                0x000000000800cc30                Vector50
                0x000000000800cc30                Vector194
                0x000000000800cc30                Vector44
                0x000000000800cc30                Vector28
                0x000000000800cc30                VectorB8
                0x000000000800cc30                Vector34
                0x000000000800cc30                VectorA4
                0x000000000800cc30                Vector20
                0x000000000800cc30                Vector18C
                0x000000000800cc30                Vector58
 *fill*         0x000000000800cc34        0xc 
 .text.port_halt
                0x000000000800cc40        0x4 build/obj/chcore.o
                0x000000000800cc40                port_halt
 *fill*         0x000000000800cc44        0xc 
 .text._port_switch_from_isr
                0x000000000800cc50       0x14 build/obj/chcore_v7m.o
                0x000000000800cc50                _port_switch_from_isr
 *fill*         0x000000000800cc64        0xc 
 .text.PendSVVector
                0x000000000800cc70       0x1c build/obj/chcore_v7m.o
                0x000000000800cc70                PendSVVector
 *fill*         0x000000000800cc8c        0x4 
 .text._port_init
                0x000000000800cc90       0x30 build/obj/chcore_v7m.o
                0x000000000800cc90                _port_init
 .text._port_irq_epilogue
                0x000000000800ccc0       0x7c build/obj/chcore_v7m.o
                0x000000000800ccc0                _port_irq_epilogue
 *fill*         0x000000000800cd3c        0x4 
 .text.SysTickVector
                0x000000000800cd40       0x14 build/obj/chcore_v7m.o
                0x000000000800cd40                SysTickVector
 *fill*         0x000000000800cd54        0xc 
 .text._port_switch
                0x000000000800cd60       0x18 build/obj/chcore_v7m.o
                0x000000000800cd60                _port_switch
 *fill*         0x000000000800cd78        0x8 
 .text._port_thread_start
                0x000000000800cd80        0xc build/obj/chcore_v7m.o
                0x000000000800cd80                _port_thread_start
 *fill*         0x000000000800cd8c        0x4 
 .text.nvicEnableVector
                0x000000000800cd90       0x48 build/obj/nvic.o
                0x000000000800cd90                nvicEnableVector
 *fill*         0x000000000800cdd8        0x8 
 .text.nvicDisableVector
                0x000000000800cde0       0x40 build/obj/nvic.o
                0x000000000800cde0                nvicDisableVector
 .text.nvicSetSystemHandlerPriority
                0x000000000800ce20       0x2c build/obj/nvic.o
                0x000000000800ce20                nvicSetSystemHandlerPriority
 *fill*         0x000000000800ce4c        0x4 
 .text._idle_thread
                0x000000000800ce50       0x14 build/obj/chsys.o
                0x000000000800ce50                _idle_thread
 *fill*         0x000000000800ce64        0xc 
 .text.chSysInit
                0x000000000800ce70       0x5c build/obj/chsys.o
                0x000000000800ce70                chSysInit
 *fill*         0x000000000800cecc        0x4 
 .text.chSysTimerHandlerI
                0x000000000800ced0       0x50 build/obj/chsys.o
                0x000000000800ced0                chSysTimerHandlerI
 .text._vt_init
                0x000000000800cf20       0x18 build/obj/chvt.o
                0x000000000800cf20                _vt_init
 *fill*         0x000000000800cf38        0x8 
 .text.chVTSetI
                0x000000000800cf40       0x38 build/obj/chvt.o
                0x000000000800cf40                chVTSetI
 *fill*         0x000000000800cf78        0x8 
 .text.chVTResetI
                0x000000000800cf80       0x24 build/obj/chvt.o
                0x000000000800cf80                chVTResetI
 *fill*         0x000000000800cfa4        0xc 
 .text.wakeup   0x000000000800cfb0       0x5c build/obj/chschd.o
 *fill*         0x000000000800d00c        0x4 
 .text._scheduler_init
                0x000000000800d010       0x14 build/obj/chschd.o
                0x000000000800d010                _scheduler_init
 *fill*         0x000000000800d024        0xc 
 .text.chSchReadyI
                0x000000000800d030       0x2c build/obj/chschd.o
                0x000000000800d030                chSchReadyI
 *fill*         0x000000000800d05c        0x4 
 .text.chSchGoSleepS
                0x000000000800d060       0x28 build/obj/chschd.o
                0x000000000800d060                chSchGoSleepS
 *fill*         0x000000000800d088        0x8 
 .text.chSchGoSleepTimeoutS
                0x000000000800d090       0x44 build/obj/chschd.o
                0x000000000800d090                chSchGoSleepTimeoutS
 *fill*         0x000000000800d0d4        0xc 
 .text.chSchWakeupS
                0x000000000800d0e0       0x58 build/obj/chschd.o
                0x000000000800d0e0                chSchWakeupS
 *fill*         0x000000000800d138        0x8 
 .text.chSchDoRescheduleBehind
                0x000000000800d140       0x40 build/obj/chschd.o
                0x000000000800d140                chSchDoRescheduleBehind
 .text.chSchDoRescheduleAhead
                0x000000000800d180       0x3c build/obj/chschd.o
                0x000000000800d180                chSchDoRescheduleAhead
 *fill*         0x000000000800d1bc        0x4 
 .text.chSchRescheduleS
                0x000000000800d1c0       0x18 build/obj/chschd.o
                0x000000000800d1c0                chSchRescheduleS
 *fill*         0x000000000800d1d8        0x8 
 .text.chSchDoReschedule
                0x000000000800d1e0       0x14 build/obj/chschd.o
                0x000000000800d1e0                chSchDoReschedule
 *fill*         0x000000000800d1f4        0xc 
 .text._thread_init
                0x000000000800d200       0x50 build/obj/chthreads.o
                0x000000000800d200                _thread_init
 .text.chThdCreateI
                0x000000000800d250       0x70 build/obj/chthreads.o
                0x000000000800d250                chThdCreateI
 .text.chThdCreateStatic
                0x000000000800d2c0       0x7c build/obj/chthreads.o
                0x000000000800d2c0                chThdCreateStatic
 *fill*         0x000000000800d33c        0x4 
 .text.chThdSleep
                0x000000000800d340       0x10 build/obj/chthreads.o
                0x000000000800d340                chThdSleep
 .text.chThdExitS
                0x000000000800d350       0x40 build/obj/chthreads.o
                0x000000000800d350                chThdExitS
 .text.chThdExit
                0x000000000800d390        0x8 build/obj/chthreads.o
                0x000000000800d390                chThdExit
 *fill*         0x000000000800d398        0x8 
 .text.chSemInit
                0x000000000800d3a0        0x8 build/obj/chsem.o
                0x000000000800d3a0                chSemInit
 *fill*         0x000000000800d3a8        0x8 
 .text.chSemSignalI
                0x000000000800d3b0       0x20 build/obj/chsem.o
                0x000000000800d3b0                chSemSignalI
 .text.chMtxInit
                0x000000000800d3d0        0xc build/obj/chmtx.o
                0x000000000800d3d0                chMtxInit
 *fill*         0x000000000800d3dc        0x4 
 .text.chMtxLockS
                0x000000000800d3e0       0xc8 build/obj/chmtx.o
                0x000000000800d3e0                chMtxLockS
 *fill*         0x000000000800d4a8        0x8 
 .text.chMtxLock
                0x000000000800d4b0        0xc build/obj/chmtx.o
                0x000000000800d4b0                chMtxLock
 *fill*         0x000000000800d4bc        0x4 
 .text.chMtxUnlock
                0x000000000800d4c0       0x58 build/obj/chmtx.o
                0x000000000800d4c0                chMtxUnlock
 *fill*         0x000000000800d518        0x8 
 .text.chEvtSignalI
                0x000000000800d520       0x30 build/obj/chevents.o
                0x000000000800d520                chEvtSignalI
 .text.chEvtBroadcastFlagsI
                0x000000000800d550       0x20 build/obj/chevents.o
                0x000000000800d550                chEvtBroadcastFlagsI
 .text.chEvtSignal
                0x000000000800d570       0x10 build/obj/chevents.o
                0x000000000800d570                chEvtSignal
 .text.chEvtWaitAny
                0x000000000800d580       0x30 build/obj/chevents.o
                0x000000000800d580                chEvtWaitAny
 .text.qwait    0x000000000800d5b0       0x2c build/obj/chqueues.o
 *fill*         0x000000000800d5dc        0x4 
 .text.chIQInit
                0x000000000800d5e0       0x20 build/obj/chqueues.o
                0x000000000800d5e0                chIQInit
 .text.chIQResetI
                0x000000000800d600       0x2c build/obj/chqueues.o
                0x000000000800d600                chIQResetI
 *fill*         0x000000000800d62c        0x4 
 .text.chIQGetTimeout
                0x000000000800d630       0x40 build/obj/chqueues.o
                0x000000000800d630                chIQGetTimeout
 .text.chIQReadTimeout
                0x000000000800d670       0x5c build/obj/chqueues.o
                0x000000000800d670                chIQReadTimeout
 *fill*         0x000000000800d6cc        0x4 
 .text.chOQInit
                0x000000000800d6d0       0x1c build/obj/chqueues.o
                0x000000000800d6d0                chOQInit
 *fill*         0x000000000800d6ec        0x4 
 .text.chOQResetI
                0x000000000800d6f0       0x30 build/obj/chqueues.o
                0x000000000800d6f0                chOQResetI
 .text.chOQPutTimeout
                0x000000000800d720       0x48 build/obj/chqueues.o
                0x000000000800d720                chOQPutTimeout
 *fill*         0x000000000800d768        0x8 
 .text.chOQWriteTimeout
                0x000000000800d770       0x70 build/obj/chqueues.o
                0x000000000800d770                chOQWriteTimeout
 .text._core_init
                0x000000000800d7e0       0x28 build/obj/chmemcore.o
                0x000000000800d7e0                _core_init
 *fill*         0x000000000800d808        0x8 
 .text.chCoreAlloc
                0x000000000800d810       0x30 build/obj/chmemcore.o
                0x000000000800d810                chCoreAlloc
 .text._heap_init
                0x000000000800d840       0x1c build/obj/chheap.o
                0x000000000800d840                _heap_init
 *fill*         0x000000000800d85c        0x4 
 .text.halInit  0x000000000800d860       0x34 build/obj/hal.o
                0x000000000800d860                halInit
 *fill*         0x000000000800d894        0xc 
 .text.halPolledDelay
                0x000000000800d8a0       0x28 build/obj/hal.o
                0x000000000800d8a0                halPolledDelay
 *fill*         0x000000000800d8c8        0x8 
 .text.canInit  0x000000000800d8d0        0x4 build/obj/can.o
                0x000000000800d8d0                canInit
 *fill*         0x000000000800d8d4        0xc 
 .text.canObjectInit
                0x000000000800d8e0       0x40 build/obj/can.o
                0x000000000800d8e0                canObjectInit
 .text.gptInit  0x000000000800d920        0x4 build/obj/gpt.o
                0x000000000800d920                gptInit
 *fill*         0x000000000800d924        0xc 
 .text.gptObjectInit
                0x000000000800d930        0xc build/obj/gpt.o
                0x000000000800d930                gptObjectInit
 *fill*         0x000000000800d93c        0x4 
 .text.gptStart
                0x000000000800d940       0x14 build/obj/gpt.o
                0x000000000800d940                gptStart
 *fill*         0x000000000800d954        0xc 
 .text.gptStartContinuous
                0x000000000800d960       0x10 build/obj/gpt.o
                0x000000000800d960                gptStartContinuous
 .text.i2cInit  0x000000000800d970        0x4 build/obj/i2c.o
                0x000000000800d970                i2cInit
 *fill*         0x000000000800d974        0xc 
 .text.i2cObjectInit
                0x000000000800d980       0x10 build/obj/i2c.o
                0x000000000800d980                i2cObjectInit
 .text.i2cStart
                0x000000000800d990       0x14 build/obj/i2c.o
                0x000000000800d990                i2cStart
 *fill*         0x000000000800d9a4        0xc 
 .text.i2cStop  0x000000000800d9b0       0x14 build/obj/i2c.o
                0x000000000800d9b0                i2cStop
 *fill*         0x000000000800d9c4        0xc 
 .text.i2cMasterTransmitTimeout
                0x000000000800d9d0       0x34 build/obj/i2c.o
                0x000000000800d9d0                i2cMasterTransmitTimeout
 *fill*         0x000000000800da04        0xc 
 .text.i2cMasterReceiveTimeout
                0x000000000800da10       0x28 build/obj/i2c.o
                0x000000000800da10                i2cMasterReceiveTimeout
 *fill*         0x000000000800da38        0x8 
 .text.i2cAcquireBus
                0x000000000800da40        0x8 build/obj/i2c.o
                0x000000000800da40                i2cAcquireBus
 *fill*         0x000000000800da48        0x8 
 .text.i2cReleaseBus
                0x000000000800da50        0x4 build/obj/i2c.o
                0x000000000800da50                i2cReleaseBus
 *fill*         0x000000000800da54        0xc 
 .text.icuInit  0x000000000800da60        0x4 build/obj/icu.o
                0x000000000800da60                icuInit
 *fill*         0x000000000800da64        0xc 
 .text.icuObjectInit
                0x000000000800da70        0xc build/obj/icu.o
                0x000000000800da70                icuObjectInit
 *fill*         0x000000000800da7c        0x4 
 .text.icuStart
                0x000000000800da80       0x14 build/obj/icu.o
                0x000000000800da80                icuStart
 *fill*         0x000000000800da94        0xc 
 .text.icuEnable
                0x000000000800daa0       0x14 build/obj/icu.o
                0x000000000800daa0                icuEnable
 *fill*         0x000000000800dab4        0xc 
 .text.onotify  0x000000000800dac0       0x54 build/obj/serial_usb.o
 *fill*         0x000000000800db14        0xc 
 .text.inotify  0x000000000800db20       0x64 build/obj/serial_usb.o
 *fill*         0x000000000800db84        0xc 
 .text.readt    0x000000000800db90        0x8 build/obj/serial_usb.o
 *fill*         0x000000000800db98        0x8 
 .text.read     0x000000000800dba0        0xc build/obj/serial_usb.o
 *fill*         0x000000000800dbac        0x4 
 .text.writet   0x000000000800dbb0        0x8 build/obj/serial_usb.o
 *fill*         0x000000000800dbb8        0x8 
 .text.write    0x000000000800dbc0        0xc build/obj/serial_usb.o
 *fill*         0x000000000800dbcc        0x4 
 .text.gett     0x000000000800dbd0        0x8 build/obj/serial_usb.o
 *fill*         0x000000000800dbd8        0x8 
 .text.get      0x000000000800dbe0        0xc build/obj/serial_usb.o
 *fill*         0x000000000800dbec        0x4 
 .text.putt     0x000000000800dbf0        0x8 build/obj/serial_usb.o
 *fill*         0x000000000800dbf8        0x8 
 .text.put      0x000000000800dc00        0xc build/obj/serial_usb.o
 *fill*         0x000000000800dc0c        0x4 
 .text.sduInit  0x000000000800dc10        0x4 build/obj/serial_usb.o
                0x000000000800dc10                sduInit
 *fill*         0x000000000800dc14        0xc 
 .text.sduObjectInit
                0x000000000800dc20       0x4c build/obj/serial_usb.o
                0x000000000800dc20                sduObjectInit
 *fill*         0x000000000800dc6c        0x4 
 .text.sduStart
                0x000000000800dc70       0x30 build/obj/serial_usb.o
                0x000000000800dc70                sduStart
 .text.sduConfigureHookI
                0x000000000800dca0       0x4c build/obj/serial_usb.o
                0x000000000800dca0                sduConfigureHookI
 *fill*         0x000000000800dcec        0x4 
 .text.sduRequestsHook
                0x000000000800dcf0       0x40 build/obj/serial_usb.o
                0x000000000800dcf0                sduRequestsHook
 .text.sduDataTransmitted
                0x000000000800dd30       0x54 build/obj/serial_usb.o
                0x000000000800dd30                sduDataTransmitted
 *fill*         0x000000000800dd84        0xc 
 .text.sduDataReceived
                0x000000000800dd90       0x54 build/obj/serial_usb.o
                0x000000000800dd90                sduDataReceived
 *fill*         0x000000000800dde4        0xc 
 .text.sduInterruptTransmitted
                0x000000000800ddf0        0x4 build/obj/serial_usb.o
                0x000000000800ddf0                sduInterruptTransmitted
 *fill*         0x000000000800ddf4        0xc 
 .text.uartInit
                0x000000000800de00        0x4 build/obj/uart.o
                0x000000000800de00                uartInit
 *fill*         0x000000000800de04        0xc 
 .text.uartObjectInit
                0x000000000800de10       0x10 build/obj/uart.o
                0x000000000800de10                uartObjectInit
 .text.uartStart
                0x000000000800de20       0x14 build/obj/uart.o
                0x000000000800de20                uartStart
 *fill*         0x000000000800de34        0xc 
 .text.uartStartSend
                0x000000000800de40       0x14 build/obj/uart.o
                0x000000000800de40                uartStartSend
 *fill*         0x000000000800de54        0xc 
 .text.usbInit  0x000000000800de60        0x4 build/obj/usb.o
                0x000000000800de60                usbInit
 *fill*         0x000000000800de64        0xc 
 .text.usbObjectInit
                0x000000000800de70       0x1c build/obj/usb.o
                0x000000000800de70                usbObjectInit
 *fill*         0x000000000800de8c        0x4 
 .text.usbStart
                0x000000000800de90       0x20 build/obj/usb.o
                0x000000000800de90                usbStart
 .text.usbInitEndpointI
                0x000000000800deb0       0x34 build/obj/usb.o
                0x000000000800deb0                usbInitEndpointI
 *fill*         0x000000000800dee4        0xc 
 .text.usbPrepareQueuedReceive
                0x000000000800def0       0x1c build/obj/usb.o
                0x000000000800def0                usbPrepareQueuedReceive
 *fill*         0x000000000800df0c        0x4 
 .text.usbPrepareQueuedTransmit
                0x000000000800df10       0x1c build/obj/usb.o
                0x000000000800df10                usbPrepareQueuedTransmit
 *fill*         0x000000000800df2c        0x4 
 .text.usbStartReceiveI
                0x000000000800df30       0x24 build/obj/usb.o
                0x000000000800df30                usbStartReceiveI
 *fill*         0x000000000800df54        0xc 
 .text.usbStartTransmitI
                0x000000000800df60       0x24 build/obj/usb.o
                0x000000000800df60                usbStartTransmitI
 *fill*         0x000000000800df84        0xc 
 .text._usb_reset
                0x000000000800df90       0x28 build/obj/usb.o
                0x000000000800df90                _usb_reset
 *fill*         0x000000000800dfb8        0x8 
 .text._usb_ep0setup
                0x000000000800dfc0      0x330 build/obj/usb.o
                0x000000000800dfc0                _usb_ep0setup
 .text._usb_ep0in
                0x000000000800e2f0       0xb4 build/obj/usb.o
                0x000000000800e2f0                _usb_ep0in
 *fill*         0x000000000800e3a4        0xc 
 .text._usb_ep0out
                0x000000000800e3b0       0x74 build/obj/usb.o
                0x000000000800e3b0                _usb_ep0out
 *fill*         0x000000000800e424        0xc 
 .text.Vector6C
                0x000000000800e430       0x28 build/obj/stm32_dma.o
                0x000000000800e430                Vector6C
 *fill*         0x000000000800e458        0x8 
 .text.Vector70
                0x000000000800e460       0x2c build/obj/stm32_dma.o
                0x000000000800e460                Vector70
 *fill*         0x000000000800e48c        0x4 
 .text.Vector74
                0x000000000800e490       0x2c build/obj/stm32_dma.o
                0x000000000800e490                Vector74
 *fill*         0x000000000800e4bc        0x4 
 .text.Vector78
                0x000000000800e4c0       0x2c build/obj/stm32_dma.o
                0x000000000800e4c0                Vector78
 *fill*         0x000000000800e4ec        0x4 
 .text.Vector7C
                0x000000000800e4f0       0x28 build/obj/stm32_dma.o
                0x000000000800e4f0                Vector7C
 *fill*         0x000000000800e518        0x8 
 .text.Vector80
                0x000000000800e520       0x2c build/obj/stm32_dma.o
                0x000000000800e520                Vector80
 *fill*         0x000000000800e54c        0x4 
 .text.Vector84
                0x000000000800e550       0x2c build/obj/stm32_dma.o
                0x000000000800e550                Vector84
 *fill*         0x000000000800e57c        0x4 
 .text.VectorFC
                0x000000000800e580       0x2c build/obj/stm32_dma.o
                0x000000000800e580                VectorFC
 *fill*         0x000000000800e5ac        0x4 
 .text.Vector120
                0x000000000800e5b0       0x28 build/obj/stm32_dma.o
                0x000000000800e5b0                Vector120
 *fill*         0x000000000800e5d8        0x8 
 .text.Vector124
                0x000000000800e5e0       0x2c build/obj/stm32_dma.o
                0x000000000800e5e0                Vector124
 *fill*         0x000000000800e60c        0x4 
 .text.Vector128
                0x000000000800e610       0x2c build/obj/stm32_dma.o
                0x000000000800e610                Vector128
 *fill*         0x000000000800e63c        0x4 
 .text.Vector12C
                0x000000000800e640       0x2c build/obj/stm32_dma.o
                0x000000000800e640                Vector12C
 *fill*         0x000000000800e66c        0x4 
 .text.Vector130
                0x000000000800e670       0x28 build/obj/stm32_dma.o
                0x000000000800e670                Vector130
 *fill*         0x000000000800e698        0x8 
 .text.Vector150
                0x000000000800e6a0       0x2c build/obj/stm32_dma.o
                0x000000000800e6a0                Vector150
 *fill*         0x000000000800e6cc        0x4 
 .text.Vector154
                0x000000000800e6d0       0x2c build/obj/stm32_dma.o
                0x000000000800e6d0                Vector154
 *fill*         0x000000000800e6fc        0x4 
 .text.Vector158
                0x000000000800e700       0x2c build/obj/stm32_dma.o
                0x000000000800e700                Vector158
 *fill*         0x000000000800e72c        0x4 
 .text.dmaInit  0x000000000800e730       0x4c build/obj/stm32_dma.o
                0x000000000800e730                dmaInit
 *fill*         0x000000000800e77c        0x4 
 .text.dmaStreamAllocate
                0x000000000800e780       0x90 build/obj/stm32_dma.o
                0x000000000800e780                dmaStreamAllocate
 .text.dmaStreamRelease
                0x000000000800e810       0x44 build/obj/stm32_dma.o
                0x000000000800e810                dmaStreamRelease
 *fill*         0x000000000800e854        0xc 
 .text.hal_lld_init
                0x000000000800e860       0x98 build/obj/hal_lld.o
                0x000000000800e860                hal_lld_init
 *fill*         0x000000000800e8f8        0x8 
 .text.stm32_clock_init
                0x000000000800e900       0xc0 build/obj/hal_lld.o
                0x000000000800e900                stm32_clock_init
 .text.can_lld_set_filters
                0x000000000800e9c0      0x118 build/obj/can_lld.o
 *fill*         0x000000000800ead8        0x8 
 .text.Vector8C
                0x000000000800eae0       0x40 build/obj/can_lld.o
                0x000000000800eae0                Vector8C
 .text.Vector90
                0x000000000800eb20       0x60 build/obj/can_lld.o
                0x000000000800eb20                Vector90
 .text.Vector94
                0x000000000800eb80       0x60 build/obj/can_lld.o
                0x000000000800eb80                Vector94
 .text.Vector98
                0x000000000800ebe0       0x68 build/obj/can_lld.o
                0x000000000800ebe0                Vector98
 *fill*         0x000000000800ec48        0x8 
 .text.can_lld_init
                0x000000000800ec50       0x24 build/obj/can_lld.o
                0x000000000800ec50                can_lld_init
 *fill*         0x000000000800ec74        0xc 
 .text._pal_lld_init
                0x000000000800ec80      0x1cc build/obj/pal_lld.o
                0x000000000800ec80                _pal_lld_init
 *fill*         0x000000000800ee4c        0x4 
 .text._pal_lld_setgroupmode
                0x000000000800ee50       0xac build/obj/pal_lld.o
                0x000000000800ee50                _pal_lld_setgroupmode
 *fill*         0x000000000800eefc        0x4 
 .text.i2c_lld_abort_operation
                0x000000000800ef00       0x50 build/obj/i2c_lld.o
 .text.i2c_lld_safety_timeout
                0x000000000800ef50       0x24 build/obj/i2c_lld.o
 *fill*         0x000000000800ef74        0xc 
 .text.i2c_lld_serve_tx_end_irq
                0x000000000800ef80       0x3c build/obj/i2c_lld.o
 *fill*         0x000000000800efbc        0x4 
 .text.i2c_lld_serve_rx_end_irq
                0x000000000800efc0       0x68 build/obj/i2c_lld.o
 *fill*         0x000000000800f028        0x8 
 .text.VectorC4
                0x000000000800f030      0x108 build/obj/i2c_lld.o
                0x000000000800f030                VectorC4
 *fill*         0x000000000800f138        0x8 
 .text.VectorC8
                0x000000000800f140       0xec build/obj/i2c_lld.o
                0x000000000800f140                VectorC8
 *fill*         0x000000000800f22c        0x4 
 .text.i2c_lld_init
                0x000000000800f230       0x2c build/obj/i2c_lld.o
                0x000000000800f230                i2c_lld_init
 *fill*         0x000000000800f25c        0x4 
 .text.i2c_lld_start
                0x000000000800f260      0x184 build/obj/i2c_lld.o
                0x000000000800f260                i2c_lld_start
 *fill*         0x000000000800f3e4        0xc 
 .text.i2c_lld_stop
                0x000000000800f3f0       0x44 build/obj/i2c_lld.o
                0x000000000800f3f0                i2c_lld_stop
 *fill*         0x000000000800f434        0xc 
 .text.i2c_lld_master_receive_timeout
                0x000000000800f440       0xd0 build/obj/i2c_lld.o
                0x000000000800f440                i2c_lld_master_receive_timeout
 .text.i2c_lld_master_transmit_timeout
                0x000000000800f510       0xec build/obj/i2c_lld.o
                0x000000000800f510                i2c_lld_master_transmit_timeout
 *fill*         0x000000000800f5fc        0x4 
 .text.usb_lld_pump
                0x000000000800f600      0x31c build/obj/usb_lld.o
 *fill*         0x000000000800f91c        0x4 
 .text.otg_disable_ep.isra.0
                0x000000000800f920       0x74 build/obj/usb_lld.o
 *fill*         0x000000000800f994        0xc 
 .text.usb_lld_init
                0x000000000800f9a0       0x24 build/obj/usb_lld.o
                0x000000000800f9a0                usb_lld_init
 *fill*         0x000000000800f9c4        0xc 
 .text.usb_lld_start
                0x000000000800f9d0       0xe0 build/obj/usb_lld.o
                0x000000000800f9d0                usb_lld_start
 .text.usb_lld_reset
                0x000000000800fab0       0xc4 build/obj/usb_lld.o
                0x000000000800fab0                usb_lld_reset
 *fill*         0x000000000800fb74        0xc 
 .text.usb_lld_set_address
                0x000000000800fb80       0x18 build/obj/usb_lld.o
                0x000000000800fb80                usb_lld_set_address
 *fill*         0x000000000800fb98        0x8 
 .text.usb_lld_init_endpoint
                0x000000000800fba0      0x160 build/obj/usb_lld.o
                0x000000000800fba0                usb_lld_init_endpoint
 .text.usb_lld_get_status_out
                0x000000000800fd00       0x1c build/obj/usb_lld.o
                0x000000000800fd00                usb_lld_get_status_out
 *fill*         0x000000000800fd1c        0x4 
 .text.usb_lld_get_status_in
                0x000000000800fd20       0x1c build/obj/usb_lld.o
                0x000000000800fd20                usb_lld_get_status_in
 *fill*         0x000000000800fd3c        0x4 
 .text.usb_lld_read_setup
                0x000000000800fd40       0x14 build/obj/usb_lld.o
                0x000000000800fd40                usb_lld_read_setup
 *fill*         0x000000000800fd54        0xc 
 .text.usb_lld_prepare_receive
                0x000000000800fd60       0x44 build/obj/usb_lld.o
                0x000000000800fd60                usb_lld_prepare_receive
 *fill*         0x000000000800fda4        0xc 
 .text.otg_epout_handler.constprop.8
                0x000000000800fdb0       0x9c build/obj/usb_lld.o
 *fill*         0x000000000800fe4c        0x4 
 .text.usb_lld_prepare_transmit
                0x000000000800fe50       0x50 build/obj/usb_lld.o
                0x000000000800fe50                usb_lld_prepare_transmit
 .text.otg_epin_handler.constprop.9
                0x000000000800fea0       0xb8 build/obj/usb_lld.o
 *fill*         0x000000000800ff58        0x8 
 .text.Vector14C
                0x000000000800ff60       0xec build/obj/usb_lld.o
                0x000000000800ff60                Vector14C
 *fill*         0x000000000801004c        0x4 
 .text.usb_lld_start_out
                0x0000000008010050       0x14 build/obj/usb_lld.o
                0x0000000008010050                usb_lld_start_out
 *fill*         0x0000000008010064        0xc 
 .text.usb_lld_start_in
                0x0000000008010070       0x28 build/obj/usb_lld.o
                0x0000000008010070                usb_lld_start_in
 *fill*         0x0000000008010098        0x8 
 .text.usb_lld_stall_out
                0x00000000080100a0       0x14 build/obj/usb_lld.o
                0x00000000080100a0                usb_lld_stall_out
 *fill*         0x00000000080100b4        0xc 
 .text.usb_lld_stall_in
                0x00000000080100c0       0x14 build/obj/usb_lld.o
                0x00000000080100c0                usb_lld_stall_in
 *fill*         0x00000000080100d4        0xc 
 .text.usb_lld_clear_out
                0x00000000080100e0       0x14 build/obj/usb_lld.o
                0x00000000080100e0                usb_lld_clear_out
 *fill*         0x00000000080100f4        0xc 
 .text.usb_lld_clear_in
                0x0000000008010100       0x14 build/obj/usb_lld.o
                0x0000000008010100                usb_lld_clear_in
 *fill*         0x0000000008010114        0xc 
 .text.Vector108
                0x0000000008010120       0x34 build/obj/gpt_lld.o
                0x0000000008010120                Vector108
 *fill*         0x0000000008010154        0xc 
 .text.gpt_lld_init
                0x0000000008010160       0x14 build/obj/gpt_lld.o
                0x0000000008010160                gpt_lld_init
 *fill*         0x0000000008010174        0xc 
 .text.gpt_lld_start
                0x0000000008010180       0x64 build/obj/gpt_lld.o
                0x0000000008010180                gpt_lld_start
 *fill*         0x00000000080101e4        0xc 
 .text.gpt_lld_start_timer
                0x00000000080101f0       0x1c build/obj/gpt_lld.o
                0x00000000080101f0                gpt_lld_start_timer
 *fill*         0x000000000801020c        0x4 
 .text.VectorB4
                0x0000000008010210       0x90 build/obj/icu_lld.o
                0x0000000008010210                VectorB4
 .text.icu_lld_init
                0x00000000080102a0       0x18 build/obj/icu_lld.o
                0x00000000080102a0                icu_lld_init
 *fill*         0x00000000080102b8        0x8 
 .text.icu_lld_start
                0x00000000080102c0       0xbc build/obj/icu_lld.o
                0x00000000080102c0                icu_lld_start
 *fill*         0x000000000801037c        0x4 
 .text.icu_lld_enable
                0x0000000008010380       0x58 build/obj/icu_lld.o
                0x0000000008010380                icu_lld_enable
 *fill*         0x00000000080103d8        0x8 
 .text.usart_stop
                0x00000000080103e0       0x48 build/obj/uart_lld.o
 *fill*         0x0000000008010428        0x8 
 .text.serve_usart_irq
                0x0000000008010430       0x68 build/obj/uart_lld.o
 *fill*         0x0000000008010498        0x8 
 .text.uart_lld_serve_tx_end_irq
                0x00000000080104a0       0x48 build/obj/uart_lld.o
 *fill*         0x00000000080104e8        0x8 
 .text.uart_lld_serve_rx_end_irq
                0x00000000080104f0       0x88 build/obj/uart_lld.o
 *fill*         0x0000000008010578        0x8 
 .text.VectorDC
                0x0000000008010580       0x14 build/obj/uart_lld.o
                0x0000000008010580                VectorDC
 *fill*         0x0000000008010594        0xc 
 .text.Vector15C
                0x00000000080105a0       0x14 build/obj/uart_lld.o
                0x00000000080105a0                Vector15C
 *fill*         0x00000000080105b4        0xc 
 .text.uart_lld_init
                0x00000000080105c0       0x48 build/obj/uart_lld.o
                0x00000000080105c0                uart_lld_init
 *fill*         0x0000000008010608        0x8 
 .text.uart_lld_start
                0x0000000008010610      0x170 build/obj/uart_lld.o
                0x0000000008010610                uart_lld_start
 .text.uart_lld_start_send
                0x0000000008010780       0x1c build/obj/uart_lld.o
                0x0000000008010780                uart_lld_start_send
 *fill*         0x000000000801079c        0x4 
 .text.__early_init
                0x00000000080107a0        0x4 build/obj/board.o
                0x00000000080107a0                __early_init
 *fill*         0x00000000080107a4        0xc 
 .text.boardInit
                0x00000000080107b0        0x4 build/obj/board.o
                0x00000000080107b0                boardInit
 *fill*         0x00000000080107b4        0xc 
 .text.long_to_string_with_divisor
                0x00000000080107c0       0x48 build/obj/chprintf.o
 *fill*         0x0000000008010808        0x8 
 .text.chvprintf
                0x0000000008010810      0x37c build/obj/chprintf.o
                0x0000000008010810                chvprintf
 *fill*         0x0000000008010b8c        0x4 
 .text.put      0x0000000008010b90       0x1c build/obj/memstreams.o
 *fill*         0x0000000008010bac        0x4 
 .text.get      0x0000000008010bb0       0x1c build/obj/memstreams.o
 *fill*         0x0000000008010bcc        0x4 
 .text.reads    0x0000000008010bd0       0x28 build/obj/memstreams.o
 *fill*         0x0000000008010bf8        0x8 
 .text.writes   0x0000000008010c00       0x24 build/obj/memstreams.o
 *fill*         0x0000000008010c24        0xc 
 .text.msObjectInit
                0x0000000008010c30       0x1c build/obj/memstreams.o
                0x0000000008010c30                msObjectInit
 *fill*         0x0000000008010c4c        0x4 
 .text.uart_process_thread
                0x0000000008010c50       0x3c build/obj/bldc.o
 *fill*         0x0000000008010c8c        0x4 
 .text.timer_thread
                0x0000000008010c90       0x20 build/obj/bldc.o
 .text.sample_send_thread
                0x0000000008010cb0      0x130 build/obj/bldc.o
 .text.periodic_thread
                0x0000000008010de0       0x88 build/obj/bldc.o
 *fill*         0x0000000008010e68        0x8 
 .text.debug_print_usb
                0x0000000008010e70       0x58 build/obj/bldc.o
                0x0000000008010e70                debug_print_usb
 *fill*         0x0000000008010ec8        0x8 
 .text.bldc_init
                0x0000000008010ed0       0x5c build/obj/bldc.o
                0x0000000008010ed0                bldc_init
 *fill*         0x0000000008010f2c        0x4 
 .text.bldc_start
                0x0000000008010f30      0x12c build/obj/bldc.o
                0x0000000008010f30                bldc_start
 *fill*         0x000000000801105c        0x4 
 .text.SEQUENCE_thread
                0x0000000008011060       0x1c build/obj/mcpwm.o
 *fill*         0x000000000801107c        0x4 
 .text.mcpwm_adc_int_handler
                0x0000000008011080       0x1c build/obj/mcpwm.o
                0x0000000008011080                mcpwm_adc_int_handler
 *fill*         0x000000000801109c        0x4 
 .text.ClarkePark
                0x00000000080110a0       0x68 build/obj/mcpwm.o
                0x00000000080110a0                ClarkePark
 *fill*         0x0000000008011108        0x8 
 .text.CalcPI   0x0000000008011110       0x60 build/obj/mcpwm.o
                0x0000000008011110                CalcPI
 .text.SetupControlParameters
                0x0000000008011170       0x98 build/obj/mcpwm.o
                0x0000000008011170                SetupControlParameters
 *fill*         0x0000000008011208        0x8 
 .text.VoltRippleComp
                0x0000000008011210       0x5c build/obj/mcpwm.o
                0x0000000008011210                VoltRippleComp
 *fill*         0x000000000801126c        0x4 
 .text.DoControl
                0x0000000008011270      0x248 build/obj/mcpwm.o
                0x0000000008011270                DoControl
 *fill*         0x00000000080114b8        0x8 
 .text.InvPark  0x00000000080114c0       0x4c build/obj/mcpwm.o
                0x00000000080114c0                InvPark
 *fill*         0x000000000801150c        0x4 
 .text.CalcTimes
                0x0000000008011510       0x6c build/obj/mcpwm.o
                0x0000000008011510                CalcTimes
 *fill*         0x000000000801157c        0x4 
 .text.update_timer_Duty
                0x0000000008011580       0x58 build/obj/mcpwm.o
                0x0000000008011580                update_timer_Duty
 *fill*         0x00000000080115d8        0x8 
 .text.CalcSVGen
                0x00000000080115e0      0x104 build/obj/mcpwm.o
                0x00000000080115e0                CalcSVGen
 *fill*         0x00000000080116e4        0xc 
 .text.SMC_HallSensor_Estimation
                0x00000000080116f0      0x19c build/obj/mcpwm.o
                0x00000000080116f0                SMC_HallSensor_Estimation
 *fill*         0x000000000801188c        0x4 
 .text.mcpwm_adc_inj_int_handler
                0x0000000008011890      0x160 build/obj/mcpwm.o
                0x0000000008011890                mcpwm_adc_inj_int_handler
 .text.FWInit   0x00000000080119f0       0xac build/obj/mcpwm.o
                0x00000000080119f0                FWInit
 *fill*         0x0000000008011a9c        0x4 
 .text.mcpwm_init
                0x0000000008011aa0      0x508 build/obj/mcpwm.o
                0x0000000008011aa0                mcpwm_init
 *fill*         0x0000000008011fa8        0x8 
 .text.mcpwm_get_state
                0x0000000008011fb0        0x4 build/obj/mcpwm.o
                0x0000000008011fb0                mcpwm_get_state
 *fill*         0x0000000008011fb4        0xc 
 .text.mcpwm_get_fault
                0x0000000008011fc0        0xc build/obj/mcpwm.o
                0x0000000008011fc0                mcpwm_get_fault
 *fill*         0x0000000008011fcc        0x4 
 .text.get_descriptor
                0x0000000008011fd0       0x30 build/obj/usb_uart.o
 .text.usb_event
                0x0000000008012000       0x38 build/obj/usb_uart.o
 *fill*         0x0000000008012038        0x8 
 .text.usb_uart_init
                0x0000000008012040       0x4c build/obj/usb_uart.o
                0x0000000008012040                usb_uart_init
 *fill*         0x000000000801208c        0x4 
 .text.Vector11C
                0x0000000008012090       0x1c build/obj/irq_handlers.o
                0x0000000008012090                Vector11C
 *fill*         0x00000000080120ac        0x4 
 .text.Vector88
                0x00000000080120b0       0x1c build/obj/irq_handlers.o
                0x00000000080120b0                Vector88
 *fill*         0x00000000080120cc        0x4 
 .text.VectorE0
                0x00000000080120d0       0x24 build/obj/irq_handlers.o
                0x00000000080120d0                VectorE0
 *fill*         0x00000000080120f4        0xc 
 .text.buffer_append_int32
                0x0000000008012100       0x2c build/obj/buffer.o
                0x0000000008012100                buffer_append_int32
 *fill*         0x000000000801212c        0x4 
 .text.buffer_get_int16
                0x0000000008012130       0x14 build/obj/buffer.o
                0x0000000008012130                buffer_get_int16
 *fill*         0x0000000008012144        0xc 
 .text.comm_usb_init
                0x0000000008012150       0x14 build/obj/comm_usb.o
                0x0000000008012150                comm_usb_init
 *fill*         0x0000000008012164        0xc 
 .text.crc16    0x0000000008012170       0x30 build/obj/crc.o
                0x0000000008012170                crc16
 .text.ledpwm_init
                0x00000000080121a0       0x58 build/obj/ledpwm.o
                0x00000000080121a0                ledpwm_init
 *fill*         0x00000000080121f8        0x8 
 .text.ledpwm_set_intensity
                0x0000000008012200       0x50 build/obj/ledpwm.o
                0x0000000008012200                ledpwm_set_intensity
 .text.icuwidthcb
                0x0000000008012250      0x150 build/obj/servo_dec.o
 .text.icuperiodcb
                0x00000000080123a0        0x4 build/obj/servo_dec.o
 *fill*         0x00000000080123a4        0xc 
 .text.servodec_init
                0x00000000080123b0       0x48 build/obj/servo_dec.o
                0x00000000080123b0                servodec_init
 *fill*         0x00000000080123f8        0x8 
 .text.servodec_set_pulse_options
                0x0000000008012400       0x20 build/obj/servo_dec.o
                0x0000000008012400                servodec_set_pulse_options
 .text.utils_sys_lock_cnt
                0x0000000008012420       0x14 build/obj/utils.o
                0x0000000008012420                utils_sys_lock_cnt
 *fill*         0x0000000008012434        0xc 
 .text.utils_sys_unlock_cnt
                0x0000000008012440       0x18 build/obj/utils.o
                0x0000000008012440                utils_sys_unlock_cnt
 *fill*         0x0000000008012458        0x8 
 .text.servo_irq
                0x0000000008012460      0x110 build/obj/servo.o
                0x0000000008012460                servo_irq
 .text.packet_init
                0x0000000008012570       0x14 build/obj/packet.o
                0x0000000008012570                packet_init
 *fill*         0x0000000008012584        0xc 
 .text.packet_send_packet
                0x0000000008012590       0xb8 build/obj/packet.o
                0x0000000008012590                packet_send_packet
 *fill*         0x0000000008012648        0x8 
 .text.packet_timerfunc
                0x0000000008012650       0x48 build/obj/packet.o
                0x0000000008012650                packet_timerfunc
 *fill*         0x0000000008012698        0x8 
 .text.packet_process_byte
                0x00000000080126a0      0x144 build/obj/packet.o
                0x00000000080126a0                packet_process_byte
 *fill*         0x00000000080127e4        0xc 
 .text.conf_general_init
                0x00000000080127f0       0x58 build/obj/conf_general.o
                0x00000000080127f0                conf_general_init
 *fill*         0x0000000008012848        0x8 
 .text.conf_general_read_app_configuration
                0x0000000008012850      0x124 build/obj/conf_general.o
                0x0000000008012850                conf_general_read_app_configuration
 *fill*         0x0000000008012974        0xc 
 .text.conf_general_read_mc_configuration
                0x0000000008012980      0x1a0 build/obj/conf_general.o
                0x0000000008012980                conf_general_read_mc_configuration
 .text.conf_general_detect_motor_param
                0x0000000008012b20        0x4 build/obj/conf_general.o
                0x0000000008012b20                conf_general_detect_motor_param
 *fill*         0x0000000008012b24        0xc 
 .text.EE_VerifyPageFullWriteVariable
                0x0000000008012b30       0x7c build/obj/eeprom.o
 *fill*         0x0000000008012bac        0x4 
 .text.EE_Format
                0x0000000008012bb0       0x2c build/obj/eeprom.o
 *fill*         0x0000000008012bdc        0x4 
 .text.EE_ReadVariable
                0x0000000008012be0       0x70 build/obj/eeprom.o
                0x0000000008012be0                EE_ReadVariable
 .text.EE_Init  0x0000000008012c50      0x160 build/obj/eeprom.o
                0x0000000008012c50                EE_Init
 .text.detect_thread
                0x0000000008012db0       0xc0 build/obj/commands.o
 .text.commands_init
                0x0000000008012e70       0x24 build/obj/commands.o
                0x0000000008012e70                commands_init
 *fill*         0x0000000008012e94        0xc 
 .text.commands_set_send_func
                0x0000000008012ea0        0xc build/obj/commands.o
                0x0000000008012ea0                commands_set_send_func
 *fill*         0x0000000008012eac        0x4 
 .text.commands_process_packet
                0x0000000008012eb0        0x4 build/obj/commands.o
                0x0000000008012eb0                commands_process_packet
 *fill*         0x0000000008012eb4        0xc 
 .text.commands_send_samples
                0x0000000008012ec0       0x4c build/obj/commands.o
                0x0000000008012ec0                commands_send_samples
 *fill*         0x0000000008012f0c        0x4 
 .text.timeout_thread
                0x0000000008012f10       0x1c build/obj/timeout.o
 *fill*         0x0000000008012f2c        0x4 
 .text.timeout_init
                0x0000000008012f30       0x54 build/obj/timeout.o
                0x0000000008012f30                timeout_init
 *fill*         0x0000000008012f84        0xc 
 .text.timeout_configure
                0x0000000008012f90       0x14 build/obj/timeout.o
                0x0000000008012f90                timeout_configure
 *fill*         0x0000000008012fa4        0xc 
 .text.timeout_reset
                0x0000000008012fb0       0x14 build/obj/timeout.o
                0x0000000008012fb0                timeout_reset
 *fill*         0x0000000008012fc4        0xc 
 .text.timeout_has_timeout
                0x0000000008012fd0        0xc build/obj/timeout.o
                0x0000000008012fd0                timeout_has_timeout
 *fill*         0x0000000008012fdc        0x4 
 .text.gpt_cb   0x0000000008012fe0        0x4 build/obj/spi_dac.o
 *fill*         0x0000000008012fe4        0xc 
 .text.initGPT  0x0000000008012ff0       0x24 build/obj/spi_dac.o
                0x0000000008012ff0                initGPT
 *fill*         0x0000000008013014        0xc 
 .text.spi_hw_init_gpio
                0x0000000008013020       0x68 build/obj/spi_dac.o
                0x0000000008013020                spi_hw_init_gpio
 *fill*         0x0000000008013088        0x8 
 .text.spi_dac_hw_init
                0x0000000008013090       0x28 build/obj/spi_dac.o
                0x0000000008013090                spi_dac_hw_init
 *fill*         0x00000000080130b8        0x8 
 .text.hw_init_gpio
                0x00000000080130c0      0x190 build/obj/hw_oroca.o
                0x00000000080130c0                hw_init_gpio
 .text.hw_setup_adc_channels
                0x0000000008013250       0xc0 build/obj/hw_oroca.o
                0x0000000008013250                hw_setup_adc_channels
 .text.hw_start_i2c
                0x0000000008013310       0x50 build/obj/hw_oroca.o
                0x0000000008013310                hw_start_i2c
 .text.hw_stop_i2c
                0x0000000008013360       0x48 build/obj/hw_oroca.o
                0x0000000008013360                hw_stop_i2c
 *fill*         0x00000000080133a8        0x8 
 .text.hw_try_restore_i2c
                0x00000000080133b0       0xc4 build/obj/hw_oroca.o
                0x00000000080133b0                hw_try_restore_i2c
 *fill*         0x0000000008013474        0xc 
 .text.app_get_configuration
                0x0000000008013480        0x8 build/obj/app.o
                0x0000000008013480                app_get_configuration
 *fill*         0x0000000008013488        0x8 
 .text.app_set_configuration
                0x0000000008013490       0x34 build/obj/app.o
                0x0000000008013490                app_set_configuration
 *fill*         0x00000000080134c4        0xc 
 .text.app_init
                0x00000000080134d0       0x70 build/obj/app.o
                0x00000000080134d0                app_init
 .text.update   0x0000000008013540       0x2c build/obj/app_ppm.o
 *fill*         0x000000000801356c        0x4 
 .text.ppm_thread
                0x0000000008013570       0x44 build/obj/app_ppm.o
 *fill*         0x00000000080135b4        0xc 
 .text.servodec_func
                0x00000000080135c0       0x1c build/obj/app_ppm.o
 *fill*         0x00000000080135dc        0x4 
 .text.app_ppm_configure
                0x00000000080135e0       0x48 build/obj/app_ppm.o
                0x00000000080135e0                app_ppm_configure
 *fill*         0x0000000008013628        0x8 
 .text.app_ppm_start
                0x0000000008013630       0x3c build/obj/app_ppm.o
                0x0000000008013630                app_ppm_start
 *fill*         0x000000000801366c        0x4 
 .text.adc_thread
                0x0000000008013670       0x24 build/obj/app_adc.o
 *fill*         0x0000000008013694        0xc 
 .text.app_adc_configure
                0x00000000080136a0       0x28 build/obj/app_adc.o
                0x00000000080136a0                app_adc_configure
 *fill*         0x00000000080136c8        0x8 
 .text.app_adc_start
                0x00000000080136d0       0x24 build/obj/app_adc.o
                0x00000000080136d0                app_adc_start
 *fill*         0x00000000080136f4        0xc 
 .text.txend1   0x0000000008013700        0x4 build/obj/app_uartcomm.o
 *fill*         0x0000000008013704        0xc 
 .text.txend2   0x0000000008013710        0x4 build/obj/app_uartcomm.o
 *fill*         0x0000000008013714        0xc 
 .text.rxerr    0x0000000008013720        0x4 build/obj/app_uartcomm.o
 *fill*         0x0000000008013724        0xc 
 .text.rxend    0x0000000008013730        0x4 build/obj/app_uartcomm.o
 *fill*         0x0000000008013734        0xc 
 .text.packet_process_thread
                0x0000000008013740       0x60 build/obj/app_uartcomm.o
 .text.rxchar   0x00000000080137a0       0x34 build/obj/app_uartcomm.o
 *fill*         0x00000000080137d4        0xc 
 .text.process_packet
                0x00000000080137e0       0x1c build/obj/app_uartcomm.o
 *fill*         0x00000000080137fc        0x4 
 .text.send_packet_wrapper
                0x0000000008013800        0x8 build/obj/app_uartcomm.o
 *fill*         0x0000000008013808        0x8 
 .text.send_packet
                0x0000000008013810       0x3c build/obj/app_uartcomm.o
 *fill*         0x000000000801384c        0x4 
 .text.app_uartcomm_start
                0x0000000008013850       0x70 build/obj/app_uartcomm.o
                0x0000000008013850                app_uartcomm_start
 .text.app_uartcomm_configure
                0x00000000080138c0       0x20 build/obj/app_uartcomm.o
                0x00000000080138c0                app_uartcomm_configure
 .text.output_thread
                0x00000000080138e0       0x1c build/obj/app_nunchuk.o
 *fill*         0x00000000080138fc        0x4 
 .text.app_nunchuk_configure
                0x0000000008013900       0x1c build/obj/app_nunchuk.o
                0x0000000008013900                app_nunchuk_configure
 *fill*         0x000000000801391c        0x4 
 .text.app_nunchuk_start
                0x0000000008013920       0x2c build/obj/app_nunchuk.o
                0x0000000008013920                app_nunchuk_start
 *fill*         0x000000000801394c        0x4 
 .text.app_nunchuk_update_output
                0x0000000008013950       0x54 build/obj/app_nunchuk.o
                0x0000000008013950                app_nunchuk_update_output
 *fill*         0x00000000080139a4        0xc 
 .text.chuk_thread
                0x00000000080139b0      0x1ac build/obj/app_nunchuk.o
 *fill*         0x0000000008013b5c        0x4 
 .text.spi_sw_init
                0x0000000008013b60       0x54 build/obj/spi_sw.o
                0x0000000008013b60                spi_sw_init
 *fill*         0x0000000008013bb4        0xc 
 .text.spi_sw_transfer
                0x0000000008013bc0       0xa0 build/obj/spi_sw.o
                0x0000000008013bc0                spi_sw_transfer
 .text.spi_sw_begin
                0x0000000008013c60       0x18 build/obj/spi_sw.o
                0x0000000008013c60                spi_sw_begin
 *fill*         0x0000000008013c78        0x8 
 .text.spi_sw_end
                0x0000000008013c80       0x18 build/obj/spi_sw.o
                0x0000000008013c80                spi_sw_end
 *fill*         0x0000000008013c98        0x8 
 .text.rf_read_rx_payload
                0x0000000008013ca0       0x30 build/obj/rf.o
                0x0000000008013ca0                rf_read_rx_payload
 .text.rf_flush_tx
                0x0000000008013cd0       0x24 build/obj/rf.o
                0x0000000008013cd0                rf_flush_tx
 *fill*         0x0000000008013cf4        0xc 
 .text.rf_flush_rx
                0x0000000008013d00       0x24 build/obj/rf.o
                0x0000000008013d00                rf_flush_rx
 *fill*         0x0000000008013d24        0xc 
 .text.rf_get_payload_width
                0x0000000008013d30       0x34 build/obj/rf.o
                0x0000000008013d30                rf_get_payload_width
 *fill*         0x0000000008013d64        0xc 
 .text.rf_status
                0x0000000008013d70       0x28 build/obj/rf.o
                0x0000000008013d70                rf_status
 *fill*         0x0000000008013d98        0x8 
 .text.rf_write_reg
                0x0000000008013da0       0x34 build/obj/rf.o
                0x0000000008013da0                rf_write_reg
 *fill*         0x0000000008013dd4        0xc 
 .text.rf_set_rx_addr
                0x0000000008013de0        0x8 build/obj/rf.o
                0x0000000008013de0                rf_set_rx_addr
 *fill*         0x0000000008013de8        0x8 
 .text.rf_set_tx_addr
                0x0000000008013df0        0xc build/obj/rf.o
                0x0000000008013df0                rf_set_tx_addr
 *fill*         0x0000000008013dfc        0x4 
 .text.rf_clear_rx_irq
                0x0000000008013e00       0x1c build/obj/rf.o
                0x0000000008013e00                rf_clear_rx_irq
 *fill*         0x0000000008013e1c        0x4 
 .text.rf_read_reg
                0x0000000008013e20       0x30 build/obj/rf.o
                0x0000000008013e20                rf_read_reg
 .text.rf_set_speed
                0x0000000008013e50       0x44 build/obj/rf.o
                0x0000000008013e50                rf_set_speed
 *fill*         0x0000000008013e94        0xc 
 .text.rf_set_power
                0x0000000008013ea0       0x44 build/obj/rf.o
                0x0000000008013ea0                rf_set_power
 *fill*         0x0000000008013ee4        0xc 
 .text.rf_set_crc_type
                0x0000000008013ef0       0x48 build/obj/rf.o
                0x0000000008013ef0                rf_set_crc_type
 *fill*         0x0000000008013f38        0x8 
 .text.rf_set_retr_retries
                0x0000000008013f40       0x38 build/obj/rf.o
                0x0000000008013f40                rf_set_retr_retries
 *fill*         0x0000000008013f78        0x8 
 .text.rf_set_retr_delay
                0x0000000008013f80       0x38 build/obj/rf.o
                0x0000000008013f80                rf_set_retr_delay
 *fill*         0x0000000008013fb8        0x8 
 .text.rf_power_up
                0x0000000008013fc0       0x38 build/obj/rf.o
                0x0000000008013fc0                rf_power_up
 *fill*         0x0000000008013ff8        0x8 
 .text.rf_mode_rx
                0x0000000008014000       0x34 build/obj/rf.o
                0x0000000008014000                rf_mode_rx
 *fill*         0x0000000008014034        0xc 
 .text.rf_enable_pipe_autoack
                0x0000000008014040       0x34 build/obj/rf.o
                0x0000000008014040                rf_enable_pipe_autoack
 *fill*         0x0000000008014074        0xc 
 .text.rf_enable_pipe_address
                0x0000000008014080       0x38 build/obj/rf.o
                0x0000000008014080                rf_enable_pipe_address
 *fill*         0x00000000080140b8        0x8 
 .text.rf_enable_pipe_dlp
                0x00000000080140c0       0x38 build/obj/rf.o
                0x00000000080140c0                rf_enable_pipe_dlp
 *fill*         0x00000000080140f8        0x8 
 .text.rf_enable_features
                0x0000000008014100       0x38 build/obj/rf.o
                0x0000000008014100                rf_enable_features
 *fill*         0x0000000008014138        0x8 
 .text.rf_init  0x0000000008014140       0xa0 build/obj/rf.o
                0x0000000008014140                rf_init
 .text.rfhelp_init
                0x00000000080141e0       0x6c build/obj/rfhelp.o
                0x00000000080141e0                rfhelp_init
 *fill*         0x000000000801424c        0x4 
 .text.rfhelp_restart
                0x0000000008014250       0x60 build/obj/rfhelp.o
                0x0000000008014250                rfhelp_restart
 .text.rfhelp_read_rx_data
                0x00000000080142b0       0x60 build/obj/rfhelp.o
                0x00000000080142b0                rfhelp_read_rx_data
 .text.rfhelp_set_tx_addr
                0x0000000008014310       0x54 build/obj/rfhelp.o
                0x0000000008014310                rfhelp_set_tx_addr
 *fill*         0x0000000008014364        0xc 
 .text.rfhelp_set_rx_addr
                0x0000000008014370       0x6c build/obj/rfhelp.o
                0x0000000008014370                rfhelp_set_rx_addr
 *fill*         0x00000000080143dc        0x4 
 .text.tx_thread
                0x00000000080143e0       0x1c build/obj/nrf_driver.o
 *fill*         0x00000000080143fc        0x4 
 .text.rx_thread
                0x0000000008014400       0xc0 build/obj/nrf_driver.o
 .text.nrf_driver_init
                0x00000000080144c0       0x78 build/obj/nrf_driver.o
                0x00000000080144c0                nrf_driver_init
 *fill*         0x0000000008014538        0x8 
 .text.NVIC_Init
                0x0000000008014540       0x70 build/obj/misc.o
                0x0000000008014540                NVIC_Init
 .text.DMA_Init
                0x00000000080145b0       0x70 build/obj/stm32f4xx_dma.o
                0x00000000080145b0                DMA_Init
 .text.DMA_Cmd  0x0000000008014620       0x14 build/obj/stm32f4xx_dma.o
                0x0000000008014620                DMA_Cmd
 *fill*         0x0000000008014634        0xc 
 .text.DMA_ITConfig
                0x0000000008014640       0x40 build/obj/stm32f4xx_dma.o
                0x0000000008014640                DMA_ITConfig
 .text.RCC_AHB1PeriphClockCmd
                0x0000000008014680       0x18 build/obj/stm32f4xx_rcc.o
                0x0000000008014680                RCC_AHB1PeriphClockCmd
 *fill*         0x0000000008014698        0x8 
 .text.RCC_APB1PeriphClockCmd
                0x00000000080146a0       0x18 build/obj/stm32f4xx_rcc.o
                0x00000000080146a0                RCC_APB1PeriphClockCmd
 *fill*         0x00000000080146b8        0x8 
 .text.RCC_APB2PeriphClockCmd
                0x00000000080146c0       0x18 build/obj/stm32f4xx_rcc.o
                0x00000000080146c0                RCC_APB2PeriphClockCmd
 *fill*         0x00000000080146d8        0x8 
 .text.RCC_APB1PeriphResetCmd
                0x00000000080146e0       0x18 build/obj/stm32f4xx_rcc.o
                0x00000000080146e0                RCC_APB1PeriphResetCmd
 *fill*         0x00000000080146f8        0x8 
 .text.RCC_APB2PeriphResetCmd
                0x0000000008014700       0x18 build/obj/stm32f4xx_rcc.o
                0x0000000008014700                RCC_APB2PeriphResetCmd
 *fill*         0x0000000008014718        0x8 
 .text.ADC_Init
                0x0000000008014720       0x50 build/obj/stm32f4xx_adc.o
                0x0000000008014720                ADC_Init
 .text.ADC_CommonInit
                0x0000000008014770       0x28 build/obj/stm32f4xx_adc.o
                0x0000000008014770                ADC_CommonInit
 *fill*         0x0000000008014798        0x8 
 .text.ADC_Cmd  0x00000000080147a0       0x14 build/obj/stm32f4xx_adc.o
                0x00000000080147a0                ADC_Cmd
 *fill*         0x00000000080147b4        0xc 
 .text.ADC_RegularChannelConfig
                0x00000000080147c0       0x8c build/obj/stm32f4xx_adc.o
                0x00000000080147c0                ADC_RegularChannelConfig
 *fill*         0x000000000801484c        0x4 
 .text.ADC_MultiModeDMARequestAfterLastTransferCmd
                0x0000000008014850       0x1c build/obj/stm32f4xx_adc.o
                0x0000000008014850                ADC_MultiModeDMARequestAfterLastTransferCmd
 *fill*         0x000000000801486c        0x4 
 .text.ADC_InjectedChannelConfig
                0x0000000008014870       0x58 build/obj/stm32f4xx_adc.o
                0x0000000008014870                ADC_InjectedChannelConfig
 *fill*         0x00000000080148c8        0x8 
 .text.ADC_InjectedSequencerLengthConfig
                0x00000000080148d0       0x10 build/obj/stm32f4xx_adc.o
                0x00000000080148d0                ADC_InjectedSequencerLengthConfig
 .text.ADC_ExternalTrigInjectedConvConfig
                0x00000000080148e0        0xc build/obj/stm32f4xx_adc.o
                0x00000000080148e0                ADC_ExternalTrigInjectedConvConfig
 *fill*         0x00000000080148ec        0x4 
 .text.ADC_ExternalTrigInjectedConvEdgeConfig
                0x00000000080148f0        0xc build/obj/stm32f4xx_adc.o
                0x00000000080148f0                ADC_ExternalTrigInjectedConvEdgeConfig
 *fill*         0x00000000080148fc        0x4 
 .text.ADC_GetInjectedConversionValue
                0x0000000008014900       0x1c build/obj/stm32f4xx_adc.o
                0x0000000008014900                ADC_GetInjectedConversionValue
 *fill*         0x000000000801491c        0x4 
 .text.ADC_ITConfig
                0x0000000008014920       0x1c build/obj/stm32f4xx_adc.o
                0x0000000008014920                ADC_ITConfig
 *fill*         0x000000000801493c        0x4 
 .text.ADC_ClearITPendingBit
                0x0000000008014940        0x8 build/obj/stm32f4xx_adc.o
                0x0000000008014940                ADC_ClearITPendingBit
 *fill*         0x0000000008014948        0x8 
 .text.EXTI_GetITStatus
                0x0000000008014950       0x1c build/obj/stm32f4xx_exti.o
                0x0000000008014950                EXTI_GetITStatus
 *fill*         0x000000000801496c        0x4 
 .text.EXTI_ClearITPendingBit
                0x0000000008014970        0xc build/obj/stm32f4xx_exti.o
                0x0000000008014970                EXTI_ClearITPendingBit
 *fill*         0x000000000801497c        0x4 
 .text.FLASH_Unlock
                0x0000000008014980       0x20 build/obj/stm32f4xx_flash.o
                0x0000000008014980                FLASH_Unlock
 .text.FLASH_ClearFlag
                0x00000000080149a0        0xc build/obj/stm32f4xx_flash.o
                0x00000000080149a0                FLASH_ClearFlag
 *fill*         0x00000000080149ac        0x4 
 .text.FLASH_GetStatus
                0x00000000080149b0       0x34 build/obj/stm32f4xx_flash.o
                0x00000000080149b0                FLASH_GetStatus
 *fill*         0x00000000080149e4        0xc 
 .text.FLASH_WaitForLastOperation
                0x00000000080149f0       0x28 build/obj/stm32f4xx_flash.o
                0x00000000080149f0                FLASH_WaitForLastOperation
 *fill*         0x0000000008014a18        0x8 
 .text.FLASH_EraseSector
                0x0000000008014a20       0x74 build/obj/stm32f4xx_flash.o
                0x0000000008014a20                FLASH_EraseSector
 *fill*         0x0000000008014a94        0xc 
 .text.FLASH_ProgramHalfWord
                0x0000000008014aa0       0x40 build/obj/stm32f4xx_flash.o
                0x0000000008014aa0                FLASH_ProgramHalfWord
 .text.TIM_DeInit
                0x0000000008014ae0      0x1b8 build/obj/stm32f4xx_tim.o
                0x0000000008014ae0                TIM_DeInit
 *fill*         0x0000000008014c98        0x8 
 .text.TIM_TimeBaseInit
                0x0000000008014ca0       0x98 build/obj/stm32f4xx_tim.o
                0x0000000008014ca0                TIM_TimeBaseInit
 *fill*         0x0000000008014d38        0x8 
 .text.TIM_ARRPreloadConfig
                0x0000000008014d40       0x1c build/obj/stm32f4xx_tim.o
                0x0000000008014d40                TIM_ARRPreloadConfig
 *fill*         0x0000000008014d5c        0x4 
 .text.TIM_Cmd  0x0000000008014d60       0x1c build/obj/stm32f4xx_tim.o
                0x0000000008014d60                TIM_Cmd
 *fill*         0x0000000008014d7c        0x4 
 .text.TIM_OC1Init
                0x0000000008014d80       0x84 build/obj/stm32f4xx_tim.o
                0x0000000008014d80                TIM_OC1Init
 *fill*         0x0000000008014e04        0xc 
 .text.TIM_OC2Init
                0x0000000008014e10       0x90 build/obj/stm32f4xx_tim.o
                0x0000000008014e10                TIM_OC2Init
 .text.TIM_OC3Init
                0x0000000008014ea0       0x90 build/obj/stm32f4xx_tim.o
                0x0000000008014ea0                TIM_OC3Init
 .text.TIM_OC4Init
                0x0000000008014f30       0x74 build/obj/stm32f4xx_tim.o
                0x0000000008014f30                TIM_OC4Init
 *fill*         0x0000000008014fa4        0xc 
 .text.TIM_OC1PreloadConfig
                0x0000000008014fb0       0x10 build/obj/stm32f4xx_tim.o
                0x0000000008014fb0                TIM_OC1PreloadConfig
 .text.TIM_OC2PreloadConfig
                0x0000000008014fc0       0x14 build/obj/stm32f4xx_tim.o
                0x0000000008014fc0                TIM_OC2PreloadConfig
 *fill*         0x0000000008014fd4        0xc 
 .text.TIM_OC3PreloadConfig
                0x0000000008014fe0       0x10 build/obj/stm32f4xx_tim.o
                0x0000000008014fe0                TIM_OC3PreloadConfig
 .text.TIM_OC4PreloadConfig
                0x0000000008014ff0       0x14 build/obj/stm32f4xx_tim.o
                0x0000000008014ff0                TIM_OC4PreloadConfig
 *fill*         0x0000000008015004        0xc 
 .text.TIM_BDTRConfig
                0x0000000008015010       0x28 build/obj/stm32f4xx_tim.o
                0x0000000008015010                TIM_BDTRConfig
 *fill*         0x0000000008015038        0x8 
 .text.TIM_CtrlPWMOutputs
                0x0000000008015040       0x20 build/obj/stm32f4xx_tim.o
                0x0000000008015040                TIM_CtrlPWMOutputs
 .text.TIM_CCPreloadControl
                0x0000000008015060       0x1c build/obj/stm32f4xx_tim.o
                0x0000000008015060                TIM_CCPreloadControl
 *fill*         0x000000000801507c        0x4 
 .text.TIM_ClearITPendingBit
                0x0000000008015080        0x8 build/obj/stm32f4xx_tim.o
                0x0000000008015080                TIM_ClearITPendingBit
 *fill*         0x0000000008015088        0x8 
 .text.TIM_SelectInputTrigger
                0x0000000008015090       0x10 build/obj/stm32f4xx_tim.o
                0x0000000008015090                TIM_SelectInputTrigger
 .text.TIM_SelectOutputTrigger
                0x00000000080150a0       0x18 build/obj/stm32f4xx_tim.o
                0x00000000080150a0                TIM_SelectOutputTrigger
 *fill*         0x00000000080150b8        0x8 
 .text.TIM_SelectSlaveMode
                0x00000000080150c0       0x18 build/obj/stm32f4xx_tim.o
                0x00000000080150c0                TIM_SelectSlaveMode
 *fill*         0x00000000080150d8        0x8 
 .text.TIM_SelectMasterSlaveMode
                0x00000000080150e0       0x18 build/obj/stm32f4xx_tim.o
                0x00000000080150e0                TIM_SelectMasterSlaveMode
 *fill*         0x00000000080150f8        0x8 
 .text.WWDG_SetPrescaler
                0x0000000008015100       0x14 build/obj/stm32f4xx_wwdg.o
                0x0000000008015100                WWDG_SetPrescaler
 *fill*         0x0000000008015114        0xc 
 .text.WWDG_SetWindowValue
                0x0000000008015120       0x28 build/obj/stm32f4xx_wwdg.o
                0x0000000008015120                WWDG_SetWindowValue
 *fill*         0x0000000008015148        0x8 
 .text.WWDG_SetCounter
                0x0000000008015150       0x10 build/obj/stm32f4xx_wwdg.o
                0x0000000008015150                WWDG_SetCounter
 .text.WWDG_Enable
                0x0000000008015160       0x10 build/obj/stm32f4xx_wwdg.o
                0x0000000008015160                WWDG_Enable
 .text.cosf     0x0000000008015170       0x78 /Users/imac/Downloads/gcc-arm-none-eabi-4_9-2015q2/bin/../lib/gcc/arm-none-eabi/4.9.3/../../../../arm-none-eabi/lib/armv7e-m/fpu/libm.a(lib_a-sf_cos.o)
                0x0000000008015170                cosf
 *fill*         0x00000000080151e8        0x8 
 .text.roundf   0x00000000080151f0       0x60 /Users/imac/Downloads/gcc-arm-none-eabi-4_9-2015q2/bin/../lib/gcc/arm-none-eabi/4.9.3/../../../../arm-none-eabi/lib/armv7e-m/fpu/libm.a(lib_a-sf_round.o)
                0x00000000080151f0                roundf
 .text.sinf     0x0000000008015250       0x7c /Users/imac/Downloads/gcc-arm-none-eabi-4_9-2015q2/bin/../lib/gcc/arm-none-eabi/4.9.3/../../../../arm-none-eabi/lib/armv7e-m/fpu/libm.a(lib_a-sf_sin.o)
                0x0000000008015250                sinf
 *fill*         0x00000000080152cc        0x4 
 .text.powf     0x00000000080152d0      0x344 /Users/imac/Downloads/gcc-arm-none-eabi-4_9-2015q2/bin/../lib/gcc/arm-none-eabi/4.9.3/../../../../arm-none-eabi/lib/armv7e-m/fpu/libm.a(lib_a-wf_pow.o)
                0x00000000080152d0                powf
 *fill*         0x0000000008015614        0xc 
 .text.sqrtf    0x0000000008015620       0xb8 /Users/imac/Downloads/gcc-arm-none-eabi-4_9-2015q2/bin/../lib/gcc/arm-none-eabi/4.9.3/../../../../arm-none-eabi/lib/armv7e-m/fpu/libm.a(lib_a-wf_sqrt.o)
                0x0000000008015620                sqrtf
 *fill*         0x00000000080156d8        0x8 
 .text.__ieee754_powf
                0x00000000080156e0      0x5f0 /Users/imac/Downloads/gcc-arm-none-eabi-4_9-2015q2/bin/../lib/gcc/arm-none-eabi/4.9.3/../../../../arm-none-eabi/lib/armv7e-m/fpu/libm.a(lib_a-ef_pow.o)
                0x00000000080156e0                __ieee754_powf
 .text.__ieee754_rem_pio2f
                0x0000000008015cd0      0x290 /Users/imac/Downloads/gcc-arm-none-eabi-4_9-2015q2/bin/../lib/gcc/arm-none-eabi/4.9.3/../../../../arm-none-eabi/lib/armv7e-m/fpu/libm.a(lib_a-ef_rem_pio2.o)
                0x0000000008015cd0                __ieee754_rem_pio2f
 .text.__ieee754_sqrtf
                0x0000000008015f60       0xa4 /Users/imac/Downloads/gcc-arm-none-eabi-4_9-2015q2/bin/../lib/gcc/arm-none-eabi/4.9.3/../../../../arm-none-eabi/lib/armv7e-m/fpu/libm.a(lib_a-ef_sqrt.o)
                0x0000000008015f60                __ieee754_sqrtf
 *fill*         0x0000000008016004        0xc 
 .text.__kernel_cosf
                0x0000000008016010      0x104 /Users/imac/Downloads/gcc-arm-none-eabi-4_9-2015q2/bin/../lib/gcc/arm-none-eabi/4.9.3/../../../../arm-none-eabi/lib/armv7e-m/fpu/libm.a(lib_a-kf_cos.o)
                0x0000000008016010                __kernel_cosf
 *fill*         0x0000000008016114        0xc 
 .text.__kernel_rem_pio2f
                0x0000000008016120      0x5e4 /Users/imac/Downloads/gcc-arm-none-eabi-4_9-2015q2/bin/../lib/gcc/arm-none-eabi/4.9.3/../../../../arm-none-eabi/lib/armv7e-m/fpu/libm.a(lib_a-kf_rem_pio2.o)
                0x0000000008016120                __kernel_rem_pio2f
 *fill*         0x0000000008016704        0xc 
 .text.__kernel_sinf
                0x0000000008016710       0x90 /Users/imac/Downloads/gcc-arm-none-eabi-4_9-2015q2/bin/../lib/gcc/arm-none-eabi/4.9.3/../../../../arm-none-eabi/lib/armv7e-m/fpu/libm.a(lib_a-kf_sin.o)
                0x0000000008016710                __kernel_sinf
 .text.matherr  0x00000000080167a0        0x4 /Users/imac/Downloads/gcc-arm-none-eabi-4_9-2015q2/bin/../lib/gcc/arm-none-eabi/4.9.3/../../../../arm-none-eabi/lib/armv7e-m/fpu/libm.a(lib_a-s_matherr.o)
                0x00000000080167a0                matherr
 *fill*         0x00000000080167a4        0xc 
 .text.rint     0x00000000080167b0      0x124 /Users/imac/Downloads/gcc-arm-none-eabi-4_9-2015q2/bin/../lib/gcc/arm-none-eabi/4.9.3/../../../../arm-none-eabi/lib/armv7e-m/fpu/libm.a(lib_a-s_rint.o)
                0x00000000080167b0                rint
 *fill*         0x00000000080168d4        0xc 
 .text.fabsf    0x00000000080168e0       0x10 /Users/imac/Downloads/gcc-arm-none-eabi-4_9-2015q2/bin/../lib/gcc/arm-none-eabi/4.9.3/../../../../arm-none-eabi/lib/armv7e-m/fpu/libm.a(lib_a-sf_fabs.o)
                0x00000000080168e0                fabsf
 .text.finitef  0x00000000080168f0       0x14 /Users/imac/Downloads/gcc-arm-none-eabi-4_9-2015q2/bin/../lib/gcc/arm-none-eabi/4.9.3/../../../../arm-none-eabi/lib/armv7e-m/fpu/libm.a(lib_a-sf_finite.o)
                0x00000000080168f0                finitef
 *fill*         0x0000000008016904        0xc 
 .text.floorf   0x0000000008016910       0x90 /Users/imac/Downloads/gcc-arm-none-eabi-4_9-2015q2/bin/../lib/gcc/arm-none-eabi/4.9.3/../../../../arm-none-eabi/lib/armv7e-m/fpu/libm.a(lib_a-sf_floor.o)
                0x0000000008016910                floorf
 .text.__fpclassifyf
                0x00000000080169a0       0x38 /Users/imac/Downloads/gcc-arm-none-eabi-4_9-2015q2/bin/../lib/gcc/arm-none-eabi/4.9.3/../../../../arm-none-eabi/lib/armv7e-m/fpu/libm.a(lib_a-sf_fpclassify.o)
                0x00000000080169a0                __fpclassifyf
 *fill*         0x00000000080169d8        0x8 
 .text.nanf     0x00000000080169e0        0xc /Users/imac/Downloads/gcc-arm-none-eabi-4_9-2015q2/bin/../lib/gcc/arm-none-eabi/4.9.3/../../../../arm-none-eabi/lib/armv7e-m/fpu/libm.a(lib_a-sf_nan.o)
                0x00000000080169e0                nanf
 *fill*         0x00000000080169ec        0x4 
 .text.scalbnf  0x00000000080169f0       0xd0 /Users/imac/Downloads/gcc-arm-none-eabi-4_9-2015q2/bin/../lib/gcc/arm-none-eabi/4.9.3/../../../../arm-none-eabi/lib/armv7e-m/fpu/libm.a(lib_a-sf_scalbn.o)
                0x00000000080169f0                scalbnf
 .text.copysignf
                0x0000000008016ac0       0x18 /Users/imac/Downloads/gcc-arm-none-eabi-4_9-2015q2/bin/../lib/gcc/arm-none-eabi/4.9.3/../../../../arm-none-eabi/lib/armv7e-m/fpu/libm.a(lib_a-sf_copysign.o)
                0x0000000008016ac0                copysignf
 *fill*         0x0000000008016ad8        0x8 
 .text.__errno  0x0000000008016ae0        0xc /Users/imac/Downloads/gcc-arm-none-eabi-4_9-2015q2/bin/../lib/gcc/arm-none-eabi/4.9.3/../../../../arm-none-eabi/lib/armv7e-m/fpu/libg.a(lib_a-errno.o)
                0x0000000008016ae0                __errno
 *fill*         0x0000000008016aec        0x4 
 .text.memcmp   0x0000000008016af0       0x64 /Users/imac/Downloads/gcc-arm-none-eabi-4_9-2015q2/bin/../lib/gcc/arm-none-eabi/4.9.3/../../../../arm-none-eabi/lib/armv7e-m/fpu/libg.a(lib_a-memcmp.o)
                0x0000000008016af0                memcmp
 *fill*         0x0000000008016b54        0xc 
 .text.memset   0x0000000008016b60       0x9c /Users/imac/Downloads/gcc-arm-none-eabi-4_9-2015q2/bin/../lib/gcc/arm-none-eabi/4.9.3/../../../../arm-none-eabi/lib/armv7e-m/fpu/libg.a(lib_a-memset.o)
                0x0000000008016b60                memset
 *(.rodata)
 *(.rodata.*)
 *fill*         0x0000000008016bfc        0x4 
 .rodata.str1.4
                0x0000000008016c00        0x5 build/obj/chsys.o
 *fill*         0x0000000008016c05        0xb 
 .rodata.ch_debug
                0x0000000008016c10       0x16 build/obj/chregistry.o
                0x0000000008016c10                ch_debug
 *fill*         0x0000000008016c26        0xa 
 .rodata.vmt    0x0000000008016c30       0x20 build/obj/serial_usb.o
 .rodata.zero_status
                0x0000000008016c50        0x2 build/obj/usb.o
 *fill*         0x0000000008016c52        0xe 
 .rodata.active_status
                0x0000000008016c60        0x2 build/obj/usb.o
 *fill*         0x0000000008016c62        0xe 
 .rodata.halted_status
                0x0000000008016c70        0x2 build/obj/usb.o
 *fill*         0x0000000008016c72        0xe 
 .rodata._stm32_dma_streams
                0x0000000008016c80       0xc0 build/obj/stm32_dma.o
                0x0000000008016c80                _stm32_dma_streams
 .rodata.fsparams
                0x0000000008016d40        0xc build/obj/usb_lld.o
 *fill*         0x0000000008016d4c        0x4 
 .rodata.str1.4
                0x0000000008016d50        0xd build/obj/usb_lld.o
 *fill*         0x0000000008016d5d        0x3 
 .rodata.ep0config
                0x0000000008016d60       0x24 build/obj/usb_lld.o
 *fill*         0x0000000008016d84        0xc 
 .rodata.pal_default_config
                0x0000000008016d90       0xfc build/obj/board.o
                0x0000000008016d90                pal_default_config
 *fill*         0x0000000008016e8c        0x4 
 .rodata.str1.4
                0x0000000008016e90        0x7 build/obj/chprintf.o
 *fill*         0x0000000008016e97        0x9 
 .rodata.vmt    0x0000000008016ea0       0x10 build/obj/memstreams.o
 .rodata.str1.4
                0x0000000008016eb0       0x66 build/obj/bldc.o
 *fill*         0x0000000008016f16        0xa 
 .rodata.str1.4
                0x0000000008016f20       0xc7 build/obj/mcpwm.o
 *fill*         0x0000000008016fe7        0x9 
 .rodata.ep1config
                0x0000000008016ff0       0x24 build/obj/usb_uart.o
 *fill*         0x0000000008017014        0xc 
 .rodata.vcom_configuration_descriptor
                0x0000000008017020        0x8 build/obj/usb_uart.o
 *fill*         0x0000000008017028        0x8 
 .rodata.ep2config
                0x0000000008017030       0x24 build/obj/usb_uart.o
 *fill*         0x0000000008017054        0xc 
 .rodata.usbcfg
                0x0000000008017060       0x10 build/obj/usb_uart.o
                0x0000000008017060                usbcfg
 .rodata.vcom_configuration_descriptor_data
                0x0000000008017070       0x43 build/obj/usb_uart.o
 *fill*         0x00000000080170b3        0xd 
 .rodata.vcom_device_descriptor_data
                0x00000000080170c0       0x12 build/obj/usb_uart.o
 *fill*         0x00000000080170d2        0xe 
 .rodata.vcom_string0
                0x00000000080170e0        0x4 build/obj/usb_uart.o
 *fill*         0x00000000080170e4        0xc 
 .rodata.vcom_string1
                0x00000000080170f0       0x26 build/obj/usb_uart.o
 *fill*         0x0000000008017116        0xa 
 .rodata.vcom_string2
                0x0000000008017120       0x38 build/obj/usb_uart.o
 *fill*         0x0000000008017158        0x8 
 .rodata.vcom_string3
                0x0000000008017160        0x8 build/obj/usb_uart.o
 *fill*         0x0000000008017168        0x8 
 .rodata.vcom_strings
                0x0000000008017170       0x20 build/obj/usb_uart.o
 .rodata.serusbcfg
                0x0000000008017190        0x8 build/obj/usb_uart.o
                0x0000000008017190                serusbcfg
 *fill*         0x0000000008017198        0x8 
 .rodata.vcom_device_descriptor
                0x00000000080171a0        0x8 build/obj/usb_uart.o
 *fill*         0x00000000080171a8        0x8 
 .rodata.crc16_tab
                0x00000000080171b0      0x200 build/obj/crc.o
                0x00000000080171b0                crc16_tab
 .rodata.str1.4
                0x00000000080173b0        0x7 build/obj/commands.o
 *fill*         0x00000000080173b7        0x9 
 .rodata.str1.4
                0x00000000080173c0        0x8 build/obj/timeout.o
 *fill*         0x00000000080173c8        0x8 
 .rodata.gpt_cfg
                0x00000000080173d0        0xc build/obj/spi_dac.o
 *fill*         0x00000000080173dc        0x4 
 .rodata.i2cfg  0x00000000080173e0        0xc build/obj/hw_oroca.o
 *fill*         0x00000000080173ec        0x4 
 .rodata.str1.4
                0x00000000080173f0        0x8 build/obj/app_ppm.o
 *fill*         0x00000000080173f8        0x8 
 .rodata.str1.4
                0x0000000008017400        0x8 build/obj/app_adc.o
 *fill*         0x0000000008017408        0x8 
 .rodata.str1.4
                0x0000000008017410       0x11 build/obj/app_uartcomm.o
 *fill*         0x0000000008017421        0xf 
 .rodata.str1.4
                0x0000000008017430       0x1c build/obj/app_nunchuk.o