Archive member included because of file (symbol)

/Users/imac/Downloads/gcc-arm-none-eabi-4_9-2015q2/bin/../lib/gcc/arm-none-eabi/4.9.3/../../../../arm-none-eabi/lib/armv7e-m/fpu/libm.a(lib_a-sf_cos.o)
                              build/obj/mcpwm.o (cosf)
/Users/imac/Downloads/gcc-arm-none-eabi-4_9-2015q2/bin/../lib/gcc/arm-none-eabi/4.9.3/../../../../arm-none-eabi/lib/armv7e-m/fpu/libm.a(lib_a-sf_sin.o)
                              build/obj/mcpwm.o (sinf)
/Users/imac/Downloads/gcc-arm-none-eabi-4_9-2015q2/bin/../lib/gcc/arm-none-eabi/4.9.3/../../../../arm-none-eabi/lib/armv7e-m/fpu/libm.a(lib_a-wf_atan2.o)
                              build/obj/mcpwm.o (atan2f)
/Users/imac/Downloads/gcc-arm-none-eabi-4_9-2015q2/bin/../lib/gcc/arm-none-eabi/4.9.3/../../../../arm-none-eabi/lib/armv7e-m/fpu/libm.a(lib_a-wf_fmod.o)
                              build/obj/utils.o (fmodf)
/Users/imac/Downloads/gcc-arm-none-eabi-4_9-2015q2/bin/../lib/gcc/arm-none-eabi/4.9.3/../../../../arm-none-eabi/lib/armv7e-m/fpu/libm.a(lib_a-wf_sqrt.o)
                              build/obj/mcpwm.o (sqrtf)
/Users/imac/Downloads/gcc-arm-none-eabi-4_9-2015q2/bin/../lib/gcc/arm-none-eabi/4.9.3/../../../../arm-none-eabi/lib/armv7e-m/fpu/libm.a(lib_a-ef_atan2.o)
                              /Users/imac/Downloads/gcc-arm-none-eabi-4_9-2015q2/bin/../lib/gcc/arm-none-eabi/4.9.3/../../../../arm-none-eabi/lib/armv7e-m/fpu/libm.a(lib_a-wf_atan2.o) (__ieee754_atan2f)
/Users/imac/Downloads/gcc-arm-none-eabi-4_9-2015q2/bin/../lib/gcc/arm-none-eabi/4.9.3/../../../../arm-none-eabi/lib/armv7e-m/fpu/libm.a(lib_a-ef_fmod.o)
                              /Users/imac/Downloads/gcc-arm-none-eabi-4_9-2015q2/bin/../lib/gcc/arm-none-eabi/4.9.3/../../../../arm-none-eabi/lib/armv7e-m/fpu/libm.a(lib_a-wf_fmod.o) (__ieee754_fmodf)
/Users/imac/Downloads/gcc-arm-none-eabi-4_9-2015q2/bin/../lib/gcc/arm-none-eabi/4.9.3/../../../../arm-none-eabi/lib/armv7e-m/fpu/libm.a(lib_a-ef_rem_pio2.o)
                              /Users/imac/Downloads/gcc-arm-none-eabi-4_9-2015q2/bin/../lib/gcc/arm-none-eabi/4.9.3/../../../../arm-none-eabi/lib/armv7e-m/fpu/libm.a(lib_a-sf_cos.o) (__ieee754_rem_pio2f)
/Users/imac/Downloads/gcc-arm-none-eabi-4_9-2015q2/bin/../lib/gcc/arm-none-eabi/4.9.3/../../../../arm-none-eabi/lib/armv7e-m/fpu/libm.a(lib_a-ef_sqrt.o)
                              /Users/imac/Downloads/gcc-arm-none-eabi-4_9-2015q2/bin/../lib/gcc/arm-none-eabi/4.9.3/../../../../arm-none-eabi/lib/armv7e-m/fpu/libm.a(lib_a-wf_sqrt.o) (__ieee754_sqrtf)
/Users/imac/Downloads/gcc-arm-none-eabi-4_9-2015q2/bin/../lib/gcc/arm-none-eabi/4.9.3/../../../../arm-none-eabi/lib/armv7e-m/fpu/libm.a(lib_a-kf_cos.o)
                              /Users/imac/Downloads/gcc-arm-none-eabi-4_9-2015q2/bin/../lib/gcc/arm-none-eabi/4.9.3/../../../../arm-none-eabi/lib/armv7e-m/fpu/libm.a(lib_a-sf_cos.o) (__kernel_cosf)
/Users/imac/Downloads/gcc-arm-none-eabi-4_9-2015q2/bin/../lib/gcc/arm-none-eabi/4.9.3/../../../../arm-none-eabi/lib/armv7e-m/fpu/libm.a(lib_a-kf_rem_pio2.o)
                              /Users/imac/Downloads/gcc-arm-none-eabi-4_9-2015q2/bin/../lib/gcc/arm-none-eabi/4.9.3/../../../../arm-none-eabi/lib/armv7e-m/fpu/libm.a(lib_a-ef_rem_pio2.o) (__kernel_rem_pio2f)
/Users/imac/Downloads/gcc-arm-none-eabi-4_9-2015q2/bin/../lib/gcc/arm-none-eabi/4.9.3/../../../../arm-none-eabi/lib/armv7e-m/fpu/libm.a(lib_a-kf_sin.o)
                              /Users/imac/Downloads/gcc-arm-none-eabi-4_9-2015q2/bin/../lib/gcc/arm-none-eabi/4.9.3/../../../../arm-none-eabi/lib/armv7e-m/fpu/libm.a(lib_a-sf_cos.o) (__kernel_sinf)
/Users/imac/Downloads/gcc-arm-none-eabi-4_9-2015q2/bin/../lib/gcc/arm-none-eabi/4.9.3/../../../../arm-none-eabi/lib/armv7e-m/fpu/libm.a(lib_a-s_lib_ver.o)
                              /Users/imac/Downloads/gcc-arm-none-eabi-4_9-2015q2/bin/../lib/gcc/arm-none-eabi/4.9.3/../../../../arm-none-eabi/lib/armv7e-m/fpu/libm.a(lib_a-wf_fmod.o) (__fdlib_version)
/Users/imac/Downloads/gcc-arm-none-eabi-4_9-2015q2/bin/../lib/gcc/arm-none-eabi/4.9.3/../../../../arm-none-eabi/lib/armv7e-m/fpu/libm.a(lib_a-s_matherr.o)
                              /Users/imac/Downloads/gcc-arm-none-eabi-4_9-2015q2/bin/../lib/gcc/arm-none-eabi/4.9.3/../../../../arm-none-eabi/lib/armv7e-m/fpu/libm.a(lib_a-wf_fmod.o) (matherr)
/Users/imac/Downloads/gcc-arm-none-eabi-4_9-2015q2/bin/../lib/gcc/arm-none-eabi/4.9.3/../../../../arm-none-eabi/lib/armv7e-m/fpu/libm.a(lib_a-sf_atan.o)
                              /Users/imac/Downloads/gcc-arm-none-eabi-4_9-2015q2/bin/../lib/gcc/arm-none-eabi/4.9.3/../../../../arm-none-eabi/lib/armv7e-m/fpu/libm.a(lib_a-ef_atan2.o) (atanf)
/Users/imac/Downloads/gcc-arm-none-eabi-4_9-2015q2/bin/../lib/gcc/arm-none-eabi/4.9.3/../../../../arm-none-eabi/lib/armv7e-m/fpu/libm.a(lib_a-sf_fabs.o)
                              /Users/imac/Downloads/gcc-arm-none-eabi-4_9-2015q2/bin/../lib/gcc/arm-none-eabi/4.9.3/../../../../arm-none-eabi/lib/armv7e-m/fpu/libm.a(lib_a-ef_atan2.o) (fabsf)
[...]
Memory Configuration

Name             Origin             Length             Attributes
flash            0x0000000008000000 0x0000000000004000
flash2           0x000000000800c000 0x0000000000078000
ram              0x0000000020000000 0x0000000000020000
ccmram           0x0000000010000000 0x0000000000010000
*default*        0x0000000000000000 0xffffffffffffffff

Linker script and memory map

LOAD build/obj/main.o
LOAD build/obj/crt0.o
LOAD build/obj/vectors.o
LOAD build/obj/chcore.o
LOAD build/obj/chcore_v7m.o
LOAD build/obj/nvic.o
LOAD build/obj/chsys.o
LOAD build/obj/chdebug.o
LOAD build/obj/chlists.o
LOAD build/obj/chvt.o
LOAD build/obj/chschd.o
LOAD build/obj/chthreads.o
LOAD build/obj/chdynamic.o
LOAD build/obj/chregistry.o
LOAD build/obj/chsem.o
LOAD build/obj/chmtx.o
LOAD build/obj/chcond.o
LOAD build/obj/chevents.o
LOAD build/obj/chmsg.o
LOAD build/obj/chmboxes.o
LOAD build/obj/chqueues.o
LOAD build/obj/chmemcore.o
LOAD build/obj/chheap.o
LOAD build/obj/chmempools.o
LOAD build/obj/hal.o
LOAD build/obj/adc.o
LOAD build/obj/can.o
LOAD build/obj/ext.o
LOAD build/obj/gpt.o
LOAD build/obj/i2c.o
LOAD build/obj/icu.o
LOAD build/obj/mac.o
LOAD build/obj/mmc_spi.o
LOAD build/obj/mmcsd.o
LOAD build/obj/pal.o
LOAD build/obj/pwm.o
LOAD build/obj/rtc.o
LOAD build/obj/sdc.o
LOAD build/obj/serial.o
LOAD build/obj/serial_usb.o
LOAD build/obj/spi.o
LOAD build/obj/tm.o
LOAD build/obj/uart.o
LOAD build/obj/usb.o
LOAD build/obj/stm32_dma.o
LOAD build/obj/hal_lld.o
LOAD build/obj/adc_lld.o
LOAD build/obj/ext_lld_isr.o
LOAD build/obj/can_lld.o
LOAD build/obj/ext_lld.o
LOAD build/obj/mac_lld.o
LOAD build/obj/sdc_lld.o
LOAD build/obj/pal_lld.o
LOAD build/obj/i2c_lld.o
LOAD build/obj/usb_lld.o
LOAD build/obj/rtc_lld.o
LOAD build/obj/spi_lld.o
LOAD build/obj/gpt_lld.o
LOAD build/obj/icu_lld.o
LOAD build/obj/pwm_lld.o
LOAD build/obj/serial_lld.o
LOAD build/obj/uart_lld.o
LOAD build/obj/board.o
LOAD build/obj/chprintf.o
LOAD build/obj/memstreams.o
LOAD build/obj/syscalls.o
LOAD build/obj/bldc.o
LOAD build/obj/mcpwm.o
LOAD build/obj/usb_uart.o
LOAD build/obj/irq_handlers.o
LOAD build/obj/comm_usb.o
LOAD build/obj/servo_dec.o
LOAD build/obj/utils.o
LOAD build/obj/conf_general.o
LOAD build/obj/eeprom.o
LOAD build/obj/hw_oroca.o
LOAD build/obj/misc.o
LOAD build/obj/stm32f4xx_dma.o
LOAD build/obj/stm32f4xx_rcc.o
LOAD build/obj/stm32f4xx_adc.o
LOAD build/obj/stm32f4xx_exti.o
LOAD build/obj/stm32f4xx_rng.o
LOAD build/obj/stm32f4xx_flash.o
LOAD build/obj/stm32f4xx_rtc.o
LOAD build/obj/stm32f4xx_crc.o
LOAD build/obj/stm32f4xx_fsmc.o
LOAD build/obj/stm32f4xx_sdio.o
LOAD build/obj/stm32f4xx_cryp_aes.o
LOAD build/obj/stm32f4xx_spi.o
LOAD build/obj/stm32f4xx_cryp.o
LOAD build/obj/stm32f4xx_hash.o
LOAD build/obj/stm32f4xx_syscfg.o
LOAD build/obj/stm32f4xx_cryp_des.o
LOAD build/obj/stm32f4xx_hash_md5.o
LOAD build/obj/stm32f4xx_tim.o
LOAD build/obj/stm32f4xx_cryp_tdes.o
LOAD build/obj/stm32f4xx_hash_sha1.o
LOAD build/obj/stm32f4xx_usart.o
LOAD build/obj/stm32f4xx_dac.o
LOAD build/obj/stm32f4xx_i2c.o
LOAD build/obj/stm32f4xx_wwdg.o
LOAD build/obj/stm32f4xx_dbgmcu.o
LOAD build/obj/stm32f4xx_iwdg.o
LOAD build/obj/stm32f4xx_dcmi.o
LOAD build/obj/stm32f4xx_pwr.o
                0x0000000000000800                __main_stack_size__ = 0x800
                0x0000000000000800                __process_stack_size__ = 0x800
                0x0000000020000000                __ram_start__ = ORIGIN (ram)
                0x0000000000020000                __ram_size__ = 0x20000
                0x0000000020020000                __ram_end__ = (__ram_start__ + __ram_size__)
                0x0000000000000000                . = 0x0
                0x0000000000000000                _text = .

startup         0x0000000008000000      0x1ac
 *(vectors)
 vectors        0x0000000008000000      0x1ac build/obj/vectors.o
                0x0000000008000000                _vectors

constructors    0x000000000800c000        0x0
                0x000000000800c000                PROVIDE (__init_array_start, .)
 *(SORT(.init_array.*))
 *(.init_array)
                0x000000000800c000                PROVIDE (__init_array_end, .)

destructors     0x000000000800c000        0x0
                0x000000000800c000                PROVIDE (__fini_array_start, .)
 *(.fini_array)
 *(SORT(.fini_array.*))
                0x000000000800c000                PROVIDE (__fini_array_end, .)

.text           0x000000000800c000     0x7e34
 *(.text.startup.*)
 .text.startup.main
                0x000000000800c000       0x10 build/obj/main.o
                0x000000000800c000                main
 *(.text)
 .text          0x000000000800c010      0x370 /Users/imac/Downloads/gcc-arm-none-eabi-4_9-2015q2/bin/../lib/gcc/arm-none-eabi/4.9.3/armv7e-m/fpu/libgcc.a(_arm_addsubdf3.o)
                0x000000000800c010                __aeabi_drsub
                0x000000000800c018                __subdf3
                0x000000000800c018                __aeabi_dsub
                0x000000000800c01c                __aeabi_dadd
                0x000000000800c01c                __adddf3
                0x000000000800c294                __aeabi_ui2d
                0x000000000800c294                __floatunsidf
                0x000000000800c2b4                __floatsidf
                0x000000000800c2b4                __aeabi_i2d
                0x000000000800c2d8                __extendsfdf2
                0x000000000800c2d8                __aeabi_f2d
                0x000000000800c314                __aeabi_ul2d
                0x000000000800c314                __floatundidf
                0x000000000800c324                __aeabi_l2d
                0x000000000800c324                __floatdidf
 .text          0x000000000800c380      0x424 /Users/imac/Downloads/gcc-arm-none-eabi-4_9-2015q2/bin/../lib/gcc/arm-none-eabi/4.9.3/armv7e-m/fpu/libgcc.a(_arm_muldivdf3.o)
                0x000000000800c380                __aeabi_dmul
                0x000000000800c380                __muldf3
                0x000000000800c5d4                __aeabi_ddiv
                0x000000000800c5d4                __divdf3
 *fill*         0x000000000800c7a4        0xc 
 .text          0x000000000800c7b0       0x50 /Users/imac/Downloads/gcc-arm-none-eabi-4_9-2015q2/bin/../lib/gcc/arm-none-eabi/4.9.3/armv7e-m/fpu/libgcc.a(_arm_fixdfsi.o)
                0x000000000800c7b0                __fixdfsi
                0x000000000800c7b0                __aeabi_d2iz
 .text          0x000000000800c800       0xa0 /Users/imac/Downloads/gcc-arm-none-eabi-4_9-2015q2/bin/../lib/gcc/arm-none-eabi/4.9.3/armv7e-m/fpu/libgcc.a(_arm_truncdfsf2.o)
                0x000000000800c800                __aeabi_d2f
                0x000000000800c800                __truncdfsf2
 .text          0x000000000800c8a0      0x134 /Users/imac/Downloads/gcc-arm-none-eabi-4_9-2015q2/bin/../lib/gcc/arm-none-eabi/4.9.3/../../../../arm-none-eabi/lib/armv7e-m/fpu/libg.a(lib_a-memcpy.o)
                0x000000000800c8a0                memcpy
 *(.text.*)
 *fill*         0x000000000800c9d4        0xc 
 .text.__late_init
                0x000000000800c9e0        0x4 build/obj/crt0.o
                0x000000000800c9e0                __late_init
 *fill*         0x000000000800c9e4        0xc 
 .text._default_exit
                0x000000000800c9f0        0x4 build/obj/crt0.o
                0x000000000800c9f0                _default_exit
 *fill*         0x000000000800c9f4        0xc 
 .text.ResetHandler
                0x000000000800ca00      0x120 build/obj/crt0.o
                0x000000000800ca00                ResetHandler
 .text._unhandled_exception
                0x000000000800cb20        0x4 build/obj/vectors.o
                0x000000000800cb20                Vector174
                0x000000000800cb20                VectorE8
                0x000000000800cb20                Vector9C
                0x000000000800cb20                VectorAC
                0x000000000800cb20                Vector1A0
                0x000000000800cb20                Vector5C
                0x000000000800cb20                NMIVector
                0x000000000800cb20                Vector19C
                0x000000000800cb20                Vector168
                0x000000000800cb20                Vector110
                0x000000000800cb20                VectorA8
                0x000000000800cb20                Vector160
                0x000000000800cb20                VectorEC
                0x000000000800cb20                UsageFaultVector
                0x000000000800cb20                DebugMonitorVector
                0x000000000800cb20                Vector40
                0x000000000800cb20                VectorF8
                0x000000000800cb20                VectorBC
                0x000000000800cb20                Vector190
                0x000000000800cb20                Vector148
                0x000000000800cb20                Vector188
                0x000000000800cb20                Vector198
                0x000000000800cb20                Vector118
                0x000000000800cb20                Vector64
                0x000000000800cb20                VectorCC
                0x000000000800cb20                Vector54
                0x000000000800cb20                VectorD8
                0x000000000800cb20                Vector138
                0x000000000800cb20                Vector24
                0x000000000800cb20                Vector178
                0x000000000800cb20                Vector1A4
                0x000000000800cb20                BusFaultVector
                0x000000000800cb20                VectorD0
                0x000000000800cb20                Vector140
                0x000000000800cb20                VectorE4
                0x000000000800cb20                VectorC0
                0x000000000800cb20                SVCallVector
                0x000000000800cb20                HardFaultVector
                0x000000000800cb20                Vector134
                0x000000000800cb20                VectorF0
                0x000000000800cb20                Vector13C
                0x000000000800cb20                Vector100
                0x000000000800cb20                VectorF4
                0x000000000800cb20                MemManageVector
                0x000000000800cb20                VectorA0
                0x000000000800cb20                Vector180
                0x000000000800cb20                VectorB0
                0x000000000800cb20                Vector114
                0x000000000800cb20                Vector164
                0x000000000800cb20                Vector60
                0x000000000800cb20                Vector1C
                0x000000000800cb20                Vector17C
                0x000000000800cb20                Vector48
                0x000000000800cb20                Vector1A8
                0x000000000800cb20                Vector16C
                0x000000000800cb20                VectorD4
                0x000000000800cb20                Vector4C
                0x000000000800cb20                Vector144
                0x000000000800cb20                Vector68
                0x000000000800cb20                _unhandled_exception
                0x000000000800cb20                Vector170
                0x000000000800cb20                Vector104
                0x000000000800cb20                Vector184
                0x000000000800cb20                Vector10C
                0x000000000800cb20                Vector50
                0x000000000800cb20                Vector194
                0x000000000800cb20                Vector44
                0x000000000800cb20                Vector28
                0x000000000800cb20                VectorB8
                0x000000000800cb20                Vector34
                0x000000000800cb20                VectorA4
                0x000000000800cb20                Vector20
                0x000000000800cb20                Vector18C
                0x000000000800cb20                Vector58
 *fill*         0x000000000800cb24        0xc 
 .text._port_switch_from_isr
                0x000000000800cb30       0x14 build/obj/chcore_v7m.o
                0x000000000800cb30                _port_switch_from_isr
 *fill*         0x000000000800cb44        0xc 
 .text.PendSVVector
                0x000000000800cb50       0x1c build/obj/chcore_v7m.o
                0x000000000800cb50                PendSVVector
 *fill*         0x000000000800cb6c        0x4 
 .text._port_init
                0x000000000800cb70       0x30 build/obj/chcore_v7m.o
                0x000000000800cb70                _port_init
 .text._port_irq_epilogue
                0x000000000800cba0       0x7c build/obj/chcore_v7m.o
                0x000000000800cba0                _port_irq_epilogue
 *fill*         0x000000000800cc1c        0x4 
 .text.SysTickVector
                0x000000000800cc20       0x14 build/obj/chcore_v7m.o
                0x000000000800cc20                SysTickVector
 *fill*         0x000000000800cc34        0xc 
 .text._port_switch
                0x000000000800cc40       0x18 build/obj/chcore_v7m.o
                0x000000000800cc40                _port_switch
 *fill*         0x000000000800cc58        0x8 
 .text._port_thread_start
                0x000000000800cc60        0xc build/obj/chcore_v7m.o
                0x000000000800cc60                _port_thread_start
 *fill*         0x000000000800cc6c        0x4 
 .text.nvicEnableVector
                0x000000000800cc70       0x48 build/obj/nvic.o
                0x000000000800cc70                nvicEnableVector
 *fill*         0x000000000800ccb8        0x8 
 .text.nvicSetSystemHandlerPriority
                0x000000000800ccc0       0x2c build/obj/nvic.o
                0x000000000800ccc0                nvicSetSystemHandlerPriority
 *fill*         0x000000000800ccec        0x4 
 .text._idle_thread
                0x000000000800ccf0       0x14 build/obj/chsys.o
                0x000000000800ccf0                _idle_thread
 *fill*         0x000000000800cd04        0xc 
 .text.chSysInit
                0x000000000800cd10       0x5c build/obj/chsys.o
                0x000000000800cd10                chSysInit
 *fill*         0x000000000800cd6c        0x4 
 .text.chSysTimerHandlerI
                0x000000000800cd70       0x50 build/obj/chsys.o
                0x000000000800cd70                chSysTimerHandlerI
 .text._vt_init
                0x000000000800cdc0       0x18 build/obj/chvt.o
                0x000000000800cdc0                _vt_init
 *fill*         0x000000000800cdd8        0x8 
 .text.chVTSetI
                0x000000000800cde0       0x38 build/obj/chvt.o
                0x000000000800cde0                chVTSetI
 *fill*         0x000000000800ce18        0x8 
 .text.chVTResetI
                0x000000000800ce20       0x24 build/obj/chvt.o
                0x000000000800ce20                chVTResetI
 *fill*         0x000000000800ce44        0xc 
 .text.wakeup   0x000000000800ce50       0x5c build/obj/chschd.o
 *fill*         0x000000000800ceac        0x4 
 .text._scheduler_init
                0x000000000800ceb0       0x14 build/obj/chschd.o
                0x000000000800ceb0                _scheduler_init
 *fill*         0x000000000800cec4        0xc 
 .text.chSchReadyI
                0x000000000800ced0       0x2c build/obj/chschd.o
                0x000000000800ced0                chSchReadyI
 *fill*         0x000000000800cefc        0x4 
 .text.chSchGoSleepS
                0x000000000800cf00       0x28 build/obj/chschd.o
                0x000000000800cf00                chSchGoSleepS
 *fill*         0x000000000800cf28        0x8 
 .text.chSchGoSleepTimeoutS
                0x000000000800cf30       0x44 build/obj/chschd.o
                0x000000000800cf30                chSchGoSleepTimeoutS
 *fill*         0x000000000800cf74        0xc 
 .text.chSchWakeupS
                0x000000000800cf80       0x58 build/obj/chschd.o
                0x000000000800cf80                chSchWakeupS
 *fill*         0x000000000800cfd8        0x8 
 .text.chSchDoRescheduleBehind
                0x000000000800cfe0       0x40 build/obj/chschd.o
                0x000000000800cfe0                chSchDoRescheduleBehind
 .text.chSchDoRescheduleAhead
                0x000000000800d020       0x3c build/obj/chschd.o
                0x000000000800d020                chSchDoRescheduleAhead
 *fill*         0x000000000800d05c        0x4 
 .text.chSchRescheduleS
                0x000000000800d060       0x18 build/obj/chschd.o
                0x000000000800d060                chSchRescheduleS
 *fill*         0x000000000800d078        0x8 
 .text.chSchDoReschedule
                0x000000000800d080       0x14 build/obj/chschd.o
                0x000000000800d080                chSchDoReschedule
 *fill*         0x000000000800d094        0xc 
 .text._thread_init
                0x000000000800d0a0       0x50 build/obj/chthreads.o
                0x000000000800d0a0                _thread_init
 .text.chThdCreateI
                0x000000000800d0f0       0x70 build/obj/chthreads.o
                0x000000000800d0f0                chThdCreateI
 .text.chThdCreateStatic
                0x000000000800d160       0x7c build/obj/chthreads.o
                0x000000000800d160                chThdCreateStatic
 *fill*         0x000000000800d1dc        0x4 
 .text.chThdSleep
                0x000000000800d1e0       0x10 build/obj/chthreads.o
                0x000000000800d1e0                chThdSleep
 .text.chThdExitS
                0x000000000800d1f0       0x40 build/obj/chthreads.o
                0x000000000800d1f0                chThdExitS
 .text.chThdExit
                0x000000000800d230        0x8 build/obj/chthreads.o
                0x000000000800d230                chThdExit
 *fill*         0x000000000800d238        0x8 
 .text.chSemInit
                0x000000000800d240        0x8 build/obj/chsem.o
                0x000000000800d240                chSemInit
 *fill*         0x000000000800d248        0x8 
 .text.chSemSignalI
                0x000000000800d250       0x20 build/obj/chsem.o
                0x000000000800d250                chSemSignalI
 .text.chMtxInit
                0x000000000800d270        0xc build/obj/chmtx.o
                0x000000000800d270                chMtxInit
 *fill*         0x000000000800d27c        0x4 
 .text.chEvtSignalI
                0x000000000800d280       0x30 build/obj/chevents.o
                0x000000000800d280                chEvtSignalI
 .text.chEvtBroadcastFlagsI
                0x000000000800d2b0       0x20 build/obj/chevents.o
                0x000000000800d2b0                chEvtBroadcastFlagsI
 .text.qwait    0x000000000800d2d0       0x2c build/obj/chqueues.o
 *fill*         0x000000000800d2fc        0x4 
 .text.chIQInit
                0x000000000800d300       0x20 build/obj/chqueues.o
                0x000000000800d300                chIQInit
 .text.chIQResetI
                0x000000000800d320       0x2c build/obj/chqueues.o
                0x000000000800d320                chIQResetI
 *fill*         0x000000000800d34c        0x4 
 .text.chIQGetTimeout
                0x000000000800d350       0x40 build/obj/chqueues.o
                0x000000000800d350                chIQGetTimeout
 .text.chIQReadTimeout
                0x000000000800d390       0x5c build/obj/chqueues.o
                0x000000000800d390                chIQReadTimeout
 *fill*         0x000000000800d3ec        0x4 
 .text.chOQInit
                0x000000000800d3f0       0x1c build/obj/chqueues.o
                0x000000000800d3f0                chOQInit
 *fill*         0x000000000800d40c        0x4 
 .text.chOQResetI
                0x000000000800d410       0x30 build/obj/chqueues.o
                0x000000000800d410                chOQResetI
 .text.chOQPutTimeout
                0x000000000800d440       0x48 build/obj/chqueues.o
                0x000000000800d440                chOQPutTimeout
 *fill*         0x000000000800d488        0x8 
 .text.chOQWriteTimeout
                0x000000000800d490       0x70 build/obj/chqueues.o
                0x000000000800d490                chOQWriteTimeout
 .text._core_init
                0x000000000800d500       0x28 build/obj/chmemcore.o
                0x000000000800d500                _core_init
 *fill*         0x000000000800d528        0x8 
 .text.chCoreAlloc
                0x000000000800d530       0x30 build/obj/chmemcore.o
                0x000000000800d530                chCoreAlloc
 .text._heap_init
                0x000000000800d560       0x1c build/obj/chheap.o
                0x000000000800d560                _heap_init
 *fill*         0x000000000800d57c        0x4 
 .text.halInit  0x000000000800d580       0x34 build/obj/hal.o
                0x000000000800d580                halInit
 *fill*         0x000000000800d5b4        0xc 
 .text.halPolledDelay
                0x000000000800d5c0       0x28 build/obj/hal.o
                0x000000000800d5c0                halPolledDelay
 *fill*         0x000000000800d5e8        0x8 
 .text.canInit  0x000000000800d5f0        0x4 build/obj/can.o
                0x000000000800d5f0                canInit
 *fill*         0x000000000800d5f4        0xc 
 .text.canObjectInit
                0x000000000800d600       0x40 build/obj/can.o
                0x000000000800d600                canObjectInit
 .text.gptInit  0x000000000800d640        0x4 build/obj/gpt.o
                0x000000000800d640                gptInit
 *fill*         0x000000000800d644        0xc 
 .text.gptObjectInit
                0x000000000800d650        0xc build/obj/gpt.o
                0x000000000800d650                gptObjectInit
 *fill*         0x000000000800d65c        0x4 
 .text.i2cInit  0x000000000800d660        0x4 build/obj/i2c.o
                0x000000000800d660                i2cInit
 *fill*         0x000000000800d664        0xc 
 .text.i2cObjectInit
                0x000000000800d670       0x10 build/obj/i2c.o
                0x000000000800d670                i2cObjectInit
 .text.icuInit  0x000000000800d680        0x4 build/obj/icu.o
                0x000000000800d680                icuInit
 *fill*         0x000000000800d684        0xc 
 .text.icuObjectInit
                0x000000000800d690        0xc build/obj/icu.o
                0x000000000800d690                icuObjectInit
 *fill*         0x000000000800d69c        0x4 
 .text.onotify  0x000000000800d6a0       0x54 build/obj/serial_usb.o
 *fill*         0x000000000800d6f4        0xc 
 .text.inotify  0x000000000800d700       0x64 build/obj/serial_usb.o
 *fill*         0x000000000800d764        0xc 
 .text.readt    0x000000000800d770        0x8 build/obj/serial_usb.o
 *fill*         0x000000000800d778        0x8 
 .text.read     0x000000000800d780        0xc build/obj/serial_usb.o
 *fill*         0x000000000800d78c        0x4 
 .text.writet   0x000000000800d790        0x8 build/obj/serial_usb.o
 *fill*         0x000000000800d798        0x8 
 .text.write    0x000000000800d7a0        0xc build/obj/serial_usb.o
 *fill*         0x000000000800d7ac        0x4 
 .text.gett     0x000000000800d7b0        0x8 build/obj/serial_usb.o
 *fill*         0x000000000800d7b8        0x8 
 .text.get      0x000000000800d7c0        0xc build/obj/serial_usb.o
 *fill*         0x000000000800d7cc        0x4 
 .text.putt     0x000000000800d7d0        0x8 build/obj/serial_usb.o
 *fill*         0x000000000800d7d8        0x8 
 .text.put      0x000000000800d7e0        0xc build/obj/serial_usb.o
 *fill*         0x000000000800d7ec        0x4 
 .text.sduInit  0x000000000800d7f0        0x4 build/obj/serial_usb.o
                0x000000000800d7f0                sduInit
 *fill*         0x000000000800d7f4        0xc 
 .text.sduObjectInit
                0x000000000800d800       0x4c build/obj/serial_usb.o
                0x000000000800d800                sduObjectInit
 *fill*         0x000000000800d84c        0x4 
 .text.sduStart
                0x000000000800d850       0x30 build/obj/serial_usb.o
                0x000000000800d850                sduStart
 .text.sduConfigureHookI
                0x000000000800d880       0x4c build/obj/serial_usb.o
                0x000000000800d880                sduConfigureHookI
 *fill*         0x000000000800d8cc        0x4 
 .text.sduRequestsHook
                0x000000000800d8d0       0x40 build/obj/serial_usb.o
                0x000000000800d8d0                sduRequestsHook
 .text.sduDataTransmitted
                0x000000000800d910       0x54 build/obj/serial_usb.o
                0x000000000800d910                sduDataTransmitted
 *fill*         0x000000000800d964        0xc 
 .text.sduDataReceived
                0x000000000800d970       0x54 build/obj/serial_usb.o
                0x000000000800d970                sduDataReceived
 *fill*         0x000000000800d9c4        0xc 
 .text.sduInterruptTransmitted
                0x000000000800d9d0        0x4 build/obj/serial_usb.o
                0x000000000800d9d0                sduInterruptTransmitted
 *fill*         0x000000000800d9d4        0xc 
 .text.uartInit
                0x000000000800d9e0        0x4 build/obj/uart.o
                0x000000000800d9e0                uartInit
 *fill*         0x000000000800d9e4        0xc 
 .text.uartObjectInit
                0x000000000800d9f0       0x10 build/obj/uart.o
                0x000000000800d9f0                uartObjectInit
 .text.usbInit  0x000000000800da00        0x4 build/obj/usb.o
                0x000000000800da00                usbInit
 *fill*         0x000000000800da04        0xc 
 .text.usbObjectInit
                0x000000000800da10       0x1c build/obj/usb.o
                0x000000000800da10                usbObjectInit
 *fill*         0x000000000800da2c        0x4 
 .text.usbStart
                0x000000000800da30       0x20 build/obj/usb.o
                0x000000000800da30                usbStart
 .text.usbInitEndpointI
                0x000000000800da50       0x34 build/obj/usb.o
                0x000000000800da50                usbInitEndpointI
 *fill*         0x000000000800da84        0xc 
 .text.usbPrepareQueuedReceive
                0x000000000800da90       0x1c build/obj/usb.o
                0x000000000800da90                usbPrepareQueuedReceive
 *fill*         0x000000000800daac        0x4 
 .text.usbPrepareQueuedTransmit
                0x000000000800dab0       0x1c build/obj/usb.o
                0x000000000800dab0                usbPrepareQueuedTransmit
 *fill*         0x000000000800dacc        0x4 
 .text.usbStartReceiveI
                0x000000000800dad0       0x24 build/obj/usb.o
                0x000000000800dad0                usbStartReceiveI
 *fill*         0x000000000800daf4        0xc 
 .text.usbStartTransmitI
                0x000000000800db00       0x24 build/obj/usb.o
                0x000000000800db00                usbStartTransmitI
 *fill*         0x000000000800db24        0xc 
 .text._usb_reset
                0x000000000800db30       0x28 build/obj/usb.o
                0x000000000800db30                _usb_reset
 *fill*         0x000000000800db58        0x8 
 .text._usb_ep0setup
                0x000000000800db60      0x330 build/obj/usb.o
                0x000000000800db60                _usb_ep0setup
 .text._usb_ep0in
                0x000000000800de90       0xb4 build/obj/usb.o
                0x000000000800de90                _usb_ep0in
 *fill*         0x000000000800df44        0xc 
 .text._usb_ep0out
                0x000000000800df50       0x74 build/obj/usb.o
                0x000000000800df50                _usb_ep0out
 *fill*         0x000000000800dfc4        0xc 
 .text.Vector6C
                0x000000000800dfd0       0x28 build/obj/stm32_dma.o
                0x000000000800dfd0                Vector6C
 *fill*         0x000000000800dff8        0x8 
 .text.Vector70
                0x000000000800e000       0x2c build/obj/stm32_dma.o
                0x000000000800e000                Vector70
 *fill*         0x000000000800e02c        0x4 
 .text.Vector74
                0x000000000800e030       0x2c build/obj/stm32_dma.o
                0x000000000800e030                Vector74
 *fill*         0x000000000800e05c        0x4 
 .text.Vector78
                0x000000000800e060       0x2c build/obj/stm32_dma.o
                0x000000000800e060                Vector78
 *fill*         0x000000000800e08c        0x4 
 .text.Vector7C
                0x000000000800e090       0x28 build/obj/stm32_dma.o
                0x000000000800e090                Vector7C
 *fill*         0x000000000800e0b8        0x8 
 .text.Vector80
                0x000000000800e0c0       0x2c build/obj/stm32_dma.o
                0x000000000800e0c0                Vector80
 *fill*         0x000000000800e0ec        0x4 
 .text.Vector84
                0x000000000800e0f0       0x2c build/obj/stm32_dma.o
                0x000000000800e0f0                Vector84
 *fill*         0x000000000800e11c        0x4 
 .text.VectorFC
                0x000000000800e120       0x2c build/obj/stm32_dma.o
                0x000000000800e120                VectorFC
 *fill*         0x000000000800e14c        0x4 
 .text.Vector120
                0x000000000800e150       0x28 build/obj/stm32_dma.o
                0x000000000800e150                Vector120
 *fill*         0x000000000800e178        0x8 
 .text.Vector124
                0x000000000800e180       0x2c build/obj/stm32_dma.o
                0x000000000800e180                Vector124
 *fill*         0x000000000800e1ac        0x4 
 .text.Vector128
                0x000000000800e1b0       0x2c build/obj/stm32_dma.o
                0x000000000800e1b0                Vector128
 *fill*         0x000000000800e1dc        0x4 
 .text.Vector12C
                0x000000000800e1e0       0x2c build/obj/stm32_dma.o
                0x000000000800e1e0                Vector12C
 *fill*         0x000000000800e20c        0x4 
 .text.Vector130
                0x000000000800e210       0x28 build/obj/stm32_dma.o
                0x000000000800e210                Vector130
 *fill*         0x000000000800e238        0x8 
 .text.Vector150
                0x000000000800e240       0x2c build/obj/stm32_dma.o
                0x000000000800e240                Vector150
 *fill*         0x000000000800e26c        0x4 
 .text.Vector154
                0x000000000800e270       0x2c build/obj/stm32_dma.o
                0x000000000800e270                Vector154
 *fill*         0x000000000800e29c        0x4 
 .text.Vector158
                0x000000000800e2a0       0x2c build/obj/stm32_dma.o
                0x000000000800e2a0                Vector158
 *fill*         0x000000000800e2cc        0x4 
 .text.dmaInit  0x000000000800e2d0       0x4c build/obj/stm32_dma.o
                0x000000000800e2d0                dmaInit
 *fill*         0x000000000800e31c        0x4 
 .text.dmaStreamAllocate
                0x000000000800e320       0x90 build/obj/stm32_dma.o
                0x000000000800e320                dmaStreamAllocate
 .text.hal_lld_init
                0x000000000800e3b0       0x98 build/obj/hal_lld.o
                0x000000000800e3b0                hal_lld_init
 *fill*         0x000000000800e448        0x8 
 .text.stm32_clock_init
                0x000000000800e450       0xc0 build/obj/hal_lld.o
                0x000000000800e450                stm32_clock_init
 .text.can_lld_set_filters
                0x000000000800e510      0x118 build/obj/can_lld.o
 *fill*         0x000000000800e628        0x8 
 .text.Vector8C
                0x000000000800e630       0x40 build/obj/can_lld.o
                0x000000000800e630                Vector8C
 .text.Vector90
                0x000000000800e670       0x60 build/obj/can_lld.o
                0x000000000800e670                Vector90
 .text.Vector94
                0x000000000800e6d0       0x60 build/obj/can_lld.o
                0x000000000800e6d0                Vector94
 .text.Vector98
                0x000000000800e730       0x68 build/obj/can_lld.o
                0x000000000800e730                Vector98
 *fill*         0x000000000800e798        0x8 
 .text.can_lld_init
                0x000000000800e7a0       0x24 build/obj/can_lld.o
                0x000000000800e7a0                can_lld_init
 *fill*         0x000000000800e7c4        0xc 
 .text._pal_lld_init
                0x000000000800e7d0      0x1cc build/obj/pal_lld.o
                0x000000000800e7d0                _pal_lld_init
 *fill*         0x000000000800e99c        0x4 
 .text._pal_lld_setgroupmode
                0x000000000800e9a0       0xac build/obj/pal_lld.o
                0x000000000800e9a0                _pal_lld_setgroupmode
 *fill*         0x000000000800ea4c        0x4 
 .text.VectorC4
                0x000000000800ea50      0x108 build/obj/i2c_lld.o
                0x000000000800ea50                VectorC4
 *fill*         0x000000000800eb58        0x8 
 .text.VectorC8
                0x000000000800eb60       0xec build/obj/i2c_lld.o
                0x000000000800eb60                VectorC8
 *fill*         0x000000000800ec4c        0x4 
 .text.i2c_lld_init
                0x000000000800ec50       0x2c build/obj/i2c_lld.o
                0x000000000800ec50                i2c_lld_init
 *fill*         0x000000000800ec7c        0x4 
 .text.usb_lld_pump
                0x000000000800ec80      0x31c build/obj/usb_lld.o
 *fill*         0x000000000800ef9c        0x4 
 .text.otg_disable_ep.isra.0
                0x000000000800efa0       0x74 build/obj/usb_lld.o
 *fill*         0x000000000800f014        0xc 
 .text.usb_lld_init
                0x000000000800f020       0x24 build/obj/usb_lld.o
                0x000000000800f020                usb_lld_init
 *fill*         0x000000000800f044        0xc 
 .text.usb_lld_start
                0x000000000800f050       0xe0 build/obj/usb_lld.o
                0x000000000800f050                usb_lld_start
 .text.usb_lld_reset
                0x000000000800f130       0xc4 build/obj/usb_lld.o
                0x000000000800f130                usb_lld_reset
 *fill*         0x000000000800f1f4        0xc 
 .text.usb_lld_set_address
                0x000000000800f200       0x18 build/obj/usb_lld.o
                0x000000000800f200                usb_lld_set_address
 *fill*         0x000000000800f218        0x8 
 .text.usb_lld_init_endpoint
                0x000000000800f220      0x160 build/obj/usb_lld.o
                0x000000000800f220                usb_lld_init_endpoint
 .text.usb_lld_get_status_out
                0x000000000800f380       0x1c build/obj/usb_lld.o
                0x000000000800f380                usb_lld_get_status_out
 *fill*         0x000000000800f39c        0x4 
 .text.usb_lld_get_status_in
                0x000000000800f3a0       0x1c build/obj/usb_lld.o
                0x000000000800f3a0                usb_lld_get_status_in
 *fill*         0x000000000800f3bc        0x4 
 .text.usb_lld_read_setup
                0x000000000800f3c0       0x14 build/obj/usb_lld.o
                0x000000000800f3c0                usb_lld_read_setup
 *fill*         0x000000000800f3d4        0xc 
 .text.usb_lld_prepare_receive
                0x000000000800f3e0       0x44 build/obj/usb_lld.o
                0x000000000800f3e0                usb_lld_prepare_receive
 *fill*         0x000000000800f424        0xc 
 .text.otg_epout_handler.constprop.8
                0x000000000800f430       0x9c build/obj/usb_lld.o
 *fill*         0x000000000800f4cc        0x4 
 .text.usb_lld_prepare_transmit
                0x000000000800f4d0       0x50 build/obj/usb_lld.o
                0x000000000800f4d0                usb_lld_prepare_transmit
 .text.otg_epin_handler.constprop.9
                0x000000000800f520       0xb8 build/obj/usb_lld.o
 *fill*         0x000000000800f5d8        0x8 
 .text.Vector14C
                0x000000000800f5e0       0xec build/obj/usb_lld.o
                0x000000000800f5e0                Vector14C
 *fill*         0x000000000800f6cc        0x4 
 .text.usb_lld_start_out
                0x000000000800f6d0       0x14 build/obj/usb_lld.o
                0x000000000800f6d0                usb_lld_start_out
 *fill*         0x000000000800f6e4        0xc 
 .text.usb_lld_start_in
                0x000000000800f6f0       0x28 build/obj/usb_lld.o
                0x000000000800f6f0                usb_lld_start_in
 *fill*         0x000000000800f718        0x8 
 .text.usb_lld_stall_out
                0x000000000800f720       0x14 build/obj/usb_lld.o
                0x000000000800f720                usb_lld_stall_out
 *fill*         0x000000000800f734        0xc 
 .text.usb_lld_stall_in
                0x000000000800f740       0x14 build/obj/usb_lld.o
                0x000000000800f740                usb_lld_stall_in
 *fill*         0x000000000800f754        0xc 
 .text.usb_lld_clear_out
                0x000000000800f760       0x14 build/obj/usb_lld.o
                0x000000000800f760                usb_lld_clear_out
 *fill*         0x000000000800f774        0xc 
 .text.usb_lld_clear_in
                0x000000000800f780       0x14 build/obj/usb_lld.o
                0x000000000800f780                usb_lld_clear_in
 *fill*         0x000000000800f794        0xc 
 .text.Vector108
                0x000000000800f7a0       0x34 build/obj/gpt_lld.o
                0x000000000800f7a0                Vector108
 *fill*         0x000000000800f7d4        0xc 
 .text.gpt_lld_init
                0x000000000800f7e0       0x14 build/obj/gpt_lld.o
                0x000000000800f7e0                gpt_lld_init
 *fill*         0x000000000800f7f4        0xc 
 .text.VectorB4
                0x000000000800f800       0x90 build/obj/icu_lld.o
                0x000000000800f800                VectorB4
 .text.icu_lld_init
                0x000000000800f890       0x18 build/obj/icu_lld.o
                0x000000000800f890                icu_lld_init
 *fill*         0x000000000800f8a8        0x8 
 .text.serve_usart_irq
                0x000000000800f8b0       0x68 build/obj/uart_lld.o
 *fill*         0x000000000800f918        0x8 
 .text.VectorDC
                0x000000000800f920       0x14 build/obj/uart_lld.o
                0x000000000800f920                VectorDC
 *fill*         0x000000000800f934        0xc 
 .text.Vector15C
                0x000000000800f940       0x14 build/obj/uart_lld.o
                0x000000000800f940                Vector15C
 *fill*         0x000000000800f954        0xc 
 .text.uart_lld_init
                0x000000000800f960       0x48 build/obj/uart_lld.o
                0x000000000800f960                uart_lld_init
 *fill*         0x000000000800f9a8        0x8 
 .text.__early_init
                0x000000000800f9b0        0x4 build/obj/board.o
                0x000000000800f9b0                __early_init
 *fill*         0x000000000800f9b4        0xc 
 .text.boardInit
                0x000000000800f9c0        0x4 build/obj/board.o
                0x000000000800f9c0                boardInit
 *fill*         0x000000000800f9c4        0xc 
 .text.long_to_string_with_divisor
                0x000000000800f9d0       0x48 build/obj/chprintf.o
 *fill*         0x000000000800fa18        0x8 
 .text.chvprintf
                0x000000000800fa20      0x37c build/obj/chprintf.o
                0x000000000800fa20                chvprintf
 *fill*         0x000000000800fd9c        0x4 
 .text.put      0x000000000800fda0       0x1c build/obj/memstreams.o
 *fill*         0x000000000800fdbc        0x4 
 .text.get      0x000000000800fdc0       0x1c build/obj/memstreams.o
 *fill*         0x000000000800fddc        0x4 
 .text.reads    0x000000000800fde0       0x28 build/obj/memstreams.o
 *fill*         0x000000000800fe08        0x8 
 .text.writes   0x000000000800fe10       0x24 build/obj/memstreams.o
 *fill*         0x000000000800fe34        0xc 
 .text.msObjectInit
                0x000000000800fe40       0x1c build/obj/memstreams.o
                0x000000000800fe40                msObjectInit
 *fill*         0x000000000800fe5c        0x4 
 .text.uart_process_thread
                0x000000000800fe60       0x3c build/obj/bldc.o
 *fill*         0x000000000800fe9c        0x4 
 .text.periodic_thread
                0x000000000800fea0       0x68 build/obj/bldc.o
 *fill*         0x000000000800ff08        0x8 
 .text.debug_print_usb
                0x000000000800ff10       0x58 build/obj/bldc.o
                0x000000000800ff10                debug_print_usb
 *fill*         0x000000000800ff68        0x8 
 .text.bldc_init
                0x000000000800ff70       0x3c build/obj/bldc.o
                0x000000000800ff70                bldc_init
 *fill*         0x000000000800ffac        0x4 
 .text.bldc_start
                0x000000000800ffb0       0xc4 build/obj/bldc.o
                0x000000000800ffb0                bldc_start
 *fill*         0x0000000008010074        0xc 
 .text.SEQUENCE_thread
                0x0000000008010080       0x1c build/obj/mcpwm.o
 *fill*         0x000000000801009c        0x4 
 .text.mcpwm_adc_int_handler
                0x00000000080100a0       0x1c build/obj/mcpwm.o
                0x00000000080100a0                mcpwm_adc_int_handler
 *fill*         0x00000000080100bc        0x4 
 .text.ClarkePark
                0x00000000080100c0       0x68 build/obj/mcpwm.o
                0x00000000080100c0                ClarkePark
 *fill*         0x0000000008010128        0x8 
 .text.CalcPI   0x0000000008010130       0x60 build/obj/mcpwm.o
                0x0000000008010130                CalcPI
 .text.SetupControlParameters
                0x0000000008010190       0x98 build/obj/mcpwm.o
                0x0000000008010190                SetupControlParameters
 *fill*         0x0000000008010228        0x8 
 .text.VoltRippleComp
                0x0000000008010230       0x5c build/obj/mcpwm.o
                0x0000000008010230                VoltRippleComp
 *fill*         0x000000000801028c        0x4 
 .text.DoControl
                0x0000000008010290      0x248 build/obj/mcpwm.o
                0x0000000008010290                DoControl
 *fill*         0x00000000080104d8        0x8 
 .text.InvPark  0x00000000080104e0       0x4c build/obj/mcpwm.o
                0x00000000080104e0                InvPark
 *fill*         0x000000000801052c        0x4 
 .text.CalcTimes
                0x0000000008010530       0x6c build/obj/mcpwm.o
                0x0000000008010530                CalcTimes
 *fill*         0x000000000801059c        0x4 
 .text.update_timer_Duty
                0x00000000080105a0       0x58 build/obj/mcpwm.o
                0x00000000080105a0                update_timer_Duty
 *fill*         0x00000000080105f8        0x8 
 .text.CalcSVGen
                0x0000000008010600      0x104 build/obj/mcpwm.o
                0x0000000008010600                CalcSVGen
 *fill*         0x0000000008010704        0xc 
 .text.SMC_HallSensor_Estimation
                0x0000000008010710      0x19c build/obj/mcpwm.o
                0x0000000008010710                SMC_HallSensor_Estimation
 *fill*         0x00000000080108ac        0x4 
 .text.mcpwm_adc_inj_int_handler
                0x00000000080108b0      0x160 build/obj/mcpwm.o
                0x00000000080108b0                mcpwm_adc_inj_int_handler
 .text.FWInit   0x0000000008010a10       0xac build/obj/mcpwm.o
                0x0000000008010a10                FWInit
 *fill*         0x0000000008010abc        0x4 
 .text.mcpwm_init
                0x0000000008010ac0      0x508 build/obj/mcpwm.o
                0x0000000008010ac0                mcpwm_init
 *fill*         0x0000000008010fc8        0x8 
 .text.mcpwm_get_state
                0x0000000008010fd0        0x4 build/obj/mcpwm.o
                0x0000000008010fd0                mcpwm_get_state
 *fill*         0x0000000008010fd4        0xc 
 .text.mcpwm_get_fault
                0x0000000008010fe0        0xc build/obj/mcpwm.o
                0x0000000008010fe0                mcpwm_get_fault
 *fill*         0x0000000008010fec        0x4 
 .text.get_descriptor
                0x0000000008010ff0       0x30 build/obj/usb_uart.o
 .text.usb_event
                0x0000000008011020       0x38 build/obj/usb_uart.o
 *fill*         0x0000000008011058        0x8 
 .text.usb_uart_init
                0x0000000008011060       0x4c build/obj/usb_uart.o
                0x0000000008011060                usb_uart_init
 *fill*         0x00000000080110ac        0x4 
 .text.Vector11C
                0x00000000080110b0       0x18 build/obj/irq_handlers.o
                0x00000000080110b0                Vector11C
 *fill*         0x00000000080110c8        0x8 
 .text.Vector88
                0x00000000080110d0       0x1c build/obj/irq_handlers.o
                0x00000000080110d0                Vector88
 *fill*         0x00000000080110ec        0x4 
 .text.VectorE0
                0x00000000080110f0       0x24 build/obj/irq_handlers.o
                0x00000000080110f0                VectorE0
 *fill*         0x0000000008011114        0xc 
 .text.comm_usb_init
                0x0000000008011120       0x14 build/obj/comm_usb.o
                0x0000000008011120                comm_usb_init
 *fill*         0x0000000008011134        0xc 
 .text.utils_sys_lock_cnt
                0x0000000008011140       0x14 build/obj/utils.o
                0x0000000008011140                utils_sys_lock_cnt
 *fill*         0x0000000008011154        0xc 
 .text.utils_sys_unlock_cnt
                0x0000000008011160       0x18 build/obj/utils.o
                0x0000000008011160                utils_sys_unlock_cnt
 *fill*         0x0000000008011178        0x8 
 .text.conf_general_init
                0x0000000008011180       0x58 build/obj/conf_general.o
                0x0000000008011180                conf_general_init
 *fill*         0x00000000080111d8        0x8 
 .text.conf_general_read_app_configuration
                0x00000000080111e0      0x124 build/obj/conf_general.o
                0x00000000080111e0                conf_general_read_app_configuration
 *fill*         0x0000000008011304        0xc 
 .text.conf_general_read_mc_configuration
                0x0000000008011310      0x1a0 build/obj/conf_general.o
                0x0000000008011310                conf_general_read_mc_configuration
 .text.EE_VerifyPageFullWriteVariable
                0x00000000080114b0       0x7c build/obj/eeprom.o
 *fill*         0x000000000801152c        0x4 
 .text.EE_Format
                0x0000000008011530       0x2c build/obj/eeprom.o
 *fill*         0x000000000801155c        0x4 
 .text.EE_ReadVariable
                0x0000000008011560       0x70 build/obj/eeprom.o
                0x0000000008011560                EE_ReadVariable
 .text.EE_Init  0x00000000080115d0      0x160 build/obj/eeprom.o
                0x00000000080115d0                EE_Init
 .text.hw_init_gpio
                0x0000000008011730      0x190 build/obj/hw_oroca.o
                0x0000000008011730                hw_init_gpio
 .text.hw_setup_adc_channels
                0x00000000080118c0       0xc0 build/obj/hw_oroca.o
                0x00000000080118c0                hw_setup_adc_channels
 .text.NVIC_Init
                0x0000000008011980       0x70 build/obj/misc.o
                0x0000000008011980                NVIC_Init
 .text.DMA_Init
                0x00000000080119f0       0x70 build/obj/stm32f4xx_dma.o
                0x00000000080119f0                DMA_Init
 .text.DMA_Cmd  0x0000000008011a60       0x14 build/obj/stm32f4xx_dma.o
                0x0000000008011a60                DMA_Cmd
 *fill*         0x0000000008011a74        0xc 
 .text.DMA_ITConfig
                0x0000000008011a80       0x40 build/obj/stm32f4xx_dma.o
                0x0000000008011a80                DMA_ITConfig
 .text.RCC_AHB1PeriphClockCmd
                0x0000000008011ac0       0x18 build/obj/stm32f4xx_rcc.o
                0x0000000008011ac0                RCC_AHB1PeriphClockCmd
 *fill*         0x0000000008011ad8        0x8 
 .text.RCC_APB1PeriphClockCmd
                0x0000000008011ae0       0x18 build/obj/stm32f4xx_rcc.o
                0x0000000008011ae0                RCC_APB1PeriphClockCmd
 *fill*         0x0000000008011af8        0x8 
 .text.RCC_APB2PeriphClockCmd
                0x0000000008011b00       0x18 build/obj/stm32f4xx_rcc.o
                0x0000000008011b00                RCC_APB2PeriphClockCmd
 *fill*         0x0000000008011b18        0x8 
 .text.RCC_APB1PeriphResetCmd
                0x0000000008011b20       0x18 build/obj/stm32f4xx_rcc.o
                0x0000000008011b20                RCC_APB1PeriphResetCmd
 *fill*         0x0000000008011b38        0x8 
 .text.RCC_APB2PeriphResetCmd
                0x0000000008011b40       0x18 build/obj/stm32f4xx_rcc.o
                0x0000000008011b40                RCC_APB2PeriphResetCmd
 *fill*         0x0000000008011b58        0x8 
 .text.ADC_Init
                0x0000000008011b60       0x50 build/obj/stm32f4xx_adc.o
                0x0000000008011b60                ADC_Init
 .text.ADC_CommonInit
                0x0000000008011bb0       0x28 build/obj/stm32f4xx_adc.o
                0x0000000008011bb0                ADC_CommonInit
 *fill*         0x0000000008011bd8        0x8 
 .text.ADC_Cmd  0x0000000008011be0       0x14 build/obj/stm32f4xx_adc.o
                0x0000000008011be0                ADC_Cmd
 *fill*         0x0000000008011bf4        0xc 
 .text.ADC_RegularChannelConfig
                0x0000000008011c00       0x8c build/obj/stm32f4xx_adc.o
                0x0000000008011c00                ADC_RegularChannelConfig
 *fill*         0x0000000008011c8c        0x4 
 .text.ADC_MultiModeDMARequestAfterLastTransferCmd
                0x0000000008011c90       0x1c build/obj/stm32f4xx_adc.o
                0x0000000008011c90                ADC_MultiModeDMARequestAfterLastTransferCmd
 *fill*         0x0000000008011cac        0x4 
 .text.ADC_InjectedChannelConfig
                0x0000000008011cb0       0x58 build/obj/stm32f4xx_adc.o
                0x0000000008011cb0                ADC_InjectedChannelConfig
 *fill*         0x0000000008011d08        0x8 
 .text.ADC_InjectedSequencerLengthConfig
                0x0000000008011d10       0x10 build/obj/stm32f4xx_adc.o
                0x0000000008011d10                ADC_InjectedSequencerLengthConfig
 .text.ADC_ExternalTrigInjectedConvConfig
                0x0000000008011d20        0xc build/obj/stm32f4xx_adc.o
                0x0000000008011d20                ADC_ExternalTrigInjectedConvConfig
 *fill*         0x0000000008011d2c        0x4 
 .text.ADC_ExternalTrigInjectedConvEdgeConfig
                0x0000000008011d30        0xc build/obj/stm32f4xx_adc.o
                0x0000000008011d30                ADC_ExternalTrigInjectedConvEdgeConfig
 *fill*         0x0000000008011d3c        0x4 
 .text.ADC_GetInjectedConversionValue
                0x0000000008011d40       0x1c build/obj/stm32f4xx_adc.o
                0x0000000008011d40                ADC_GetInjectedConversionValue
 *fill*         0x0000000008011d5c        0x4 
 .text.ADC_ITConfig
                0x0000000008011d60       0x1c build/obj/stm32f4xx_adc.o
                0x0000000008011d60                ADC_ITConfig
 *fill*         0x0000000008011d7c        0x4 
 .text.ADC_ClearITPendingBit
                0x0000000008011d80        0x8 build/obj/stm32f4xx_adc.o
                0x0000000008011d80                ADC_ClearITPendingBit
 *fill*         0x0000000008011d88        0x8 
 .text.EXTI_GetITStatus
                0x0000000008011d90       0x1c build/obj/stm32f4xx_exti.o
                0x0000000008011d90                EXTI_GetITStatus
 *fill*         0x0000000008011dac        0x4 
 .text.EXTI_ClearITPendingBit
                0x0000000008011db0        0xc build/obj/stm32f4xx_exti.o
                0x0000000008011db0                EXTI_ClearITPendingBit
 *fill*         0x0000000008011dbc        0x4 
 .text.FLASH_Unlock
                0x0000000008011dc0       0x20 build/obj/stm32f4xx_flash.o
                0x0000000008011dc0                FLASH_Unlock
 .text.FLASH_ClearFlag
                0x0000000008011de0        0xc build/obj/stm32f4xx_flash.o
                0x0000000008011de0                FLASH_ClearFlag
 *fill*         0x0000000008011dec        0x4 
 .text.FLASH_GetStatus
                0x0000000008011df0       0x34 build/obj/stm32f4xx_flash.o
                0x0000000008011df0                FLASH_GetStatus
 *fill*         0x0000000008011e24        0xc 
 .text.FLASH_WaitForLastOperation
                0x0000000008011e30       0x28 build/obj/stm32f4xx_flash.o
                0x0000000008011e30                FLASH_WaitForLastOperation
 *fill*         0x0000000008011e58        0x8 
 .text.FLASH_EraseSector
                0x0000000008011e60       0x74 build/obj/stm32f4xx_flash.o
                0x0000000008011e60                FLASH_EraseSector
 *fill*         0x0000000008011ed4        0xc 
 .text.FLASH_ProgramHalfWord
                0x0000000008011ee0       0x40 build/obj/stm32f4xx_flash.o
                0x0000000008011ee0                FLASH_ProgramHalfWord
 .text.TIM_DeInit
                0x0000000008011f20      0x1b8 build/obj/stm32f4xx_tim.o
                0x0000000008011f20                TIM_DeInit
 *fill*         0x00000000080120d8        0x8 
 .text.TIM_TimeBaseInit
                0x00000000080120e0       0x98 build/obj/stm32f4xx_tim.o
                0x00000000080120e0                TIM_TimeBaseInit
 *fill*         0x0000000008012178        0x8 
 .text.TIM_ARRPreloadConfig
                0x0000000008012180       0x1c build/obj/stm32f4xx_tim.o
                0x0000000008012180                TIM_ARRPreloadConfig
 *fill*         0x000000000801219c        0x4 
 .text.TIM_Cmd  0x00000000080121a0       0x1c build/obj/stm32f4xx_tim.o
                0x00000000080121a0                TIM_Cmd
 *fill*         0x00000000080121bc        0x4 
 .text.TIM_OC1Init
                0x00000000080121c0       0x84 build/obj/stm32f4xx_tim.o
                0x00000000080121c0                TIM_OC1Init
 *fill*         0x0000000008012244        0xc 
 .text.TIM_OC2Init
                0x0000000008012250       0x90 build/obj/stm32f4xx_tim.o
                0x0000000008012250                TIM_OC2Init
 .text.TIM_OC3Init
                0x00000000080122e0       0x90 build/obj/stm32f4xx_tim.o
                0x00000000080122e0                TIM_OC3Init
 .text.TIM_OC4Init
                0x0000000008012370       0x74 build/obj/stm32f4xx_tim.o
                0x0000000008012370                TIM_OC4Init
 *fill*         0x00000000080123e4        0xc 
 .text.TIM_OC1PreloadConfig
                0x00000000080123f0       0x10 build/obj/stm32f4xx_tim.o
                0x00000000080123f0                TIM_OC1PreloadConfig
 .text.TIM_OC2PreloadConfig
                0x0000000008012400       0x14 build/obj/stm32f4xx_tim.o
                0x0000000008012400                TIM_OC2PreloadConfig
 *fill*         0x0000000008012414        0xc 
 .text.TIM_OC3PreloadConfig
                0x0000000008012420       0x10 build/obj/stm32f4xx_tim.o
                0x0000000008012420                TIM_OC3PreloadConfig
 .text.TIM_OC4PreloadConfig
                0x0000000008012430       0x14 build/obj/stm32f4xx_tim.o
                0x0000000008012430                TIM_OC4PreloadConfig
 *fill*         0x0000000008012444        0xc 
 .text.TIM_BDTRConfig
                0x0000000008012450       0x28 build/obj/stm32f4xx_tim.o
                0x0000000008012450                TIM_BDTRConfig
 *fill*         0x0000000008012478        0x8 
 .text.TIM_CtrlPWMOutputs
                0x0000000008012480       0x20 build/obj/stm32f4xx_tim.o
                0x0000000008012480                TIM_CtrlPWMOutputs
 .text.TIM_CCPreloadControl
                0x00000000080124a0       0x1c build/obj/stm32f4xx_tim.o
                0x00000000080124a0                TIM_CCPreloadControl
 *fill*         0x00000000080124bc        0x4 
 .text.TIM_ClearITPendingBit
                0x00000000080124c0        0x8 build/obj/stm32f4xx_tim.o
                0x00000000080124c0                TIM_ClearITPendingBit
 *fill*         0x00000000080124c8        0x8 
 .text.TIM_SelectInputTrigger
                0x00000000080124d0       0x10 build/obj/stm32f4xx_tim.o
                0x00000000080124d0                TIM_SelectInputTrigger
 .text.TIM_SelectOutputTrigger
                0x00000000080124e0       0x18 build/obj/stm32f4xx_tim.o
                0x00000000080124e0                TIM_SelectOutputTrigger
 *fill*         0x00000000080124f8        0x8 
 .text.TIM_SelectSlaveMode
                0x0000000008012500       0x18 build/obj/stm32f4xx_tim.o
                0x0000000008012500                TIM_SelectSlaveMode
 *fill*         0x0000000008012518        0x8 
 .text.TIM_SelectMasterSlaveMode
                0x0000000008012520       0x18 build/obj/stm32f4xx_tim.o
                0x0000000008012520                TIM_SelectMasterSlaveMode
 *fill*         0x0000000008012538        0x8 
 .text.WWDG_SetPrescaler
                0x0000000008012540       0x14 build/obj/stm32f4xx_wwdg.o
                0x0000000008012540                WWDG_SetPrescaler
 *fill*         0x0000000008012554        0xc 
 .text.WWDG_SetWindowValue
                0x0000000008012560       0x28 build/obj/stm32f4xx_wwdg.o
                0x0000000008012560                WWDG_SetWindowValue
 *fill*         0x0000000008012588        0x8 
 .text.WWDG_SetCounter
                0x0000000008012590       0x10 build/obj/stm32f4xx_wwdg.o
                0x0000000008012590                WWDG_SetCounter
 .text.WWDG_Enable
                0x00000000080125a0       0x10 build/obj/stm32f4xx_wwdg.o
                0x00000000080125a0                WWDG_Enable
 .text.cosf     0x00000000080125b0       0x78 /Users/imac/Downloads/gcc-arm-none-eabi-4_9-2015q2/bin/../lib/gcc/arm-none-eabi/4.9.3/../../../../arm-none-eabi/lib/armv7e-m/fpu/libm.a(lib_a-sf_cos.o)
                0x00000000080125b0                cosf
 *fill*         0x0000000008012628        0x8 
 .text.sinf     0x0000000008012630       0x7c /Users/imac/Downloads/gcc-arm-none-eabi-4_9-2015q2/bin/../lib/gcc/arm-none-eabi/4.9.3/../../../../arm-none-eabi/lib/armv7e-m/fpu/libm.a(lib_a-sf_sin.o)
                0x0000000008012630                sinf
 *fill*         0x00000000080126ac        0x4 
 .text.sqrtf    0x00000000080126b0       0xb8 /Users/imac/Downloads/gcc-arm-none-eabi-4_9-2015q2/bin/../lib/gcc/arm-none-eabi/4.9.3/../../../../arm-none-eabi/lib/armv7e-m/fpu/libm.a(lib_a-wf_sqrt.o)
                0x00000000080126b0                sqrtf
 *fill*         0x0000000008012768        0x8 
 .text.__ieee754_rem_pio2f
                0x0000000008012770      0x290 /Users/imac/Downloads/gcc-arm-none-eabi-4_9-2015q2/bin/../lib/gcc/arm-none-eabi/4.9.3/../../../../arm-none-eabi/lib/armv7e-m/fpu/libm.a(lib_a-ef_rem_pio2.o)
                0x0000000008012770                __ieee754_rem_pio2f
 .text.__ieee754_sqrtf
                0x0000000008012a00       0xa4 /Users/imac/Downloads/gcc-arm-none-eabi-4_9-2015q2/bin/../lib/gcc/arm-none-eabi/4.9.3/../../../../arm-none-eabi/lib/armv7e-m/fpu/libm.a(lib_a-ef_sqrt.o)
                0x0000000008012a00                __ieee754_sqrtf
 *fill*         0x0000000008012aa4        0xc 
 .text.__kernel_cosf
                0x0000000008012ab0      0x104 /Users/imac/Downloads/gcc-arm-none-eabi-4_9-2015q2/bin/../lib/gcc/arm-none-eabi/4.9.3/../../../../arm-none-eabi/lib/armv7e-m/fpu/libm.a(lib_a-kf_cos.o)
                0x0000000008012ab0                __kernel_cosf
 *fill*         0x0000000008012bb4        0xc 
 .text.__kernel_rem_pio2f
                0x0000000008012bc0      0x5e4 /Users/imac/Downloads/gcc-arm-none-eabi-4_9-2015q2/bin/../lib/gcc/arm-none-eabi/4.9.3/../../../../arm-none-eabi/lib/armv7e-m/fpu/libm.a(lib_a-kf_rem_pio2.o)
                0x0000000008012bc0                __kernel_rem_pio2f
 *fill*         0x00000000080131a4        0xc 
 .text.__kernel_sinf
                0x00000000080131b0       0x90 /Users/imac/Downloads/gcc-arm-none-eabi-4_9-2015q2/bin/../lib/gcc/arm-none-eabi/4.9.3/../../../../arm-none-eabi/lib/armv7e-m/fpu/libm.a(lib_a-kf_sin.o)
                0x00000000080131b0                __kernel_sinf
 .text.matherr  0x0000000008013240        0x4 /Users/imac/Downloads/gcc-arm-none-eabi-4_9-2015q2/bin/../lib/gcc/arm-none-eabi/4.9.3/../../../../arm-none-eabi/lib/armv7e-m/fpu/libm.a(lib_a-s_matherr.o)
                0x0000000008013240                matherr
 *fill*         0x0000000008013244        0xc 
 .text.fabsf    0x0000000008013250       0x10 /Users/imac/Downloads/gcc-arm-none-eabi-4_9-2015q2/bin/../lib/gcc/arm-none-eabi/4.9.3/../../../../arm-none-eabi/lib/armv7e-m/fpu/libm.a(lib_a-sf_fabs.o)
                0x0000000008013250                fabsf
 .text.floorf   0x0000000008013260       0x90 /Users/imac/Downloads/gcc-arm-none-eabi-4_9-2015q2/bin/../lib/gcc/arm-none-eabi/4.9.3/../../../../arm-none-eabi/lib/armv7e-m/fpu/libm.a(lib_a-sf_floor.o)
                0x0000000008013260                floorf
 .text.__fpclassifyf
                0x00000000080132f0       0x38 /Users/imac/Downloads/gcc-arm-none-eabi-4_9-2015q2/bin/../lib/gcc/arm-none-eabi/4.9.3/../../../../arm-none-eabi/lib/armv7e-m/fpu/libm.a(lib_a-sf_fpclassify.o)
                0x00000000080132f0                __fpclassifyf
 *fill*         0x0000000008013328        0x8 
 .text.scalbnf  0x0000000008013330       0xd0 /Users/imac/Downloads/gcc-arm-none-eabi-4_9-2015q2/bin/../lib/gcc/arm-none-eabi/4.9.3/../../../../arm-none-eabi/lib/armv7e-m/fpu/libm.a(lib_a-sf_scalbn.o)
                0x0000000008013330                scalbnf
 .text.copysignf
                0x0000000008013400       0x18 /Users/imac/Downloads/gcc-arm-none-eabi-4_9-2015q2/bin/../lib/gcc/arm-none-eabi/4.9.3/../../../../arm-none-eabi/lib/armv7e-m/fpu/libm.a(lib_a-sf_copysign.o)
                0x0000000008013400                copysignf
 *fill*         0x0000000008013418        0x8 
 .text.__errno  0x0000000008013420        0xc /Users/imac/Downloads/gcc-arm-none-eabi-4_9-2015q2/bin/../lib/gcc/arm-none-eabi/4.9.3/../../../../arm-none-eabi/lib/armv7e-m/fpu/libg.a(lib_a-errno.o)
                0x0000000008013420                __errno
 *fill*         0x000000000801342c        0x4 
 .text.memset   0x0000000008013430       0x9c /Users/imac/Downloads/gcc-arm-none-eabi-4_9-2015q2/bin/../lib/gcc/arm-none-eabi/4.9.3/../../../../arm-none-eabi/lib/armv7e-m/fpu/libg.a(lib_a-memset.o)
                0x0000000008013430                memset
 *(.rodata)
 *(.rodata.*)
 *fill*         0x00000000080134cc        0x4 
 .rodata.str1.4
                0x00000000080134d0        0x5 build/obj/chsys.o
 *fill*         0x00000000080134d5        0xb 
 .rodata.ch_debug
                0x00000000080134e0       0x16 build/obj/chregistry.o
                0x00000000080134e0                ch_debug
 *fill*         0x00000000080134f6        0xa 
 .rodata.vmt    0x0000000008013500       0x20 build/obj/serial_usb.o
 .rodata.zero_status
                0x0000000008013520        0x2 build/obj/usb.o
 *fill*         0x0000000008013522        0xe 
 .rodata.active_status
                0x0000000008013530        0x2 build/obj/usb.o
 *fill*         0x0000000008013532        0xe 
 .rodata.halted_status
                0x0000000008013540        0x2 build/obj/usb.o
 *fill*         0x0000000008013542        0xe 
 .rodata._stm32_dma_streams
                0x0000000008013550       0xc0 build/obj/stm32_dma.o
                0x0000000008013550                _stm32_dma_streams
 .rodata.fsparams
                0x0000000008013610        0xc build/obj/usb_lld.o
 *fill*         0x000000000801361c        0x4 
 .rodata.str1.4
                0x0000000008013620        0xd build/obj/usb_lld.o
 *fill*         0x000000000801362d        0x3 
 .rodata.ep0config
                0x0000000008013630       0x24 build/obj/usb_lld.o
 *fill*         0x0000000008013654        0xc 
 .rodata.pal_default_config
                0x0000000008013660       0xfc build/obj/board.o
                0x0000000008013660                pal_default_config
 *fill*         0x000000000801375c        0x4 
 .rodata.str1.4
                0x0000000008013760        0x7 build/obj/chprintf.o
 *fill*         0x0000000008013767        0x9 
 .rodata.vmt    0x0000000008013770       0x10 build/obj/memstreams.o
 .rodata.str1.4
                0x0000000008013780       0x2e build/obj/bldc.o
 *fill*         0x00000000080137ae        0x2 
 .rodata.str1.4
                0x00000000080137b0       0xc7 build/obj/mcpwm.o
 *fill*         0x0000000008013877        0x9 
 .rodata.ep1config
                0x0000000008013880       0x24 build/obj/usb_uart.o
 *fill*         0x00000000080138a4        0xc 
 .rodata.vcom_configuration_descriptor
                0x00000000080138b0        0x8 build/obj/usb_uart.o
 *fill*         0x00000000080138b8        0x8 
 .rodata.ep2config
                0x00000000080138c0       0x24 build/obj/usb_uart.o
 *fill*         0x00000000080138e4        0xc 
 .rodata.usbcfg
                0x00000000080138f0       0x10 build/obj/usb_uart.o
                0x00000000080138f0                usbcfg
 .rodata.vcom_configuration_descriptor_data
                0x0000000008013900       0x43 build/obj/usb_uart.o
 *fill*         0x0000000008013943        0xd 
 .rodata.vcom_device_descriptor_data
                0x0000000008013950       0x12 build/obj/usb_uart.o
 *fill*         0x0000000008013962        0xe 
 .rodata.vcom_string0
                0x0000000008013970        0x4 build/obj/usb_uart.o
 *fill*         0x0000000008013974        0xc 
 .rodata.vcom_string1
                0x0000000008013980       0x26 build/obj/usb_uart.o
 *fill*         0x00000000080139a6        0xa 
 .rodata.vcom_string2
                0x00000000080139b0       0x38 build/obj/usb_uart.o
 *fill*         0x00000000080139e8        0x8 
 .rodata.vcom_string3
                0x00000000080139f0        0x8 build/obj/usb_uart.o
 *fill*         0x00000000080139f8        0x8 
 .rodata.vcom_strings
                0x0000000008013a00       0x20 build/obj/usb_uart.o
 .rodata.serusbcfg
                0x0000000008013a20        0x8 build/obj/usb_uart.o
                0x0000000008013a20                serusbcfg
 *fill*         0x0000000008013a28        0x8 
 .rodata.vcom_device_descriptor
                0x0000000008013a30        0x8 build/obj/usb_uart.o
 *fill*         0x0000000008013a38        0x8 
 .rodata.str1.4
                0x0000000008013a40        0x6 /Users/imac/Downloads/gcc-arm-none-eabi-4_9-2015q2/bin/../lib/gcc/arm-none-eabi/4.9.3/../../../../arm-none-eabi/lib/armv7e-m/fpu/libm.a(lib_a-wf_sqrt.o)
 *fill*         0x0000000008013a46        0xa 
 .rodata.npio2_hw
                0x0000000008013a50       0x80 /Users/imac/Downloads/gcc-arm-none-eabi-4_9-2015q2/bin/../lib/gcc/arm-none-eabi/4.9.3/../../../../arm-none-eabi/lib/armv7e-m/fpu/libm.a(lib_a-ef_rem_pio2.o)
 .rodata.two_over_pi
                0x0000000008013ad0      0x318 /Users/imac/Downloads/gcc-arm-none-eabi-4_9-2015q2/bin/../lib/gcc/arm-none-eabi/4.9.3/../../../../arm-none-eabi/lib/armv7e-m/fpu/libm.a(lib_a-ef_rem_pio2.o)
 *fill*         0x0000000008013de8        0x8 
 .rodata.init_jk
                0x0000000008013df0        0xc /Users/imac/Downloads/gcc-arm-none-eabi-4_9-2015q2/bin/../lib/gcc/arm-none-eabi/4.9.3/../../../../arm-none-eabi/lib/armv7e-m/fpu/libm.a(lib_a-kf_rem_pio2.o)
 *fill*         0x0000000008013dfc        0x4 
 .rodata.PIo2   0x0000000008013e00       0x2c /Users/imac/Downloads/gcc-arm-none-eabi-4_9-2015q2/bin/../lib/gcc/arm-none-eabi/4.9.3/../../../../arm-none-eabi/lib/armv7e-m/fpu/libm.a(lib_a-kf_rem_pio2.o)
 *fill*         0x0000000008013e2c        0x4 
 .rodata.str1.4
                0x0000000008013e30        0x4 /Users/imac/Downloads/gcc-arm-none-eabi-4_9-2015q2/bin/../lib/gcc/arm-none-eabi/4.9.3/../../../../arm-none-eabi/lib/armv7e-m/fpu/libg.a(lib_a-impure.o)
                                          0x2 (size before relaxing)
 *(.glue_7t)
 .glue_7t       0x0000000000000000        0x0 linker stubs
 *(.glue_7)
 .glue_7        0x0000000000000000        0x0 linker stubs
 *(.gcc*)

.vfp11_veneer   0x0000000008013e34        0x0
 .vfp11_veneer  0x0000000000000000        0x0 linker stubs

.v4_bx          0x0000000008013e34        0x0
 .v4_bx         0x0000000000000000        0x0 linker stubs

.iplt           0x0000000008013e34        0x0
 .iplt          0x0000000000000000        0x0 build/obj/main.o

.rel.dyn        0x0000000008013e34        0x0
 .rel.iplt      0x0000000000000000        0x0 build/obj/main.o

.ARM.extab
 *(.ARM.extab* .gnu.linkonce.armextab.*)

.ARM.exidx      0x0000000008013e34        0x0
                0x0000000008013e34                PROVIDE (__exidx_start, .)
 *(.ARM.exidx* .gnu.linkonce.armexidx.*)
                0x0000000008013e34                PROVIDE (__exidx_end, .)

.eh_frame_hdr
 *(.eh_frame_hdr)

.eh_frame
 *(.eh_frame)

.textalign      0x0000000008013e34        0x4
                0x0000000008013e38                . = ALIGN (0x8)
 *fill*         0x0000000008013e34        0x4 
                0x0000000008013e38                _etext = .
                0x0000000008013e38                _textdata = _etext

.stacks         0x0000000020000000     0x1000
                0x0000000020000000                . = ALIGN (0x8)
                0x0000000020000000                __main_stack_base__ = .
                0x0000000020000800                . = (. + __main_stack_size__)
 *fill*         0x0000000020000000      0x800 
                0x0000000020000800                . = ALIGN (0x8)
                0x0000000020000800                __main_stack_end__ = .
                0x0000000020000800                __process_stack_base__ = .
                0x0000000020000800                __main_thread_stack_base__ = .
                0x0000000020001000                . = (. + __process_stack_size__)
 *fill*         0x0000000020000800      0x800 
                0x0000000020001000                . = ALIGN (0x8)
                0x0000000020001000                __process_stack_end__ = .
                0x0000000020001000                __main_thread_stack_end__ = .

.data           0x0000000020001000      0x444 load address 0x0000000008013e38
                0x0000000020001000                . = ALIGN (0x4)
                0x0000000020001000                PROVIDE (_data, .)
 *(.data)
                0x0000000020001000                . = ALIGN (0x4)
 *(.data.*)
 .data.linecoding
                0x0000000020001000        0x7 build/obj/serial_usb.o
 *fill*         0x0000000020001007        0x1 
 .data.qVelRef  0x0000000020001008        0x4 build/obj/bldc.o
                0x0000000020001008                qVelRef
 .data.switching_frequency_now
                0x000000002000100c        0x4 build/obj/mcpwm.o
                0x000000002000100c                switching_frequency_now
 .data.__fdlib_version
                0x0000000020001010        0x1 /Users/imac/Downloads/gcc-arm-none-eabi-4_9-2015q2/bin/../lib/gcc/arm-none-eabi/4.9.3/../../../../arm-none-eabi/lib/armv7e-m/fpu/libm.a(lib_a-s_lib_ver.o)
                0x0000000020001010                __fdlib_version
 *fill*         0x0000000020001011        0x7 
 .data.impure_data
                0x0000000020001018      0x428 /Users/imac/Downloads/gcc-arm-none-eabi-4_9-2015q2/bin/../lib/gcc/arm-none-eabi/4.9.3/../../../../arm-none-eabi/lib/armv7e-m/fpu/libg.a(lib_a-impure.o)
 .data._impure_ptr
                0x0000000020001440        0x4 /Users/imac/Downloads/gcc-arm-none-eabi-4_9-2015q2/bin/../lib/gcc/arm-none-eabi/4.9.3/../../../../arm-none-eabi/lib/armv7e-m/fpu/libg.a(lib_a-impure.o)
                0x0000000020001440                _impure_ptr
                0x0000000020001444                . = ALIGN (0x4)
 *(.ramtext)
                0x0000000020001444                . = ALIGN (0x4)
                0x0000000020001444                PROVIDE (_edata, .)

.igot.plt       0x0000000020001444        0x0 load address 0x000000000801427c
 .igot.plt      0x0000000000000000        0x0 build/obj/main.o

.bss            0x0000000020001448     0x21f4 load address 0x000000000801427c
                0x0000000020001448                . = ALIGN (0x4)
                0x0000000020001448                PROVIDE (_bss_start, .)
 *(.bss)
                0x0000000020001448                . = ALIGN (0x4)
 *(.bss.*)
 .bss.mainthread.4846
                0x0000000020001448       0x48 build/obj/chsys.o
 .bss._idle_thread_wa
                0x0000000020001490      0x1d8 build/obj/chsys.o
                0x0000000020001490                _idle_thread_wa
 .bss.vtlist    0x0000000020001668       0x10 build/obj/chvt.o
                0x0000000020001668                vtlist
 .bss.rlist     0x0000000020001678       0x1c build/obj/chschd.o
                0x0000000020001678                rlist
 .bss.endmem    0x0000000020001694        0x4 build/obj/chmemcore.o
 .bss.nextmem   0x0000000020001698        0x4 build/obj/chmemcore.o
 *fill*         0x000000002000169c        0x4 
 .bss.default_heap
                0x00000000200016a0       0x20 build/obj/chheap.o
 .bss.dma_isr_redir
                0x00000000200016c0       0x80 build/obj/stm32_dma.o
 .bss.dma_streams_mask
                0x0000000020001740        0x4 build/obj/stm32_dma.o
 .bss.CAND1     0x0000000020001744       0x38 build/obj/can_lld.o
                0x0000000020001744                CAND1
 .bss.I2CD2     0x000000002000177c       0x38 build/obj/i2c_lld.o
                0x000000002000177c                I2CD2
 *fill*         0x00000000200017b4        0x4 
 .bss.USBD1     0x00000000200017b8      0x280 build/obj/usb_lld.o
                0x00000000200017b8                USBD1
 .bss.ep0_state
                0x0000000020001a38       0x14 build/obj/usb_lld.o
 .bss.ep0setup_buffer
                0x0000000020001a4c        0x8 build/obj/usb_lld.o
 .bss.GPTD5     0x0000000020001a54       0x10 build/obj/gpt_lld.o
                0x0000000020001a54                GPTD5
 .bss.ICUD3     0x0000000020001a64       0x18 build/obj/icu_lld.o
                0x0000000020001a64                ICUD3
 .bss.UARTD3    0x0000000020001a7c       0x1c build/obj/uart_lld.o
                0x0000000020001a7c                UARTD3
 .bss.UARTD6    0x0000000020001a98       0x1c build/obj/uart_lld.o
                0x0000000020001a98                UARTD6
 .bss.Ch        0x0000000020001ab4        0x1 build/obj/bldc.o
                0x0000000020001ab4                Ch
 *fill*         0x0000000020001ab5        0x1 
 .bss.dbg_AccumTheta
                0x0000000020001ab6        0x2 build/obj/bldc.o
                0x0000000020001ab6                dbg_AccumTheta
 .bss.debug_usb_buff.11564
                0x0000000020001ab8      0x400 build/obj/bldc.o
 .bss.dbg_fMea  0x0000000020001eb8        0x4 build/obj/bldc.o
                0x0000000020001eb8                dbg_fMea
 .bss.dbg_fTheta
                0x0000000020001ebc        0x4 build/obj/bldc.o
                0x0000000020001ebc                dbg_fTheta
 .bss.uart_thread_wa
                0x0000000020001ec0      0x218 build/obj/bldc.o
 .bss.periodic_thread_wa
                0x00000000200020d8      0x598 build/obj/bldc.o
 .bss.curr0_offset
                0x0000000020002670        0x4 build/obj/mcpwm.o
 .bss.ADC_Value
                0x0000000020002674       0x18 build/obj/mcpwm.o
                0x0000000020002674                ADC_Value
 .bss.Startup_Ramp
                0x000000002000268c        0x4 build/obj/mcpwm.o
                0x000000002000268c                Startup_Ramp
 .bss.PIParmD   0x0000000020002690       0x24 build/obj/mcpwm.o
                0x0000000020002690                PIParmD
 .bss.curr1_sum
                0x00000000200026b4        0x4 build/obj/mcpwm.o
 .bss.CtrlParm  0x00000000200026b8        0xc build/obj/mcpwm.o
                0x00000000200026b8                CtrlParm
 *fill*         0x00000000200026c4        0x4 
 .bss.SEQUENCE_thread_wa
                0x00000000200026c8      0x998 build/obj/mcpwm.o
 .bss.PIParmQ   0x0000000020003060       0x24 build/obj/mcpwm.o
                0x0000000020003060                PIParmQ
 .bss.uGF       0x0000000020003084        0x4 build/obj/mcpwm.o
                0x0000000020003084                uGF
 .bss.Hall_SinCos
                0x0000000020003088        0x4 build/obj/mcpwm.o
                0x0000000020003088                Hall_SinCos
 .bss.PIParmW   0x000000002000308c       0x24 build/obj/mcpwm.o
                0x000000002000308c                PIParmW
 .bss.curr_start_samples
                0x00000000200030b0        0x4 build/obj/mcpwm.o
 .bss.Hall_CosSin
                0x00000000200030b4        0x4 build/obj/mcpwm.o
                0x00000000200030b4                Hall_CosSin
 .bss.dccal_done
                0x00000000200030b8        0x1 build/obj/mcpwm.o
 *fill*         0x00000000200030b9        0x3 
 .bss.Hall_Err0
                0x00000000200030bc        0x4 build/obj/mcpwm.o
 .bss.Startup_Lock
                0x00000000200030c0        0x4 build/obj/mcpwm.o
                0x00000000200030c0                Startup_Lock
 .bss.AccumThetaCnt
                0x00000000200030c4        0x2 build/obj/mcpwm.o
                0x00000000200030c4                AccumThetaCnt
 *fill*         0x00000000200030c6        0x2 
 .bss.PIParmPLL
                0x00000000200030c8       0x24 build/obj/mcpwm.o
                0x00000000200030c8                PIParmPLL
 .bss.sinth     0x00000000200030ec        0x4 build/obj/mcpwm.o
                0x00000000200030ec                sinth
 .bss.qVdSquared
                0x00000000200030f0        0x4 build/obj/mcpwm.o
 .bss.DCbus     0x00000000200030f4        0x4 build/obj/mcpwm.o
 .bss.TargetDCbus
                0x00000000200030f8        0x4 build/obj/mcpwm.o
 .bss.Theta     0x00000000200030fc        0x4 build/obj/mcpwm.o
 .bss.smc1      0x0000000020003100       0x64 build/obj/mcpwm.o
                0x0000000020003100                smc1
 .bss.ParkParm  0x0000000020003164       0x40 build/obj/mcpwm.o
                0x0000000020003164                ParkParm
 .bss.costh     0x00000000200031a4        0x4 build/obj/mcpwm.o
                0x00000000200031a4                costh
 .bss.SVGenParm
                0x00000000200031a8       0x24 build/obj/mcpwm.o
                0x00000000200031a8                SVGenParm
 .bss.curr1_offset
                0x00000000200031cc        0x4 build/obj/mcpwm.o
 .bss.curr0_sum
                0x00000000200031d0        0x4 build/obj/mcpwm.o
 .bss.FdWeakParm
                0x00000000200031d4       0x5c build/obj/mcpwm.o
                0x00000000200031d4                FdWeakParm
 .bss.Hall_PIout
                0x0000000020003230        0x4 build/obj/mcpwm.o
 .bss.fault_now
                0x0000000020003234        0x1 build/obj/mcpwm.o
 *fill*         0x0000000020003235        0x3 
 .bss.HallPLLA  0x0000000020003238        0x4 build/obj/mcpwm.o
                0x0000000020003238                HallPLLA
 .bss.HallPLLB  0x000000002000323c        0x4 build/obj/mcpwm.o
                0x000000002000323c                HallPLLB
 .bss.MeasCurrParm
                0x0000000020003240       0x10 build/obj/mcpwm.o
 .bss.ep2instate
                0x0000000020003250       0x14 build/obj/usb_uart.o
 .bss.SDU1      0x0000000020003264      0x258 build/obj/usb_uart.o
                0x0000000020003264                SDU1
 .bss.ep1instate
                0x00000000200034bc       0x14 build/obj/usb_uart.o
 .bss.ep1outstate
                0x00000000200034d0       0x14 build/obj/usb_uart.o
 .bss.send_mutex
                0x00000000200034e4       0x10 build/obj/comm_usb.o
 .bss.sys_lock_cnt
                0x00000000200034f4        0x4 build/obj/utils.o
 .bss.VirtAddVarTab
                0x00000000200034f8      0x140 build/obj/conf_general.o
                0x00000000200034f8                VirtAddVarTab
 .bss.DataVar   0x0000000020003638        0x2 build/obj/eeprom.o
                0x0000000020003638                DataVar
                0x000000002000363c                . = ALIGN (0x4)
 *fill*         0x000000002000363a        0x2 
 *(COMMON)
                0x000000002000363c                . = ALIGN (0x4)
                0x000000002000363c                PROVIDE (_bss_end, .)
                0x000000002000363c                PROVIDE (end, .)
                0x000000002000363c                _end = .
                0x000000002000363c                __heap_base__ = _end
                0x0000000020020000                __heap_end__ = __ram_end__
LOAD /Users/imac/Downloads/gcc-arm-none-eabi-4_9-2015q2/bin/../lib/gcc/arm-none-eabi/4.9.3/../../../../arm-none-eabi/lib/armv7e-m/fpu/libm.a
START GROUP
LOAD /Users/imac/Downloads/gcc-arm-none-eabi-4_9-2015q2/bin/../lib/gcc/arm-none-eabi/4.9.3/armv7e-m/fpu/libgcc.a
LOAD /Users/imac/Downloads/gcc-arm-none-eabi-4_9-2015q2/bin/../lib/gcc/arm-none-eabi/4.9.3/../../../../arm-none-eabi/lib/armv7e-m/fpu/libg.a
LOAD /Users/imac/Downloads/gcc-arm-none-eabi-4_9-2015q2/bin/../lib/gcc/arm-none-eabi/4.9.3/../../../../arm-none-eabi/lib/armv7e-m/fpu/libc.a
END GROUP
OUTPUT(build/oroca_bldc.elf elf32-littlearm)

.debug_info     0x0000000000000000    0x28340
 .debug_info    0x0000000000000000      0x138 build/obj/main.o
 .debug_info    0x0000000000000138      0x2b6 build/obj/crt0.o
 .debug_info    0x00000000000003ee      0x1cd build/obj/vectors.o
 .debug_info    0x00000000000005bb      0x97c build/obj/chcore_v7m.o
 .debug_info    0x0000000000000f37      0x406 build/obj/nvic.o
 .debug_info    0x000000000000133d      0x8a3 build/obj/chsys.o
 .debug_info    0x0000000000001be0      0x203 build/obj/chvt.o
 .debug_info    0x0000000000001de3      0xa4a build/obj/chschd.o
 .debug_info    0x000000000000282d      0xaf3 build/obj/chthreads.o
 .debug_info    0x0000000000003320      0x691 build/obj/chregistry.o
 .debug_info    0x00000000000039b1      0xb14 build/obj/chsem.o
 .debug_info    0x00000000000044c5      0x9f4 build/obj/chmtx.o
 .debug_info    0x0000000000004eb9      0xb0d build/obj/chevents.o
 .debug_info    0x00000000000059c6      0xb06 build/obj/chqueues.o
 .debug_info    0x00000000000064cc      0x1d3 build/obj/chmemcore.o
 .debug_info    0x000000000000669f      0x7ca build/obj/chheap.o
 .debug_info    0x0000000000006e69      0x3f3 build/obj/hal.o
 .debug_info    0x000000000000725c      0xf9a build/obj/can.o
 .debug_info    0x00000000000081f6      0x6da build/obj/gpt.o
 .debug_info    0x00000000000088d0      0xb9d build/obj/i2c.o
 .debug_info    0x000000000000946d      0x502 build/obj/icu.o
 .debug_info    0x000000000000996f     0x1cee build/obj/serial_usb.o
 .debug_info    0x000000000000b65d      0x8a5 build/obj/uart.o
 .debug_info    0x000000000000bf02     0x1e13 build/obj/usb.o
 .debug_info    0x000000000000dd15      0xa7f build/obj/stm32_dma.o
 .debug_info    0x000000000000e794      0x491 build/obj/hal_lld.o
 .debug_info    0x000000000000ec25     0x1433 build/obj/can_lld.o
 .debug_info    0x0000000000010058      0x6fc build/obj/pal_lld.o
 .debug_info    0x0000000000010754     0x159c build/obj/i2c_lld.o
 .debug_info    0x0000000000011cf0     0x264a build/obj/usb_lld.o
 .debug_info    0x000000000001433a      0x702 build/obj/gpt_lld.o
 .debug_info    0x0000000000014a3c      0x7b0 build/obj/icu_lld.o
 .debug_info    0x00000000000151ec      0xd31 build/obj/uart_lld.o
 .debug_info    0x0000000000015f1d      0x1f4 build/obj/board.o
 .debug_info    0x0000000000016111      0x6bd build/obj/chprintf.o
 .debug_info    0x00000000000167ce      0x3ba build/obj/memstreams.o
 .debug_info    0x0000000000016b88     0x22a1 build/obj/bldc.o
 .debug_info    0x0000000000018e29     0x3fc7 build/obj/mcpwm.o
 .debug_info    0x000000000001cdf0     0x176a build/obj/usb_uart.o
 .debug_info    0x000000000001e55a      0x53e build/obj/irq_handlers.o
 .debug_info    0x000000000001ea98     0x14c3 build/obj/comm_usb.o
 .debug_info    0x000000000001ff5b      0x337 build/obj/utils.o
 .debug_info    0x0000000000020292      0xc4f build/obj/conf_general.o
 .debug_info    0x0000000000020ee1      0x78c build/obj/eeprom.o
 .debug_info    0x000000000002166d     0x13d9 build/obj/hw_oroca.o
 .debug_info    0x0000000000022a46      0x547 build/obj/misc.o
 .debug_info    0x0000000000022f8d      0x73f build/obj/stm32f4xx_dma.o
 .debug_info    0x00000000000236cc      0xd17 build/obj/stm32f4xx_rcc.o
 .debug_info    0x00000000000243e3      0xc8c build/obj/stm32f4xx_adc.o
 .debug_info    0x000000000002506f      0x350 build/obj/stm32f4xx_exti.o
 .debug_info    0x00000000000253bf      0x80a build/obj/stm32f4xx_flash.o
 .debug_info    0x0000000000025bc9     0x24d5 build/obj/stm32f4xx_tim.o
 .debug_info    0x000000000002809e      0x2a2 build/obj/stm32f4xx_wwdg.o

.debug_abbrev   0x0000000000000000     0x79fe
 .debug_abbrev  0x0000000000000000       0xcb build/obj/main.o
 .debug_abbrev  0x00000000000000cb       0xee build/obj/crt0.o
 .debug_abbrev  0x00000000000001b9       0xaf build/obj/vectors.o
 .debug_abbrev  0x0000000000000268      0x1fb build/obj/chcore_v7m.o
 .debug_abbrev  0x0000000000000463      0x10e build/obj/nvic.o
 .debug_abbrev  0x0000000000000571      0x1f9 build/obj/chsys.o
 .debug_abbrev  0x000000000000076a      0x117 build/obj/chvt.o
 .debug_abbrev  0x0000000000000881      0x308 build/obj/chschd.o
 .debug_abbrev  0x0000000000000b89      0x31d build/obj/chthreads.o
 .debug_abbrev  0x0000000000000ea6      0x173 build/obj/chregistry.o
 .debug_abbrev  0x0000000000001019      0x351 build/obj/chsem.o
 .debug_abbrev  0x000000000000136a      0x2e9 build/obj/chmtx.o
 .debug_abbrev  0x0000000000001653      0x2ce build/obj/chevents.o
 .debug_abbrev  0x0000000000001921      0x33f build/obj/chqueues.o
 .debug_abbrev  0x0000000000001c60      0x13f build/obj/chmemcore.o
 .debug_abbrev  0x0000000000001d9f      0x1e7 build/obj/chheap.o
 .debug_abbrev  0x0000000000001f86      0x1ca build/obj/hal.o
 .debug_abbrev  0x0000000000002150      0x2c6 build/obj/can.o
 .debug_abbrev  0x0000000000002416      0x1f1 build/obj/gpt.o
 .debug_abbrev  0x0000000000002607      0x249 build/obj/i2c.o
 .debug_abbrev  0x0000000000002850      0x170 build/obj/icu.o
 .debug_abbrev  0x00000000000029c0      0x3cd build/obj/serial_usb.o
 .debug_abbrev  0x0000000000002d8d      0x261 build/obj/uart.o
 .debug_abbrev  0x0000000000002fee      0x40c build/obj/usb.o
 .debug_abbrev  0x00000000000033fa      0x21f build/obj/stm32_dma.o
 .debug_abbrev  0x0000000000003619      0x12b build/obj/hal_lld.o
 .debug_abbrev  0x0000000000003744      0x3be build/obj/can_lld.o
 .debug_abbrev  0x0000000000003b02      0x1aa build/obj/pal_lld.o
 .debug_abbrev  0x0000000000003cac      0x3be build/obj/i2c_lld.o
 .debug_abbrev  0x000000000000406a      0x504 build/obj/usb_lld.o
 .debug_abbrev  0x000000000000456e      0x238 build/obj/gpt_lld.o
 .debug_abbrev  0x00000000000047a6      0x24a build/obj/icu_lld.o
 .debug_abbrev  0x00000000000049f0      0x38c build/obj/uart_lld.o
 .debug_abbrev  0x0000000000004d7c       0xe3 build/obj/board.o
 .debug_abbrev  0x0000000000004e5f      0x294 build/obj/chprintf.o
 .debug_abbrev  0x00000000000050f3      0x171 build/obj/memstreams.o
 .debug_abbrev  0x0000000000005264      0x3fe build/obj/bldc.o
 .debug_abbrev  0x0000000000005662      0x583 build/obj/mcpwm.o
 .debug_abbrev  0x0000000000005be5      0x2f3 build/obj/usb_uart.o
 .debug_abbrev  0x0000000000005ed8      0x15a build/obj/irq_handlers.o
 .debug_abbrev  0x0000000000006032      0x24d build/obj/comm_usb.o
 .debug_abbrev  0x000000000000627f      0x156 build/obj/utils.o
 .debug_abbrev  0x00000000000063d5      0x2c1 build/obj/conf_general.o
 .debug_abbrev  0x0000000000006696      0x268 build/obj/eeprom.o
 .debug_abbrev  0x00000000000068fe      0x1fb build/obj/hw_oroca.o
 .debug_abbrev  0x0000000000006af9      0x156 build/obj/misc.o
 .debug_abbrev  0x0000000000006c4f      0x175 build/obj/stm32f4xx_dma.o
 .debug_abbrev  0x0000000000006dc4      0x289 build/obj/stm32f4xx_rcc.o
 .debug_abbrev  0x000000000000704d      0x1ce build/obj/stm32f4xx_adc.o
 .debug_abbrev  0x000000000000721b      0x1c5 build/obj/stm32f4xx_exti.o
 .debug_abbrev  0x00000000000073e0      0x21c build/obj/stm32f4xx_flash.o
 .debug_abbrev  0x00000000000075fc      0x28a build/obj/stm32f4xx_tim.o
 .debug_abbrev  0x0000000000007886      0x178 build/obj/stm32f4xx_wwdg.o

.debug_aranges  0x0000000000000000     0x1818
 .debug_aranges
                0x0000000000000000       0x28 build/obj/main.o
 .debug_aranges
                0x0000000000000028       0x38 build/obj/crt0.o
 .debug_aranges
                0x0000000000000060       0x20 build/obj/vectors.o
 .debug_aranges
                0x0000000000000080       0x50 build/obj/chcore_v7m.o
 .debug_aranges
                0x00000000000000d0       0x30 build/obj/nvic.o
 .debug_aranges
                0x0000000000000100       0x30 build/obj/chsys.o
 .debug_aranges
                0x0000000000000130       0x30 build/obj/chvt.o
 .debug_aranges
                0x0000000000000160       0x68 build/obj/chschd.o
 .debug_aranges
                0x00000000000001c8       0x78 build/obj/chthreads.o
 .debug_aranges
                0x0000000000000240       0x28 build/obj/chregistry.o
 .debug_aranges
                0x0000000000000268       0x70 build/obj/chsem.o
 .debug_aranges
                0x00000000000002d8       0x58 build/obj/chmtx.o
 .debug_aranges
                0x0000000000000330       0xa0 build/obj/chevents.o
 .debug_aranges
                0x00000000000003d0       0x70 build/obj/chqueues.o
 .debug_aranges
                0x0000000000000440       0x38 build/obj/chmemcore.o
 .debug_aranges
                0x0000000000000478       0x40 build/obj/chheap.o
 .debug_aranges
                0x00000000000004b8       0x30 build/obj/hal.o
 .debug_aranges
                0x00000000000004e8       0x58 build/obj/can.o
 .debug_aranges
                0x0000000000000540       0x78 build/obj/gpt.o
 .debug_aranges
                0x00000000000005b8       0x60 build/obj/i2c.o
 .debug_aranges
                0x0000000000000618       0x48 build/obj/icu.o
 .debug_aranges
                0x0000000000000660       0xb0 build/obj/serial_usb.o
 .debug_aranges
                0x0000000000000710       0x78 build/obj/uart.o
 .debug_aranges
                0x0000000000000788       0xa8 build/obj/usb.o
 .debug_aranges
                0x0000000000000830       0xb0 build/obj/stm32_dma.o
 .debug_aranges
                0x00000000000008e0       0x28 build/obj/hal_lld.o
 .debug_aranges
                0x0000000000000908       0x90 build/obj/can_lld.o
 .debug_aranges
                0x0000000000000998       0x28 build/obj/pal_lld.o
 .debug_aranges
                0x00000000000009c0       0x70 build/obj/i2c_lld.o
 .debug_aranges
                0x0000000000000a30       0xd0 build/obj/usb_lld.o
 .debug_aranges
                0x0000000000000b00       0x50 build/obj/gpt_lld.o
 .debug_aranges
                0x0000000000000b50       0x48 build/obj/icu_lld.o
 .debug_aranges
                0x0000000000000b98       0x80 build/obj/uart_lld.o
 .debug_aranges
                0x0000000000000c18       0x28 build/obj/board.o
 .debug_aranges
                0x0000000000000c40       0x30 build/obj/chprintf.o
 .debug_aranges
                0x0000000000000c70       0x40 build/obj/memstreams.o
 .debug_aranges
                0x0000000000000cb0       0x48 build/obj/bldc.o
 .debug_aranges
                0x0000000000000cf8      0x130 build/obj/mcpwm.o
 .debug_aranges
                0x0000000000000e28       0x38 build/obj/usb_uart.o
 .debug_aranges
                0x0000000000000e60       0x30 build/obj/irq_handlers.o
 .debug_aranges
                0x0000000000000e90       0x20 build/obj/comm_usb.o
 .debug_aranges
                0x0000000000000eb0       0x60 build/obj/utils.o
 .debug_aranges
                0x0000000000000f10       0x48 build/obj/conf_general.o
 .debug_aranges
                0x0000000000000f58       0x40 build/obj/eeprom.o
 .debug_aranges
                0x0000000000000f98       0x40 build/obj/hw_oroca.o
 .debug_aranges
                0x0000000000000fd8       0x40 build/obj/misc.o
 .debug_aranges
                0x0000000000001018       0xb0 build/obj/stm32f4xx_dma.o
 .debug_aranges
                0x00000000000010c8      0x178 build/obj/stm32f4xx_rcc.o
 .debug_aranges
                0x0000000000001240      0x148 build/obj/stm32f4xx_adc.o
 .debug_aranges
                0x0000000000001388       0x58 build/obj/stm32f4xx_exti.o
 .debug_aranges
                0x00000000000013e0      0x108 build/obj/stm32f4xx_flash.o
 .debug_aranges
                0x00000000000014e8      0x2d8 build/obj/stm32f4xx_tim.o
 .debug_aranges
                0x00000000000017c0       0x58 build/obj/stm32f4xx_wwdg.o

.debug_ranges   0x0000000000000000     0x2138
 .debug_ranges  0x0000000000000000       0x18 build/obj/main.o
 .debug_ranges  0x0000000000000018       0x58 build/obj/crt0.o
 .debug_ranges  0x0000000000000070       0x10 build/obj/vectors.o
 .debug_ranges  0x0000000000000080       0x58 build/obj/chcore_v7m.o
 .debug_ranges  0x00000000000000d8       0x20 build/obj/nvic.o
 .debug_ranges  0x00000000000000f8       0x20 build/obj/chsys.o
 .debug_ranges  0x0000000000000118       0x20 build/obj/chvt.o
 .debug_ranges  0x0000000000000138      0x188 build/obj/chschd.o
 .debug_ranges  0x00000000000002c0      0x110 build/obj/chthreads.o
 .debug_ranges  0x00000000000003d0       0x18 build/obj/chregistry.o
 .debug_ranges  0x00000000000003e8      0x120 build/obj/chsem.o
 .debug_ranges  0x0000000000000508      0x148 build/obj/chmtx.o
 .debug_ranges  0x0000000000000650       0x90 build/obj/chevents.o
 .debug_ranges  0x00000000000006e0       0xb0 build/obj/chqueues.o
 .debug_ranges  0x0000000000000790       0x28 build/obj/chmemcore.o
 .debug_ranges  0x00000000000007b8       0x30 build/obj/chheap.o
 .debug_ranges  0x00000000000007e8       0x20 build/obj/hal.o
 .debug_ranges  0x0000000000000808       0x78 build/obj/can.o
 .debug_ranges  0x0000000000000880       0x68 build/obj/gpt.o
 .debug_ranges  0x00000000000008e8       0x50 build/obj/i2c.o
 .debug_ranges  0x0000000000000938       0x38 build/obj/icu.o
 .debug_ranges  0x0000000000000970       0xa0 build/obj/serial_usb.o
 .debug_ranges  0x0000000000000a10       0x68 build/obj/uart.o
 .debug_ranges  0x0000000000000a78      0x158 build/obj/usb.o
 .debug_ranges  0x0000000000000bd0       0xa0 build/obj/stm32_dma.o
 .debug_ranges  0x0000000000000c70       0x30 build/obj/hal_lld.o
 .debug_ranges  0x0000000000000ca0       0x98 build/obj/can_lld.o
 .debug_ranges  0x0000000000000d38      0x120 build/obj/pal_lld.o