Archive member included to satisfy reference by file (symbol)

c:/program files (x86)/gnu tools arm embedded/8 2018-q4-major/bin/../lib/gcc/arm-none-eabi/8.2.1/../../../../arm-none-eabi/lib/thumb/v7e-m+fp/hard\libm.a(lib_a-sf_cos.o)
                              build/obj/mc_pwm.o (cosf)
c:/program files (x86)/gnu tools arm embedded/8 2018-q4-major/bin/../lib/gcc/arm-none-eabi/8.2.1/../../../../arm-none-eabi/lib/thumb/v7e-m+fp/hard\libm.a(lib_a-sf_round.o)
                              build/obj/ledpwm.o (roundf)
c:/program files (x86)/gnu tools arm embedded/8 2018-q4-major/bin/../lib/gcc/arm-none-eabi/8.2.1/../../../../arm-none-eabi/lib/thumb/v7e-m+fp/hard\libm.a(lib_a-sf_sin.o)
                              build/obj/mc_pwm.o (sinf)
c:/program files (x86)/gnu tools arm embedded/8 2018-q4-major/bin/../lib/gcc/arm-none-eabi/8.2.1/../../../../arm-none-eabi/lib/thumb/v7e-m+fp/hard\libm.a(lib_a-wf_fmod.o)
                              build/obj/mc_encoder.o (fmodf)
c:/program files (x86)/gnu tools arm embedded/8 2018-q4-major/bin/../lib/gcc/arm-none-eabi/8.2.1/../../../../arm-none-eabi/lib/thumb/v7e-m+fp/hard\libm.a(lib_a-wf_log.o)
                              build/obj/mc_pwm.o (logf)
c:/program files (x86)/gnu tools arm embedded/8 2018-q4-major/bin/../lib/gcc/arm-none-eabi/8.2.1/../../../../arm-none-eabi/lib/thumb/v7e-m+fp/hard\libm.a(lib_a-wf_pow.o)
                              build/obj/ledpwm.o (powf)
c:/program files (x86)/gnu tools arm embedded/8 2018-q4-major/bin/../lib/gcc/arm-none-eabi/8.2.1/../../../../arm-none-eabi/lib/thumb/v7e-m+fp/hard\libm.a(lib_a-wf_sqrt.o)
                              build/obj/mc_control.o (sqrtf)
c:/program files (x86)/gnu tools arm embedded/8 2018-q4-major/bin/../lib/gcc/arm-none-eabi/8.2.1/../../../../arm-none-eabi/lib/thumb/v7e-m+fp/hard\libm.a(lib_a-ef_fmod.o)
                              c:/program files (x86)/gnu tools arm embedded/8 2018-q4-major/bin/../lib/gcc/arm-none-eabi/8.2.1/../../../../arm-none-eabi/lib/thumb/v7e-m+fp/hard\libm.a(lib_a-wf_fmod.o) (__ieee754_fmodf)
c:/program files (x86)/gnu tools arm embedded/8 2018-q4-major/bin/../lib/gcc/arm-none-eabi/8.2.1/../../../../arm-none-eabi/lib/thumb/v7e-m+fp/hard\libm.a(lib_a-ef_log.o)
                              c:/program files (x86)/gnu tools arm embedded/8 2018-q4-major/bin/../lib/gcc/arm-none-eabi/8.2.1/../../../../arm-none-eabi/lib/thumb/v7e-m+fp/hard\libm.a(lib_a-wf_log.o) (__ieee754_logf)
c:/program files (x86)/gnu tools arm embedded/8 2018-q4-major/bin/../lib/gcc/arm-none-eabi/8.2.1/../../../../arm-none-eabi/lib/thumb/v7e-m+fp/hard\libm.a(lib_a-ef_pow.o)
                              c:/program files (x86)/gnu tools arm embedded/8 2018-q4-major/bin/../lib/gcc/arm-none-eabi/8.2.1/../../../../arm-none-eabi/lib/thumb/v7e-m+fp/hard\libm.a(lib_a-wf_pow.o) (__ieee754_powf)
c:/program files (x86)/gnu tools arm embedded/8 2018-q4-major/bin/../lib/gcc/arm-none-eabi/8.2.1/../../../../arm-none-eabi/lib/thumb/v7e-m+fp/hard\libm.a(lib_a-ef_rem_pio2.o)
                              c:/program files (x86)/gnu tools arm embedded/8 2018-q4-major/bin/../lib/gcc/arm-none-eabi/8.2.1/../../../../arm-none-eabi/lib/thumb/v7e-m+fp/hard\libm.a(lib_a-sf_cos.o) (__ieee754_rem_pio2f)
c:/program files (x86)/gnu tools arm embedded/8 2018-q4-major/bin/../lib/gcc/arm-none-eabi/8.2.1/../../../../arm-none-eabi/lib/thumb/v7e-m+fp/hard\libm.a(lib_a-ef_sqrt.o)
                              c:/program files (x86)/gnu tools arm embedded/8 2018-q4-major/bin/../lib/gcc/arm-none-eabi/8.2.1/../../../../arm-none-eabi/lib/thumb/v7e-m+fp/hard\libm.a(lib_a-wf_sqrt.o) (__ieee754_sqrtf)
c:/program files (x86)/gnu tools arm embedded/8 2018-q4-major/bin/../lib/gcc/arm-none-eabi/8.2.1/../../../../arm-none-eabi/lib/thumb/v7e-m+fp/hard\libm.a(lib_a-kf_cos.o)
                              c:/program files (x86)/gnu tools arm embedded/8 2018-q4-major/bin/../lib/gcc/arm-none-eabi/8.2.1/../../../../arm-none-eabi/lib/thumb/v7e-m+fp/hard\libm.a(lib_a-sf_cos.o) (__kernel_cosf)
c:/program files (x86)/gnu tools arm embedded/8 2018-q4-major/bin/../lib/gcc/arm-none-eabi/8.2.1/../../../../arm-none-eabi/lib/thumb/v7e-m+fp/hard\libm.a(lib_a-kf_rem_pio2.o)
                              c:/program files (x86)/gnu tools arm embedded/8 2018-q4-major/bin/../lib/gcc/arm-none-eabi/8.2.1/../../../../arm-none-eabi/lib/thumb/v7e-m+fp/hard\libm.a(lib_a-ef_rem_pio2.o) (__kernel_rem_pio2f)
c:/program files (x86)/gnu tools arm embedded/8 2018-q4-major/bin/../lib/gcc/arm-none-eabi/8.2.1/../../../../arm-none-eabi/lib/thumb/v7e-m+fp/hard\libm.a(lib_a-kf_sin.o)
                              c:/program files (x86)/gnu tools arm embedded/8 2018-q4-major/bin/../lib/gcc/arm-none-eabi/8.2.1/../../../../arm-none-eabi/lib/thumb/v7e-m+fp/hard\libm.a(lib_a-sf_cos.o) (__kernel_sinf)
c:/program files (x86)/gnu tools arm embedded/8 2018-q4-major/bin/../lib/gcc/arm-none-eabi/8.2.1/../../../../arm-none-eabi/lib/thumb/v7e-m+fp/hard\libm.a(lib_a-s_lib_ver.o)
[...]
Memory Configuration

Name             Origin             Length             Attributes
flash            0x08000000         0x00004000
flash2           0x0800c000         0x00078000
ram0             0x20000000         0x00020000
ram1             0x20000000         0x0001c000
ram2             0x2001c000         0x00004000
ram3             0x00000000         0x00000000
ram4             0x10000000         0x00010000
ram5             0x40024000         0x00001000
ram6             0x00000000         0x00000000
ram7             0x00000000         0x00000000
*default*        0x00000000         0xffffffff

Linker script and memory map

LOAD build/obj/crt0_v7m.o
LOAD build/obj/chcoreasm_v7m.o
LOAD build/obj/crt1.o
LOAD build/obj/vectors.o
LOAD build/obj/chsys.o
LOAD build/obj/chdebug.o
LOAD build/obj/chvt.o
LOAD build/obj/chschd.o
LOAD build/obj/chthreads.o
LOAD build/obj/chtm.o
LOAD build/obj/chstats.o
LOAD build/obj/chdynamic.o
LOAD build/obj/chregistry.o
LOAD build/obj/chsem.o
LOAD build/obj/chmtx.o
LOAD build/obj/chcond.o
LOAD build/obj/chevents.o
LOAD build/obj/chmsg.o
LOAD build/obj/chmboxes.o
LOAD build/obj/chqueues.o
LOAD build/obj/chmemcore.o
LOAD build/obj/chheap.o
LOAD build/obj/chmempools.o
LOAD build/obj/chcore.o
LOAD build/obj/chcore_v7m.o
LOAD build/obj/osal.o
LOAD build/obj/hal.o
LOAD build/obj/hal_queues.o
LOAD build/obj/hal_mmcsd.o
LOAD build/obj/adc.o
LOAD build/obj/can.o
LOAD build/obj/dac.o
LOAD build/obj/ext.o
LOAD build/obj/gpt.o
LOAD build/obj/i2c.o
LOAD build/obj/i2s.o
LOAD build/obj/icu.o
LOAD build/obj/mac.o
LOAD build/obj/mmc_spi.o
LOAD build/obj/pal.o
LOAD build/obj/pwm.o
LOAD build/obj/rtc.o
LOAD build/obj/sdc.o
LOAD build/obj/serial.o
LOAD build/obj/serial_usb.o
LOAD build/obj/spi.o
LOAD build/obj/st.o
LOAD build/obj/uart.o
LOAD build/obj/usb.o
LOAD build/obj/nvic.o
LOAD build/obj/stm32_dma.o
LOAD build/obj/hal_lld.o
LOAD build/obj/adc_lld.o
LOAD build/obj/ext_lld_isr.o
LOAD build/obj/can_lld.o
LOAD build/obj/ext_lld.o
LOAD build/obj/mac_lld.o
LOAD build/obj/sdc_lld.o
LOAD build/obj/dac_lld.o
LOAD build/obj/pal_lld.o
LOAD build/obj/i2c_lld.o
LOAD build/obj/usb_lld.o
LOAD build/obj/rtc_lld.o
LOAD build/obj/i2s_lld.o
LOAD build/obj/spi_lld.o
LOAD build/obj/gpt_lld.o
LOAD build/obj/icu_lld.o
LOAD build/obj/pwm_lld.o
LOAD build/obj/st_lld.o
LOAD build/obj/serial_lld.o
LOAD build/obj/uart_lld.o
LOAD build/obj/board.o
LOAD build/obj/syscalls.o
LOAD build/obj/memstreams.o
LOAD build/obj/chprintf.o
LOAD build/obj/hw_oroca.o
LOAD build/obj/conf_general.o
LOAD build/obj/mc_pwm.o
LOAD build/obj/mc_interface.o
LOAD build/obj/mc_control.o
LOAD build/obj/mc_sensor.o
LOAD build/obj/mc_encoder.o
LOAD build/obj/mavlink_proc.o
LOAD build/obj/comm_can.o
LOAD build/obj/comm_usb.o
LOAD build/obj/comm_usb_serial.o
LOAD build/obj/servo_dec.o
LOAD build/obj/servo_simple.o
LOAD build/obj/servo.o
LOAD build/obj/ledpwm.o
LOAD build/obj/led_external.o
LOAD build/obj/ws2811.o
LOAD build/obj/eeprom.o
LOAD build/obj/flash_helper.o
LOAD build/obj/irq_handlers.o
LOAD build/obj/utils.o
LOAD build/obj/timeout.o
LOAD build/obj/buffer.o
LOAD build/obj/crc.o
LOAD build/obj/spi_sw.o
LOAD build/obj/rf.o
LOAD build/obj/rfhelp.o
LOAD build/obj/nrf_driver.o
LOAD build/obj/app.o
LOAD build/obj/app_ppm.o
LOAD build/obj/app_adc.o
LOAD build/obj/app_sten.o
LOAD build/obj/app_uartcomm.o
LOAD build/obj/app_nunchuk.o
LOAD build/obj/usart1_print.o
LOAD build/obj/main.o
LOAD build/obj/misc.o
LOAD build/obj/stm32f4xx_adc.o
LOAD build/obj/stm32f4xx_dma.o
LOAD build/obj/stm32f4xx_exti.o
LOAD build/obj/stm32f4xx_flash.o
LOAD build/obj/stm32f4xx_rcc.o
LOAD build/obj/stm32f4xx_syscfg.o
LOAD build/obj/stm32f4xx_tim.o
LOAD build/obj/stm32f4xx_wwdg.o
                0x20000000                __ram0_start__ = ORIGIN (ram0)
                0x00020000                __ram0_size__ = LENGTH (ram0)
                0x20020000                __ram0_end__ = (__ram0_start__ + __ram0_size__)
                0x20000000                __ram1_start__ = ORIGIN (ram1)
                0x0001c000                __ram1_size__ = LENGTH (ram1)
                0x2001c000                __ram1_end__ = (__ram1_start__ + __ram1_size__)
                0x2001c000                __ram2_start__ = ORIGIN (ram2)
                0x00004000                __ram2_size__ = LENGTH (ram2)
                0x20020000                __ram2_end__ = (__ram2_start__ + __ram2_size__)
                0x00000000                __ram3_start__ = ORIGIN (ram3)
                0x00000000                __ram3_size__ = LENGTH (ram3)
                0x00000000                __ram3_end__ = (__ram3_start__ + __ram3_size__)
                0x10000000                __ram4_start__ = ORIGIN (ram4)
                0x00010000                __ram4_size__ = LENGTH (ram4)
                0x10010000                __ram4_end__ = (__ram4_start__ + __ram4_size__)
                0x40024000                __ram5_start__ = ORIGIN (ram5)
                0x00001000                __ram5_size__ = LENGTH (ram5)
                0x40025000                __ram5_end__ = (__ram5_start__ + __ram5_size__)
                0x00000000                __ram6_start__ = ORIGIN (ram6)
                0x00000000                __ram6_size__ = LENGTH (ram6)
                0x00000000                __ram6_end__ = (__ram6_start__ + __ram6_size__)
                0x00000000                __ram7_start__ = ORIGIN (ram7)
                0x00000000                __ram7_size__ = LENGTH (ram7)
                0x00000000                __ram7_end__ = (__ram7_start__ + __ram7_size__)
                0x00000000                . = 0x0
                0x00000000                _text = .

startup         0x08000000      0x1c0
 *(.vectors)
 .vectors       0x08000000      0x1c0 build/obj/vectors.o
                0x08000000                _vectors

constructors    0x0800c000        0x0
                0x0800c000                PROVIDE (__init_array_start = .)
 *(SORT_BY_NAME(.init_array.*))
 *(.init_array)
                0x0800c000                PROVIDE (__init_array_end = .)

destructors     0x0800c000        0x0
                0x0800c000                PROVIDE (__fini_array_start = .)
 *(.fini_array)
 *(SORT_BY_NAME(.fini_array.*))
                0x0800c000                PROVIDE (__fini_array_end = .)

.text           0x0800c000     0x88a8
 *(.text)
 .text          0x0800c000      0x104 build/obj/crt0_v7m.o
                0x0800c000                Reset_Handler
 *fill*         0x0800c104        0xc 
 .text          0x0800c110       0x30 build/obj/chcoreasm_v7m.o
                0x0800c110                _port_switch
                0x0800c128                _port_thread_start
                0x0800c138                _port_switch_from_isr
                0x0800c13c                _port_exit_from_isr
 .text          0x0800c140      0x378 c:/program files (x86)/gnu tools arm embedded/8 2018-q4-major/bin/../lib/gcc/arm-none-eabi/8.2.1/thumb/v7e-m+fp/hard\libgcc.a(_arm_addsubdf3.o)
                0x0800c140                __aeabi_drsub
                0x0800c148                __aeabi_dsub
                0x0800c148                __subdf3
                0x0800c14c                __aeabi_dadd
                0x0800c14c                __adddf3
                0x0800c3c4                __floatunsidf
                0x0800c3c4                __aeabi_ui2d
                0x0800c3e4                __floatsidf
                0x0800c3e4                __aeabi_i2d
                0x0800c408                __aeabi_f2d
                0x0800c408                __extendsfdf2
                0x0800c44c                __floatundidf
                0x0800c44c                __aeabi_ul2d
                0x0800c45c                __floatdidf
                0x0800c45c                __aeabi_l2d
 *fill*         0x0800c4b8        0x8 
 .text          0x0800c4c0      0x424 c:/program files (x86)/gnu tools arm embedded/8 2018-q4-major/bin/../lib/gcc/arm-none-eabi/8.2.1/thumb/v7e-m+fp/hard\libgcc.a(_arm_muldivdf3.o)
                0x0800c4c0                __aeabi_dmul
                0x0800c4c0                __muldf3
                0x0800c714                __divdf3
                0x0800c714                __aeabi_ddiv
 *fill*         0x0800c8e4        0xc 
 .text          0x0800c8f0       0x50 c:/program files (x86)/gnu tools arm embedded/8 2018-q4-major/bin/../lib/gcc/arm-none-eabi/8.2.1/thumb/v7e-m+fp/hard\libgcc.a(_arm_fixdfsi.o)
                0x0800c8f0                __aeabi_d2iz
                0x0800c8f0                __fixdfsi
 .text          0x0800c940       0xa0 c:/program files (x86)/gnu tools arm embedded/8 2018-q4-major/bin/../lib/gcc/arm-none-eabi/8.2.1/thumb/v7e-m+fp/hard\libgcc.a(_arm_truncdfsf2.o)
                0x0800c940                __truncdfsf2
                0x0800c940                __aeabi_d2f
 .text          0x0800c9e0      0x134 c:/program files (x86)/gnu tools arm embedded/8 2018-q4-major/bin/../lib/gcc/arm-none-eabi/8.2.1/../../../../arm-none-eabi/lib/thumb/v7e-m+fp/hard\libg.a(lib_a-memcpy.o)
                0x0800c9e0                memcpy
 *(.text.*)
 *fill*         0x0800cb14        0xc 
 .text.__core_init
                0x0800cb20        0x4 build/obj/crt1.o
                0x0800cb20                __core_init
 *fill*         0x0800cb24        0xc 
 .text.__late_init
                0x0800cb30        0x4 build/obj/crt1.o
                0x0800cb30                __late_init
 *fill*         0x0800cb34        0xc 
 .text.__default_exit
                0x0800cb40        0x4 build/obj/crt1.o
                0x0800cb40                __default_exit
 *fill*         0x0800cb44        0xc 
 .text._unhandled_exception
                0x0800cb50        0x4 build/obj/vectors.o
                0x0800cb50                Vector58
                0x0800cb50                Vector9C
                0x0800cb50                VectorE8
                0x0800cb50                VectorAC
                0x0800cb50                DebugMon_Handler
                0x0800cb50                Vector1A0
                0x0800cb50                Vector5C
                0x0800cb50                Vector11C
                0x0800cb50                HardFault_Handler
                0x0800cb50                Vector1B8
                0x0800cb50                Vector19C
                0x0800cb50                VectorDC
                0x0800cb50                PendSV_Handler
                0x0800cb50                Vector168
                0x0800cb50                NMI_Handler
                0x0800cb50                Vector110
                0x0800cb50                VectorA8
                0x0800cb50                Vector160
                0x0800cb50                Vector1B0
                0x0800cb50                UsageFault_Handler
                0x0800cb50                VectorEC
                0x0800cb50                Vector40
                0x0800cb50                Vector108
                0x0800cb50                VectorBC
                0x0800cb50                Vector190
                0x0800cb50                Vector148
                0x0800cb50                Vector188
                0x0800cb50                Vector198
                0x0800cb50                Vector118
                0x0800cb50                Vector64
                0x0800cb50                VectorCC
                0x0800cb50                Vector54
                0x0800cb50                VectorD8
                0x0800cb50                Vector138
                0x0800cb50                Vector24
                0x0800cb50                Vector1AC
                0x0800cb50                Vector178
                0x0800cb50                Vector1A4
                0x0800cb50                VectorD0
                0x0800cb50                Vector1B4
                0x0800cb50                Vector140
                0x0800cb50                VectorE4
                0x0800cb50                VectorC0
                0x0800cb50                Vector134
                0x0800cb50                VectorF0
                0x0800cb50                Vector13C
                0x0800cb50                Vector100
                0x0800cb50                VectorF4
                0x0800cb50                MemManage_Handler
                0x0800cb50                VectorA0
                0x0800cb50                Vector180
                0x0800cb50                VectorB0
                0x0800cb50                Vector114
                0x0800cb50                Vector60
                0x0800cb50                Vector164
                0x0800cb50                Vector1C
                0x0800cb50                Vector1BC
                0x0800cb50                Vector17C
                0x0800cb50                Vector48
                0x0800cb50                Vector1A8
                0x0800cb50                Vector16C
                0x0800cb50                Vector4C
                0x0800cb50                Vector144
                0x0800cb50                Vector68
                0x0800cb50                _unhandled_exception
                0x0800cb50                Vector170
                0x0800cb50                Vector104
                0x0800cb50                Vector184
                0x0800cb50                Vector10C
                0x0800cb50                BusFault_Handler
                0x0800cb50                Vector50
                0x0800cb50                Vector194
                0x0800cb50                Vector44
                0x0800cb50                Vector28
                0x0800cb50                Vector34
                0x0800cb50                VectorA4
                0x0800cb50                Vector20
                0x0800cb50                Vector18C
                0x0800cb50                Vector174
 *fill*         0x0800cb54        0xc 
 .text._idle_thread
                0x0800cb60        0x4 build/obj/chsys.o
 *fill*         0x0800cb64        0xc 
 .text.chSysInit
                0x0800cb70       0xa4 build/obj/chsys.o
                0x0800cb70                chSysInit
 *fill*         0x0800cc14        0xc 
 .text.chSysTimerHandlerI
                0x0800cc20       0x58 build/obj/chsys.o
                0x0800cc20                chSysTimerHandlerI
 *fill*         0x0800cc78        0x8 
 .text.chSysPolledDelayX
                0x0800cc80       0x14 build/obj/chsys.o
                0x0800cc80                chSysPolledDelayX
 *fill*         0x0800cc94        0xc 
 .text._vt_init
                0x0800cca0       0x1c build/obj/chvt.o
                0x0800cca0                _vt_init
 *fill*         0x0800ccbc        0x4 
 .text.chVTDoSetI
                0x0800ccc0       0x3c build/obj/chvt.o
                0x0800ccc0                chVTDoSetI
 *fill*         0x0800ccfc        0x4 
 .text.chVTDoResetI
                0x0800cd00       0x28 build/obj/chvt.o
                0x0800cd00                chVTDoResetI
 *fill*         0x0800cd28        0x8 
 .text.wakeup   0x0800cd30       0x6c build/obj/chschd.o
 *fill*         0x0800cd9c        0x4 
 .text._scheduler_init
                0x0800cda0       0x14 build/obj/chschd.o
                0x0800cda0                _scheduler_init
 *fill*         0x0800cdb4        0xc 
 .text.chSchReadyI
                0x0800cdc0       0x2c build/obj/chschd.o
                0x0800cdc0                chSchReadyI
 *fill*         0x0800cdec        0x4 
 .text.chSchGoSleepS
                0x0800cdf0       0x28 build/obj/chschd.o
                0x0800cdf0                chSchGoSleepS
 *fill*         0x0800ce18        0x8 
 .text.chSchGoSleepTimeoutS
                0x0800ce20       0x44 build/obj/chschd.o
                0x0800ce20                chSchGoSleepTimeoutS
 *fill*         0x0800ce64        0xc 
 .text.chSchWakeupS
                0x0800ce70       0x58 build/obj/chschd.o
                0x0800ce70                chSchWakeupS
 *fill*         0x0800cec8        0x8 
 .text.chSchIsPreemptionRequired
                0x0800ced0       0x28 build/obj/chschd.o
                0x0800ced0                chSchIsPreemptionRequired
 *fill*         0x0800cef8        0x8 
 .text.chSchDoRescheduleBehind
                0x0800cf00       0x3c build/obj/chschd.o
                0x0800cf00                chSchDoRescheduleBehind
 *fill*         0x0800cf3c        0x4 
 .text.chSchDoRescheduleAhead
                0x0800cf40       0x38 build/obj/chschd.o
                0x0800cf40                chSchDoRescheduleAhead
 *fill*         0x0800cf78        0x8 
 .text.chSchDoReschedule
                0x0800cf80       0x14 build/obj/chschd.o
                0x0800cf80                chSchDoReschedule
 *fill*         0x0800cf94        0xc 
 .text._thread_init
                0x0800cfa0       0x40 build/obj/chthreads.o
                0x0800cfa0                _thread_init
 .text.chThdCreateStatic
                0x0800cfe0       0x68 build/obj/chthreads.o
                0x0800cfe0                chThdCreateStatic
 *fill*         0x0800d048        0x8 
 .text.chThdSleep
                0x0800d050       0x18 build/obj/chthreads.o
                0x0800d050                chThdSleep
 *fill*         0x0800d068        0x8 
 .text.chThdExitS
                0x0800d070       0x40 build/obj/chthreads.o
                0x0800d070                chThdExitS
 .text.chThdExit
                0x0800d0b0        0xc build/obj/chthreads.o
                0x0800d0b0                chThdExit
 *fill*         0x0800d0bc        0x4 
 .text.chThdResumeI
                0x0800d0c0       0x14 build/obj/chthreads.o
                0x0800d0c0                chThdResumeI
 *fill*         0x0800d0d4        0xc 
 .text.chThdEnqueueTimeoutS
                0x0800d0e0       0x28 build/obj/chthreads.o
                0x0800d0e0                chThdEnqueueTimeoutS
 *fill*         0x0800d108        0x8 
 .text.chThdDequeueNextI
                0x0800d110       0x20 build/obj/chthreads.o
                0x0800d110                chThdDequeueNextI
 .text.chThdDequeueAllI
                0x0800d130       0x24 build/obj/chthreads.o
                0x0800d130                chThdDequeueAllI
 *fill*         0x0800d154        0xc 
 .text.chTMStartMeasurementX
                0x0800d160        0xc build/obj/chtm.o
                0x0800d160                chTMStartMeasurementX
 *fill*         0x0800d16c        0x4 
 .text.chTMStopMeasurementX
                0x0800d170       0x50 build/obj/chtm.o
                0x0800d170                chTMStopMeasurementX
 .text._tm_init
                0x0800d1c0       0x38 build/obj/chtm.o
                0x0800d1c0                _tm_init
 *fill*         0x0800d1f8        0x8 
 .text.chMtxObjectInit
                0x0800d200        0xc build/obj/chmtx.o
                0x0800d200                chMtxObjectInit
 *fill*         0x0800d20c        0x4 
 .text.chEvtSignalI
                0x0800d210       0x28 build/obj/chevents.o
                0x0800d210                chEvtSignalI
 *fill*         0x0800d238        0x8 
 .text.chEvtBroadcastFlagsI
                0x0800d240       0x2c build/obj/chevents.o
                0x0800d240                chEvtBroadcastFlagsI
 *fill*         0x0800d26c        0x4 
 .text.chEvtWaitAny
                0x0800d270       0x38 build/obj/chevents.o
                0x0800d270                chEvtWaitAny
 *fill*         0x0800d2a8        0x8 
 .text.chIQObjectInit
                0x0800d2b0       0x20 build/obj/chqueues.o
                0x0800d2b0                chIQObjectInit
 .text.chIQPutI
                0x0800d2d0       0x38 build/obj/chqueues.o
                0x0800d2d0                chIQPutI
 *fill*         0x0800d308        0x8 
 .text.chIQGetTimeout
                0x0800d310       0x50 build/obj/chqueues.o
                0x0800d310                chIQGetTimeout
 .text.chIQReadTimeout
                0x0800d360       0x78 build/obj/chqueues.o
                0x0800d360                chIQReadTimeout
 *fill*         0x0800d3d8        0x8 
 .text.chOQObjectInit
                0x0800d3e0       0x1c build/obj/chqueues.o
                0x0800d3e0                chOQObjectInit
 *fill*         0x0800d3fc        0x4 
 .text.chOQPutTimeout
                0x0800d400       0x50 build/obj/chqueues.o
                0x0800d400                chOQPutTimeout
 .text.chOQGetI
                0x0800d450       0x38 build/obj/chqueues.o
                0x0800d450                chOQGetI
 *fill*         0x0800d488        0x8 
 .text.chOQWriteTimeout
                0x0800d490       0x84 build/obj/chqueues.o
                0x0800d490                chOQWriteTimeout
 *fill*         0x0800d514        0xc 
 .text._core_init
                0x0800d520       0x28 build/obj/chmemcore.o
                0x0800d520                _core_init
 *fill*         0x0800d548        0x8 
 .text.chCoreAlloc
                0x0800d550       0x34 build/obj/chmemcore.o
                0x0800d550                chCoreAlloc
 *fill*         0x0800d584        0xc 
 .text._heap_init
                0x0800d590       0x1c build/obj/chheap.o
                0x0800d590                _heap_init
 *fill*         0x0800d5ac        0x4 
 .text.SVC_Handler
                0x0800d5b0       0x2c build/obj/chcore_v7m.o
                0x0800d5b0                SVC_Handler
 *fill*         0x0800d5dc        0x4 
 .text._port_irq_epilogue
                0x0800d5e0       0x60 build/obj/chcore_v7m.o
                0x0800d5e0                _port_irq_epilogue
 .text.halInit  0x0800d640       0x3c build/obj/hal.o
                0x0800d640                halInit
 *fill*         0x0800d67c        0x4 
 .text.canInit  0x0800d680        0x4 build/obj/can.o
                0x0800d680                canInit
 *fill*         0x0800d684        0xc 
 .text.canObjectInit
                0x0800d690       0x3c build/obj/can.o
                0x0800d690                canObjectInit
 *fill*         0x0800d6cc        0x4 
 .text.i2cInit  0x0800d6d0        0x4 build/obj/i2c.o
                0x0800d6d0                i2cInit
 *fill*         0x0800d6d4        0xc 
 .text.i2cObjectInit
                0x0800d6e0       0x10 build/obj/i2c.o
                0x0800d6e0                i2cObjectInit
 .text.icuInit  0x0800d6f0        0x4 build/obj/icu.o
                0x0800d6f0                icuInit
 *fill*         0x0800d6f4        0xc 
 .text.icuObjectInit
                0x0800d700        0xc build/obj/icu.o
                0x0800d700                icuObjectInit
 *fill*         0x0800d70c        0x4 
 .text.readt    0x0800d710        0x8 build/obj/serial.o
 *fill*         0x0800d718        0x8 
 .text.read     0x0800d720        0xc build/obj/serial.o
 *fill*         0x0800d72c        0x4 
 .text.writet   0x0800d730        0x8 build/obj/serial.o
 *fill*         0x0800d738        0x8 
 .text.write    0x0800d740        0xc build/obj/serial.o
 *fill*         0x0800d74c        0x4 
 .text.gett     0x0800d750        0x8 build/obj/serial.o
 *fill*         0x0800d758        0x8 
 .text.get      0x0800d760        0xc build/obj/serial.o
 *fill*         0x0800d76c        0x4 
 .text.putt     0x0800d770        0x8 build/obj/serial.o
 *fill*         0x0800d778        0x8 
 .text.put      0x0800d780        0xc build/obj/serial.o
 *fill*         0x0800d78c        0x4 
 .text.sdInit   0x0800d790        0x4 build/obj/serial.o
                0x0800d790                sdInit
 *fill*         0x0800d794        0xc 
 .text.sdObjectInit
                0x0800d7a0       0x40 build/obj/serial.o
                0x0800d7a0                sdObjectInit
 .text.sdStart  0x0800d7e0       0x1c build/obj/serial.o
                0x0800d7e0                sdStart
 *fill*         0x0800d7fc        0x4 
 .text.sdIncomingDataI
                0x0800d800       0x3c build/obj/serial.o
                0x0800d800                sdIncomingDataI
 *fill*         0x0800d83c        0x4 
 .text.sduInit  0x0800d840        0x4 build/obj/serial_usb.o
                0x0800d840                sduInit
 *fill*         0x0800d844        0xc 
 .text.spiInit  0x0800d850        0x4 build/obj/spi.o
                0x0800d850                spiInit
 *fill*         0x0800d854        0xc 
 .text.spiObjectInit
                0x0800d860       0x10 build/obj/spi.o
                0x0800d860                spiObjectInit
 .text.stInit   0x0800d870        0x4 build/obj/st.o
                0x0800d870                stInit
 *fill*         0x0800d874        0xc 
 .text.uartInit
                0x0800d880        0x4 build/obj/uart.o
                0x0800d880                uartInit
 *fill*         0x0800d884        0xc 
 .text.uartObjectInit
                0x0800d890        0xc build/obj/uart.o
                0x0800d890                uartObjectInit
 *fill*         0x0800d89c        0x4 
 .text.usbInit  0x0800d8a0        0x4 build/obj/usb.o
                0x0800d8a0                usbInit
 *fill*         0x0800d8a4        0xc 
 .text.usbObjectInit
                0x0800d8b0       0x18 build/obj/usb.o
                0x0800d8b0                usbObjectInit
 *fill*         0x0800d8c8        0x8 
 .text._usb_reset
                0x0800d8d0       0x1c build/obj/usb.o
                0x0800d8d0                _usb_reset
 *fill*         0x0800d8ec        0x4 
 .text._usb_ep0setup
                0x0800d8f0      0x324 build/obj/usb.o
                0x0800d8f0                _usb_ep0setup
 *fill*         0x0800dc14        0xc 
 .text._usb_ep0in
                0x0800dc20       0xe8 build/obj/usb.o
                0x0800dc20                _usb_ep0in
 *fill*         0x0800dd08        0x8 
 .text._usb_ep0out
                0x0800dd10       0x98 build/obj/usb.o
                0x0800dd10                _usb_ep0out
 *fill*         0x0800dda8        0x8 
 .text.nvicEnableVector
                0x0800ddb0       0x34 build/obj/nvic.o
                0x0800ddb0                nvicEnableVector
 *fill*         0x0800dde4        0xc 
 .text.nvicSetSystemHandlerPriority
                0x0800ddf0       0x10 build/obj/nvic.o
                0x0800ddf0                nvicSetSystemHandlerPriority
 .text.Vector6C
                0x0800de00       0x28 build/obj/stm32_dma.o
                0x0800de00                Vector6C
 *fill*         0x0800de28        0x8 
 .text.Vector70
                0x0800de30       0x2c build/obj/stm32_dma.o
                0x0800de30                Vector70
 *fill*         0x0800de5c        0x4 
 .text.Vector74
                0x0800de60       0x2c build/obj/stm32_dma.o
                0x0800de60                Vector74
 *fill*         0x0800de8c        0x4 
 .text.Vector78
                0x0800de90       0x2c build/obj/stm32_dma.o
                0x0800de90                Vector78
 *fill*         0x0800debc        0x4 
 .text.Vector7C
                0x0800dec0       0x28 build/obj/stm32_dma.o
                0x0800dec0                Vector7C
 *fill*         0x0800dee8        0x8 
 .text.Vector80
                0x0800def0       0x2c build/obj/stm32_dma.o
                0x0800def0                Vector80
 *fill*         0x0800df1c        0x4 
 .text.Vector84
                0x0800df20       0x2c build/obj/stm32_dma.o
                0x0800df20                Vector84
 *fill*         0x0800df4c        0x4 
 .text.VectorFC
                0x0800df50       0x2c build/obj/stm32_dma.o
                0x0800df50                VectorFC
 *fill*         0x0800df7c        0x4 
 .text.Vector120
                0x0800df80       0x28 build/obj/stm32_dma.o
                0x0800df80                Vector120
 *fill*         0x0800dfa8        0x8 
 .text.Vector124
                0x0800dfb0       0x2c build/obj/stm32_dma.o
                0x0800dfb0                Vector124
 *fill*         0x0800dfdc        0x4 
 .text.Vector128
                0x0800dfe0       0x2c build/obj/stm32_dma.o
                0x0800dfe0                Vector128
 *fill*         0x0800e00c        0x4 
 .text.Vector12C
                0x0800e010       0x2c build/obj/stm32_dma.o
                0x0800e010                Vector12C
 *fill*         0x0800e03c        0x4 
 .text.Vector130
                0x0800e040       0x28 build/obj/stm32_dma.o
                0x0800e040                Vector130
 *fill*         0x0800e068        0x8 
 .text.Vector150
                0x0800e070       0x2c build/obj/stm32_dma.o
                0x0800e070                Vector150
 *fill*         0x0800e09c        0x4 
 .text.Vector154
                0x0800e0a0       0x2c build/obj/stm32_dma.o
                0x0800e0a0                Vector154
 *fill*         0x0800e0cc        0x4 
 .text.Vector158
                0x0800e0d0       0x2c build/obj/stm32_dma.o
                0x0800e0d0                Vector158
 *fill*         0x0800e0fc        0x4 
 .text.dmaInit  0x0800e100       0x54 build/obj/stm32_dma.o
                0x0800e100                dmaInit
 *fill*         0x0800e154        0xc 
 .text.dmaStreamAllocate
                0x0800e160       0x90 build/obj/stm32_dma.o
                0x0800e160                dmaStreamAllocate
 .text.hal_lld_init
                0x0800e1f0       0x68 build/obj/hal_lld.o
                0x0800e1f0                hal_lld_init
 *fill*         0x0800e258        0x8 
 .text.stm32_clock_init
                0x0800e260       0xc0 build/obj/hal_lld.o
                0x0800e260                stm32_clock_init
 .text.can_lld_set_filters
                0x0800e320      0x11c build/obj/can_lld.o
 *fill*         0x0800e43c        0x4 
 .text.Vector8C
                0x0800e440       0x3c build/obj/can_lld.o
                0x0800e440                Vector8C
 *fill*         0x0800e47c        0x4 
 .text.Vector90
                0x0800e480       0x6c build/obj/can_lld.o
                0x0800e480                Vector90
 *fill*         0x0800e4ec        0x4 
 .text.Vector94
                0x0800e4f0       0x6c build/obj/can_lld.o
                0x0800e4f0                Vector94
 *fill*         0x0800e55c        0x4 
 .text.Vector98
                0x0800e560       0x78 build/obj/can_lld.o
                0x0800e560                Vector98
 *fill*         0x0800e5d8        0x8 
 .text.can_lld_init
                0x0800e5e0       0x24 build/obj/can_lld.o
                0x0800e5e0                can_lld_init
 *fill*         0x0800e604        0xc 
 .text._pal_lld_init
                0x0800e610      0x1b0 build/obj/pal_lld.o
                0x0800e610                _pal_lld_init
 .text._pal_lld_setgroupmode
                0x0800e7c0       0xbc build/obj/pal_lld.o
                0x0800e7c0                _pal_lld_setgroupmode
 *fill*         0x0800e87c        0x4 
 .text.VectorC4
                0x0800e880       0xf0 build/obj/i2c_lld.o
                0x0800e880                VectorC4
 .text.VectorC8
                0x0800e970       0xdc build/obj/i2c_lld.o
                0x0800e970                VectorC8
 *fill*         0x0800ea4c        0x4 
 .text.i2c_lld_init
                0x0800ea50       0x2c build/obj/i2c_lld.o
                0x0800ea50                i2c_lld_init
 *fill*         0x0800ea7c        0x4 
 .text.usb_lld_init
                0x0800ea80       0x24 build/obj/usb_lld.o
                0x0800ea80                usb_lld_init
 *fill*         0x0800eaa4        0xc 
 .text.usb_lld_reset
                0x0800eab0       0xc8 build/obj/usb_lld.o
                0x0800eab0                usb_lld_reset
 *fill*         0x0800eb78        0x8 
 .text.usb_lld_set_address
                0x0800eb80       0x18 build/obj/usb_lld.o
                0x0800eb80                usb_lld_set_address
 *fill*         0x0800eb98        0x8 
 .text.usb_lld_get_status_out
                0x0800eba0       0x1c build/obj/usb_lld.o
                0x0800eba0                usb_lld_get_status_out
 *fill*         0x0800ebbc        0x4 
 .text.usb_lld_get_status_in
                0x0800ebc0       0x1c build/obj/usb_lld.o
                0x0800ebc0                usb_lld_get_status_in
 *fill*         0x0800ebdc        0x4 
 .text.usb_lld_read_setup
                0x0800ebe0       0x14 build/obj/usb_lld.o
                0x0800ebe0                usb_lld_read_setup
 *fill*         0x0800ebf4        0xc 
 .text.usb_lld_prepare_receive
                0x0800ec00       0x3c build/obj/usb_lld.o
                0x0800ec00                usb_lld_prepare_receive
 *fill*         0x0800ec3c        0x4 
 .text.otg_epout_handler.constprop.7
                0x0800ec40       0x9c build/obj/usb_lld.o
 *fill*         0x0800ecdc        0x4 
 .text.usb_lld_prepare_transmit
                0x0800ece0       0x4c build/obj/usb_lld.o
                0x0800ece0                usb_lld_prepare_transmit
 *fill*         0x0800ed2c        0x4 
 .text.otg_epin_handler.constprop.8
                0x0800ed30       0xd0 build/obj/usb_lld.o
 .text.Vector14C
                0x0800ee00       0xe8 build/obj/usb_lld.o
                0x0800ee00                Vector14C
 *fill*         0x0800eee8        0x8 
 .text.usb_lld_start_out
                0x0800eef0       0x14 build/obj/usb_lld.o
                0x0800eef0                usb_lld_start_out
 *fill*         0x0800ef04        0xc 
 .text.usb_lld_start_in
                0x0800ef10       0x28 build/obj/usb_lld.o
                0x0800ef10                usb_lld_start_in
 *fill*         0x0800ef38        0x8 
 .text.usb_lld_stall_out
                0x0800ef40       0x14 build/obj/usb_lld.o
                0x0800ef40                usb_lld_stall_out
 *fill*         0x0800ef54        0xc 
 .text.usb_lld_stall_in
                0x0800ef60       0x14 build/obj/usb_lld.o
                0x0800ef60                usb_lld_stall_in
 *fill*         0x0800ef74        0xc 
 .text.usb_lld_clear_out
                0x0800ef80       0x14 build/obj/usb_lld.o
                0x0800ef80                usb_lld_clear_out
 *fill*         0x0800ef94        0xc 
 .text.usb_lld_clear_in
                0x0800efa0       0x14 build/obj/usb_lld.o
                0x0800efa0                usb_lld_clear_in
 *fill*         0x0800efb4        0xc 
 .text.spi_lld_init
                0x0800efc0       0x44 build/obj/spi_lld.o
                0x0800efc0                spi_lld_init
 *fill*         0x0800f004        0xc 
 .text.VectorB4
                0x0800f010       0xa0 build/obj/icu_lld.o
                0x0800f010                VectorB4
 .text.icu_lld_init
                0x0800f0b0       0x18 build/obj/icu_lld.o
                0x0800f0b0                icu_lld_init
 *fill*         0x0800f0c8        0x8 
 .text.SysTick_Handler
                0x0800f0d0       0x1c build/obj/st_lld.o
                0x0800f0d0                SysTick_Handler
 *fill*         0x0800f0ec        0x4 
 .text.st_lld_init
                0x0800f0f0       0x1c build/obj/st_lld.o
                0x0800f0f0                st_lld_init
 *fill*         0x0800f10c        0x4 
 .text.notify1  0x0800f110       0x10 build/obj/serial_lld.o
 .text.VectorD4
                0x0800f120      0x124 build/obj/serial_lld.o
                0x0800f120                VectorD4
 *fill*         0x0800f244        0xc 
 .text.sd_lld_init
                0x0800f250       0x20 build/obj/serial_lld.o
                0x0800f250                sd_lld_init
 .text.sd_lld_start
                0x0800f270       0x90 build/obj/serial_lld.o
                0x0800f270                sd_lld_start
 .text.Vector15C
                0x0800f300       0x7c build/obj/uart_lld.o
                0x0800f300                Vector15C
 *fill*         0x0800f37c        0x4 
 .text.uart_lld_init
                0x0800f380       0x28 build/obj/uart_lld.o
                0x0800f380                uart_lld_init
 *fill*         0x0800f3a8        0x8 
 .text.__early_init
                0x0800f3b0        0x4 build/obj/board.o
                0x0800f3b0                __early_init
 *fill*         0x0800f3b4        0xc 
 .text.boardInit
                0x0800f3c0        0x4 build/obj/board.o
                0x0800f3c0                boardInit
 *fill*         0x0800f3c4        0xc 
 .text.chvprintf
                0x0800f3d0      0x574 build/obj/chprintf.o
                0x0800f3d0                chvprintf
 *fill*         0x0800f944        0xc 
 .text.hw_init_gpio
                0x0800f950      0x144 build/obj/hw_oroca.o
                0x0800f950                hw_init_gpio
 *fill*         0x0800fa94        0xc 
 .text.hw_setup_adc_channels
                0x0800faa0       0xa8 build/obj/hw_oroca.o
                0x0800faa0                hw_setup_adc_channels
 *fill*         0x0800fb48        0x8 
 .text.timer_thread
                0x0800fb50      0x25c build/obj/mc_pwm.o
 *fill*         0x0800fdac        0x4 
 .text.mcpwm_adc_dma_int_handler
                0x0800fdb0      0x2f8 build/obj/mc_pwm.o
                0x0800fdb0                mcpwm_adc_dma_int_handler
 *fill*         0x080100a8        0x8 
 .text.mcpwm_init
                0x080100b0      0x388 build/obj/mc_pwm.o
                0x080100b0                mcpwm_init
 *fill*         0x08010438        0x8 
 .text.update_timer_Duty
                0x08010440       0x4c build/obj/mc_pwm.o
                0x08010440                update_timer_Duty
 *fill*         0x0801048c        0x4 
 .text.sample_send_thread
                0x08010490       0x1c build/obj/mc_interface.o
 *fill*         0x080104ac        0x4 
 .text.mcconf_general_init
                0x080104b0       0x40 build/obj/mc_interface.o
                0x080104b0                mcconf_general_init
 .text.mcconf_general_get_default_mc_configuration
                0x080104f0       0xa4 build/obj/mc_interface.o
                0x080104f0                mcconf_general_get_default_mc_configuration
 *fill*         0x08010594        0xc 
 .text.mcconf_general_read_mc_configuration
                0x080105a0       0x3c build/obj/mc_interface.o
                0x080105a0                mcconf_general_read_mc_configuration
 *fill*         0x080105dc        0x4 
 .text.mc_interface_init
                0x080105e0       0x78 build/obj/mc_interface.o
                0x080105e0                mc_interface_init
 *fill*         0x08010658        0x8 
 .text.CalcPI   0x08010660       0x64 build/obj/mc_control.o
                0x08010660                CalcPI
 *fill*         0x080106c4        0xc 
 .text.CurrentControl
                0x080106d0       0x88 build/obj/mc_control.o
                0x080106d0                CurrentControl
 *fill*         0x08010758        0x8 
 .text.SpeedControl
                0x08010760       0x24 build/obj/mc_control.o
                0x08010760                SpeedControl
 *fill*         0x08010784        0xc 
 .text.SetupControlParameters
                0x08010790       0xc0 build/obj/mc_control.o
                0x08010790                SetupControlParameters
 .text.CalcTimes
                0x08010850       0x74 build/obj/mc_control.o
                0x08010850                CalcTimes
 *fill*         0x080108c4        0xc 
 .text.CalcSVGen
                0x080108d0       0xfc build/obj/mc_control.o
                0x080108d0                CalcSVGen
 *fill*         0x080109cc        0x4 
 .text.do_dc_cal
                0x080109d0       0x70 build/obj/mc_sensor.o
                0x080109d0                do_dc_cal
 .text.encoder_init_abi
                0x08010a40       0xb0 build/obj/mc_encoder.o
                0x08010a40                encoder_init_abi
 .text.encoder_init_as5047p_spi
                0x08010af0      0x114 build/obj/mc_encoder.o
                0x08010af0                encoder_init_as5047p_spi
 *fill*         0x08010c04        0xc 
 .text.encoder_reset
                0x08010c10       0x74 build/obj/mc_encoder.o
                0x08010c10                encoder_reset
 *fill*         0x08010c84        0xc 
 .text.encoder_PLLThetaEstimation
                0x08010c90       0xe0 build/obj/mc_encoder.o
                0x08010c90                encoder_PLLThetaEstimation
 .text.encoder_tim_isr
                0x08010d70      0x214 build/obj/mc_encoder.o
                0x08010d70                encoder_tim_isr
 *fill*         0x08010f84        0xc 
 .text.ledpwm_init
                0x08010f90       0x68 build/obj/ledpwm.o
                0x08010f90                ledpwm_init
 *fill*         0x08010ff8        0x8 
 .text.EE_VerifyPageFullWriteVariable
                0x08011000       0x7c build/obj/eeprom.o
 *fill*         0x0801107c        0x4 
 .text.EE_EraseSectorIfNotEmpty.constprop.1
                0x08011080       0x30 build/obj/eeprom.o
 .text.EE_Format
                0x080110b0       0x2c build/obj/eeprom.o
 *fill*         0x080110dc        0x4 
 .text.EE_ReadVariable
                0x080110e0       0x6c build/obj/eeprom.o
                0x080110e0                EE_ReadVariable
 *fill*         0x0801114c        0x4 
 .text.EE_Init  0x08011150      0x140 build/obj/eeprom.o
                0x08011150                EE_Init
 .text.flash_helper_get_sector_address
                0x08011290       0x2c build/obj/flash_helper.o
                0x08011290                flash_helper_get_sector_address
 *fill*         0x080112bc        0x4 
 .text.Vector88
                0x080112c0       0x18 build/obj/irq_handlers.o
                0x080112c0                Vector88
 *fill*         0x080112d8        0x8 
 .text.VectorE0
                0x080112e0       0x20 build/obj/irq_handlers.o
                0x080112e0                VectorE0
 .text.VectorB8
                0x08011300       0x24 build/obj/irq_handlers.o
                0x08011300                VectorB8
 *fill*         0x08011324        0xc 
 .text.VectorF8
                0x08011330       0x20 build/obj/irq_handlers.o
                0x08011330                VectorF8
 .text.utils_middle_of_3_int
                0x08011350       0x28 build/obj/utils.o
                0x08011350                utils_middle_of_3_int
 *fill*         0x08011378        0x8 
 .text.utils_sys_lock_cnt
                0x08011380       0x18 build/obj/utils.o
                0x08011380                utils_sys_lock_cnt
 *fill*         0x08011398        0x8 
 .text.utils_sys_unlock_cnt
                0x080113a0       0x1c build/obj/utils.o
                0x080113a0                utils_sys_unlock_cnt
 *fill*         0x080113bc        0x4 
 .text.timeout_thread
                0x080113c0       0x68 build/obj/timeout.o
 *fill*         0x08011428        0x8 
 .text.timeout_configure
                0x08011430        0xc build/obj/timeout.o
                0x08011430                timeout_configure
 *fill*         0x0801143c        0x4 
 .text.timeout_init
                0x08011440       0x40 build/obj/timeout.o
                0x08011440                timeout_init
 .text.chprintf
                0x08011480       0x1c build/obj/usart1_print.o
 *fill*         0x0801149c        0x4 
 .text.Usart1_print_init
                0x080114a0       0x34 build/obj/usart1_print.o
                0x080114a0                Usart1_print_init
 *fill*         0x080114d4        0xc 
 .text.Usart1_printf
                0x080114e0       0x14 build/obj/usart1_print.o
                0x080114e0                Usart1_printf
 *fill*         0x080114f4        0xc 
 .text.timer_thread
                0x08011500       0x1c build/obj/main.o
 *fill*         0x0801151c        0x4 
 .text.periodic_thread
                0x08011520       0x48 build/obj/main.o
 *fill*         0x08011568        0x8 
 .text.startup.main
                0x08011570       0x94 build/obj/main.o
                0x08011570                main
 *fill*         0x08011604        0xc 
 .text.ADC_Init
                0x08011610       0x4c build/obj/stm32f4xx_adc.o
                0x08011610                ADC_Init
 *fill*         0x0801165c        0x4 
 .text.ADC_CommonInit
                0x08011660       0x28 build/obj/stm32f4xx_adc.o
                0x08011660                ADC_CommonInit
 *fill*         0x08011688        0x8 
 .text.ADC_Cmd  0x08011690       0x14 build/obj/stm32f4xx_adc.o
                0x08011690                ADC_Cmd
 *fill*         0x080116a4        0xc 
 .text.ADC_RegularChannelConfig
                0x080116b0       0x8c build/obj/stm32f4xx_adc.o
                0x080116b0                ADC_RegularChannelConfig
 *fill*         0x0801173c        0x4 
 .text.ADC_MultiModeDMARequestAfterLastTransferCmd
                0x08011740       0x1c build/obj/stm32f4xx_adc.o
                0x08011740                ADC_MultiModeDMARequestAfterLastTransferCmd
 *fill*         0x0801175c        0x4 
 .text.ADC_ClearITPendingBit
                0x08011760        0x8 build/obj/stm32f4xx_adc.o
                0x08011760                ADC_ClearITPendingBit
 *fill*         0x08011768        0x8 
 .text.DMA_Init
                0x08011770       0x58 build/obj/stm32f4xx_dma.o
                0x08011770                DMA_Init
 *fill*         0x080117c8        0x8 
 .text.DMA_Cmd  0x080117d0       0x14 build/obj/stm32f4xx_dma.o
                0x080117d0                DMA_Cmd
 *fill*         0x080117e4        0xc 
 .text.DMA_ITConfig
                0x080117f0       0x40 build/obj/stm32f4xx_dma.o
                0x080117f0                DMA_ITConfig
 .text.EXTI_Init
                0x08011830       0x70 build/obj/stm32f4xx_exti.o
                0x08011830                EXTI_Init
 .text.EXTI_GetFlagStatus
                0x080118a0       0x14 build/obj/stm32f4xx_exti.o
                0x080118a0                EXTI_GetFlagStatus
 *fill*         0x080118b4        0xc 
 .text.EXTI_GetITStatus
                0x080118c0        0x4 build/obj/stm32f4xx_exti.o
                0x080118c0                EXTI_GetITStatus
 *fill*         0x080118c4        0xc 
 .text.EXTI_ClearITPendingBit
                0x080118d0        0xc build/obj/stm32f4xx_exti.o
                0x080118d0                EXTI_ClearITPendingBit
 *fill*         0x080118dc        0x4 
 .text.FLASH_Unlock
                0x080118e0       0x20 build/obj/stm32f4xx_flash.o
                0x080118e0                FLASH_Unlock
 .text.FLASH_ClearFlag
                0x08011900        0xc build/obj/stm32f4xx_flash.o
                0x08011900                FLASH_ClearFlag
 *fill*         0x0801190c        0x4 
 .text.FLASH_GetStatus
                0x08011910       0x40 build/obj/stm32f4xx_flash.o
                0x08011910                FLASH_GetStatus
 .text.FLASH_WaitForLastOperation
                0x08011950       0x24 build/obj/stm32f4xx_flash.o
                0x08011950                FLASH_WaitForLastOperation
 *fill*         0x08011974        0xc 
 .text.FLASH_EraseSector
                0x08011980       0x74 build/obj/stm32f4xx_flash.o
                0x08011980                FLASH_EraseSector
 *fill*         0x080119f4        0xc 
 .text.FLASH_ProgramHalfWord
                0x08011a00       0x40 build/obj/stm32f4xx_flash.o
                0x08011a00                FLASH_ProgramHalfWord
 .text.RCC_AHB1PeriphClockCmd
                0x08011a40       0x18 build/obj/stm32f4xx_rcc.o
                0x08011a40                RCC_AHB1PeriphClockCmd
 *fill*         0x08011a58        0x8 
 .text.RCC_APB1PeriphClockCmd
                0x08011a60       0x18 build/obj/stm32f4xx_rcc.o
                0x08011a60                RCC_APB1PeriphClockCmd
 *fill*         0x08011a78        0x8 
 .text.RCC_APB2PeriphClockCmd
                0x08011a80       0x18 build/obj/stm32f4xx_rcc.o
                0x08011a80                RCC_APB2PeriphClockCmd
 *fill*         0x08011a98        0x8 
 .text.RCC_APB1PeriphResetCmd
                0x08011aa0       0x18 build/obj/stm32f4xx_rcc.o
                0x08011aa0                RCC_APB1PeriphResetCmd
 *fill*         0x08011ab8        0x8 
 .text.RCC_APB2PeriphResetCmd
                0x08011ac0       0x18 build/obj/stm32f4xx_rcc.o
                0x08011ac0                RCC_APB2PeriphResetCmd
 *fill*         0x08011ad8        0x8 
 .text.SYSCFG_EXTILineConfig
                0x08011ae0       0x30 build/obj/stm32f4xx_syscfg.o
                0x08011ae0                SYSCFG_EXTILineConfig
 .text.TIM_DeInit
                0x08011b10      0x1b8 build/obj/stm32f4xx_tim.o
                0x08011b10                TIM_DeInit
 *fill*         0x08011cc8        0x8 
 .text.TIM_TimeBaseInit
                0x08011cd0       0x94 build/obj/stm32f4xx_tim.o
                0x08011cd0                TIM_TimeBaseInit
 *fill*         0x08011d64        0xc 
 .text.TIM_SetAutoreload
                0x08011d70        0x4 build/obj/stm32f4xx_tim.o
                0x08011d70                TIM_SetAutoreload
 *fill*         0x08011d74        0xc 
 .text.TIM_ARRPreloadConfig
                0x08011d80       0x18 build/obj/stm32f4xx_tim.o
                0x08011d80                TIM_ARRPreloadConfig
 *fill*         0x08011d98        0x8 
 .text.TIM_Cmd  0x08011da0       0x18 build/obj/stm32f4xx_tim.o
                0x08011da0                TIM_Cmd
 *fill*         0x08011db8        0x8 
 .text.TIM_OC1Init
                0x08011dc0       0x70 build/obj/stm32f4xx_tim.o
                0x08011dc0                TIM_OC1Init
 .text.TIM_OC2Init
                0x08011e30       0x84 build/obj/stm32f4xx_tim.o
                0x08011e30                TIM_OC2Init
 *fill*         0x08011eb4        0xc 
 .text.TIM_OC3Init
                0x08011ec0       0x84 build/obj/stm32f4xx_tim.o
                0x08011ec0                TIM_OC3Init
 *fill*         0x08011f44        0xc 
 .text.TIM_OC4Init
                0x08011f50       0x68 build/obj/stm32f4xx_tim.o
                0x08011f50                TIM_OC4Init
 *fill*         0x08011fb8        0x8 
 .text.TIM_OC1PreloadConfig
                0x08011fc0       0x10 build/obj/stm32f4xx_tim.o
                0x08011fc0                TIM_OC1PreloadConfig
 .text.TIM_OC2PreloadConfig
                0x08011fd0       0x14 build/obj/stm32f4xx_tim.o
                0x08011fd0                TIM_OC2PreloadConfig
 *fill*         0x08011fe4        0xc 
 .text.TIM_OC3PreloadConfig
                0x08011ff0       0x10 build/obj/stm32f4xx_tim.o
                0x08011ff0                TIM_OC3PreloadConfig
 .text.TIM_OC4PreloadConfig
                0x08012000       0x14 build/obj/stm32f4xx_tim.o
                0x08012000                TIM_OC4PreloadConfig
 *fill*         0x08012014        0xc 
 .text.TIM_BDTRConfig
                0x08012020       0x24 build/obj/stm32f4xx_tim.o
                0x08012020                TIM_BDTRConfig
 *fill*         0x08012044        0xc 
 .text.TIM_CtrlPWMOutputs
                0x08012050       0x14 build/obj/stm32f4xx_tim.o
                0x08012050                TIM_CtrlPWMOutputs
 *fill*         0x08012064        0xc 
 .text.TIM_CCPreloadControl
                0x08012070       0x18 build/obj/stm32f4xx_tim.o
                0x08012070                TIM_CCPreloadControl
 *fill*         0x08012088        0x8 
 .text.TIM_ITConfig
                0x08012090       0x18 build/obj/stm32f4xx_tim.o
                0x08012090                TIM_ITConfig
 *fill*         0x080120a8        0x8 
 .text.TIM_GetITStatus
                0x080120b0       0x14 build/obj/stm32f4xx_tim.o
                0x080120b0                TIM_GetITStatus
 *fill*         0x080120c4        0xc 
 .text.TIM_ClearITPendingBit
                0x080120d0        0x8 build/obj/stm32f4xx_tim.o
                0x080120d0                TIM_ClearITPendingBit
 *fill*         0x080120d8        0x8 
 .text.TIM_SelectInputTrigger
                0x080120e0       0x10 build/obj/stm32f4xx_tim.o
                0x080120e0                TIM_SelectInputTrigger
 .text.TIM_SelectOutputTrigger
                0x080120f0       0x14 build/obj/stm32f4xx_tim.o
                0x080120f0                TIM_SelectOutputTrigger
 *fill*         0x08012104        0xc 
 .text.TIM_SelectSlaveMode
                0x08012110       0x14 build/obj/stm32f4xx_tim.o
                0x08012110                TIM_SelectSlaveMode
 *fill*         0x08012124        0xc 
 .text.TIM_SelectMasterSlaveMode
                0x08012130       0x14 build/obj/stm32f4xx_tim.o
                0x08012130                TIM_SelectMasterSlaveMode
 *fill*         0x08012144        0xc 
 .text.TIM_EncoderInterfaceConfig
                0x08012150       0x3c build/obj/stm32f4xx_tim.o
                0x08012150                TIM_EncoderInterfaceConfig
 *fill*         0x0801218c        0x4 
 .text.WWDG_SetPrescaler
                0x08012190       0x14 build/obj/stm32f4xx_wwdg.o
                0x08012190                WWDG_SetPrescaler
 *fill*         0x080121a4        0xc 
 .text.WWDG_SetWindowValue
                0x080121b0       0x28 build/obj/stm32f4xx_wwdg.o
                0x080121b0                WWDG_SetWindowValue
 *fill*         0x080121d8        0x8 
 .text.WWDG_SetCounter
                0x080121e0       0x10 build/obj/stm32f4xx_wwdg.o
                0x080121e0                WWDG_SetCounter
 .text.WWDG_Enable
                0x080121f0       0x10 build/obj/stm32f4xx_wwdg.o
                0x080121f0                WWDG_Enable
 .text.cosf     0x08012200       0x90 c:/program files (x86)/gnu tools arm embedded/8 2018-q4-major/bin/../lib/gcc/arm-none-eabi/8.2.1/../../../../arm-none-eabi/lib/thumb/v7e-m+fp/hard\libm.a(lib_a-sf_cos.o)
                0x08012200                cosf
 .text.roundf   0x08012290       0x60 c:/program files (x86)/gnu tools arm embedded/8 2018-q4-major/bin/../lib/gcc/arm-none-eabi/8.2.1/../../../../arm-none-eabi/lib/thumb/v7e-m+fp/hard\libm.a(lib_a-sf_round.o)
                0x08012290                roundf
 .text.sinf     0x080122f0       0x94 c:/program files (x86)/gnu tools arm embedded/8 2018-q4-major/bin/../lib/gcc/arm-none-eabi/8.2.1/../../../../arm-none-eabi/lib/thumb/v7e-m+fp/hard\libm.a(lib_a-sf_sin.o)
                0x080122f0                sinf
 *fill*         0x08012384        0xc 
 .text.fmodf    0x08012390       0xc0 c:/program files (x86)/gnu tools arm embedded/8 2018-q4-major/bin/../lib/gcc/arm-none-eabi/8.2.1/../../../../arm-none-eabi/lib/thumb/v7e-m+fp/hard\libm.a(lib_a-wf_fmod.o)
                0x08012390                fmodf
 .text.logf     0x08012450      0x104 c:/program files (x86)/gnu tools arm embedded/8 2018-q4-major/bin/../lib/gcc/arm-none-eabi/8.2.1/../../../../arm-none-eabi/lib/thumb/v7e-m+fp/hard\libm.a(lib_a-wf_log.o)
                0x08012450                logf
 *fill*         0x08012554        0xc 
 .text.powf     0x08012560      0x328 c:/program files (x86)/gnu tools arm embedded/8 2018-q4-major/bin/../lib/gcc/arm-none-eabi/8.2.1/../../../../arm-none-eabi/lib/thumb/v7e-m+fp/hard\libm.a(lib_a-wf_pow.o)
                0x08012560                powf
 *fill*         0x08012888        0x8 
 .text.sqrtf    0x08012890       0xb0 c:/program files (x86)/gnu tools arm embedded/8 2018-q4-major/bin/../lib/gcc/arm-none-eabi/8.2.1/../../../../arm-none-eabi/lib/thumb/v7e-m+fp/hard\libm.a(lib_a-wf_sqrt.o)
                0x08012890                sqrtf
 .text.__ieee754_fmodf
                0x08012940      0x128 c:/program files (x86)/gnu tools arm embedded/8 2018-q4-major/bin/../lib/gcc/arm-none-eabi/8.2.1/../../../../arm-none-eabi/lib/thumb/v7e-m+fp/hard\libm.a(lib_a-ef_fmod.o)
                0x08012940                __ieee754_fmodf
 *fill*         0x08012a68        0x8 
 .text.__ieee754_logf
                0x08012a70      0x1f4 c:/program files (x86)/gnu tools arm embedded/8 2018-q4-major/bin/../lib/gcc/arm-none-eabi/8.2.1/../../../../arm-none-eabi/lib/thumb/v7e-m+fp/hard\libm.a(lib_a-ef_log.o)
                0x08012a70                __ieee754_logf
 *fill*         0x08012c64        0xc 
 .text.__ieee754_powf
                0x08012c70      0x614 c:/program files (x86)/gnu tools arm embedded/8 2018-q4-major/bin/../lib/gcc/arm-none-eabi/8.2.1/../../../../arm-none-eabi/lib/thumb/v7e-m+fp/hard\libm.a(lib_a-ef_pow.o)
                0x08012c70                __ieee754_powf
 *fill*         0x08013284        0xc 
 .text.__ieee754_rem_pio2f
                0x08013290      0x298 c:/program files (x86)/gnu tools arm embedded/8 2018-q4-major/bin/../lib/gcc/arm-none-eabi/8.2.1/../../../../arm-none-eabi/lib/thumb/v7e-m+fp/hard\libm.a(lib_a-ef_rem_pio2.o)
                0x08013290                __ieee754_rem_pio2f
 *fill*         0x08013528        0x8 
 .text.__ieee754_sqrtf
                0x08013530        0x8 c:/program files (x86)/gnu tools arm embedded/8 2018-q4-major/bin/../lib/gcc/arm-none-eabi/8.2.1/../../../../arm-none-eabi/lib/thumb/v7e-m+fp/hard\libm.a(lib_a-ef_sqrt.o)
                0x08013530                __ieee754_sqrtf
 *fill*         0x08013538        0x8 
 .text.__kernel_cosf
                0x08013540      0x104 c:/program files (x86)/gnu tools arm embedded/8 2018-q4-major/bin/../lib/gcc/arm-none-eabi/8.2.1/../../../../arm-none-eabi/lib/thumb/v7e-m+fp/hard\libm.a(lib_a-kf_cos.o)
                0x08013540                __kernel_cosf
 *fill*         0x08013644        0xc 
 .text.__kernel_rem_pio2f
                0x08013650      0x664 c:/program files (x86)/gnu tools arm embedded/8 2018-q4-major/bin/../lib/gcc/arm-none-eabi/8.2.1/../../../../arm-none-eabi/lib/thumb/v7e-m+fp/hard\libm.a(lib_a-kf_rem_pio2.o)
                0x08013650                __kernel_rem_pio2f
 *fill*         0x08013cb4        0xc 
 .text.__kernel_sinf
                0x08013cc0       0x90 c:/program files (x86)/gnu tools arm embedded/8 2018-q4-major/bin/../lib/gcc/arm-none-eabi/8.2.1/../../../../arm-none-eabi/lib/thumb/v7e-m+fp/hard\libm.a(lib_a-kf_sin.o)
                0x08013cc0                __kernel_sinf
 .text.matherr  0x08013d50        0x4 c:/program files (x86)/gnu tools arm embedded/8 2018-q4-major/bin/../lib/gcc/arm-none-eabi/8.2.1/../../../../arm-none-eabi/lib/thumb/v7e-m+fp/hard\libm.a(lib_a-s_matherr.o)
                0x08013d50                matherr
 *fill*         0x08013d54        0xc 
 .text.nan      0x08013d60       0x10 c:/program files (x86)/gnu tools arm embedded/8 2018-q4-major/bin/../lib/gcc/arm-none-eabi/8.2.1/../../../../arm-none-eabi/lib/thumb/v7e-m+fp/hard\libm.a(lib_a-s_nan.o)
                0x08013d60                nan
 .text.fabsf    0x08013d70       0x10 c:/program files (x86)/gnu tools arm embedded/8 2018-q4-major/bin/../lib/gcc/arm-none-eabi/8.2.1/../../../../arm-none-eabi/lib/thumb/v7e-m+fp/hard\libm.a(lib_a-sf_fabs.o)
                0x08013d70                fabsf
 .text.finitef  0x08013d80       0x14 c:/program files (x86)/gnu tools arm embedded/8 2018-q4-major/bin/../lib/gcc/arm-none-eabi/8.2.1/../../../../arm-none-eabi/lib/thumb/v7e-m+fp/hard\libm.a(lib_a-sf_finite.o)
                0x08013d80                finitef
 *fill*         0x08013d94        0xc 
 .text.floorf   0x08013da0       0x88 c:/program files (x86)/gnu tools arm embedded/8 2018-q4-major/bin/../lib/gcc/arm-none-eabi/8.2.1/../../../../arm-none-eabi/lib/thumb/v7e-m+fp/hard\libm.a(lib_a-sf_floor.o)
                0x08013da0                floorf
 *fill*         0x08013e28        0x8 
 .text.nanf     0x08013e30        0xc c:/program files (x86)/gnu tools arm embedded/8 2018-q4-major/bin/../lib/gcc/arm-none-eabi/8.2.1/../../../../arm-none-eabi/lib/thumb/v7e-m+fp/hard\libm.a(lib_a-sf_nan.o)
                0x08013e30                nanf
 *fill*         0x08013e3c        0x4 
 .text.rintf    0x08013e40       0xb8 c:/program files (x86)/gnu tools arm embedded/8 2018-q4-major/bin/../lib/gcc/arm-none-eabi/8.2.1/../../../../arm-none-eabi/lib/thumb/v7e-m+fp/hard\libm.a(lib_a-sf_rint.o)
                0x08013e40                rintf
 *fill*         0x08013ef8        0x8 
 .text.scalbnf  0x08013f00       0xe4 c:/program files (x86)/gnu tools arm embedded/8 2018-q4-major/bin/../lib/gcc/arm-none-eabi/8.2.1/../../../../arm-none-eabi/lib/thumb/v7e-m+fp/hard\libm.a(lib_a-sf_scalbn.o)
                0x08013f00                scalbnf
 *fill*         0x08013fe4        0xc 
 .text.__errno  0x08013ff0        0xc c:/program files (x86)/gnu tools arm embedded/8 2018-q4-major/bin/../lib/gcc/arm-none-eabi/8.2.1/../../../../arm-none-eabi/lib/thumb/v7e-m+fp/hard\libg.a(lib_a-errno.o)
                0x08013ff0                __errno
 *fill*         0x08013ffc        0x4 
 .text.memset   0x08014000       0xa0 c:/program files (x86)/gnu tools arm embedded/8 2018-q4-major/bin/../lib/gcc/arm-none-eabi/8.2.1/../../../../arm-none-eabi/lib/thumb/v7e-m+fp/hard\libg.a(lib_a-memset.o)
                0x08014000                memset
 *(.rodata)
 *(.rodata.*)
 .rodata.chSysInit.str1.4
                0x080140a0        0x5 build/obj/chsys.o
 *fill*         0x080140a5        0xb 
 .rodata.ch_debug
                0x080140b0       0x16 build/obj/chregistry.o
                0x080140b0                ch_debug
 *fill*         0x080140c6        0xa 
 .rodata.vmt    0x080140d0       0x20 build/obj/serial.o
 .rodata.active_status
                0x080140f0        0x2 build/obj/usb.o
 *fill*         0x080140f2        0xe 
 .rodata.halted_status
                0x08014100        0x2 build/obj/usb.o
 *fill*         0x08014102        0xe 
 .rodata.zero_status
                0x08014110        0x2 build/obj/usb.o
 *fill*         0x08014112        0xe 
 .rodata._stm32_dma_streams
                0x08014120       0xc0 build/obj/stm32_dma.o
                0x08014120                _stm32_dma_streams
 .rodata.ep0config
                0x080141e0       0x24 build/obj/usb_lld.o
 *fill*         0x08014204        0xc 
 .rodata.fsparams
                0x08014210        0xc build/obj/usb_lld.o
 *fill*         0x0801421c        0x4 
 .rodata.default_config
                0x08014220        0xc build/obj/serial_lld.o
 *fill*         0x0801422c        0x4 
 .rodata.pal_default_config
                0x08014230       0xfc build/obj/board.o
                0x08014230                pal_default_config
 *fill*         0x0801432c        0x4 
 .rodata.chvprintf.str1.4
                0x08014330        0x7 build/obj/chprintf.o
 *fill*         0x08014337        0x9 
 .rodata.pow10  0x08014340       0x24 build/obj/chprintf.o
 *fill*         0x08014364        0xc 
 .rodata.mcpwm_init.str1.4
                0x08014370       0x20 build/obj/mc_pwm.o
 .rodata.timer_thread.str1.4
                0x08014390       0x22 build/obj/mc_pwm.o
 *fill*         0x080143b2        0xe 
 .rodata.sample_send_thread.str1.4
                0x080143c0        0xd build/obj/mc_interface.o
 *fill*         0x080143cd        0x3 
 .rodata.flash_addr
                0x080143d0       0x30 build/obj/flash_helper.o
 .rodata.flash_sector
                0x08014400       0x18 build/obj/flash_helper.o
 *fill*         0x08014418        0x8 
 .rodata.timeout_thread.str1.4
                0x08014420        0x8 build/obj/timeout.o
 *fill*         0x08014428        0x8 
 .rodata.main.str1.4
                0x08014430       0x19 build/obj/main.o
 *fill*         0x08014449        0x7 
 .rodata.periodic_thread.str1.4
                0x08014450        0xe build/obj/main.o
 *fill*         0x0801445e        0x2 
 .rodata.timer_thread.str1.4
                0x08014460        0xb build/obj/main.o
 *fill*         0x0801446b        0x5 
 .rodata.fmodf.str1.4
                0x08014470        0x6 c:/program files (x86)/gnu tools arm embedded/8 2018-q4-major/bin/../lib/gcc/arm-none-eabi/8.2.1/../../../../arm-none-eabi/lib/thumb/v7e-m+fp/hard\libm.a(lib_a-wf_fmod.o)
 *fill*         0x08014476        0xa 
 .rodata.logf.str1.4
                0x08014480        0x5 c:/program files (x86)/gnu tools arm embedded/8 2018-q4-major/bin/../lib/gcc/arm-none-eabi/8.2.1/../../../../arm-none-eabi/lib/thumb/v7e-m+fp/hard\libm.a(lib_a-wf_log.o)
                                  0x9 (size before relaxing)
 *fill*         0x08014485        0xb 
 .rodata.powf.str1.4
                0x08014490        0x5 c:/program files (x86)/gnu tools arm embedded/8 2018-q4-major/bin/../lib/gcc/arm-none-eabi/8.2.1/../../../../arm-none-eabi/lib/thumb/v7e-m+fp/hard\libm.a(lib_a-wf_pow.o)
 *fill*         0x08014495        0xb 
 .rodata.sqrtf.str1.4
                0x080144a0        0x8 c:/program files (x86)/gnu tools arm embedded/8 2018-q4-major/bin/../lib/gcc/arm-none-eabi/8.2.1/../../../../arm-none-eabi/lib/thumb/v7e-m+fp/hard\libm.a(lib_a-wf_sqrt.o)
                                  0x6 (size before relaxing)
 *fill*         0x080144a8        0x8 
 .rodata.Zero   0x080144b0        0x8 c:/program files (x86)/gnu tools arm embedded/8 2018-q4-major/bin/../lib/gcc/arm-none-eabi/8.2.1/../../../../arm-none-eabi/lib/thumb/v7e-m+fp/hard\libm.a(lib_a-ef_fmod.o)
 .rodata.__ieee754_powf.str1.4
                0x080144b8        0x1 c:/program files (x86)/gnu tools arm embedded/8 2018-q4-major/bin/../lib/gcc/arm-none-eabi/8.2.1/../../../../arm-none-eabi/lib/thumb/v7e-m+fp/hard\libm.a(lib_a-ef_pow.o)
 *fill*         0x080144b8        0x8 
 .rodata.npio2_hw
                0x080144c0       0x80 c:/program files (x86)/gnu tools arm embedded/8 2018-q4-major/bin/../lib/gcc/arm-none-eabi/8.2.1/../../../../arm-none-eabi/lib/thumb/v7e-m+fp/hard\libm.a(lib_a-ef_rem_pio2.o)
 .rodata.two_over_pi
                0x08014540      0x318 c:/program files (x86)/gnu tools arm embedded/8 2018-q4-major/bin/../lib/gcc/arm-none-eabi/8.2.1/../../../../arm-none-eabi/lib/thumb/v7e-m+fp/hard\libm.a(lib_a-ef_rem_pio2.o)
 *fill*         0x08014858        0x8 
 .rodata.PIo2   0x08014860       0x2c c:/program files (x86)/gnu tools arm embedded/8 2018-q4-major/bin/../lib/gcc/arm-none-eabi/8.2.1/../../../../arm-none-eabi/lib/thumb/v7e-m+fp/hard\libm.a(lib_a-kf_rem_pio2.o)
 *fill*         0x0801488c        0x4 
 .rodata.init_jk
                0x08014890        0xc c:/program files (x86)/gnu tools arm embedded/8 2018-q4-major/bin/../lib/gcc/arm-none-eabi/8.2.1/../../../../arm-none-eabi/lib/thumb/v7e-m+fp/hard\libm.a(lib_a-kf_rem_pio2.o)
 *fill*         0x0801489c        0x4 
 .rodata.TWO23  0x080148a0        0x8 c:/program files (x86)/gnu tools arm embedded/8 2018-q4-major/bin/../lib/gcc/arm-none-eabi/8.2.1/../../../../arm-none-eabi/lib/thumb/v7e-m+fp/hard\libm.a(lib_a-sf_rint.o)
 *(.glue_7t)
 .glue_7t       0x080148a8        0x0 linker stubs
 *(.glue_7)
 .glue_7        0x080148a8        0x0 linker stubs
 *(.gcc*)

.vfp11_veneer   0x080148a8        0x0
 .vfp11_veneer  0x080148a8        0x0 linker stubs

.v4_bx          0x080148a8        0x0
 .v4_bx         0x080148a8        0x0 linker stubs

.iplt           0x080148a8        0x0
 .iplt          0x080148a8        0x0 build/obj/crt0_v7m.o

.rel.dyn        0x080148a8        0x0
 .rel.iplt      0x080148a8        0x0 build/obj/crt0_v7m.o

.ARM.extab
 *(.ARM.extab* .gnu.linkonce.armextab.*)

.ARM.exidx      0x080148a8        0x0
                [!provide]                PROVIDE (__exidx_start = .)
 *(.ARM.exidx* .gnu.linkonce.armexidx.*)
                [!provide]                PROVIDE (__exidx_end = .)

.eh_frame_hdr
 *(.eh_frame_hdr)

.eh_frame
 *(.eh_frame)

.textalign      0x080148a8        0x0
                0x080148a8                . = ALIGN (0x8)
                0x080148a8                . = ALIGN (0x4)
                0x080148a8                _etext = .
                0x080148a8                _textdata = _etext

.mstack         0x20000000      0x400
                0x20000000                . = ALIGN (0x8)
                0x20000000                __main_stack_base__ = .
                0x20000400                . = (. + __main_stack_size__)
 *fill*         0x20000000      0x400 
                0x20000400                . = ALIGN (0x8)
                0x20000400                __main_stack_end__ = .

.pstack         0x20000400      0x400
                0x20000400                __process_stack_base__ = .
                0x20000400                __main_thread_stack_base__ = .
                0x20000800                . = (. + __process_stack_size__)
 *fill*         0x20000400      0x400 
                0x20000800                . = ALIGN (0x8)
                0x20000800                __process_stack_end__ = .
                0x20000800                __main_thread_stack_end__ = .

.data           0x20000800      0x440 load address 0x080148a8
                0x20000800                . = ALIGN (0x4)
                0x20000800                PROVIDE (_data = .)
 *(.data)
 *(.data.*)
 .data.enc_counts
                0x20000800        0x4 build/obj/mc_encoder.o
 .data.sdcfg    0x20000804        0xc build/obj/usart1_print.o
 .data.__fdlib_version
                0x20000810        0x1 c:/program files (x86)/gnu tools arm embedded/8 2018-q4-major/bin/../lib/gcc/arm-none-eabi/8.2.1/../../../../arm-none-eabi/lib/thumb/v7e-m+fp/hard\libm.a(lib_a-s_lib_ver.o)
                0x20000810                __fdlib_version
 *fill*         0x20000811        0x3 
 .data._impure_ptr
                0x20000814        0x4 c:/program files (x86)/gnu tools arm embedded/8 2018-q4-major/bin/../lib/gcc/arm-none-eabi/8.2.1/../../../../arm-none-eabi/lib/thumb/v7e-m+fp/hard\libg.a(lib_a-impure.o)
                0x20000814                _impure_ptr
 .data.impure_data
                0x20000818      0x428 c:/program files (x86)/gnu tools arm embedded/8 2018-q4-major/bin/../lib/gcc/arm-none-eabi/8.2.1/../../../../arm-none-eabi/lib/thumb/v7e-m+fp/hard\libg.a(lib_a-impure.o)
 *(.ramtext)
                0x20000c40                . = ALIGN (0x4)
                0x20000c40                PROVIDE (_edata = .)

.igot.plt       0x20000c40        0x0 load address 0x08014ce8
 .igot.plt      0x20000c40        0x0 build/obj/crt0_v7m.o

.bss            0x20000c40     0x1fd0 load address 0x08014ce8
                0x20000c40                . = ALIGN (0x4)
                0x20000c40                PROVIDE (_bss_start = .)
 *(.bss)
 *(.bss.*)
 .bss.ch        0x20000c40      0x258 build/obj/chschd.o
                0x20000c40                ch
 .bss.endmem    0x20000e98        0x4 build/obj/chmemcore.o
 .bss.nextmem   0x20000e9c        0x4 build/obj/chmemcore.o
 .bss.default_heap
                0x20000ea0       0x20 build/obj/chheap.o
 .bss.dma_isr_redir
                0x20000ec0       0x80 build/obj/stm32_dma.o
 .bss.dma_streams_mask
                0x20000f40        0x4 build/obj/stm32_dma.o
 .bss.CAND1     0x20000f44       0x30 build/obj/can_lld.o
                0x20000f44                CAND1
 .bss.I2CD2     0x20000f74       0x38 build/obj/i2c_lld.o
                0x20000f74                I2CD2
 *fill*         0x20000fac        0x4 
 .bss.USBD1     0x20000fb0      0x280 build/obj/usb_lld.o
                0x20000fb0                USBD1
 .bss.ep0_state
                0x20001230       0x14 build/obj/usb_lld.o
 .bss.ep0setup_buffer
                0x20001244        0x8 build/obj/usb_lld.o
 .bss.SPID1     0x2000124c       0x30 build/obj/spi_lld.o
                0x2000124c                SPID1
 .bss.dummytx   0x2000127c        0x2 build/obj/spi_lld.o
 *fill*         0x2000127e        0x2 
 .bss.ICUD3     0x20001280       0x18 build/obj/icu_lld.o
                0x20001280                ICUD3
 .bss.SD1       0x20001298       0x78 build/obj/serial_lld.o
                0x20001298                SD1
 .bss.UARTD6    0x20001310       0x1c build/obj/uart_lld.o
                0x20001310                UARTD6
 .bss.ADC_Value
                0x2000132c       0x18 build/obj/hw_oroca.o
                0x2000132c                ADC_Value
 .bss.MCCtrlCnt
                0x20001344        0x4 build/obj/mc_pwm.o
                0x20001344                MCCtrlCnt
 .bss.control_mode
                0x20001348        0x1 build/obj/mc_pwm.o
 *fill*         0x20001349        0x7 
 .bss.timer_thread_wa
                0x20001350      0x598 build/obj/mc_pwm.o
 .bss.m_conf    0x200018e8       0xd4 build/obj/mc_interface.o
 .bss.m_fault_now
                0x200019bc        0x1 build/obj/mc_interface.o
 .bss.m_lock_enabled
                0x200019bd        0x1 build/obj/mc_interface.o
 *fill*         0x200019be        0x2 
 .bss.sample_send_thread_wa
                0x200019c0      0x598 build/obj/mc_interface.o
 .bss.CtrlParm  0x20001f58       0x10 build/obj/mc_control.o
                0x20001f58                CtrlParm
 .bss.McCtrlBits
                0x20001f68        0x2 build/obj/mc_control.o
                0x20001f68                McCtrlBits
 *fill*         0x20001f6a        0x2 
 .bss.PIParmD   0x20001f6c       0x24 build/obj/mc_control.o
                0x20001f6c                PIParmD
 .bss.PIParmPLL
                0x20001f90       0x24 build/obj/mc_control.o
                0x20001f90                PIParmPLL
 .bss.PIParmQ   0x20001fb4       0x24 build/obj/mc_control.o
                0x20001fb4                PIParmQ
 .bss.PIParmW   0x20001fd8       0x24 build/obj/mc_control.o
                0x20001fd8                PIParmW
 .bss.ParkParm  0x20001ffc       0x40 build/obj/mc_control.o
                0x20001ffc                ParkParm
 .bss.SVGenParm
                0x2000203c       0x20 build/obj/mc_control.o
                0x2000203c                SVGenParm
 .bss.qVdSquared
                0x2000205c        0x4 build/obj/mc_control.o
                0x2000205c                qVdSquared
 .bss.MeasCurrParm
                0x20002060       0x20 build/obj/mc_sensor.o
                0x20002060                MeasCurrParm
 .bss.MeasSensorValue
                0x20002080        0xc build/obj/mc_sensor.o
                0x20002080                MeasSensorValue
 .bss.EncMode   0x2000208c        0x1 build/obj/mc_encoder.o
                0x2000208c                EncMode
 *fill*         0x2000208d        0x3 
 .bss.bad_pulses.11527
                0x20002090        0x4 build/obj/mc_encoder.o
 .bss.cap1_cnt  0x20002094        0x2 build/obj/mc_encoder.o
                0x20002094                cap1_cnt
 .bss.cap1_f    0x20002096        0x2 build/obj/mc_encoder.o
                0x20002096                cap1_f
 .bss.cap1_r_new
                0x20002098        0x2 build/obj/mc_encoder.o
                0x20002098                cap1_r_new
 .bss.cap1_r_old
                0x2000209a        0x2 build/obj/mc_encoder.o
                0x2000209a                cap1_r_old
 .bss.index_found
                0x2000209c        0x1 build/obj/mc_encoder.o
 *fill*         0x2000209d        0x1 
 .bss.pul1_period
                0x2000209e        0x2 build/obj/mc_encoder.o
                0x2000209e                pul1_period
 .bss.pul1_width
                0x200020a0        0x2 build/obj/mc_encoder.o
                0x200020a0                pul1_width
 *fill*         0x200020a2        0x2 
 .bss.smc1      0x200020a4      0x17c build/obj/mc_encoder.o
                0x200020a4                smc1
 .bss.gamma_table
                0x20002220       0xc9 build/obj/ledpwm.o
 *fill*         0x200022e9        0x3 
 .bss.led_values
                0x200022ec        0x8 build/obj/ledpwm.o
 .bss.DataVar   0x200022f4        0x2 build/obj/eeprom.o
                0x200022f4                DataVar
 *fill*         0x200022f6        0x2 
 .bss.VirtAddVarTab
                0x200022f8      0x140 build/obj/eeprom.o
                0x200022f8                VirtAddVarTab
 .bss.sys_lock_cnt
                0x20002438        0x4 build/obj/utils.o
 .bss.has_timeout
                0x2000243c        0x1 build/obj/timeout.o
 *fill*         0x2000243d        0x3 
 .bss.last_update_time
                0x20002440        0x4 build/obj/timeout.o
 .bss.timeout_msec
                0x20002444        0x4 build/obj/timeout.o
 .bss.timeout_thread_wa
                0x20002448      0x398 build/obj/timeout.o
 .bss.periodic_thread_wa
                0x200027e0      0x218 build/obj/main.o
 .bss.timer_thread_wa
                0x200029f8      0x218 build/obj/main.o
 *(COMMON)
                0x20002c10                . = ALIGN (0x4)
                0x20002c10                PROVIDE (_bss_end = .)
                [!provide]                PROVIDE (end = .)

.ram0           0x20002c10        0x0 load address 0x08014ce8
                0x20002c10                . = ALIGN (0x4)
 *(.ram0)
 *(.ram0.*)
                0x20002c10                . = ALIGN (0x4)
                0x20002c10                __ram0_free__ = .

.ram1           0x20000000        0x0
                0x20000000                . = ALIGN (0x4)
 *(.ram1)
 *(.ram1.*)
                0x20000000                . = ALIGN (0x4)
                0x20000000                __ram1_free__ = .

.ram2           0x2001c000        0x0
                0x2001c000                . = ALIGN (0x4)
 *(.ram2)
 *(.ram2.*)
                0x2001c000                . = ALIGN (0x4)
                0x2001c000                __ram2_free__ = .

.ram3           0x00000000        0x0
                0x00000000                . = ALIGN (0x4)
 *(.ram3)
 *(.ram3.*)
                0x00000000                . = ALIGN (0x4)
                0x00000000                __ram3_free__ = .

.ram4           0x10000000        0x0
                0x10000000                . = ALIGN (0x4)
 *(.ram4)
 *(.ram4.*)
                0x10000000                . = ALIGN (0x4)
                0x10000000                __ram4_free__ = .

.ram5           0x40024000        0x0
                0x40024000                . = ALIGN (0x4)
 *(.ram5)
 *(.ram5.*)
                0x40024000                . = ALIGN (0x4)
                0x40024000                __ram5_free__ = .

.ram6           0x00000000        0x0
                0x00000000                . = ALIGN (0x4)
 *(.ram6)
 *(.ram6.*)
                0x00000000                . = ALIGN (0x4)
                0x00000000                __ram6_free__ = .

.ram7           0x00000000        0x0
                0x00000000                . = ALIGN (0x4)
 *(.ram7)
 *(.ram7.*)
                0x00000000                . = ALIGN (0x4)
                0x00000000                __ram7_free__ = .
                0x20002c10                __heap_base__ = __ram0_free__
                0x20020000                __heap_end__ = __ram0_end__
                0x00000400                __process_stack_size__ = 0x400
                0x00000400                __main_stack_size__ = 0x400
LOAD c:/program files (x86)/gnu tools arm embedded/8 2018-q4-major/bin/../lib/gcc/arm-none-eabi/8.2.1/../../../../arm-none-eabi/lib/thumb/v7e-m+fp/hard\libstdc++.a
LOAD c:/program files (x86)/gnu tools arm embedded/8 2018-q4-major/bin/../lib/gcc/arm-none-eabi/8.2.1/../../../../arm-none-eabi/lib/thumb/v7e-m+fp/hard\libm.a
START GROUP
LOAD c:/program files (x86)/gnu tools arm embedded/8 2018-q4-major/bin/../lib/gcc/arm-none-eabi/8.2.1/thumb/v7e-m+fp/hard\libgcc.a
LOAD c:/program files (x86)/gnu tools arm embedded/8 2018-q4-major/bin/../lib/gcc/arm-none-eabi/8.2.1/../../../../arm-none-eabi/lib/thumb/v7e-m+fp/hard\libg.a
LOAD c:/program files (x86)/gnu tools arm embedded/8 2018-q4-major/bin/../lib/gcc/arm-none-eabi/8.2.1/../../../../arm-none-eabi/lib/thumb/v7e-m+fp/hard\libc.a
END GROUP
OUTPUT(build/oroca_bldc.elf elf32-littlearm)

.ARM.attributes
                0x00000000       0x35
 .ARM.attributes
                0x00000000       0x25 build/obj/crt0_v7m.o
 .ARM.attributes
                0x00000025       0x25 build/obj/chcoreasm_v7m.o
 .ARM.attributes
                0x0000004a       0x34 build/obj/crt1.o
 .ARM.attributes
                0x0000007e       0x34 build/obj/vectors.o
 .ARM.attributes
                0x000000b2       0x34 build/obj/chsys.o
 .ARM.attributes
                0x000000e6       0x34 build/obj/chvt.o
 .ARM.attributes
                0x0000011a       0x34 build/obj/chschd.o
 .ARM.attributes
                0x0000014e       0x34 build/obj/chthreads.o
 .ARM.attributes
                0x00000182       0x34 build/obj/chtm.o
 .ARM.attributes
                0x000001b6       0x34 build/obj/chregistry.o
 .ARM.attributes
                0x000001ea       0x34 build/obj/chmtx.o
 .ARM.attributes
                0x0000021e       0x34 build/obj/chevents.o
 .ARM.attributes
                0x00000252       0x34 build/obj/chqueues.o
 .ARM.attributes
                0x00000286       0x34 build/obj/chmemcore.o
 .ARM.attributes
                0x000002ba       0x34 build/obj/chheap.o
 .ARM.attributes
                0x000002ee       0x34 build/obj/chcore_v7m.o
 .ARM.attributes
                0x00000322       0x34 build/obj/hal.o
 .ARM.attributes
                0x00000356       0x34 build/obj/can.o
 .ARM.attributes
                0x0000038a       0x34 build/obj/i2c.o
 .ARM.attributes
                0x000003be       0x34 build/obj/icu.o
 .ARM.attributes
                0x000003f2       0x34 build/obj/serial.o
 .ARM.attributes
                0x00000426       0x34 build/obj/serial_usb.o
 .ARM.attributes
                0x0000045a       0x34 build/obj/spi.o
 .ARM.attributes
                0x0000048e       0x34 build/obj/st.o
 .ARM.attributes
                0x000004c2       0x34 build/obj/uart.o
 .ARM.attributes
                0x000004f6       0x34 build/obj/usb.o
 .ARM.attributes
                0x0000052a       0x34 build/obj/nvic.o
 .ARM.attributes
                0x0000055e       0x34 build/obj/stm32_dma.o
 .ARM.attributes
                0x00000592       0x34 build/obj/hal_lld.o
 .ARM.attributes
                0x000005c6       0x34 build/obj/can_lld.o
 .ARM.attributes
                0x000005fa       0x34 build/obj/pal_lld.o
 .ARM.attributes
                0x0000062e       0x34 build/obj/i2c_lld.o
 .ARM.attributes
                0x00000662       0x34 build/obj/usb_lld.o
 .ARM.attributes
                0x00000696       0x34 build/obj/spi_lld.o
 .ARM.attributes
                0x000006ca       0x34 build/obj/icu_lld.o
 .ARM.attributes
                0x000006fe       0x34 build/obj/st_lld.o
 .ARM.attributes
                0x00000732       0x34 build/obj/serial_lld.o
 .ARM.attributes
                0x00000766       0x34 build/obj/uart_lld.o
 .ARM.attributes
                0x0000079a       0x34 build/obj/board.o
 .ARM.attributes
                0x000007ce       0x34 build/obj/chprintf.o
 .ARM.attributes
                0x00000802       0x34 build/obj/hw_oroca.o
 .ARM.attributes
                0x00000836       0x34 build/obj/mc_pwm.o
 .ARM.attributes
                0x0000086a       0x34 build/obj/mc_interface.o
 .ARM.attributes
                0x0000089e       0x34 build/obj/mc_control.o
 .ARM.attributes
                0x000008d2       0x34 build/obj/mc_sensor.o
 .ARM.attributes
                0x00000906       0x34 build/obj/mc_encoder.o
 .ARM.attributes
                0x0000093a       0x34 build/obj/ledpwm.o
 .ARM.attributes
                0x0000096e       0x34 build/obj/eeprom.o
 .ARM.attributes
                0x000009a2       0x34 build/obj/flash_helper.o
 .ARM.attributes
                0x000009d6       0x34 build/obj/irq_handlers.o
 .ARM.attributes
                0x00000a0a       0x34 build/obj/utils.o
 .ARM.attributes
                0x00000a3e       0x34 build/obj/timeout.o
 .ARM.attributes
                0x00000a72       0x34 build/obj/usart1_print.o
 .ARM.attributes
                0x00000aa6       0x34 build/obj/main.o
 .ARM.attributes
                0x00000ada       0x34 build/obj/stm32f4xx_adc.o
 .ARM.attributes
                0x00000b0e       0x34 build/obj/stm32f4xx_dma.o
 .ARM.attributes
                0x00000b42       0x34 build/obj/stm32f4xx_exti.o
 .ARM.attributes
                0x00000b76       0x34 build/obj/stm32f4xx_flash.o
 .ARM.attributes
                0x00000baa       0x34 build/obj/stm32f4xx_rcc.o
 .ARM.attributes
                0x00000bde       0x34 build/obj/stm32f4xx_syscfg.o
 .ARM.attributes
                0x00000c12       0x34 build/obj/stm32f4xx_tim.o
 .ARM.attributes
                0x00000c46       0x34 build/obj/stm32f4xx_wwdg.o
 .ARM.attributes
                0x00000c7a       0x34 c:/program files (x86)/gnu tools arm embedded/8 2018-q4-major/bin/../lib/gcc/arm-none-eabi/8.2.1/../../../../arm-none-eabi/lib/thumb/v7e-m+fp/hard\libm.a(lib_a-sf_cos.o)
 .ARM.attributes
                0x00000cae       0x34 c:/program files (x86)/gnu tools arm embedded/8 2018-q4-major/bin/../lib/gcc/arm-none-eabi/8.2.1/../../../../arm-none-eabi/lib/thumb/v7e-m+fp/hard\libm.a(lib_a-sf_round.o)
 .ARM.attributes
                0x00000ce2       0x34 c:/program files (x86)/gnu tools arm embedded/8 2018-q4-major/bin/../lib/gcc/arm-none-eabi/8.2.1/../../../../arm-none-eabi/lib/thumb/v7e-m+fp/hard\libm.a(lib_a-sf_sin.o)
 .ARM.attributes
                0x00000d16       0x34 c:/program files (x86)/gnu tools arm embedded/8 2018-q4-major/bin/../lib/gcc/arm-none-eabi/8.2.1/../../../../arm-none-eabi/lib/thumb/v7e-m+fp/hard\libm.a(lib_a-wf_fmod.o)
 .ARM.attributes
                0x00000d4a       0x34 c:/program files (x86)/gnu tools arm embedded/8 2018-q4-major/bin/../lib/gcc/arm-none-eabi/8.2.1/../../../../arm-none-eabi/lib/thumb/v7e-m+fp/hard\libm.a(lib_a-wf_log.o)
 .ARM.attributes
                0x00000d7e       0x34 c:/program files (x86)/gnu tools arm embedded/8 2018-q4-major/bin/../lib/gcc/arm-none-eabi/8.2.1/../../../../arm-none-eabi/lib/thumb/v7e-m+fp/hard\libm.a(lib_a-wf_pow.o)
 .ARM.attributes
                0x00000db2       0x34 c:/program files (x86)/gnu tools arm embedded/8 2018-q4-major/bin/../lib/gcc/arm-none-eabi/8.2.1/../../../../arm-none-eabi/lib/thumb/v7e-m+fp/hard\libm.a(lib_a-wf_sqrt.o)
 .ARM.attributes
                0x00000de6       0x34 c:/program files (x86)/gnu tools arm embedded/8 2018-q4-major/bin/../lib/gcc/arm-none-eabi/8.2.1/../../../../arm-none-eabi/lib/thumb/v7e-m+fp/hard\libm.a(lib_a-ef_fmod.o)
 .ARM.attributes
                0x00000e1a       0x34 c:/program files (x86)/gnu tools arm embedded/8 2018-q4-major/bin/../lib/gcc/arm-none-eabi/8.2.1/../../../../arm-none-eabi/lib/thumb/v7e-m+fp/hard\libm.a(lib_a-ef_log.o)
 .ARM.attributes
                0x00000e4e       0x34 c:/program files (x86)/gnu tools arm embedded/8 2018-q4-major/bin/../lib/gcc/arm-none-eabi/8.2.1/../../../../arm-none-eabi/lib/thumb/v7e-m+fp/hard\libm.a(lib_a-ef_pow.o)
 .ARM.attributes
                0x00000e82       0x34 c:/program files (x86)/gnu tools arm embedded/8 2018-q4-major/bin/../lib/gcc/arm-none-eabi/8.2.1/../../../../arm-none-eabi/lib/thumb/v7e-m+fp/hard\libm.a(lib_a-ef_rem_pio2.o)
 .ARM.attributes
                0x00000eb6       0x34 c:/program files (x86)/gnu tools arm embedded/8 2018-q4-major/bin/../lib/gcc/arm-none-eabi/8.2.1/../../../../arm-none-eabi/lib/thumb/v7e-m+fp/hard\libm.a(lib_a-ef_sqrt.o)
 .ARM.attributes
                0x00000eea       0x34 c:/program files (x86)/gnu tools arm embedded/8 2018-q4-major/bin/../lib/gcc/arm-none-eabi/8.2.1/../../../../arm-none-eabi/lib/thumb/v7e-m+fp/hard\libm.a(lib_a-kf_cos.o)
 .ARM.attributes
                0x00000f1e       0x34 c:/program files (x86)/gnu tools arm embedded/8 2018-q4-major/bin/../lib/gcc/arm-none-eabi/8.2.1/../../../../arm-none-eabi/lib/thumb/v7e-m+fp/hard\libm.a(lib_a-kf_rem_pio2.o)
 .ARM.attributes
                0x00000f52       0x34 c:/program files (x86)/gnu tools arm embedded/8 2018-q4-major/bin/../lib/gcc/arm-none-eabi/8.2.1/../../../../arm-none-eabi/lib/thumb/v7e-m+fp/hard\libm.a(lib_a-kf_sin.o)
 .ARM.attributes
                0x00000f86       0x32 c:/program files (x86)/gnu tools arm embedded/8 2018-q4-major/bin/../lib/gcc/arm-none-eabi/8.2.1/../../../../arm-none-eabi/lib/thumb/v7e-m+fp/hard\libm.a(lib_a-s_lib_ver.o)
 .ARM.attributes
                0x00000fb8       0x34 c:/program files (x86)/gnu tools arm embedded/8 2018-q4-major/bin/../lib/gcc/arm-none-eabi/8.2.1/../../../../arm-none-eabi/lib/thumb/v7e-m+fp/hard\libm.a(lib_a-s_matherr.o)
 .ARM.attributes
                0x00000fec       0x34 c:/program files (x86)/gnu tools arm embedded/8 2018-q4-major/bin/../lib/gcc/arm-none-eabi/8.2.1/../../../../arm-none-eabi/lib/thumb/v7e-m+fp/hard\libm.a(lib_a-s_nan.o)
 .ARM.attributes
                0x00001020       0x34 c:/program files (x86)/gnu tools arm embedded/8 2018-q4-major/bin/../lib/gcc/arm-none-eabi/8.2.1/../../../../arm-none-eabi/lib/thumb/v7e-m+fp/hard\libm.a(lib_a-sf_fabs.o)
 .ARM.attributes
                0x00001054       0x34 c:/program files (x86)/gnu tools arm embedded/8 2018-q4-major/bin/../lib/gcc/arm-none-eabi/8.2.1/../../../../arm-none-eabi/lib/thumb/v7e-m+fp/hard\libm.a(lib_a-sf_finite.o)
 .ARM.attributes
                0x00001088       0x34 c:/program files (x86)/gnu tools arm embedded/8 2018-q4-major/bin/../lib/gcc/arm-none-eabi/8.2.1/../../../../arm-none-eabi/lib/thumb/v7e-m+fp/hard\libm.a(lib_a-sf_floor.o)
 .ARM.attributes
                0x000010bc       0x34 c:/program files (x86)/gnu tools arm embedded/8 2018-q4-major/bin/../lib/gcc/arm-none-eabi/8.2.1/../../../../arm-none-eabi/lib/thumb/v7e-m+fp/hard\libm.a(lib_a-sf_nan.o)
 .ARM.attributes
                0x000010f0       0x34 c:/program files (x86)/gnu tools arm embedded/8 2018-q4-major/bin/../lib/gcc/arm-none-eabi/8.2.1/../../../../arm-none-eabi/lib/thumb/v7e-m+fp/hard\libm.a(lib_a-sf_rint.o)
 .ARM.attributes
                0x00001124       0x34 c:/program files (x86)/gnu tools arm embedded/8 2018-q4-major/bin/../lib/gcc/arm-none-eabi/8.2.1/../../../../arm-none-eabi/lib/thumb/v7e-m+fp/hard\libm.a(lib_a-sf_scalbn.o)
 .ARM.attributes
                0x00001158       0x1e c:/program files (x86)/gnu tools arm embedded/8 2018-q4-major/bin/../lib/gcc/arm-none-eabi/8.2.1/thumb/v7e-m+fp/hard\libgcc.a(_arm_addsubdf3.o)
 .ARM.attributes
                0x00001176       0x1e c:/program files (x86)/gnu tools arm embedded/8 2018-q4-major/bin/../lib/gcc/arm-none-eabi/8.2.1/thumb/v7e-m+fp/hard\libgcc.a(_arm_muldivdf3.o)
 .ARM.attributes
                0x00001194       0x1e c:/program files (x86)/gnu tools arm embedded/8 2018-q4-major/bin/../lib/gcc/arm-none-eabi/8.2.1/thumb/v7e-m+fp/hard\libgcc.a(_arm_fixdfsi.o)
 .ARM.attributes
                0x000011b2       0x1e c:/program files (x86)/gnu tools arm embedded/8 2018-q4-major/bin/../lib/gcc/arm-none-eabi/8.2.1/thumb/v7e-m+fp/hard\libgcc.a(_arm_truncdfsf2.o)
 .ARM.attributes
                0x000011d0       0x34 c:/program files (x86)/gnu tools arm embedded/8 2018-q4-major/bin/../lib/gcc/arm-none-eabi/8.2.1/../../../../arm-none-eabi/lib/thumb/v7e-m+fp/hard\libg.a(lib_a-errno.o)
 .ARM.attributes
                0x00001204       0x32 c:/program files (x86)/gnu tools arm embedded/8 2018-q4-major/bin/../lib/gcc/arm-none-eabi/8.2.1/../../../../arm-none-eabi/lib/thumb/v7e-m+fp/hard\libg.a(lib_a-impure.o)
 .ARM.attributes
                0x00001236       0x1c c:/program files (x86)/gnu tools arm embedded/8 2018-q4-major/bin/../lib/gcc/arm-none-eabi/8.2.1/../../../../arm-none-eabi/lib/thumb/v7e-m+fp/hard\libg.a(lib_a-memcpy.o)
 .ARM.attributes
                0x00001252       0x34 c:/program files (x86)/gnu tools arm embedded/8 2018-q4-major/bin/../lib/gcc/arm-none-eabi/8.2.1/../../../../arm-none-eabi/lib/thumb/v7e-m+fp/hard\libg.a(lib_a-memset.o)

.comment        0x00000000       0x75
 .comment       0x00000000       0x75 build/obj/crt1.o
                                 0x76 (size before relaxing)
 .comment       0x00000075       0x76 build/obj/vectors.o
 .comment       0x00000075       0x76 build/obj/chsys.o
 .comment       0x00000075       0x76 build/obj/chvt.o
 .comment       0x00000075       0x76 build/obj/chschd.o
 .comment       0x00000075       0x76 build/obj/chthreads.o
 .comment       0x00000075       0x76 build/obj/chtm.o
 .comment       0x00000075       0x76 build/obj/chregistry.o
 .comment       0x00000075       0x76 build/obj/chmtx.o
 .comment       0x00000075       0x76 build/obj/chevents.o
 .comment       0x00000075       0x76 build/obj/chqueues.o
 .comment       0x00000075       0x76 build/obj/chmemcore.o
 .comment       0x00000075       0x76 build/obj/chheap.o
 .comment       0x00000075       0x76 build/obj/chcore_v7m.o
 .comment       0x00000075       0x76 build/obj/hal.o
 .comment       0x00000075       0x76 build/obj/can.o
 .comment       0x00000075       0x76 build/obj/i2c.o
 .comment       0x00000075       0x76 build/obj/icu.o
 .comment       0x00000075       0x76 build/obj/serial.o
 .comment       0x00000075       0x76 build/obj/serial_usb.o
 .comment       0x00000075       0x76 build/obj/spi.o
 .comment       0x00000075       0x76 build/obj/st.o
 .comment       0x00000075       0x76 build/obj/uart.o
 .comment       0x00000075       0x76 build/obj/usb.o
 .comment       0x00000075       0x76 build/obj/nvic.o
 .comment       0x00000075       0x76 build/obj/stm32_dma.o
 .comment       0x00000075       0x76 build/obj/hal_lld.o
 .comment       0x00000075       0x76 build/obj/can_lld.o
 .comment       0x00000075       0x76 build/obj/pal_lld.o
 .comment       0x00000075       0x76 build/obj/i2c_lld.o
 .comment       0x00000075       0x76 build/obj/usb_lld.o
 .comment       0x00000075       0x76 build/obj/spi_lld.o
 .comment       0x00000075       0x76 build/obj/icu_lld.o
 .comment       0x00000075       0x76 build/obj/st_lld.o
 .comment       0x00000075       0x76 build/obj/serial_lld.o
 .comment       0x00000075       0x76 build/obj/uart_lld.o
 .comment       0x00000075       0x76 build/obj/board.o
 .comment       0x00000075       0x76 build/obj/chprintf.o
 .comment       0x00000075       0x76 build/obj/hw_oroca.o
 .comment       0x00000075       0x76 build/obj/mc_pwm.o
 .comment       0x00000075       0x76 build/obj/mc_interface.o
 .comment       0x00000075       0x76 build/obj/mc_control.o
 .comment       0x00000075       0x76 build/obj/mc_sensor.o
 .comment       0x00000075       0x76 build/obj/mc_encoder.o
 .comment       0x00000075       0x76 build/obj/ledpwm.o
 .comment       0x00000075       0x76 build/obj/eeprom.o
 .comment       0x00000075       0x76 build/obj/flash_helper.o
 .comment       0x00000075       0x76 build/obj/irq_handlers.o
 .comment       0x00000075       0x76 build/obj/utils.o
 .comment       0x00000075       0x76 build/obj/timeout.o
 .comment       0x00000075       0x76 build/obj/usart1_print.o
 .comment       0x00000075       0x76 build/obj/main.o
 .comment       0x00000075       0x76 build/obj/stm32f4xx_adc.o
 .comment       0x00000075       0x76 build/obj/stm32f4xx_dma.o
 .comment       0x00000075       0x76 build/obj/stm32f4xx_exti.o
 .comment       0x00000075       0x76 build/obj/stm32f4xx_flash.o
 .comment       0x00000075       0x76 build/obj/stm32f4xx_rcc.o
 .comment       0x00000075       0x76 build/obj/stm32f4xx_syscfg.o
 .comment       0x00000075       0x76 build/obj/stm32f4xx_tim.o
 .comment       0x00000075       0x76 build/obj/stm32f4xx_wwdg.o

.debug_info     0x00000000    0x96747
 .debug_info    0x00000000       0xf4 build/obj/crt1.o
 .debug_info    0x000000f4      0x208 build/obj/vectors.o
 .debug_info    0x000002fc     0x1a1c build/obj/chsys.o
 .debug_info    0x00001d18      0x9dd build/obj/chvt.o
 .debug_info    0x000026f5     0x110b build/obj/chschd.o