Archive member included to satisfy reference by file (symbol)

c:/program files (x86)/gnu tools arm embedded/5.4 2016q3/bin/../lib/gcc/arm-none-eabi/5.4.1/../../../../arm-none-eabi/lib/armv7e-m/fpu\libm.a(lib_a-sf_cos.o)
                              build/obj/mc_pwm.o (cosf)
c:/program files (x86)/gnu tools arm embedded/5.4 2016q3/bin/../lib/gcc/arm-none-eabi/5.4.1/../../../../arm-none-eabi/lib/armv7e-m/fpu\libm.a(lib_a-sf_round.o)
                              build/obj/ledpwm.o (roundf)
c:/program files (x86)/gnu tools arm embedded/5.4 2016q3/bin/../lib/gcc/arm-none-eabi/5.4.1/../../../../arm-none-eabi/lib/armv7e-m/fpu\libm.a(lib_a-sf_sin.o)
                              build/obj/mc_pwm.o (sinf)
c:/program files (x86)/gnu tools arm embedded/5.4 2016q3/bin/../lib/gcc/arm-none-eabi/5.4.1/../../../../arm-none-eabi/lib/armv7e-m/fpu\libm.a(lib_a-wf_fmod.o)
                              build/obj/mc_encoder.o (fmodf)
c:/program files (x86)/gnu tools arm embedded/5.4 2016q3/bin/../lib/gcc/arm-none-eabi/5.4.1/../../../../arm-none-eabi/lib/armv7e-m/fpu\libm.a(lib_a-wf_log.o)
                              build/obj/mc_pwm.o (logf)
c:/program files (x86)/gnu tools arm embedded/5.4 2016q3/bin/../lib/gcc/arm-none-eabi/5.4.1/../../../../arm-none-eabi/lib/armv7e-m/fpu\libm.a(lib_a-wf_pow.o)
                              build/obj/ledpwm.o (powf)
c:/program files (x86)/gnu tools arm embedded/5.4 2016q3/bin/../lib/gcc/arm-none-eabi/5.4.1/../../../../arm-none-eabi/lib/armv7e-m/fpu\libm.a(lib_a-wf_sqrt.o)
                              build/obj/mc_control.o (sqrtf)
c:/program files (x86)/gnu tools arm embedded/5.4 2016q3/bin/../lib/gcc/arm-none-eabi/5.4.1/../../../../arm-none-eabi/lib/armv7e-m/fpu\libm.a(lib_a-ef_fmod.o)
                              c:/program files (x86)/gnu tools arm embedded/5.4 2016q3/bin/../lib/gcc/arm-none-eabi/5.4.1/../../../../arm-none-eabi/lib/armv7e-m/fpu\libm.a(lib_a-wf_fmod.o) (__ieee754_fmodf)
c:/program files (x86)/gnu tools arm embedded/5.4 2016q3/bin/../lib/gcc/arm-none-eabi/5.4.1/../../../../arm-none-eabi/lib/armv7e-m/fpu\libm.a(lib_a-ef_log.o)
                              c:/program files (x86)/gnu tools arm embedded/5.4 2016q3/bin/../lib/gcc/arm-none-eabi/5.4.1/../../../../arm-none-eabi/lib/armv7e-m/fpu\libm.a(lib_a-wf_log.o) (__ieee754_logf)
c:/program files (x86)/gnu tools arm embedded/5.4 2016q3/bin/../lib/gcc/arm-none-eabi/5.4.1/../../../../arm-none-eabi/lib/armv7e-m/fpu\libm.a(lib_a-ef_pow.o)
                              c:/program files (x86)/gnu tools arm embedded/5.4 2016q3/bin/../lib/gcc/arm-none-eabi/5.4.1/../../../../arm-none-eabi/lib/armv7e-m/fpu\libm.a(lib_a-wf_pow.o) (__ieee754_powf)
c:/program files (x86)/gnu tools arm embedded/5.4 2016q3/bin/../lib/gcc/arm-none-eabi/5.4.1/../../../../arm-none-eabi/lib/armv7e-m/fpu\libm.a(lib_a-ef_rem_pio2.o)
                              c:/program files (x86)/gnu tools arm embedded/5.4 2016q3/bin/../lib/gcc/arm-none-eabi/5.4.1/../../../../arm-none-eabi/lib/armv7e-m/fpu\libm.a(lib_a-sf_cos.o) (__ieee754_rem_pio2f)
c:/program files (x86)/gnu tools arm embedded/5.4 2016q3/bin/../lib/gcc/arm-none-eabi/5.4.1/../../../../arm-none-eabi/lib/armv7e-m/fpu\libm.a(lib_a-ef_sqrt.o)
                              c:/program files (x86)/gnu tools arm embedded/5.4 2016q3/bin/../lib/gcc/arm-none-eabi/5.4.1/../../../../arm-none-eabi/lib/armv7e-m/fpu\libm.a(lib_a-wf_sqrt.o) (__ieee754_sqrtf)
c:/program files (x86)/gnu tools arm embedded/5.4 2016q3/bin/../lib/gcc/arm-none-eabi/5.4.1/../../../../arm-none-eabi/lib/armv7e-m/fpu\libm.a(lib_a-kf_cos.o)
                              c:/program files (x86)/gnu tools arm embedded/5.4 2016q3/bin/../lib/gcc/arm-none-eabi/5.4.1/../../../../arm-none-eabi/lib/armv7e-m/fpu\libm.a(lib_a-sf_cos.o) (__kernel_cosf)
c:/program files (x86)/gnu tools arm embedded/5.4 2016q3/bin/../lib/gcc/arm-none-eabi/5.4.1/../../../../arm-none-eabi/lib/armv7e-m/fpu\libm.a(lib_a-kf_rem_pio2.o)
                              c:/program files (x86)/gnu tools arm embedded/5.4 2016q3/bin/../lib/gcc/arm-none-eabi/5.4.1/../../../../arm-none-eabi/lib/armv7e-m/fpu\libm.a(lib_a-ef_rem_pio2.o) (__kernel_rem_pio2f)
c:/program files (x86)/gnu tools arm embedded/5.4 2016q3/bin/../lib/gcc/arm-none-eabi/5.4.1/../../../../arm-none-eabi/lib/armv7e-m/fpu\libm.a(lib_a-kf_sin.o)
                              c:/program files (x86)/gnu tools arm embedded/5.4 2016q3/bin/../lib/gcc/arm-none-eabi/5.4.1/../../../../arm-none-eabi/lib/armv7e-m/fpu\libm.a(lib_a-sf_cos.o) (__kernel_sinf)
c:/program files (x86)/gnu tools arm embedded/5.4 2016q3/bin/../lib/gcc/arm-none-eabi/5.4.1/../../../../arm-none-eabi/lib/armv7e-m/fpu\libm.a(lib_a-s_lib_ver.o)
                              c:/program files (x86)/gnu tools arm embedded/5.4 2016q3/bin/../lib/gcc/arm-none-eabi/5.4.1/../../../../arm-none-eabi/lib/armv7e-m/fpu\libm.a(lib_a-wf_fmod.o) (__fdlib_version)
[...]
Memory Configuration

Name             Origin             Length             Attributes
flash            0x08000000         0x00004000
flash2           0x0800c000         0x00078000
ram0             0x20000000         0x00020000
ram1             0x20000000         0x0001c000
ram2             0x2001c000         0x00004000
ram3             0x00000000         0x00000000
ram4             0x10000000         0x00010000
ram5             0x40024000         0x00001000
ram6             0x00000000         0x00000000
ram7             0x00000000         0x00000000
*default*        0x00000000         0xffffffff

Linker script and memory map

LOAD build/obj/crt0_v7m.o
LOAD build/obj/chcoreasm_v7m.o
LOAD build/obj/crt1.o
LOAD build/obj/vectors.o
LOAD build/obj/chsys.o
LOAD build/obj/chdebug.o
LOAD build/obj/chvt.o
LOAD build/obj/chschd.o
LOAD build/obj/chthreads.o
LOAD build/obj/chtm.o
LOAD build/obj/chstats.o
LOAD build/obj/chdynamic.o
LOAD build/obj/chregistry.o
LOAD build/obj/chsem.o
LOAD build/obj/chmtx.o
LOAD build/obj/chcond.o
LOAD build/obj/chevents.o
LOAD build/obj/chmsg.o
LOAD build/obj/chmboxes.o
LOAD build/obj/chqueues.o
LOAD build/obj/chmemcore.o
LOAD build/obj/chheap.o
LOAD build/obj/chmempools.o
LOAD build/obj/chcore.o
LOAD build/obj/chcore_v7m.o
LOAD build/obj/osal.o
LOAD build/obj/hal.o
LOAD build/obj/hal_queues.o
LOAD build/obj/hal_mmcsd.o
LOAD build/obj/adc.o
LOAD build/obj/can.o
LOAD build/obj/dac.o
LOAD build/obj/ext.o
LOAD build/obj/gpt.o
LOAD build/obj/i2c.o
LOAD build/obj/i2s.o
LOAD build/obj/icu.o
LOAD build/obj/mac.o
LOAD build/obj/mmc_spi.o
LOAD build/obj/pal.o
LOAD build/obj/pwm.o
LOAD build/obj/rtc.o
LOAD build/obj/sdc.o
LOAD build/obj/serial.o
LOAD build/obj/serial_usb.o
LOAD build/obj/spi.o
LOAD build/obj/st.o
LOAD build/obj/uart.o
LOAD build/obj/usb.o
LOAD build/obj/nvic.o
LOAD build/obj/stm32_dma.o
LOAD build/obj/hal_lld.o
LOAD build/obj/adc_lld.o
LOAD build/obj/ext_lld_isr.o
LOAD build/obj/can_lld.o
LOAD build/obj/ext_lld.o
LOAD build/obj/mac_lld.o
LOAD build/obj/sdc_lld.o
LOAD build/obj/dac_lld.o
LOAD build/obj/pal_lld.o
LOAD build/obj/i2c_lld.o
LOAD build/obj/usb_lld.o
LOAD build/obj/rtc_lld.o
LOAD build/obj/i2s_lld.o
LOAD build/obj/spi_lld.o
LOAD build/obj/gpt_lld.o
LOAD build/obj/icu_lld.o
LOAD build/obj/pwm_lld.o
LOAD build/obj/st_lld.o
LOAD build/obj/serial_lld.o
LOAD build/obj/uart_lld.o
LOAD build/obj/board.o
LOAD build/obj/syscalls.o
LOAD build/obj/memstreams.o
LOAD build/obj/chprintf.o
LOAD build/obj/hw_oroca.o
LOAD build/obj/conf_general.o
LOAD build/obj/mc_pwm.o
LOAD build/obj/mc_interface.o
LOAD build/obj/mc_control.o
LOAD build/obj/mc_sensor.o
LOAD build/obj/mc_encoder.o
LOAD build/obj/mavlink_proc.o
LOAD build/obj/comm_can.o
LOAD build/obj/comm_usb.o
LOAD build/obj/comm_usb_serial.o
LOAD build/obj/servo_dec.o
LOAD build/obj/servo_simple.o
LOAD build/obj/servo.o
LOAD build/obj/ledpwm.o
LOAD build/obj/led_external.o
LOAD build/obj/ws2811.o
LOAD build/obj/eeprom.o
LOAD build/obj/flash_helper.o
LOAD build/obj/irq_handlers.o
LOAD build/obj/utils.o
LOAD build/obj/timeout.o
LOAD build/obj/buffer.o
LOAD build/obj/crc.o
LOAD build/obj/spi_sw.o
LOAD build/obj/rf.o
LOAD build/obj/rfhelp.o
LOAD build/obj/nrf_driver.o
LOAD build/obj/app.o
LOAD build/obj/app_ppm.o
LOAD build/obj/app_adc.o
LOAD build/obj/app_sten.o
LOAD build/obj/app_uartcomm.o
LOAD build/obj/app_nunchuk.o
LOAD build/obj/usart1_print.o
LOAD build/obj/main.o
LOAD build/obj/misc.o
LOAD build/obj/stm32f4xx_adc.o
LOAD build/obj/stm32f4xx_dma.o
LOAD build/obj/stm32f4xx_exti.o
LOAD build/obj/stm32f4xx_flash.o
LOAD build/obj/stm32f4xx_rcc.o
LOAD build/obj/stm32f4xx_syscfg.o
LOAD build/obj/stm32f4xx_tim.o
LOAD build/obj/stm32f4xx_wwdg.o
                0x20000000                __ram0_start__ = ORIGIN (ram0)
                0x00020000                __ram0_size__ = LENGTH (ram0)
                0x20020000                __ram0_end__ = (__ram0_start__ + __ram0_size__)
                0x20000000                __ram1_start__ = ORIGIN (ram1)
                0x0001c000                __ram1_size__ = LENGTH (ram1)
                0x2001c000                __ram1_end__ = (__ram1_start__ + __ram1_size__)
                0x2001c000                __ram2_start__ = ORIGIN (ram2)
                0x00004000                __ram2_size__ = LENGTH (ram2)
                0x20020000                __ram2_end__ = (__ram2_start__ + __ram2_size__)
                0x00000000                __ram3_start__ = ORIGIN (ram3)
                0x00000000                __ram3_size__ = LENGTH (ram3)
                0x00000000                __ram3_end__ = (__ram3_start__ + __ram3_size__)
                0x10000000                __ram4_start__ = ORIGIN (ram4)
                0x00010000                __ram4_size__ = LENGTH (ram4)
                0x10010000                __ram4_end__ = (__ram4_start__ + __ram4_size__)
                0x40024000                __ram5_start__ = ORIGIN (ram5)
                0x00001000                __ram5_size__ = LENGTH (ram5)
                0x40025000                __ram5_end__ = (__ram5_start__ + __ram5_size__)
                0x00000000                __ram6_start__ = ORIGIN (ram6)
                0x00000000                __ram6_size__ = LENGTH (ram6)
                0x00000000                __ram6_end__ = (__ram6_start__ + __ram6_size__)
                0x00000000                __ram7_start__ = ORIGIN (ram7)
                0x00000000                __ram7_size__ = LENGTH (ram7)
                0x00000000                __ram7_end__ = (__ram7_start__ + __ram7_size__)
                0x00000000                . = 0x0
                0x00000000                _text = .

startup         0x08000000      0x1c0
 *(.vectors)
 .vectors       0x08000000      0x1c0 build/obj/vectors.o
                0x08000000                _vectors

constructors    0x0800c000        0x0
                0x0800c000                PROVIDE (__init_array_start, .)
 *(SORT(.init_array.*))
 *(.init_array)
                0x0800c000                PROVIDE (__init_array_end, .)

destructors     0x0800c000        0x0
                0x0800c000                PROVIDE (__fini_array_start, .)
 *(.fini_array)
 *(SORT(.fini_array.*))
                0x0800c000                PROVIDE (__fini_array_end, .)

.text           0x0800c000     0x8b90
 *(.text)
 .text          0x0800c000      0x104 build/obj/crt0_v7m.o
                0x0800c000                Reset_Handler
 *fill*         0x0800c104        0xc 
 .text          0x0800c110       0x30 build/obj/chcoreasm_v7m.o
                0x0800c110                _port_switch
                0x0800c128                _port_thread_start
                0x0800c138                _port_switch_from_isr
                0x0800c13c                _port_exit_from_isr
 .text          0x0800c140      0x370 c:/program files (x86)/gnu tools arm embedded/5.4 2016q3/bin/../lib/gcc/arm-none-eabi/5.4.1/armv7e-m/fpu\libgcc.a(_arm_addsubdf3.o)
                0x0800c140                __aeabi_drsub
                0x0800c148                __aeabi_dsub
                0x0800c148                __subdf3
                0x0800c14c                __aeabi_dadd
                0x0800c14c                __adddf3
                0x0800c3c4                __floatunsidf
                0x0800c3c4                __aeabi_ui2d
                0x0800c3e4                __floatsidf
                0x0800c3e4                __aeabi_i2d
                0x0800c408                __aeabi_f2d
                0x0800c408                __extendsfdf2
                0x0800c444                __floatundidf
                0x0800c444                __aeabi_ul2d
                0x0800c454                __floatdidf
                0x0800c454                __aeabi_l2d
 .text          0x0800c4b0      0x424 c:/program files (x86)/gnu tools arm embedded/5.4 2016q3/bin/../lib/gcc/arm-none-eabi/5.4.1/armv7e-m/fpu\libgcc.a(_arm_muldivdf3.o)
                0x0800c4b0                __aeabi_dmul
                0x0800c4b0                __muldf3
                0x0800c704                __divdf3
                0x0800c704                __aeabi_ddiv
 *fill*         0x0800c8d4        0xc 
 .text          0x0800c8e0      0x110 c:/program files (x86)/gnu tools arm embedded/5.4 2016q3/bin/../lib/gcc/arm-none-eabi/5.4.1/armv7e-m/fpu\libgcc.a(_arm_cmpdf2.o)
                0x0800c8e0                __gtdf2
                0x0800c8e0                __gedf2
                0x0800c8e8                __ltdf2
                0x0800c8e8                __ledf2
                0x0800c8f0                __nedf2
                0x0800c8f0                __eqdf2
                0x0800c8f0                __cmpdf2
                0x0800c96c                __aeabi_cdrcmple
                0x0800c97c                __aeabi_cdcmpeq
                0x0800c97c                __aeabi_cdcmple
                0x0800c98c                __aeabi_dcmpeq
                0x0800c9a0                __aeabi_dcmplt
                0x0800c9b4                __aeabi_dcmple
                0x0800c9c8                __aeabi_dcmpge
                0x0800c9dc                __aeabi_dcmpgt
 .text          0x0800c9f0       0x50 c:/program files (x86)/gnu tools arm embedded/5.4 2016q3/bin/../lib/gcc/arm-none-eabi/5.4.1/armv7e-m/fpu\libgcc.a(_arm_fixdfsi.o)
                0x0800c9f0                __aeabi_d2iz
                0x0800c9f0                __fixdfsi
 .text          0x0800ca40       0xa0 c:/program files (x86)/gnu tools arm embedded/5.4 2016q3/bin/../lib/gcc/arm-none-eabi/5.4.1/armv7e-m/fpu\libgcc.a(_arm_truncdfsf2.o)
                0x0800ca40                __truncdfsf2
                0x0800ca40                __aeabi_d2f
 .text          0x0800cae0      0x134 c:/program files (x86)/gnu tools arm embedded/5.4 2016q3/bin/../lib/gcc/arm-none-eabi/5.4.1/../../../../arm-none-eabi/lib/armv7e-m/fpu\libg.a(lib_a-memcpy.o)
                0x0800cae0                memcpy
 *(.text.*)
 *fill*         0x0800cc14        0xc 
 .text.__core_init
                0x0800cc20        0x4 build/obj/crt1.o
                0x0800cc20                __core_init
 *fill*         0x0800cc24        0xc 
 .text.__late_init
                0x0800cc30        0x4 build/obj/crt1.o
                0x0800cc30                __late_init
 *fill*         0x0800cc34        0xc 
 .text.__default_exit
                0x0800cc40        0x4 build/obj/crt1.o
                0x0800cc40                __default_exit
 *fill*         0x0800cc44        0xc 
 .text._unhandled_exception
                0x0800cc50        0x4 build/obj/vectors.o
                0x0800cc50                Vector58
                0x0800cc50                Vector9C
                0x0800cc50                VectorE8
                0x0800cc50                VectorAC
                0x0800cc50                DebugMon_Handler
                0x0800cc50                Vector1A0
                0x0800cc50                Vector5C
                0x0800cc50                Vector11C
                0x0800cc50                HardFault_Handler
                0x0800cc50                Vector1B8
                0x0800cc50                Vector19C
                0x0800cc50                VectorDC
                0x0800cc50                PendSV_Handler
                0x0800cc50                Vector168
                0x0800cc50                NMI_Handler
                0x0800cc50                Vector110
                0x0800cc50                VectorA8
                0x0800cc50                Vector160
                0x0800cc50                Vector1B0
                0x0800cc50                UsageFault_Handler
                0x0800cc50                VectorEC
                0x0800cc50                Vector40
                0x0800cc50                Vector108
                0x0800cc50                VectorBC
                0x0800cc50                Vector190
                0x0800cc50                Vector148
                0x0800cc50                Vector188
                0x0800cc50                Vector198
                0x0800cc50                Vector118
                0x0800cc50                Vector64
                0x0800cc50                VectorCC
                0x0800cc50                Vector54
                0x0800cc50                VectorD8
                0x0800cc50                Vector138
                0x0800cc50                Vector24
                0x0800cc50                Vector1AC
                0x0800cc50                Vector178
                0x0800cc50                Vector1A4
                0x0800cc50                VectorD0
                0x0800cc50                Vector1B4
                0x0800cc50                Vector140
                0x0800cc50                VectorE4
                0x0800cc50                VectorC0
                0x0800cc50                Vector134
                0x0800cc50                VectorF0
                0x0800cc50                Vector13C
                0x0800cc50                Vector100
                0x0800cc50                VectorF4
                0x0800cc50                MemManage_Handler
                0x0800cc50                VectorA0
                0x0800cc50                Vector180
                0x0800cc50                VectorB0
                0x0800cc50                Vector114
                0x0800cc50                Vector60
                0x0800cc50                Vector164
                0x0800cc50                Vector1C
                0x0800cc50                Vector1BC
                0x0800cc50                Vector17C
                0x0800cc50                Vector48
                0x0800cc50                Vector1A8
                0x0800cc50                Vector16C
                0x0800cc50                Vector4C
                0x0800cc50                Vector144
                0x0800cc50                Vector68
                0x0800cc50                _unhandled_exception
                0x0800cc50                Vector170
                0x0800cc50                Vector104
                0x0800cc50                Vector184
                0x0800cc50                Vector10C
                0x0800cc50                BusFault_Handler
                0x0800cc50                Vector50
                0x0800cc50                Vector194
                0x0800cc50                Vector44
                0x0800cc50                Vector28
                0x0800cc50                Vector34
                0x0800cc50                VectorA4
                0x0800cc50                Vector20
                0x0800cc50                Vector18C
                0x0800cc50                Vector174
 *fill*         0x0800cc54        0xc 
 .text._idle_thread
                0x0800cc60        0x4 build/obj/chsys.o
 *fill*         0x0800cc64        0xc 
 .text.chSysInit
                0x0800cc70       0xa4 build/obj/chsys.o
                0x0800cc70                chSysInit
 *fill*         0x0800cd14        0xc 
 .text.chSysTimerHandlerI
                0x0800cd20       0x58 build/obj/chsys.o
                0x0800cd20                chSysTimerHandlerI
 *fill*         0x0800cd78        0x8 
 .text.chSysPolledDelayX
                0x0800cd80       0x14 build/obj/chsys.o
                0x0800cd80                chSysPolledDelayX
 *fill*         0x0800cd94        0xc 
 .text._vt_init
                0x0800cda0       0x1c build/obj/chvt.o
                0x0800cda0                _vt_init
 *fill*         0x0800cdbc        0x4 
 .text.chVTDoSetI
                0x0800cdc0       0x3c build/obj/chvt.o
                0x0800cdc0                chVTDoSetI
 *fill*         0x0800cdfc        0x4 
 .text.chVTDoResetI
                0x0800ce00       0x28 build/obj/chvt.o
                0x0800ce00                chVTDoResetI
 *fill*         0x0800ce28        0x8 
 .text.wakeup   0x0800ce30       0x70 build/obj/chschd.o
 .text._scheduler_init
                0x0800cea0       0x14 build/obj/chschd.o
                0x0800cea0                _scheduler_init
 *fill*         0x0800ceb4        0xc 
 .text.chSchReadyI
                0x0800cec0       0x2c build/obj/chschd.o
                0x0800cec0                chSchReadyI
 *fill*         0x0800ceec        0x4 
 .text.chSchGoSleepS
                0x0800cef0       0x28 build/obj/chschd.o
                0x0800cef0                chSchGoSleepS
 *fill*         0x0800cf18        0x8 
 .text.chSchGoSleepTimeoutS
                0x0800cf20       0x44 build/obj/chschd.o
                0x0800cf20                chSchGoSleepTimeoutS
 *fill*         0x0800cf64        0xc 
 .text.chSchWakeupS
                0x0800cf70       0x58 build/obj/chschd.o
                0x0800cf70                chSchWakeupS
 *fill*         0x0800cfc8        0x8 
 .text.chSchIsPreemptionRequired
                0x0800cfd0       0x28 build/obj/chschd.o
                0x0800cfd0                chSchIsPreemptionRequired
 *fill*         0x0800cff8        0x8 
 .text.chSchDoRescheduleBehind
                0x0800d000       0x40 build/obj/chschd.o
                0x0800d000                chSchDoRescheduleBehind
 .text.chSchDoRescheduleAhead
                0x0800d040       0x3c build/obj/chschd.o
                0x0800d040                chSchDoRescheduleAhead
 *fill*         0x0800d07c        0x4 
 .text.chSchDoReschedule
                0x0800d080       0x14 build/obj/chschd.o
                0x0800d080                chSchDoReschedule
 *fill*         0x0800d094        0xc 
 .text._thread_init
                0x0800d0a0       0x44 build/obj/chthreads.o
                0x0800d0a0                _thread_init
 *fill*         0x0800d0e4        0xc 
 .text.chThdCreateStatic
                0x0800d0f0       0x68 build/obj/chthreads.o
                0x0800d0f0                chThdCreateStatic
 *fill*         0x0800d158        0x8 
 .text.chThdSleep
                0x0800d160       0x18 build/obj/chthreads.o
                0x0800d160                chThdSleep
 *fill*         0x0800d178        0x8 
 .text.chThdExitS
                0x0800d180       0x40 build/obj/chthreads.o
                0x0800d180                chThdExitS
 .text.chThdExit
                0x0800d1c0        0xc build/obj/chthreads.o
                0x0800d1c0                chThdExit
 *fill*         0x0800d1cc        0x4 
 .text.chThdResumeI
                0x0800d1d0       0x14 build/obj/chthreads.o
                0x0800d1d0                chThdResumeI
 *fill*         0x0800d1e4        0xc 
 .text.chThdEnqueueTimeoutS
                0x0800d1f0       0x28 build/obj/chthreads.o
                0x0800d1f0                chThdEnqueueTimeoutS
 *fill*         0x0800d218        0x8 
 .text.chThdDequeueNextI
                0x0800d220       0x20 build/obj/chthreads.o
                0x0800d220                chThdDequeueNextI
 .text.chThdDequeueAllI
                0x0800d240       0x24 build/obj/chthreads.o
                0x0800d240                chThdDequeueAllI
 *fill*         0x0800d264        0xc 
 .text.chTMStartMeasurementX
                0x0800d270        0xc build/obj/chtm.o
                0x0800d270                chTMStartMeasurementX
 *fill*         0x0800d27c        0x4 
 .text.chTMStopMeasurementX
                0x0800d280       0x48 build/obj/chtm.o
                0x0800d280                chTMStopMeasurementX
 *fill*         0x0800d2c8        0x8 
 .text._tm_init
                0x0800d2d0       0x38 build/obj/chtm.o
                0x0800d2d0                _tm_init
 *fill*         0x0800d308        0x8 
 .text.chMtxObjectInit
                0x0800d310        0xc build/obj/chmtx.o
                0x0800d310                chMtxObjectInit
 *fill*         0x0800d31c        0x4 
 .text.chEvtSignalI
                0x0800d320       0x28 build/obj/chevents.o
                0x0800d320                chEvtSignalI
 *fill*         0x0800d348        0x8 
 .text.chEvtBroadcastFlagsI
                0x0800d350       0x2c build/obj/chevents.o
                0x0800d350                chEvtBroadcastFlagsI
 *fill*         0x0800d37c        0x4 
 .text.chEvtWaitAny
                0x0800d380       0x38 build/obj/chevents.o
                0x0800d380                chEvtWaitAny
 *fill*         0x0800d3b8        0x8 
 .text.chIQObjectInit
                0x0800d3c0       0x20 build/obj/chqueues.o
                0x0800d3c0                chIQObjectInit
 .text.chIQPutI
                0x0800d3e0       0x38 build/obj/chqueues.o
                0x0800d3e0                chIQPutI
 *fill*         0x0800d418        0x8 
 .text.chIQGetTimeout
                0x0800d420       0x50 build/obj/chqueues.o
                0x0800d420                chIQGetTimeout
 .text.chIQReadTimeout
                0x0800d470       0x78 build/obj/chqueues.o
                0x0800d470                chIQReadTimeout
 *fill*         0x0800d4e8        0x8 
 .text.chOQObjectInit
                0x0800d4f0       0x1c build/obj/chqueues.o
                0x0800d4f0                chOQObjectInit
 *fill*         0x0800d50c        0x4 
 .text.chOQPutTimeout
                0x0800d510       0x54 build/obj/chqueues.o
                0x0800d510                chOQPutTimeout
 *fill*         0x0800d564        0xc 
 .text.chOQGetI
                0x0800d570       0x38 build/obj/chqueues.o
                0x0800d570                chOQGetI
 *fill*         0x0800d5a8        0x8 
 .text.chOQWriteTimeout
                0x0800d5b0       0x88 build/obj/chqueues.o
                0x0800d5b0                chOQWriteTimeout
 *fill*         0x0800d638        0x8 
 .text._core_init
                0x0800d640       0x28 build/obj/chmemcore.o
                0x0800d640                _core_init
 *fill*         0x0800d668        0x8 
 .text.chCoreAlloc
                0x0800d670       0x38 build/obj/chmemcore.o
                0x0800d670                chCoreAlloc
 *fill*         0x0800d6a8        0x8 
 .text._heap_init
                0x0800d6b0       0x1c build/obj/chheap.o
                0x0800d6b0                _heap_init
 *fill*         0x0800d6cc        0x4 
 .text.SVC_Handler
                0x0800d6d0       0x20 build/obj/chcore_v7m.o
                0x0800d6d0                SVC_Handler
 .text._port_irq_epilogue
                0x0800d6f0       0x60 build/obj/chcore_v7m.o
                0x0800d6f0                _port_irq_epilogue
 .text.halInit  0x0800d750       0x3c build/obj/hal.o
                0x0800d750                halInit
 *fill*         0x0800d78c        0x4 
 .text.canInit  0x0800d790        0x4 build/obj/can.o
                0x0800d790                canInit
 *fill*         0x0800d794        0xc 
 .text.canObjectInit
                0x0800d7a0       0x3c build/obj/can.o
                0x0800d7a0                canObjectInit
 *fill*         0x0800d7dc        0x4 
 .text.i2cInit  0x0800d7e0        0x4 build/obj/i2c.o
                0x0800d7e0                i2cInit
 *fill*         0x0800d7e4        0xc 
 .text.i2cObjectInit
                0x0800d7f0       0x10 build/obj/i2c.o
                0x0800d7f0                i2cObjectInit
 .text.icuInit  0x0800d800        0x4 build/obj/icu.o
                0x0800d800                icuInit
 *fill*         0x0800d804        0xc 
 .text.icuObjectInit
                0x0800d810        0xc build/obj/icu.o
                0x0800d810                icuObjectInit
 *fill*         0x0800d81c        0x4 
 .text.readt    0x0800d820        0x8 build/obj/serial.o
 *fill*         0x0800d828        0x8 
 .text.read     0x0800d830        0xc build/obj/serial.o
 *fill*         0x0800d83c        0x4 
 .text.writet   0x0800d840        0x8 build/obj/serial.o
 *fill*         0x0800d848        0x8 
 .text.write    0x0800d850        0xc build/obj/serial.o
 *fill*         0x0800d85c        0x4 
 .text.gett     0x0800d860        0x8 build/obj/serial.o
 *fill*         0x0800d868        0x8 
 .text.get      0x0800d870        0xc build/obj/serial.o
 *fill*         0x0800d87c        0x4 
 .text.putt     0x0800d880        0x8 build/obj/serial.o
 *fill*         0x0800d888        0x8 
 .text.put      0x0800d890        0xc build/obj/serial.o
 *fill*         0x0800d89c        0x4 
 .text.sdInit   0x0800d8a0        0x4 build/obj/serial.o
                0x0800d8a0                sdInit
 *fill*         0x0800d8a4        0xc 
 .text.sdObjectInit
                0x0800d8b0       0x40 build/obj/serial.o
                0x0800d8b0                sdObjectInit
 .text.sdStart  0x0800d8f0       0x1c build/obj/serial.o
                0x0800d8f0                sdStart
 *fill*         0x0800d90c        0x4 
 .text.sdIncomingDataI
                0x0800d910       0x3c build/obj/serial.o
                0x0800d910                sdIncomingDataI
 *fill*         0x0800d94c        0x4 
 .text.sduInit  0x0800d950        0x4 build/obj/serial_usb.o
                0x0800d950                sduInit
 *fill*         0x0800d954        0xc 
 .text.spiInit  0x0800d960        0x4 build/obj/spi.o
                0x0800d960                spiInit
 *fill*         0x0800d964        0xc 
 .text.spiObjectInit
                0x0800d970       0x10 build/obj/spi.o
                0x0800d970                spiObjectInit
 .text.stInit   0x0800d980        0x4 build/obj/st.o
                0x0800d980                stInit
 *fill*         0x0800d984        0xc 
 .text.uartInit
                0x0800d990        0x4 build/obj/uart.o
                0x0800d990                uartInit
 *fill*         0x0800d994        0xc 
 .text.uartObjectInit
                0x0800d9a0       0x10 build/obj/uart.o
                0x0800d9a0                uartObjectInit
 .text.usbInit  0x0800d9b0        0x4 build/obj/usb.o
                0x0800d9b0                usbInit
 *fill*         0x0800d9b4        0xc 
 .text.usbObjectInit
                0x0800d9c0       0x1c build/obj/usb.o
                0x0800d9c0                usbObjectInit
 *fill*         0x0800d9dc        0x4 
 .text._usb_reset
                0x0800d9e0       0x28 build/obj/usb.o
                0x0800d9e0                _usb_reset
 *fill*         0x0800da08        0x8 
 .text._usb_ep0setup
                0x0800da10      0x338 build/obj/usb.o
                0x0800da10                _usb_ep0setup
 *fill*         0x0800dd48        0x8 
 .text._usb_ep0in
                0x0800dd50       0xe4 build/obj/usb.o
                0x0800dd50                _usb_ep0in
 *fill*         0x0800de34        0xc 
 .text._usb_ep0out
                0x0800de40       0x9c build/obj/usb.o
                0x0800de40                _usb_ep0out
 *fill*         0x0800dedc        0x4 
 .text.nvicEnableVector
                0x0800dee0       0x34 build/obj/nvic.o
                0x0800dee0                nvicEnableVector
 *fill*         0x0800df14        0xc 
 .text.nvicSetSystemHandlerPriority
                0x0800df20       0x10 build/obj/nvic.o
                0x0800df20                nvicSetSystemHandlerPriority
 .text.Vector6C
                0x0800df30       0x28 build/obj/stm32_dma.o
                0x0800df30                Vector6C
 *fill*         0x0800df58        0x8 
 .text.Vector70
                0x0800df60       0x2c build/obj/stm32_dma.o
                0x0800df60                Vector70
 *fill*         0x0800df8c        0x4 
 .text.Vector74
                0x0800df90       0x2c build/obj/stm32_dma.o
                0x0800df90                Vector74
 *fill*         0x0800dfbc        0x4 
 .text.Vector78
                0x0800dfc0       0x2c build/obj/stm32_dma.o
                0x0800dfc0                Vector78
 *fill*         0x0800dfec        0x4 
 .text.Vector7C
                0x0800dff0       0x28 build/obj/stm32_dma.o
                0x0800dff0                Vector7C
 *fill*         0x0800e018        0x8 
 .text.Vector80
                0x0800e020       0x2c build/obj/stm32_dma.o
                0x0800e020                Vector80
 *fill*         0x0800e04c        0x4 
 .text.Vector84
                0x0800e050       0x2c build/obj/stm32_dma.o
                0x0800e050                Vector84
 *fill*         0x0800e07c        0x4 
 .text.VectorFC
                0x0800e080       0x2c build/obj/stm32_dma.o
                0x0800e080                VectorFC
 *fill*         0x0800e0ac        0x4 
 .text.Vector120
                0x0800e0b0       0x28 build/obj/stm32_dma.o
                0x0800e0b0                Vector120
 *fill*         0x0800e0d8        0x8 
 .text.Vector124
                0x0800e0e0       0x2c build/obj/stm32_dma.o
                0x0800e0e0                Vector124
 *fill*         0x0800e10c        0x4 
 .text.Vector128
                0x0800e110       0x2c build/obj/stm32_dma.o
                0x0800e110                Vector128
 *fill*         0x0800e13c        0x4 
 .text.Vector12C
                0x0800e140       0x2c build/obj/stm32_dma.o
                0x0800e140                Vector12C
 *fill*         0x0800e16c        0x4 
 .text.Vector130
                0x0800e170       0x28 build/obj/stm32_dma.o
                0x0800e170                Vector130
 *fill*         0x0800e198        0x8 
 .text.Vector150
                0x0800e1a0       0x2c build/obj/stm32_dma.o
                0x0800e1a0                Vector150
 *fill*         0x0800e1cc        0x4 
 .text.Vector154
                0x0800e1d0       0x2c build/obj/stm32_dma.o
                0x0800e1d0                Vector154
 *fill*         0x0800e1fc        0x4 
 .text.Vector158
                0x0800e200       0x2c build/obj/stm32_dma.o
                0x0800e200                Vector158
 *fill*         0x0800e22c        0x4 
 .text.dmaInit  0x0800e230       0x54 build/obj/stm32_dma.o
                0x0800e230                dmaInit
 *fill*         0x0800e284        0xc 
 .text.dmaStreamAllocate
                0x0800e290       0x8c build/obj/stm32_dma.o
                0x0800e290                dmaStreamAllocate
 *fill*         0x0800e31c        0x4 
 .text.hal_lld_init
                0x0800e320       0x68 build/obj/hal_lld.o
                0x0800e320                hal_lld_init
 *fill*         0x0800e388        0x8 
 .text.stm32_clock_init
                0x0800e390       0xc8 build/obj/hal_lld.o
                0x0800e390                stm32_clock_init
 *fill*         0x0800e458        0x8 
 .text.can_lld_set_filters
                0x0800e460      0x118 build/obj/can_lld.o
 *fill*         0x0800e578        0x8 
 .text.Vector8C
                0x0800e580       0x3c build/obj/can_lld.o
                0x0800e580                Vector8C
 *fill*         0x0800e5bc        0x4 
 .text.Vector90
                0x0800e5c0       0x64 build/obj/can_lld.o
                0x0800e5c0                Vector90
 *fill*         0x0800e624        0xc 
 .text.Vector94
                0x0800e630       0x64 build/obj/can_lld.o
                0x0800e630                Vector94
 *fill*         0x0800e694        0xc 
 .text.Vector98
                0x0800e6a0       0x78 build/obj/can_lld.o
                0x0800e6a0                Vector98
 *fill*         0x0800e718        0x8 
 .text.can_lld_init
                0x0800e720       0x24 build/obj/can_lld.o
                0x0800e720                can_lld_init
 *fill*         0x0800e744        0xc 
 .text._pal_lld_init
                0x0800e750      0x1ac build/obj/pal_lld.o
                0x0800e750                _pal_lld_init
 *fill*         0x0800e8fc        0x4 
 .text._pal_lld_setgroupmode
                0x0800e900       0xb8 build/obj/pal_lld.o
                0x0800e900                _pal_lld_setgroupmode
 *fill*         0x0800e9b8        0x8 
 .text.VectorC4
                0x0800e9c0       0xf8 build/obj/i2c_lld.o
                0x0800e9c0                VectorC4
 *fill*         0x0800eab8        0x8 
 .text.VectorC8
                0x0800eac0       0xd8 build/obj/i2c_lld.o
                0x0800eac0                VectorC8
 *fill*         0x0800eb98        0x8 
 .text.i2c_lld_init
                0x0800eba0       0x2c build/obj/i2c_lld.o
                0x0800eba0                i2c_lld_init
 *fill*         0x0800ebcc        0x4 
 .text.usb_lld_init
                0x0800ebd0       0x24 build/obj/usb_lld.o
                0x0800ebd0                usb_lld_init
 *fill*         0x0800ebf4        0xc 
 .text.usb_lld_reset
                0x0800ec00       0xc4 build/obj/usb_lld.o
                0x0800ec00                usb_lld_reset
 *fill*         0x0800ecc4        0xc 
 .text.usb_lld_set_address
                0x0800ecd0       0x18 build/obj/usb_lld.o
                0x0800ecd0                usb_lld_set_address
 *fill*         0x0800ece8        0x8 
 .text.usb_lld_get_status_out
                0x0800ecf0       0x1c build/obj/usb_lld.o
                0x0800ecf0                usb_lld_get_status_out
 *fill*         0x0800ed0c        0x4 
 .text.usb_lld_get_status_in
                0x0800ed10       0x1c build/obj/usb_lld.o
                0x0800ed10                usb_lld_get_status_in
 *fill*         0x0800ed2c        0x4 
 .text.usb_lld_read_setup
                0x0800ed30       0x14 build/obj/usb_lld.o
                0x0800ed30                usb_lld_read_setup
 *fill*         0x0800ed44        0xc 
 .text.usb_lld_prepare_receive
                0x0800ed50       0x44 build/obj/usb_lld.o
                0x0800ed50                usb_lld_prepare_receive
 *fill*         0x0800ed94        0xc 
 .text.otg_epout_handler.constprop.7
                0x0800eda0       0xa4 build/obj/usb_lld.o
 *fill*         0x0800ee44        0xc 
 .text.usb_lld_prepare_transmit
                0x0800ee50       0x50 build/obj/usb_lld.o
                0x0800ee50                usb_lld_prepare_transmit
 .text.otg_epin_handler.constprop.8
                0x0800eea0       0xd4 build/obj/usb_lld.o
 *fill*         0x0800ef74        0xc 
 .text.Vector14C
                0x0800ef80       0xf4 build/obj/usb_lld.o
                0x0800ef80                Vector14C
 *fill*         0x0800f074        0xc 
 .text.usb_lld_start_out
                0x0800f080       0x14 build/obj/usb_lld.o
                0x0800f080                usb_lld_start_out
 *fill*         0x0800f094        0xc 
 .text.usb_lld_start_in
                0x0800f0a0       0x2c build/obj/usb_lld.o
                0x0800f0a0                usb_lld_start_in
 *fill*         0x0800f0cc        0x4 
 .text.usb_lld_stall_out
                0x0800f0d0       0x14 build/obj/usb_lld.o
                0x0800f0d0                usb_lld_stall_out
 *fill*         0x0800f0e4        0xc 
 .text.usb_lld_stall_in
                0x0800f0f0       0x14 build/obj/usb_lld.o
                0x0800f0f0                usb_lld_stall_in
 *fill*         0x0800f104        0xc 
 .text.usb_lld_clear_out
                0x0800f110       0x14 build/obj/usb_lld.o
                0x0800f110                usb_lld_clear_out
 *fill*         0x0800f124        0xc 
 .text.usb_lld_clear_in
                0x0800f130       0x14 build/obj/usb_lld.o
                0x0800f130                usb_lld_clear_in
 *fill*         0x0800f144        0xc 
 .text.spi_lld_init
                0x0800f150       0x44 build/obj/spi_lld.o
                0x0800f150                spi_lld_init
 *fill*         0x0800f194        0xc 
 .text.VectorB4
                0x0800f1a0       0x9c build/obj/icu_lld.o
                0x0800f1a0                VectorB4
 *fill*         0x0800f23c        0x4 
 .text.icu_lld_init
                0x0800f240       0x18 build/obj/icu_lld.o
                0x0800f240                icu_lld_init
 *fill*         0x0800f258        0x8 
 .text.SysTick_Handler
                0x0800f260       0x1c build/obj/st_lld.o
                0x0800f260                SysTick_Handler
 *fill*         0x0800f27c        0x4 
 .text.st_lld_init
                0x0800f280       0x1c build/obj/st_lld.o
                0x0800f280                st_lld_init
 *fill*         0x0800f29c        0x4 
 .text.notify1  0x0800f2a0       0x10 build/obj/serial_lld.o
 .text.VectorD4
                0x0800f2b0      0x11c build/obj/serial_lld.o
                0x0800f2b0                VectorD4
 *fill*         0x0800f3cc        0x4 
 .text.sd_lld_init
                0x0800f3d0       0x20 build/obj/serial_lld.o
                0x0800f3d0                sd_lld_init
 .text.sd_lld_start
                0x0800f3f0       0x98 build/obj/serial_lld.o
                0x0800f3f0                sd_lld_start
 *fill*         0x0800f488        0x8 
 .text.Vector15C
                0x0800f490       0x7c build/obj/uart_lld.o
                0x0800f490                Vector15C
 *fill*         0x0800f50c        0x4 
 .text.uart_lld_init
                0x0800f510       0x28 build/obj/uart_lld.o
                0x0800f510                uart_lld_init
 *fill*         0x0800f538        0x8 
 .text.__early_init
                0x0800f540        0x4 build/obj/board.o
                0x0800f540                __early_init
 *fill*         0x0800f544        0xc 
 .text.boardInit
                0x0800f550        0x4 build/obj/board.o
                0x0800f550                boardInit
 *fill*         0x0800f554        0xc 
 .text.ch_ltoa  0x0800f560       0x44 build/obj/chprintf.o
 *fill*         0x0800f5a4        0xc 
 .text.chvprintf
                0x0800f5b0      0x4f0 build/obj/chprintf.o
                0x0800f5b0                chvprintf
 .text.hw_init_gpio
                0x0800faa0      0x144 build/obj/hw_oroca.o
                0x0800faa0                hw_init_gpio
 *fill*         0x0800fbe4        0xc 
 .text.hw_setup_adc_channels
                0x0800fbf0       0xa8 build/obj/hw_oroca.o
                0x0800fbf0                hw_setup_adc_channels
 *fill*         0x0800fc98        0x8 
 .text.conf_general_init
                0x0800fca0       0x54 build/obj/conf_general.o
                0x0800fca0                conf_general_init
 *fill*         0x0800fcf4        0xc 
 .text.conf_general_get_default_mc_configuration
                0x0800fd00       0xa8 build/obj/conf_general.o
                0x0800fd00                conf_general_get_default_mc_configuration
 *fill*         0x0800fda8        0x8 
 .text.conf_general_read_mc_configuration
                0x0800fdb0       0x44 build/obj/conf_general.o
                0x0800fdb0                conf_general_read_mc_configuration
 *fill*         0x0800fdf4        0xc 
 .text.timer_thread
                0x0800fe00      0x230 build/obj/mc_pwm.o
 .text.mcpwm_adc_dma_int_handler
                0x08010030      0x318 build/obj/mc_pwm.o
                0x08010030                mcpwm_adc_dma_int_handler
 *fill*         0x08010348        0x8 
 .text.mcpwm_init
                0x08010350      0x3f0 build/obj/mc_pwm.o
                0x08010350                mcpwm_init
 .text.update_timer_Duty
                0x08010740       0x4c build/obj/mc_pwm.o
                0x08010740                update_timer_Duty
 *fill*         0x0801078c        0x4 
 .text.sample_send_thread
                0x08010790       0x1c build/obj/mc_interface.o
 *fill*         0x080107ac        0x4 
 .text.mc_interface_init
                0x080107b0      0x118 build/obj/mc_interface.o
                0x080107b0                mc_interface_init
 *fill*         0x080108c8        0x8 
 .text.CalcPI   0x080108d0       0x60 build/obj/mc_control.o
                0x080108d0                CalcPI
 .text.CurrentControl
                0x08010930       0x84 build/obj/mc_control.o
                0x08010930                CurrentControl
 *fill*         0x080109b4        0xc 
 .text.SpeedControl
                0x080109c0       0x24 build/obj/mc_control.o
                0x080109c0                SpeedControl
 *fill*         0x080109e4        0xc 
 .text.SetupControlParameters
                0x080109f0       0xd0 build/obj/mc_control.o
                0x080109f0                SetupControlParameters
 .text.CalcTimes
                0x08010ac0       0x7c build/obj/mc_control.o
                0x08010ac0                CalcTimes
 *fill*         0x08010b3c        0x4 
 .text.CalcSVGen
                0x08010b40      0x104 build/obj/mc_control.o
                0x08010b40                CalcSVGen
 *fill*         0x08010c44        0xc 
 .text.do_dc_cal
                0x08010c50       0x70 build/obj/mc_sensor.o
                0x08010c50                do_dc_cal
 .text.encoder_init_abi
                0x08010cc0       0xb4 build/obj/mc_encoder.o
                0x08010cc0                encoder_init_abi
 *fill*         0x08010d74        0xc 
 .text.encoder_init_as5047p_spi
                0x08010d80       0x98 build/obj/mc_encoder.o
                0x08010d80                encoder_init_as5047p_spi
 *fill*         0x08010e18        0x8 
 .text.encoder_reset
                0x08010e20       0x80 build/obj/mc_encoder.o
                0x08010e20                encoder_reset
 .text.encoder_PLLThetaEstimation
                0x08010ea0       0xe8 build/obj/mc_encoder.o
                0x08010ea0                encoder_PLLThetaEstimation
 *fill*         0x08010f88        0x8 
 .text.encoder_tim_isr
                0x08010f90      0x208 build/obj/mc_encoder.o
                0x08010f90                encoder_tim_isr
 *fill*         0x08011198        0x8 
 .text.ledpwm_init
                0x080111a0       0x5c build/obj/ledpwm.o
                0x080111a0                ledpwm_init
 *fill*         0x080111fc        0x4 
 .text.EE_VerifyPageFullWriteVariable
                0x08011200       0x7c build/obj/eeprom.o
 *fill*         0x0801127c        0x4 
 .text.EE_EraseSectorIfNotEmpty.constprop.1
                0x08011280       0x30 build/obj/eeprom.o
 .text.EE_Format
                0x080112b0       0x2c build/obj/eeprom.o
 *fill*         0x080112dc        0x4 
 .text.EE_ReadVariable
                0x080112e0       0x70 build/obj/eeprom.o
                0x080112e0                EE_ReadVariable
 .text.EE_Init  0x08011350      0x148 build/obj/eeprom.o
                0x08011350                EE_Init
 *fill*         0x08011498        0x8 
 .text.flash_helper_get_sector_address
                0x080114a0       0x2c build/obj/flash_helper.o
                0x080114a0                flash_helper_get_sector_address
 *fill*         0x080114cc        0x4 
 .text.Vector88
                0x080114d0       0x18 build/obj/irq_handlers.o
                0x080114d0                Vector88
 *fill*         0x080114e8        0x8 
 .text.VectorE0
                0x080114f0       0x20 build/obj/irq_handlers.o
                0x080114f0                VectorE0
 .text.VectorB8
                0x08011510       0x24 build/obj/irq_handlers.o
                0x08011510                VectorB8
 *fill*         0x08011534        0xc 
 .text.VectorF8
                0x08011540       0x20 build/obj/irq_handlers.o
                0x08011540                VectorF8
 .text.utils_middle_of_3_int
                0x08011560       0x34 build/obj/utils.o
                0x08011560                utils_middle_of_3_int
 *fill*         0x08011594        0xc 
 .text.utils_sys_lock_cnt
                0x080115a0       0x18 build/obj/utils.o
                0x080115a0                utils_sys_lock_cnt
 *fill*         0x080115b8        0x8 
 .text.utils_sys_unlock_cnt
                0x080115c0       0x1c build/obj/utils.o
                0x080115c0                utils_sys_unlock_cnt
 *fill*         0x080115dc        0x4 
 .text.timeout_thread
                0x080115e0       0x6c build/obj/timeout.o
 *fill*         0x0801164c        0x4 
 .text.timeout_configure
                0x08011650        0xc build/obj/timeout.o
                0x08011650                timeout_configure
 *fill*         0x0801165c        0x4 
 .text.timeout_init
                0x08011660       0x40 build/obj/timeout.o
                0x08011660                timeout_init
 .text.chprintf
                0x080116a0       0x1c build/obj/usart1_print.o
 *fill*         0x080116bc        0x4 
 .text.Usart1_print_init
                0x080116c0       0x34 build/obj/usart1_print.o
                0x080116c0                Usart1_print_init
 *fill*         0x080116f4        0xc 
 .text.Usart1_printf
                0x08011700       0x14 build/obj/usart1_print.o
                0x08011700                Usart1_printf
 *fill*         0x08011714        0xc 
 .text.timer_thread
                0x08011720       0x1c build/obj/main.o
 *fill*         0x0801173c        0x4 
 .text.periodic_thread
                0x08011740       0x48 build/obj/main.o
 *fill*         0x08011788        0x8 
 .text.startup.main
                0x08011790       0x94 build/obj/main.o
                0x08011790                main
 *fill*         0x08011824        0xc 
 .text.ADC_Init
                0x08011830       0x50 build/obj/stm32f4xx_adc.o
                0x08011830                ADC_Init
 .text.ADC_CommonInit
                0x08011880       0x28 build/obj/stm32f4xx_adc.o
                0x08011880                ADC_CommonInit
 *fill*         0x080118a8        0x8 
 .text.ADC_Cmd  0x080118b0       0x14 build/obj/stm32f4xx_adc.o
                0x080118b0                ADC_Cmd
 *fill*         0x080118c4        0xc 
 .text.ADC_RegularChannelConfig
                0x080118d0       0x94 build/obj/stm32f4xx_adc.o
                0x080118d0                ADC_RegularChannelConfig
 *fill*         0x08011964        0xc 
 .text.ADC_MultiModeDMARequestAfterLastTransferCmd
                0x08011970       0x1c build/obj/stm32f4xx_adc.o
                0x08011970                ADC_MultiModeDMARequestAfterLastTransferCmd
 *fill*         0x0801198c        0x4 
 .text.ADC_ClearITPendingBit
                0x08011990        0x8 build/obj/stm32f4xx_adc.o
                0x08011990                ADC_ClearITPendingBit
 *fill*         0x08011998        0x8 
 .text.DMA_Init
                0x080119a0       0x58 build/obj/stm32f4xx_dma.o
                0x080119a0                DMA_Init
 *fill*         0x080119f8        0x8 
 .text.DMA_Cmd  0x08011a00       0x14 build/obj/stm32f4xx_dma.o
                0x08011a00                DMA_Cmd
 *fill*         0x08011a14        0xc 
 .text.DMA_ITConfig
                0x08011a20       0x40 build/obj/stm32f4xx_dma.o
                0x08011a20                DMA_ITConfig
 .text.EXTI_Init
                0x08011a60       0x7c build/obj/stm32f4xx_exti.o
                0x08011a60                EXTI_Init
 *fill*         0x08011adc        0x4 
 .text.EXTI_GetITStatus
                0x08011ae0       0x14 build/obj/stm32f4xx_exti.o
                0x08011ae0                EXTI_GetITStatus
 *fill*         0x08011af4        0xc 
 .text.EXTI_ClearITPendingBit
                0x08011b00        0xc build/obj/stm32f4xx_exti.o
                0x08011b00                EXTI_ClearITPendingBit
 *fill*         0x08011b0c        0x4 
 .text.FLASH_Unlock
                0x08011b10       0x20 build/obj/stm32f4xx_flash.o
                0x08011b10                FLASH_Unlock
 .text.FLASH_ClearFlag
                0x08011b30        0xc build/obj/stm32f4xx_flash.o
                0x08011b30                FLASH_ClearFlag
 *fill*         0x08011b3c        0x4 
 .text.FLASH_GetStatus
                0x08011b40       0x40 build/obj/stm32f4xx_flash.o
                0x08011b40                FLASH_GetStatus
 .text.FLASH_WaitForLastOperation
                0x08011b80       0x28 build/obj/stm32f4xx_flash.o
                0x08011b80                FLASH_WaitForLastOperation
 *fill*         0x08011ba8        0x8 
 .text.FLASH_EraseSector
                0x08011bb0       0x74 build/obj/stm32f4xx_flash.o
                0x08011bb0                FLASH_EraseSector
 *fill*         0x08011c24        0xc 
 .text.FLASH_ProgramHalfWord
                0x08011c30       0x40 build/obj/stm32f4xx_flash.o
                0x08011c30                FLASH_ProgramHalfWord
 .text.RCC_AHB1PeriphClockCmd
                0x08011c70       0x1c build/obj/stm32f4xx_rcc.o
                0x08011c70                RCC_AHB1PeriphClockCmd
 *fill*         0x08011c8c        0x4 
 .text.RCC_APB1PeriphClockCmd
                0x08011c90       0x1c build/obj/stm32f4xx_rcc.o
                0x08011c90                RCC_APB1PeriphClockCmd
 *fill*         0x08011cac        0x4 
 .text.RCC_APB2PeriphClockCmd
                0x08011cb0       0x1c build/obj/stm32f4xx_rcc.o
                0x08011cb0                RCC_APB2PeriphClockCmd
 *fill*         0x08011ccc        0x4 
 .text.RCC_APB1PeriphResetCmd
                0x08011cd0       0x1c build/obj/stm32f4xx_rcc.o
                0x08011cd0                RCC_APB1PeriphResetCmd
 *fill*         0x08011cec        0x4 
 .text.RCC_APB2PeriphResetCmd
                0x08011cf0       0x1c build/obj/stm32f4xx_rcc.o
                0x08011cf0                RCC_APB2PeriphResetCmd
 *fill*         0x08011d0c        0x4 
 .text.SYSCFG_EXTILineConfig
                0x08011d10       0x30 build/obj/stm32f4xx_syscfg.o
                0x08011d10                SYSCFG_EXTILineConfig
 .text.TIM_DeInit
                0x08011d40      0x1b8 build/obj/stm32f4xx_tim.o
                0x08011d40                TIM_DeInit
 *fill*         0x08011ef8        0x8 
 .text.TIM_TimeBaseInit
                0x08011f00       0x98 build/obj/stm32f4xx_tim.o
                0x08011f00                TIM_TimeBaseInit
 *fill*         0x08011f98        0x8 
 .text.TIM_SetAutoreload
                0x08011fa0        0x4 build/obj/stm32f4xx_tim.o
                0x08011fa0                TIM_SetAutoreload
 *fill*         0x08011fa4        0xc 
 .text.TIM_ARRPreloadConfig
                0x08011fb0       0x18 build/obj/stm32f4xx_tim.o
                0x08011fb0                TIM_ARRPreloadConfig
 *fill*         0x08011fc8        0x8 
 .text.TIM_Cmd  0x08011fd0       0x18 build/obj/stm32f4xx_tim.o
                0x08011fd0                TIM_Cmd
 *fill*         0x08011fe8        0x8 
 .text.TIM_OC1Init
                0x08011ff0       0x74 build/obj/stm32f4xx_tim.o
                0x08011ff0                TIM_OC1Init
 *fill*         0x08012064        0xc 
 .text.TIM_OC2Init
                0x08012070       0x80 build/obj/stm32f4xx_tim.o
                0x08012070                TIM_OC2Init
 .text.TIM_OC3Init
                0x080120f0       0x84 build/obj/stm32f4xx_tim.o
                0x080120f0                TIM_OC3Init
 *fill*         0x08012174        0xc 
 .text.TIM_OC4Init
                0x08012180       0x68 build/obj/stm32f4xx_tim.o
                0x08012180                TIM_OC4Init
 *fill*         0x080121e8        0x8 
 .text.TIM_OC1PreloadConfig
                0x080121f0       0x10 build/obj/stm32f4xx_tim.o
                0x080121f0                TIM_OC1PreloadConfig
 .text.TIM_OC2PreloadConfig
                0x08012200       0x14 build/obj/stm32f4xx_tim.o
                0x08012200                TIM_OC2PreloadConfig
 *fill*         0x08012214        0xc 
 .text.TIM_OC3PreloadConfig
                0x08012220       0x10 build/obj/stm32f4xx_tim.o
                0x08012220                TIM_OC3PreloadConfig
 .text.TIM_OC4PreloadConfig
                0x08012230       0x14 build/obj/stm32f4xx_tim.o
                0x08012230                TIM_OC4PreloadConfig
 *fill*         0x08012244        0xc 
 .text.TIM_BDTRConfig
                0x08012250       0x28 build/obj/stm32f4xx_tim.o
                0x08012250                TIM_BDTRConfig
 *fill*         0x08012278        0x8 
 .text.TIM_CtrlPWMOutputs
                0x08012280       0x14 build/obj/stm32f4xx_tim.o
                0x08012280                TIM_CtrlPWMOutputs
 *fill*         0x08012294        0xc 
 .text.TIM_CCPreloadControl
                0x080122a0       0x18 build/obj/stm32f4xx_tim.o
                0x080122a0                TIM_CCPreloadControl
 *fill*         0x080122b8        0x8 
 .text.TIM_GetITStatus
                0x080122c0       0x14 build/obj/stm32f4xx_tim.o
                0x080122c0                TIM_GetITStatus
 *fill*         0x080122d4        0xc 
 .text.TIM_ClearITPendingBit
                0x080122e0        0x8 build/obj/stm32f4xx_tim.o
                0x080122e0                TIM_ClearITPendingBit
 *fill*         0x080122e8        0x8 
 .text.TIM_DMACmd
                0x080122f0       0x18 build/obj/stm32f4xx_tim.o
                0x080122f0                TIM_DMACmd
 *fill*         0x08012308        0x8 
 .text.TIM_ITConfig
                0x08012310        0x4 build/obj/stm32f4xx_tim.o
                0x08012310                TIM_ITConfig
 *fill*         0x08012314        0xc 
 .text.TIM_SelectInputTrigger
                0x08012320       0x10 build/obj/stm32f4xx_tim.o
                0x08012320                TIM_SelectInputTrigger
 .text.TIM_SelectOutputTrigger
                0x08012330       0x14 build/obj/stm32f4xx_tim.o
                0x08012330                TIM_SelectOutputTrigger
 *fill*         0x08012344        0xc 
 .text.TIM_SelectSlaveMode
                0x08012350       0x14 build/obj/stm32f4xx_tim.o
                0x08012350                TIM_SelectSlaveMode
 *fill*         0x08012364        0xc 
 .text.TIM_SelectMasterSlaveMode
                0x08012370       0x14 build/obj/stm32f4xx_tim.o
                0x08012370                TIM_SelectMasterSlaveMode
 *fill*         0x08012384        0xc 
 .text.TIM_EncoderInterfaceConfig
                0x08012390       0x38 build/obj/stm32f4xx_tim.o
                0x08012390                TIM_EncoderInterfaceConfig
 *fill*         0x080123c8        0x8 
 .text.WWDG_SetPrescaler
                0x080123d0       0x14 build/obj/stm32f4xx_wwdg.o
                0x080123d0                WWDG_SetPrescaler
 *fill*         0x080123e4        0xc 
 .text.WWDG_SetWindowValue
                0x080123f0       0x28 build/obj/stm32f4xx_wwdg.o
                0x080123f0                WWDG_SetWindowValue
 *fill*         0x08012418        0x8 
 .text.WWDG_SetCounter
                0x08012420       0x10 build/obj/stm32f4xx_wwdg.o
                0x08012420                WWDG_SetCounter
 .text.WWDG_Enable
                0x08012430       0x10 build/obj/stm32f4xx_wwdg.o
                0x08012430                WWDG_Enable
 .text.cosf     0x08012440       0x90 c:/program files (x86)/gnu tools arm embedded/5.4 2016q3/bin/../lib/gcc/arm-none-eabi/5.4.1/../../../../arm-none-eabi/lib/armv7e-m/fpu\libm.a(lib_a-sf_cos.o)
                0x08012440                cosf
 .text.roundf   0x080124d0       0x60 c:/program files (x86)/gnu tools arm embedded/5.4 2016q3/bin/../lib/gcc/arm-none-eabi/5.4.1/../../../../arm-none-eabi/lib/armv7e-m/fpu\libm.a(lib_a-sf_round.o)
                0x080124d0                roundf
 .text.sinf     0x08012530       0x94 c:/program files (x86)/gnu tools arm embedded/5.4 2016q3/bin/../lib/gcc/arm-none-eabi/5.4.1/../../../../arm-none-eabi/lib/armv7e-m/fpu\libm.a(lib_a-sf_sin.o)
                0x08012530                sinf
 *fill*         0x080125c4        0xc 
 .text.fmodf    0x080125d0       0xc0 c:/program files (x86)/gnu tools arm embedded/5.4 2016q3/bin/../lib/gcc/arm-none-eabi/5.4.1/../../../../arm-none-eabi/lib/armv7e-m/fpu\libm.a(lib_a-wf_fmod.o)
                0x080125d0                fmodf
 .text.logf     0x08012690       0xf8 c:/program files (x86)/gnu tools arm embedded/5.4 2016q3/bin/../lib/gcc/arm-none-eabi/5.4.1/../../../../arm-none-eabi/lib/armv7e-m/fpu\libm.a(lib_a-wf_log.o)
                0x08012690                logf
 *fill*         0x08012788        0x8 
 .text.powf     0x08012790      0x328 c:/program files (x86)/gnu tools arm embedded/5.4 2016q3/bin/../lib/gcc/arm-none-eabi/5.4.1/../../../../arm-none-eabi/lib/armv7e-m/fpu\libm.a(lib_a-wf_pow.o)
                0x08012790                powf
 *fill*         0x08012ab8        0x8 
 .text.sqrtf    0x08012ac0       0xac c:/program files (x86)/gnu tools arm embedded/5.4 2016q3/bin/../lib/gcc/arm-none-eabi/5.4.1/../../../../arm-none-eabi/lib/armv7e-m/fpu\libm.a(lib_a-wf_sqrt.o)
                0x08012ac0                sqrtf
 *fill*         0x08012b6c        0x4 
 .text.__ieee754_fmodf
                0x08012b70      0x11c c:/program files (x86)/gnu tools arm embedded/5.4 2016q3/bin/../lib/gcc/arm-none-eabi/5.4.1/../../../../arm-none-eabi/lib/armv7e-m/fpu\libm.a(lib_a-ef_fmod.o)
                0x08012b70                __ieee754_fmodf
 *fill*         0x08012c8c        0x4 
 .text.__ieee754_logf
                0x08012c90      0x218 c:/program files (x86)/gnu tools arm embedded/5.4 2016q3/bin/../lib/gcc/arm-none-eabi/5.4.1/../../../../arm-none-eabi/lib/armv7e-m/fpu\libm.a(lib_a-ef_log.o)
                0x08012c90                __ieee754_logf
 *fill*         0x08012ea8        0x8 
 .text.__ieee754_powf
                0x08012eb0      0x5fc c:/program files (x86)/gnu tools arm embedded/5.4 2016q3/bin/../lib/gcc/arm-none-eabi/5.4.1/../../../../arm-none-eabi/lib/armv7e-m/fpu\libm.a(lib_a-ef_pow.o)
                0x08012eb0                __ieee754_powf
 *fill*         0x080134ac        0x4 
 .text.__ieee754_rem_pio2f
                0x080134b0      0x298 c:/program files (x86)/gnu tools arm embedded/5.4 2016q3/bin/../lib/gcc/arm-none-eabi/5.4.1/../../../../arm-none-eabi/lib/armv7e-m/fpu\libm.a(lib_a-ef_rem_pio2.o)
                0x080134b0                __ieee754_rem_pio2f
 *fill*         0x08013748        0x8 
 .text.__ieee754_sqrtf
                0x08013750       0xa4 c:/program files (x86)/gnu tools arm embedded/5.4 2016q3/bin/../lib/gcc/arm-none-eabi/5.4.1/../../../../arm-none-eabi/lib/armv7e-m/fpu\libm.a(lib_a-ef_sqrt.o)
                0x08013750                __ieee754_sqrtf
 *fill*         0x080137f4        0xc 
 .text.__kernel_cosf
                0x08013800      0x104 c:/program files (x86)/gnu tools arm embedded/5.4 2016q3/bin/../lib/gcc/arm-none-eabi/5.4.1/../../../../arm-none-eabi/lib/armv7e-m/fpu\libm.a(lib_a-kf_cos.o)
                0x08013800                __kernel_cosf
 *fill*         0x08013904        0xc 
 .text.__kernel_rem_pio2f
                0x08013910      0x630 c:/program files (x86)/gnu tools arm embedded/5.4 2016q3/bin/../lib/gcc/arm-none-eabi/5.4.1/../../../../arm-none-eabi/lib/armv7e-m/fpu\libm.a(lib_a-kf_rem_pio2.o)
                0x08013910                __kernel_rem_pio2f
 .text.__kernel_sinf
                0x08013f40       0x90 c:/program files (x86)/gnu tools arm embedded/5.4 2016q3/bin/../lib/gcc/arm-none-eabi/5.4.1/../../../../arm-none-eabi/lib/armv7e-m/fpu\libm.a(lib_a-kf_sin.o)
                0x08013f40                __kernel_sinf
 .text.matherr  0x08013fd0        0x4 c:/program files (x86)/gnu tools arm embedded/5.4 2016q3/bin/../lib/gcc/arm-none-eabi/5.4.1/../../../../arm-none-eabi/lib/armv7e-m/fpu\libm.a(lib_a-s_matherr.o)
                0x08013fd0                matherr
 *fill*         0x08013fd4        0xc 
 .text.nan      0x08013fe0       0x10 c:/program files (x86)/gnu tools arm embedded/5.4 2016q3/bin/../lib/gcc/arm-none-eabi/5.4.1/../../../../arm-none-eabi/lib/armv7e-m/fpu\libm.a(lib_a-s_nan.o)
                0x08013fe0                nan
 .text.rint     0x08013ff0      0x128 c:/program files (x86)/gnu tools arm embedded/5.4 2016q3/bin/../lib/gcc/arm-none-eabi/5.4.1/../../../../arm-none-eabi/lib/armv7e-m/fpu\libm.a(lib_a-s_rint.o)
                0x08013ff0                rint
 *fill*         0x08014118        0x8 
 .text.fabsf    0x08014120       0x10 c:/program files (x86)/gnu tools arm embedded/5.4 2016q3/bin/../lib/gcc/arm-none-eabi/5.4.1/../../../../arm-none-eabi/lib/armv7e-m/fpu\libm.a(lib_a-sf_fabs.o)
                0x08014120                fabsf
 .text.finitef  0x08014130       0x14 c:/program files (x86)/gnu tools arm embedded/5.4 2016q3/bin/../lib/gcc/arm-none-eabi/5.4.1/../../../../arm-none-eabi/lib/armv7e-m/fpu\libm.a(lib_a-sf_finite.o)
                0x08014130                finitef
 *fill*         0x08014144        0xc 
 .text.floorf   0x08014150       0x90 c:/program files (x86)/gnu tools arm embedded/5.4 2016q3/bin/../lib/gcc/arm-none-eabi/5.4.1/../../../../arm-none-eabi/lib/armv7e-m/fpu\libm.a(lib_a-sf_floor.o)
                0x08014150                floorf
 .text.nanf     0x080141e0        0xc c:/program files (x86)/gnu tools arm embedded/5.4 2016q3/bin/../lib/gcc/arm-none-eabi/5.4.1/../../../../arm-none-eabi/lib/armv7e-m/fpu\libm.a(lib_a-sf_nan.o)
                0x080141e0                nanf
 *fill*         0x080141ec        0x4 
 .text.scalbnf  0x080141f0       0xd0 c:/program files (x86)/gnu tools arm embedded/5.4 2016q3/bin/../lib/gcc/arm-none-eabi/5.4.1/../../../../arm-none-eabi/lib/armv7e-m/fpu\libm.a(lib_a-sf_scalbn.o)
                0x080141f0                scalbnf
 .text.copysignf
                0x080142c0       0x18 c:/program files (x86)/gnu tools arm embedded/5.4 2016q3/bin/../lib/gcc/arm-none-eabi/5.4.1/../../../../arm-none-eabi/lib/armv7e-m/fpu\libm.a(lib_a-sf_copysign.o)
                0x080142c0                copysignf
 *fill*         0x080142d8        0x8 
 .text.__errno  0x080142e0        0xc c:/program files (x86)/gnu tools arm embedded/5.4 2016q3/bin/../lib/gcc/arm-none-eabi/5.4.1/../../../../arm-none-eabi/lib/armv7e-m/fpu\libg.a(lib_a-errno.o)
                0x080142e0                __errno
 *fill*         0x080142ec        0x4 
 .text.memset   0x080142f0       0x9c c:/program files (x86)/gnu tools arm embedded/5.4 2016q3/bin/../lib/gcc/arm-none-eabi/5.4.1/../../../../arm-none-eabi/lib/armv7e-m/fpu\libg.a(lib_a-memset.o)
                0x080142f0                memset
 *(.rodata)
 *(.rodata.*)
 *fill*         0x0801438c        0x4 
 .rodata.str1.4
                0x08014390        0x5 build/obj/chsys.o
 *fill*         0x08014395        0xb 
 .rodata.ch_debug
                0x080143a0       0x16 build/obj/chregistry.o
                0x080143a0                ch_debug
 *fill*         0x080143b6        0xa 
 .rodata.vmt    0x080143c0       0x20 build/obj/serial.o
 .rodata.zero_status
                0x080143e0        0x2 build/obj/usb.o
 *fill*         0x080143e2        0xe 
 .rodata.active_status
                0x080143f0        0x2 build/obj/usb.o
 *fill*         0x080143f2        0xe 
 .rodata.halted_status
                0x08014400        0x2 build/obj/usb.o
 *fill*         0x08014402        0xe 
 .rodata._stm32_dma_streams
                0x08014410       0xc0 build/obj/stm32_dma.o
                0x08014410                _stm32_dma_streams
 .rodata.fsparams
                0x080144d0        0xc build/obj/usb_lld.o
 *fill*         0x080144dc        0x4 
 .rodata.ep0config
                0x080144e0       0x24 build/obj/usb_lld.o
 *fill*         0x08014504        0xc 
 .rodata.default_config
                0x08014510        0xc build/obj/serial_lld.o
 *fill*         0x0801451c        0x4 
 .rodata.pal_default_config
                0x08014520       0xfc build/obj/board.o
                0x08014520                pal_default_config
 *fill*         0x0801461c        0x4 
 .rodata.str1.4
                0x08014620        0x7 build/obj/chprintf.o
 *fill*         0x08014627        0x9 
 .rodata.pow10  0x08014630       0x24 build/obj/chprintf.o
 *fill*         0x08014654        0xc 
 .rodata.str1.4
                0x08014660       0x3c build/obj/mc_pwm.o
 *fill*         0x0801469c        0x4 
 .rodata.str1.4
                0x080146a0        0xd build/obj/mc_interface.o
 *fill*         0x080146ad        0x3 
 .rodata.flash_sector
                0x080146b0       0x18 build/obj/flash_helper.o
 *fill*         0x080146c8        0x8 
 .rodata.flash_addr
                0x080146d0       0x30 build/obj/flash_helper.o
 .rodata.str1.4
                0x08014700        0x8 build/obj/timeout.o
 *fill*         0x08014708        0x8 
 .rodata.str1.4
                0x08014710       0x35 build/obj/main.o
 *fill*         0x08014745        0xb 
 .rodata.str1.4
                0x08014750        0x6 c:/program files (x86)/gnu tools arm embedded/5.4 2016q3/bin/../lib/gcc/arm-none-eabi/5.4.1/../../../../arm-none-eabi/lib/armv7e-m/fpu\libm.a(lib_a-wf_fmod.o)
 *fill*         0x08014756        0xa 
 .rodata.str1.4
                0x08014760        0x5 c:/program files (x86)/gnu tools arm embedded/5.4 2016q3/bin/../lib/gcc/arm-none-eabi/5.4.1/../../../../arm-none-eabi/lib/armv7e-m/fpu\libm.a(lib_a-wf_log.o)
                                  0x9 (size before relaxing)
 *fill*         0x08014765        0xb 
 .rodata.str1.4
                0x08014770        0x5 c:/program files (x86)/gnu tools arm embedded/5.4 2016q3/bin/../lib/gcc/arm-none-eabi/5.4.1/../../../../arm-none-eabi/lib/armv7e-m/fpu\libm.a(lib_a-wf_pow.o)
 *fill*         0x08014775        0xb 
 .rodata.str1.4
                0x08014780        0x8 c:/program files (x86)/gnu tools arm embedded/5.4 2016q3/bin/../lib/gcc/arm-none-eabi/5.4.1/../../../../arm-none-eabi/lib/armv7e-m/fpu\libm.a(lib_a-wf_sqrt.o)
                                  0x6 (size before relaxing)
 *fill*         0x08014788        0x8 
 .rodata.Zero   0x08014790        0x8 c:/program files (x86)/gnu tools arm embedded/5.4 2016q3/bin/../lib/gcc/arm-none-eabi/5.4.1/../../../../arm-none-eabi/lib/armv7e-m/fpu\libm.a(lib_a-ef_fmod.o)
 .rodata.str1.4
                0x08014798        0x1 c:/program files (x86)/gnu tools arm embedded/5.4 2016q3/bin/../lib/gcc/arm-none-eabi/5.4.1/../../../../arm-none-eabi/lib/armv7e-m/fpu\libm.a(lib_a-ef_pow.o)
 *fill*         0x08014798        0x8 
 .rodata.npio2_hw
                0x080147a0       0x80 c:/program files (x86)/gnu tools arm embedded/5.4 2016q3/bin/../lib/gcc/arm-none-eabi/5.4.1/../../../../arm-none-eabi/lib/armv7e-m/fpu\libm.a(lib_a-ef_rem_pio2.o)
 .rodata.two_over_pi
                0x08014820      0x318 c:/program files (x86)/gnu tools arm embedded/5.4 2016q3/bin/../lib/gcc/arm-none-eabi/5.4.1/../../../../arm-none-eabi/lib/armv7e-m/fpu\libm.a(lib_a-ef_rem_pio2.o)
 *fill*         0x08014b38        0x8 
 .rodata.init_jk
                0x08014b40        0xc c:/program files (x86)/gnu tools arm embedded/5.4 2016q3/bin/../lib/gcc/arm-none-eabi/5.4.1/../../../../arm-none-eabi/lib/armv7e-m/fpu\libm.a(lib_a-kf_rem_pio2.o)
 *fill*         0x08014b4c        0x4 
 .rodata.PIo2   0x08014b50       0x2c c:/program files (x86)/gnu tools arm embedded/5.4 2016q3/bin/../lib/gcc/arm-none-eabi/5.4.1/../../../../arm-none-eabi/lib/armv7e-m/fpu\libm.a(lib_a-kf_rem_pio2.o)
 *fill*         0x08014b7c        0x4 
 .rodata.TWO52  0x08014b80       0x10 c:/program files (x86)/gnu tools arm embedded/5.4 2016q3/bin/../lib/gcc/arm-none-eabi/5.4.1/../../../../arm-none-eabi/lib/armv7e-m/fpu\libm.a(lib_a-s_rint.o)
 *(.glue_7t)
 .glue_7t       0x08014b90        0x0 linker stubs
 *(.glue_7)
 .glue_7        0x08014b90        0x0 linker stubs
 *(.gcc*)

.vfp11_veneer   0x08014b90        0x0
 .vfp11_veneer  0x08014b90        0x0 linker stubs

.v4_bx          0x08014b90        0x0
 .v4_bx         0x08014b90        0x0 linker stubs

.iplt           0x08014b90        0x0
 .iplt          0x08014b90        0x0 build/obj/crt0_v7m.o

.rel.dyn        0x08014b90        0x0
 .rel.iplt      0x08014b90        0x0 build/obj/crt0_v7m.o

.ARM.extab
 *(.ARM.extab* .gnu.linkonce.armextab.*)

.ARM.exidx      0x08014b90        0x0
                [!provide]                PROVIDE (__exidx_start, .)
 *(.ARM.exidx* .gnu.linkonce.armexidx.*)
                [!provide]                PROVIDE (__exidx_end, .)

.eh_frame_hdr
 *(.eh_frame_hdr)

.eh_frame
 *(.eh_frame)

.textalign      0x08014b90        0x0
                0x08014b90                . = ALIGN (0x8)
                0x08014b90                . = ALIGN (0x4)
                0x08014b90                _etext = .
                0x08014b90                _textdata = _etext

.mstack         0x20000000      0x400
                0x20000000                . = ALIGN (0x8)
                0x20000000                __main_stack_base__ = .
                0x20000400                . = (. + __main_stack_size__)
 *fill*         0x20000000      0x400 
                0x20000400                . = ALIGN (0x8)
                0x20000400                __main_stack_end__ = .

.pstack         0x20000400      0x400
                0x20000400                __process_stack_base__ = .
                0x20000400                __main_thread_stack_base__ = .
                0x20000800                . = (. + __process_stack_size__)
 *fill*         0x20000400      0x400 
                0x20000800                . = ALIGN (0x8)
                0x20000800                __process_stack_end__ = .
                0x20000800                __main_thread_stack_end__ = .

.data           0x20000800      0x444 load address 0x08014b90
                0x20000800                . = ALIGN (0x4)
                0x20000800                PROVIDE (_data, .)
 *(.data)
 *(.data.*)
 .data.enc_counts
                0x20000800        0x4 build/obj/mc_encoder.o
 .data.sdcfg    0x20000804        0xc build/obj/usart1_print.o
 .data.__fdlib_version
                0x20000810        0x1 c:/program files (x86)/gnu tools arm embedded/5.4 2016q3/bin/../lib/gcc/arm-none-eabi/5.4.1/../../../../arm-none-eabi/lib/armv7e-m/fpu\libm.a(lib_a-s_lib_ver.o)
                0x20000810                __fdlib_version
 *fill*         0x20000811        0x7 
 .data.impure_data
                0x20000818      0x428 c:/program files (x86)/gnu tools arm embedded/5.4 2016q3/bin/../lib/gcc/arm-none-eabi/5.4.1/../../../../arm-none-eabi/lib/armv7e-m/fpu\libg.a(lib_a-impure.o)
 .data._impure_ptr
                0x20000c40        0x4 c:/program files (x86)/gnu tools arm embedded/5.4 2016q3/bin/../lib/gcc/arm-none-eabi/5.4.1/../../../../arm-none-eabi/lib/armv7e-m/fpu\libg.a(lib_a-impure.o)
                0x20000c40                _impure_ptr
 *(.ramtext)
                0x20000c44                . = ALIGN (0x4)
                0x20000c44                PROVIDE (_edata, .)

.igot.plt       0x20000c44        0x0 load address 0x08014fd4
 .igot.plt      0x20000c44        0x0 build/obj/crt0_v7m.o

.bss            0x20000c48     0x1f40 load address 0x08014fd4
                0x20000c48                . = ALIGN (0x4)
                0x20000c48                PROVIDE (_bss_start, .)
 *(.bss)
 *(.bss.*)
 .bss.ch        0x20000c48      0x258 build/obj/chschd.o
                0x20000c48                ch
 .bss.endmem    0x20000ea0        0x4 build/obj/chmemcore.o
 .bss.nextmem   0x20000ea4        0x4 build/obj/chmemcore.o
 .bss.default_heap
                0x20000ea8       0x20 build/obj/chheap.o
 .bss.dma_isr_redir
                0x20000ec8       0x80 build/obj/stm32_dma.o
 .bss.dma_streams_mask
                0x20000f48        0x4 build/obj/stm32_dma.o
 .bss.CAND1     0x20000f4c       0x30 build/obj/can_lld.o
                0x20000f4c                CAND1
 .bss.I2CD2     0x20000f7c       0x38 build/obj/i2c_lld.o
                0x20000f7c                I2CD2
 *fill*         0x20000fb4        0x4 
 .bss.USBD1     0x20000fb8      0x280 build/obj/usb_lld.o
                0x20000fb8                USBD1
 .bss.ep0_state
                0x20001238       0x14 build/obj/usb_lld.o
 .bss.ep0setup_buffer
                0x2000124c        0x8 build/obj/usb_lld.o
 .bss.dummytx   0x20001254        0x2 build/obj/spi_lld.o
 *fill*         0x20001256        0x2 
 .bss.SPID1     0x20001258       0x30 build/obj/spi_lld.o
                0x20001258                SPID1
 .bss.ICUD3     0x20001288       0x18 build/obj/icu_lld.o
                0x20001288                ICUD3
 .bss.SD1       0x200012a0       0x78 build/obj/serial_lld.o
                0x200012a0                SD1
 .bss.UARTD6    0x20001318       0x1c build/obj/uart_lld.o
                0x20001318                UARTD6
 .bss.ADC_Value
                0x20001334       0x18 build/obj/hw_oroca.o
                0x20001334                ADC_Value
 .bss.VirtAddVarTab
                0x2000134c      0x140 build/obj/conf_general.o
                0x2000134c                VirtAddVarTab
 .bss.control_mode
                0x2000148c        0x1 build/obj/mc_pwm.o
 *fill*         0x2000148d        0x3 
 .bss.timer_thread_wa
                0x20001490      0x598 build/obj/mc_pwm.o
 .bss.MCCtrlCnt
                0x20001a28        0x4 build/obj/mc_pwm.o
                0x20001a28                MCCtrlCnt
 .bss.m_sample_int
                0x20001a2c        0x4 build/obj/mc_interface.o
 .bss.m_input_current_iterations
                0x20001a30        0x4 build/obj/mc_interface.o
 .bss.m_start_comm
                0x20001a34        0x4 build/obj/mc_interface.o
 .bss.m_position_set
                0x20001a38        0x4 build/obj/mc_interface.o
 .bss.m_lock_override_once
                0x20001a3c        0x1 build/obj/mc_interface.o
 *fill*         0x20001a3d        0x3 
 .bss.m_motor_current_iterations
                0x20001a40        0x4 build/obj/mc_interface.o
 .bss.m_last_adc_duration_sample
                0x20001a44        0x4 build/obj/mc_interface.o
 .bss.m_amp_seconds_charged
                0x20001a48        0x4 build/obj/mc_interface.o
 .bss.m_input_current_sum
                0x20001a4c        0x4 build/obj/mc_interface.o
 .bss.m_sample_len
                0x20001a50        0x4 build/obj/mc_interface.o
 .bss.m_conf    0x20001a54       0xd4 build/obj/mc_interface.o
 .bss.m_fault_now
                0x20001b28        0x1 build/obj/mc_interface.o
 *fill*         0x20001b29        0x3 
 .bss.m_cycles_running
                0x20001b2c        0x4 build/obj/mc_interface.o
 .bss.m_sample_ready
                0x20001b30        0x4 build/obj/mc_interface.o
 .bss.m_motor_current_sum
                0x20001b34        0x4 build/obj/mc_interface.o
 .bss.m_watt_seconds_charged
                0x20001b38        0x4 build/obj/mc_interface.o
 .bss.m_amp_seconds
                0x20001b3c        0x4 build/obj/mc_interface.o
 .bss.sample_send_thread_wa
                0x20001b40      0x598 build/obj/mc_interface.o
 .bss.m_sample_now
                0x200020d8        0x4 build/obj/mc_interface.o
 .bss.m_lock_enabled
                0x200020dc        0x1 build/obj/mc_interface.o
 *fill*         0x200020dd        0x3 
 .bss.m_watt_seconds
                0x200020e0        0x4 build/obj/mc_interface.o
 .bss.m_sample_at_start
                0x200020e4        0x4 build/obj/mc_interface.o
 .bss.qVdSquared
                0x200020e8        0x4 build/obj/mc_control.o
                0x200020e8                qVdSquared
 .bss.PIParmQ   0x200020ec       0x24 build/obj/mc_control.o
                0x200020ec                PIParmQ
 .bss.PIParmW   0x20002110       0x24 build/obj/mc_control.o
                0x20002110                PIParmW
 .bss.SVGenParm
                0x20002134       0x20 build/obj/mc_control.o
                0x20002134                SVGenParm
 .bss.PIParmPLL
                0x20002154       0x24 build/obj/mc_control.o
                0x20002154                PIParmPLL
 .bss.ParkParm  0x20002178       0x40 build/obj/mc_control.o
                0x20002178                ParkParm
 .bss.PIParmD   0x200021b8       0x24 build/obj/mc_control.o
                0x200021b8                PIParmD
 .bss.CtrlParm  0x200021dc       0x10 build/obj/mc_control.o
                0x200021dc                CtrlParm
 .bss.McCtrlBits
                0x200021ec        0x2 build/obj/mc_control.o
                0x200021ec                McCtrlBits
 *fill*         0x200021ee        0x2 
 .bss.MeasSensorValue
                0x200021f0        0xc build/obj/mc_sensor.o
                0x200021f0                MeasSensorValue
 .bss.MeasCurrParm
                0x200021fc       0x20 build/obj/mc_sensor.o
                0x200021fc                MeasCurrParm
 .bss.cap1_cnt  0x2000221c        0x2 build/obj/mc_encoder.o
                0x2000221c                cap1_cnt
 .bss.cap1_f    0x2000221e        0x2 build/obj/mc_encoder.o
                0x2000221e                cap1_f
 .bss.EncMode   0x20002220        0x1 build/obj/mc_encoder.o
                0x20002220                EncMode
 *fill*         0x20002221        0x3 
 .bss.bad_pulses.10133
                0x20002224        0x4 build/obj/mc_encoder.o
 .bss.smc1      0x20002228       0xa0 build/obj/mc_encoder.o
                0x20002228                smc1
 .bss.cap1_r_new
                0x200022c8        0x2 build/obj/mc_encoder.o
                0x200022c8                cap1_r_new
 .bss.pul1_width
                0x200022ca        0x2 build/obj/mc_encoder.o
                0x200022ca                pul1_width
 .bss.index_found
                0x200022cc        0x1 build/obj/mc_encoder.o
 *fill*         0x200022cd        0x1 
 .bss.pul1_period
                0x200022ce        0x2 build/obj/mc_encoder.o
                0x200022ce                pul1_period
 .bss.cap1_r_old
                0x200022d0        0x2 build/obj/mc_encoder.o
                0x200022d0                cap1_r_old
 *fill*         0x200022d2        0x2 
 .bss.led_values
                0x200022d4        0x8 build/obj/ledpwm.o
 .bss.gamma_table
                0x200022dc       0xc9 build/obj/ledpwm.o
 *fill*         0x200023a5        0x1 
 .bss.DataVar   0x200023a6        0x2 build/obj/eeprom.o
                0x200023a6                DataVar
 .bss.sys_lock_cnt
                0x200023a8        0x4 build/obj/utils.o
 *fill*         0x200023ac        0x4 
 .bss.timeout_thread_wa
                0x200023b0      0x398 build/obj/timeout.o
 .bss.last_update_time
                0x20002748        0x4 build/obj/timeout.o
 .bss.has_timeout
                0x2000274c        0x1 build/obj/timeout.o
 *fill*         0x2000274d        0x3 
 .bss.timeout_msec
                0x20002750        0x4 build/obj/timeout.o
 *fill*         0x20002754        0x4 
 .bss.timer_thread_wa
                0x20002758      0x218 build/obj/main.o
 .bss.periodic_thread_wa
                0x20002970      0x218 build/obj/main.o
 *(COMMON)
                0x20002b88                . = ALIGN (0x4)
                0x20002b88                PROVIDE (_bss_end, .)
                [!provide]                PROVIDE (end, .)

.ram0           0x20002b88        0x0 load address 0x08014fd4
                0x20002b88                . = ALIGN (0x4)
 *(.ram0)
 *(.ram0.*)
                0x20002b88                . = ALIGN (0x4)
                0x20002b88                __ram0_free__ = .

.ram1           0x20000000        0x0
                0x20000000                . = ALIGN (0x4)
 *(.ram1)
 *(.ram1.*)
                0x20000000                . = ALIGN (0x4)
                0x20000000                __ram1_free__ = .

.ram2           0x2001c000        0x0
                0x2001c000                . = ALIGN (0x4)
 *(.ram2)
 *(.ram2.*)
                0x2001c000                . = ALIGN (0x4)
                0x2001c000                __ram2_free__ = .

.ram3           0x00000000        0x0
                0x00000000                . = ALIGN (0x4)
 *(.ram3)
 *(.ram3.*)
                0x00000000                . = ALIGN (0x4)
                0x00000000                __ram3_free__ = .

.ram4           0x10000000        0x0
                0x10000000                . = ALIGN (0x4)
 *(.ram4)
 *(.ram4.*)
                0x10000000                . = ALIGN (0x4)
                0x10000000                __ram4_free__ = .

.ram5           0x40024000        0x0
                0x40024000                . = ALIGN (0x4)
 *(.ram5)
 *(.ram5.*)
                0x40024000                . = ALIGN (0x4)
                0x40024000                __ram5_free__ = .

.ram6           0x00000000        0x0
                0x00000000                . = ALIGN (0x4)
 *(.ram6)
 *(.ram6.*)
                0x00000000                . = ALIGN (0x4)
                0x00000000                __ram6_free__ = .

.ram7           0x00000000        0x0
                0x00000000                . = ALIGN (0x4)
 *(.ram7)
 *(.ram7.*)
                0x00000000                . = ALIGN (0x4)
                0x00000000                __ram7_free__ = .
                0x20002b88                __heap_base__ = __ram0_free__
                0x20020000                __heap_end__ = __ram0_end__
                0x00000400                __process_stack_size__ = 0x400
                0x00000400                __main_stack_size__ = 0x400
LOAD c:/program files (x86)/gnu tools arm embedded/5.4 2016q3/bin/../lib/gcc/arm-none-eabi/5.4.1/../../../../arm-none-eabi/lib/armv7e-m/fpu\libstdc++.a
LOAD c:/program files (x86)/gnu tools arm embedded/5.4 2016q3/bin/../lib/gcc/arm-none-eabi/5.4.1/../../../../arm-none-eabi/lib/armv7e-m/fpu\libm.a
START GROUP
LOAD c:/program files (x86)/gnu tools arm embedded/5.4 2016q3/bin/../lib/gcc/arm-none-eabi/5.4.1/armv7e-m/fpu\libgcc.a
LOAD c:/program files (x86)/gnu tools arm embedded/5.4 2016q3/bin/../lib/gcc/arm-none-eabi/5.4.1/../../../../arm-none-eabi/lib/armv7e-m/fpu\libg.a
LOAD c:/program files (x86)/gnu tools arm embedded/5.4 2016q3/bin/../lib/gcc/arm-none-eabi/5.4.1/../../../../arm-none-eabi/lib/armv7e-m/fpu\libc.a
END GROUP
OUTPUT(build/oroca_bldc.elf elf32-littlearm)

.ARM.attributes
                0x00000000       0x35
 .ARM.attributes
                0x00000000       0x25 build/obj/crt0_v7m.o
 .ARM.attributes
                0x00000025       0x25 build/obj/chcoreasm_v7m.o
 .ARM.attributes
                0x0000004a       0x39 build/obj/crt1.o
 .ARM.attributes
                0x00000083       0x39 build/obj/vectors.o
 .ARM.attributes
                0x000000bc       0x39 build/obj/chsys.o
 .ARM.attributes
                0x000000f5       0x39 build/obj/chvt.o
 .ARM.attributes
                0x0000012e       0x39 build/obj/chschd.o
 .ARM.attributes
                0x00000167       0x39 build/obj/chthreads.o
 .ARM.attributes
                0x000001a0       0x39 build/obj/chtm.o
 .ARM.attributes
                0x000001d9       0x39 build/obj/chregistry.o
 .ARM.attributes
                0x00000212       0x39 build/obj/chmtx.o
 .ARM.attributes
                0x0000024b       0x39 build/obj/chevents.o
 .ARM.attributes
                0x00000284       0x39 build/obj/chqueues.o
 .ARM.attributes
                0x000002bd       0x39 build/obj/chmemcore.o
 .ARM.attributes
                0x000002f6       0x39 build/obj/chheap.o
 .ARM.attributes
                0x0000032f       0x39 build/obj/chcore_v7m.o
 .ARM.attributes
                0x00000368       0x39 build/obj/hal.o
 .ARM.attributes
                0x000003a1       0x39 build/obj/can.o
 .ARM.attributes
                0x000003da       0x39 build/obj/i2c.o
 .ARM.attributes
                0x00000413       0x39 build/obj/icu.o
 .ARM.attributes
                0x0000044c       0x39 build/obj/serial.o
 .ARM.attributes
                0x00000485       0x39 build/obj/serial_usb.o
 .ARM.attributes
                0x000004be       0x39 build/obj/spi.o
 .ARM.attributes
                0x000004f7       0x39 build/obj/st.o
 .ARM.attributes
                0x00000530       0x39 build/obj/uart.o
 .ARM.attributes
                0x00000569       0x39 build/obj/usb.o
 .ARM.attributes
                0x000005a2       0x39 build/obj/nvic.o
 .ARM.attributes
                0x000005db       0x39 build/obj/stm32_dma.o
 .ARM.attributes
                0x00000614       0x39 build/obj/hal_lld.o
 .ARM.attributes
                0x0000064d       0x39 build/obj/can_lld.o
 .ARM.attributes
                0x00000686       0x39 build/obj/pal_lld.o
 .ARM.attributes
                0x000006bf       0x39 build/obj/i2c_lld.o
 .ARM.attributes
                0x000006f8       0x39 build/obj/usb_lld.o
 .ARM.attributes
                0x00000731       0x39 build/obj/spi_lld.o
 .ARM.attributes
                0x0000076a       0x39 build/obj/icu_lld.o
 .ARM.attributes
                0x000007a3       0x39 build/obj/st_lld.o
 .ARM.attributes
                0x000007dc       0x39 build/obj/serial_lld.o
 .ARM.attributes
                0x00000815       0x39 build/obj/uart_lld.o
 .ARM.attributes
                0x0000084e       0x39 build/obj/board.o
 .ARM.attributes
                0x00000887       0x39 build/obj/chprintf.o
 .ARM.attributes
                0x000008c0       0x39 build/obj/hw_oroca.o
 .ARM.attributes
                0x000008f9       0x39 build/obj/conf_general.o
 .ARM.attributes
                0x00000932       0x39 build/obj/mc_pwm.o
 .ARM.attributes
                0x0000096b       0x39 build/obj/mc_interface.o
 .ARM.attributes
                0x000009a4       0x39 build/obj/mc_control.o
 .ARM.attributes
                0x000009dd       0x39 build/obj/mc_sensor.o
 .ARM.attributes
                0x00000a16       0x39 build/obj/mc_encoder.o
 .ARM.attributes
                0x00000a4f       0x39 build/obj/ledpwm.o
 .ARM.attributes
                0x00000a88       0x39 build/obj/eeprom.o
 .ARM.attributes
                0x00000ac1       0x39 build/obj/flash_helper.o
 .ARM.attributes
                0x00000afa       0x39 build/obj/irq_handlers.o
 .ARM.attributes
                0x00000b33       0x39 build/obj/utils.o
 .ARM.attributes
                0x00000b6c       0x39 build/obj/timeout.o
 .ARM.attributes
                0x00000ba5       0x39 build/obj/usart1_print.o
 .ARM.attributes
                0x00000bde       0x39 build/obj/main.o
 .ARM.attributes
                0x00000c17       0x39 build/obj/stm32f4xx_adc.o
 .ARM.attributes
                0x00000c50       0x39 build/obj/stm32f4xx_dma.o
 .ARM.attributes
                0x00000c89       0x39 build/obj/stm32f4xx_exti.o
 .ARM.attributes
                0x00000cc2       0x39 build/obj/stm32f4xx_flash.o
 .ARM.attributes
                0x00000cfb       0x39 build/obj/stm32f4xx_rcc.o
 .ARM.attributes
                0x00000d34       0x39 build/obj/stm32f4xx_syscfg.o
 .ARM.attributes
                0x00000d6d       0x39 build/obj/stm32f4xx_tim.o
 .ARM.attributes
                0x00000da6       0x39 build/obj/stm32f4xx_wwdg.o
 .ARM.attributes
                0x00000ddf       0x34 c:/program files (x86)/gnu tools arm embedded/5.4 2016q3/bin/../lib/gcc/arm-none-eabi/5.4.1/../../../../arm-none-eabi/lib/armv7e-m/fpu\libm.a(lib_a-sf_cos.o)
 .ARM.attributes
                0x00000e13       0x34 c:/program files (x86)/gnu tools arm embedded/5.4 2016q3/bin/../lib/gcc/arm-none-eabi/5.4.1/../../../../arm-none-eabi/lib/armv7e-m/fpu\libm.a(lib_a-sf_round.o)
 .ARM.attributes
                0x00000e47       0x34 c:/program files (x86)/gnu tools arm embedded/5.4 2016q3/bin/../lib/gcc/arm-none-eabi/5.4.1/../../../../arm-none-eabi/lib/armv7e-m/fpu\libm.a(lib_a-sf_sin.o)
 .ARM.attributes
                0x00000e7b       0x34 c:/program files (x86)/gnu tools arm embedded/5.4 2016q3/bin/../lib/gcc/arm-none-eabi/5.4.1/../../../../arm-none-eabi/lib/armv7e-m/fpu\libm.a(lib_a-wf_fmod.o)
 .ARM.attributes
                0x00000eaf       0x34 c:/program files (x86)/gnu tools arm embedded/5.4 2016q3/bin/../lib/gcc/arm-none-eabi/5.4.1/../../../../arm-none-eabi/lib/armv7e-m/fpu\libm.a(lib_a-wf_log.o)
 .ARM.attributes
                0x00000ee3       0x34 c:/program files (x86)/gnu tools arm embedded/5.4 2016q3/bin/../lib/gcc/arm-none-eabi/5.4.1/../../../../arm-none-eabi/lib/armv7e-m/fpu\libm.a(lib_a-wf_pow.o)
 .ARM.attributes
                0x00000f17       0x34 c:/program files (x86)/gnu tools arm embedded/5.4 2016q3/bin/../lib/gcc/arm-none-eabi/5.4.1/../../../../arm-none-eabi/lib/armv7e-m/fpu\libm.a(lib_a-wf_sqrt.o)
 .ARM.attributes
                0x00000f4b       0x34 c:/program files (x86)/gnu tools arm embedded/5.4 2016q3/bin/../lib/gcc/arm-none-eabi/5.4.1/../../../../arm-none-eabi/lib/armv7e-m/fpu\libm.a(lib_a-ef_fmod.o)
 .ARM.attributes
                0x00000f7f       0x34 c:/program files (x86)/gnu tools arm embedded/5.4 2016q3/bin/../lib/gcc/arm-none-eabi/5.4.1/../../../../arm-none-eabi/lib/armv7e-m/fpu\libm.a(lib_a-ef_log.o)
 .ARM.attributes
                0x00000fb3       0x34 c:/program files (x86)/gnu tools arm embedded/5.4 2016q3/bin/../lib/gcc/arm-none-eabi/5.4.1/../../../../arm-none-eabi/lib/armv7e-m/fpu\libm.a(lib_a-ef_pow.o)
 .ARM.attributes
                0x00000fe7       0x34 c:/program files (x86)/gnu tools arm embedded/5.4 2016q3/bin/../lib/gcc/arm-none-eabi/5.4.1/../../../../arm-none-eabi/lib/armv7e-m/fpu\libm.a(lib_a-ef_rem_pio2.o)
 .ARM.attributes
                0x0000101b       0x34 c:/program files (x86)/gnu tools arm embedded/5.4 2016q3/bin/../lib/gcc/arm-none-eabi/5.4.1/../../../../arm-none-eabi/lib/armv7e-m/fpu\libm.a(lib_a-ef_sqrt.o)
 .ARM.attributes
                0x0000104f       0x34 c:/program files (x86)/gnu tools arm embedded/5.4 2016q3/bin/../lib/gcc/arm-none-eabi/5.4.1/../../../../arm-none-eabi/lib/armv7e-m/fpu\libm.a(lib_a-kf_cos.o)
 .ARM.attributes
                0x00001083       0x34 c:/program files (x86)/gnu tools arm embedded/5.4 2016q3/bin/../lib/gcc/arm-none-eabi/5.4.1/../../../../arm-none-eabi/lib/armv7e-m/fpu\libm.a(lib_a-kf_rem_pio2.o)
 .ARM.attributes
                0x000010b7       0x34 c:/program files (x86)/gnu tools arm embedded/5.4 2016q3/bin/../lib/gcc/arm-none-eabi/5.4.1/../../../../arm-none-eabi/lib/armv7e-m/fpu\libm.a(lib_a-kf_sin.o)
 .ARM.attributes
                0x000010eb       0x34 c:/program files (x86)/gnu tools arm embedded/5.4 2016q3/bin/../lib/gcc/arm-none-eabi/5.4.1/../../../../arm-none-eabi/lib/armv7e-m/fpu\libm.a(lib_a-s_lib_ver.o)
 .ARM.attributes
                0x0000111f       0x34 c:/program files (x86)/gnu tools arm embedded/5.4 2016q3/bin/../lib/gcc/arm-none-eabi/5.4.1/../../../../arm-none-eabi/lib/armv7e-m/fpu\libm.a(lib_a-s_matherr.o)
 .ARM.attributes
                0x00001153       0x34 c:/program files (x86)/gnu tools arm embedded/5.4 2016q3/bin/../lib/gcc/arm-none-eabi/5.4.1/../../../../arm-none-eabi/lib/armv7e-m/fpu\libm.a(lib_a-s_nan.o)
 .ARM.attributes
                0x00001187       0x34 c:/program files (x86)/gnu tools arm embedded/5.4 2016q3/bin/../lib/gcc/arm-none-eabi/5.4.1/../../../../arm-none-eabi/lib/armv7e-m/fpu\libm.a(lib_a-s_rint.o)
 .ARM.attributes
                0x000011bb       0x34 c:/program files (x86)/gnu tools arm embedded/5.4 2016q3/bin/../lib/gcc/arm-none-eabi/5.4.1/../../../../arm-none-eabi/lib/armv7e-m/fpu\libm.a(lib_a-sf_fabs.o)
 .ARM.attributes
                0x000011ef       0x34 c:/program files (x86)/gnu tools arm embedded/5.4 2016q3/bin/../lib/gcc/arm-none-eabi/5.4.1/../../../../arm-none-eabi/lib/armv7e-m/fpu\libm.a(lib_a-sf_finite.o)
 .ARM.attributes
                0x00001223       0x34 c:/program files (x86)/gnu tools arm embedded/5.4 2016q3/bin/../lib/gcc/arm-none-eabi/5.4.1/../../../../arm-none-eabi/lib/armv7e-m/fpu\libm.a(lib_a-sf_floor.o)
 .ARM.attributes
                0x00001257       0x34 c:/program files (x86)/gnu tools arm embedded/5.4 2016q3/bin/../lib/gcc/arm-none-eabi/5.4.1/../../../../arm-none-eabi/lib/armv7e-m/fpu\libm.a(lib_a-sf_nan.o)
 .ARM.attributes
                0x0000128b       0x34 c:/program files (x86)/gnu tools arm embedded/5.4 2016q3/bin/../lib/gcc/arm-none-eabi/5.4.1/../../../../arm-none-eabi/lib/armv7e-m/fpu\libm.a(lib_a-sf_scalbn.o)
 .ARM.attributes
                0x000012bf       0x34 c:/program files (x86)/gnu tools arm embedded/5.4 2016q3/bin/../lib/gcc/arm-none-eabi/5.4.1/../../../../arm-none-eabi/lib/armv7e-m/fpu\libm.a(lib_a-sf_copysign.o)
 .ARM.attributes
                0x000012f3       0x22 c:/program files (x86)/gnu tools arm embedded/5.4 2016q3/bin/../lib/gcc/arm-none-eabi/5.4.1/armv7e-m/fpu\libgcc.a(_arm_addsubdf3.o)
 .ARM.attributes
                0x00001315       0x22 c:/program files (x86)/gnu tools arm embedded/5.4 2016q3/bin/../lib/gcc/arm-none-eabi/5.4.1/armv7e-m/fpu\libgcc.a(_arm_muldivdf3.o)
 .ARM.attributes
                0x00001337       0x22 c:/program files (x86)/gnu tools arm embedded/5.4 2016q3/bin/../lib/gcc/arm-none-eabi/5.4.1/armv7e-m/fpu\libgcc.a(_arm_cmpdf2.o)
 .ARM.attributes
                0x00001359       0x22 c:/program files (x86)/gnu tools arm embedded/5.4 2016q3/bin/../lib/gcc/arm-none-eabi/5.4.1/armv7e-m/fpu\libgcc.a(_arm_fixdfsi.o)
 .ARM.attributes
                0x0000137b       0x22 c:/program files (x86)/gnu tools arm embedded/5.4 2016q3/bin/../lib/gcc/arm-none-eabi/5.4.1/armv7e-m/fpu\libgcc.a(_arm_truncdfsf2.o)
 .ARM.attributes
                0x0000139d       0x34 c:/program files (x86)/gnu tools arm embedded/5.4 2016q3/bin/../lib/gcc/arm-none-eabi/5.4.1/../../../../arm-none-eabi/lib/armv7e-m/fpu\libg.a(lib_a-errno.o)
 .ARM.attributes
                0x000013d1       0x34 c:/program files (x86)/gnu tools arm embedded/5.4 2016q3/bin/../lib/gcc/arm-none-eabi/5.4.1/../../../../arm-none-eabi/lib/armv7e-m/fpu\libg.a(lib_a-impure.o)
 .ARM.attributes
                0x00001405       0x20 c:/program files (x86)/gnu tools arm embedded/5.4 2016q3/bin/../lib/gcc/arm-none-eabi/5.4.1/../../../../arm-none-eabi/lib/armv7e-m/fpu\libg.a(lib_a-memcpy.o)
 .ARM.attributes
                0x00001425       0x34 c:/program files (x86)/gnu tools arm embedded/5.4 2016q3/bin/../lib/gcc/arm-none-eabi/5.4.1/../../../../arm-none-eabi/lib/armv7e-m/fpu\libg.a(lib_a-memset.o)

.comment        0x00000000       0x6e
 .comment       0x00000000       0x6e build/obj/crt1.o
                                 0x6f (size before relaxing)
 .comment       0x0000006e       0x6f build/obj/vectors.o
 .comment       0x0000006e       0x6f build/obj/chsys.o
 .comment       0x0000006e       0x6f build/obj/chvt.o
 .comment       0x0000006e       0x6f build/obj/chschd.o
 .comment       0x0000006e       0x6f build/obj/chthreads.o
 .comment       0x0000006e       0x6f build/obj/chtm.o
 .comment       0x0000006e       0x6f build/obj/chregistry.o
 .comment       0x0000006e       0x6f build/obj/chmtx.o
 .comment       0x0000006e       0x6f build/obj/chevents.o
 .comment       0x0000006e       0x6f build/obj/chqueues.o
 .comment       0x0000006e       0x6f build/obj/chmemcore.o
 .comment       0x0000006e       0x6f build/obj/chheap.o
 .comment       0x0000006e       0x6f build/obj/chcore_v7m.o
 .comment       0x0000006e       0x6f build/obj/hal.o
 .comment       0x0000006e       0x6f build/obj/can.o
 .comment       0x0000006e       0x6f build/obj/i2c.o
 .comment       0x0000006e       0x6f build/obj/icu.o
 .comment       0x0000006e       0x6f build/obj/serial.o
 .comment       0x0000006e       0x6f build/obj/serial_usb.o
 .comment       0x0000006e       0x6f build/obj/spi.o
 .comment       0x0000006e       0x6f build/obj/st.o
 .comment       0x0000006e       0x6f build/obj/uart.o
 .comment       0x0000006e       0x6f build/obj/usb.o
 .comment       0x0000006e       0x6f build/obj/nvic.o
 .comment       0x0000006e       0x6f build/obj/stm32_dma.o
 .comment       0x0000006e       0x6f build/obj/hal_lld.o
 .comment       0x0000006e       0x6f build/obj/can_lld.o
 .comment       0x0000006e       0x6f build/obj/pal_lld.o
 .comment       0x0000006e       0x6f build/obj/i2c_lld.o
 .comment       0x0000006e       0x6f build/obj/usb_lld.o