Archive member included to satisfy reference by file (symbol)

c:/program files (x86)/gnu tools arm embedded/5.4 2016q3/bin/../lib/gcc/arm-none-eabi/5.4.1/../../../../arm-none-eabi/lib/armv7e-m/fpu\libm.a(lib_a-sf_cos.o)
                              build/obj/mcpwm.o (cosf)
c:/program files (x86)/gnu tools arm embedded/5.4 2016q3/bin/../lib/gcc/arm-none-eabi/5.4.1/../../../../arm-none-eabi/lib/armv7e-m/fpu\libm.a(lib_a-sf_sin.o)
                              build/obj/mcpwm.o (sinf)
c:/program files (x86)/gnu tools arm embedded/5.4 2016q3/bin/../lib/gcc/arm-none-eabi/5.4.1/../../../../arm-none-eabi/lib/armv7e-m/fpu\libm.a(lib_a-wf_fmod.o)
                              build/obj/utils.o (fmodf)
c:/program files (x86)/gnu tools arm embedded/5.4 2016q3/bin/../lib/gcc/arm-none-eabi/5.4.1/../../../../arm-none-eabi/lib/armv7e-m/fpu\libm.a(lib_a-wf_sqrt.o)
                              build/obj/mcpwm.o (sqrtf)
c:/program files (x86)/gnu tools arm embedded/5.4 2016q3/bin/../lib/gcc/arm-none-eabi/5.4.1/../../../../arm-none-eabi/lib/armv7e-m/fpu\libm.a(lib_a-ef_fmod.o)
                              c:/program files (x86)/gnu tools arm embedded/5.4 2016q3/bin/../lib/gcc/arm-none-eabi/5.4.1/../../../../arm-none-eabi/lib/armv7e-m/fpu\libm.a(lib_a-wf_fmod.o) (__ieee754_fmodf)
c:/program files (x86)/gnu tools arm embedded/5.4 2016q3/bin/../lib/gcc/arm-none-eabi/5.4.1/../../../../arm-none-eabi/lib/armv7e-m/fpu\libm.a(lib_a-ef_rem_pio2.o)
                              c:/program files (x86)/gnu tools arm embedded/5.4 2016q3/bin/../lib/gcc/arm-none-eabi/5.4.1/../../../../arm-none-eabi/lib/armv7e-m/fpu\libm.a(lib_a-sf_cos.o) (__ieee754_rem_pio2f)
c:/program files (x86)/gnu tools arm embedded/5.4 2016q3/bin/../lib/gcc/arm-none-eabi/5.4.1/../../../../arm-none-eabi/lib/armv7e-m/fpu\libm.a(lib_a-ef_sqrt.o)
                              c:/program files (x86)/gnu tools arm embedded/5.4 2016q3/bin/../lib/gcc/arm-none-eabi/5.4.1/../../../../arm-none-eabi/lib/armv7e-m/fpu\libm.a(lib_a-wf_sqrt.o) (__ieee754_sqrtf)
c:/program files (x86)/gnu tools arm embedded/5.4 2016q3/bin/../lib/gcc/arm-none-eabi/5.4.1/../../../../arm-none-eabi/lib/armv7e-m/fpu\libm.a(lib_a-kf_cos.o)
                              c:/program files (x86)/gnu tools arm embedded/5.4 2016q3/bin/../lib/gcc/arm-none-eabi/5.4.1/../../../../arm-none-eabi/lib/armv7e-m/fpu\libm.a(lib_a-sf_cos.o) (__kernel_cosf)
c:/program files (x86)/gnu tools arm embedded/5.4 2016q3/bin/../lib/gcc/arm-none-eabi/5.4.1/../../../../arm-none-eabi/lib/armv7e-m/fpu\libm.a(lib_a-kf_rem_pio2.o)
                              c:/program files (x86)/gnu tools arm embedded/5.4 2016q3/bin/../lib/gcc/arm-none-eabi/5.4.1/../../../../arm-none-eabi/lib/armv7e-m/fpu\libm.a(lib_a-ef_rem_pio2.o) (__kernel_rem_pio2f)
c:/program files (x86)/gnu tools arm embedded/5.4 2016q3/bin/../lib/gcc/arm-none-eabi/5.4.1/../../../../arm-none-eabi/lib/armv7e-m/fpu\libm.a(lib_a-kf_sin.o)
                              c:/program files (x86)/gnu tools arm embedded/5.4 2016q3/bin/../lib/gcc/arm-none-eabi/5.4.1/../../../../arm-none-eabi/lib/armv7e-m/fpu\libm.a(lib_a-sf_cos.o) (__kernel_sinf)
c:/program files (x86)/gnu tools arm embedded/5.4 2016q3/bin/../lib/gcc/arm-none-eabi/5.4.1/../../../../arm-none-eabi/lib/armv7e-m/fpu\libm.a(lib_a-s_lib_ver.o)
                              c:/program files (x86)/gnu tools arm embedded/5.4 2016q3/bin/../lib/gcc/arm-none-eabi/5.4.1/../../../../arm-none-eabi/lib/armv7e-m/fpu\libm.a(lib_a-wf_fmod.o) (__fdlib_version)
c:/program files (x86)/gnu tools arm embedded/5.4 2016q3/bin/../lib/gcc/arm-none-eabi/5.4.1/../../../../arm-none-eabi/lib/armv7e-m/fpu\libm.a(lib_a-s_matherr.o)
                              c:/program files (x86)/gnu tools arm embedded/5.4 2016q3/bin/../lib/gcc/arm-none-eabi/5.4.1/../../../../arm-none-eabi/lib/armv7e-m/fpu\libm.a(lib_a-wf_fmod.o) (matherr)
c:/program files (x86)/gnu tools arm embedded/5.4 2016q3/bin/../lib/gcc/arm-none-eabi/5.4.1/../../../../arm-none-eabi/lib/armv7e-m/fpu\libm.a(lib_a-sf_fabs.o)
                              c:/program files (x86)/gnu tools arm embedded/5.4 2016q3/bin/../lib/gcc/arm-none-eabi/5.4.1/../../../../arm-none-eabi/lib/armv7e-m/fpu\libm.a(lib_a-ef_rem_pio2.o) (fabsf)
c:/program files (x86)/gnu tools arm embedded/5.4 2016q3/bin/../lib/gcc/arm-none-eabi/5.4.1/../../../../arm-none-eabi/lib/armv7e-m/fpu\libm.a(lib_a-sf_floor.o)
                              c:/program files (x86)/gnu tools arm embedded/5.4 2016q3/bin/../lib/gcc/arm-none-eabi/5.4.1/../../../../arm-none-eabi/lib/armv7e-m/fpu\libm.a(lib_a-kf_rem_pio2.o) (floorf)
c:/program files (x86)/gnu tools arm embedded/5.4 2016q3/bin/../lib/gcc/arm-none-eabi/5.4.1/../../../../arm-none-eabi/lib/armv7e-m/fpu\libm.a(lib_a-sf_scalbn.o)
                              c:/program files (x86)/gnu tools arm embedded/5.4 2016q3/bin/../lib/gcc/arm-none-eabi/5.4.1/../../../../arm-none-eabi/lib/armv7e-m/fpu\libm.a(lib_a-kf_rem_pio2.o) (scalbnf)
[...]
Memory Configuration

Name             Origin             Length             Attributes
flash            0x08000000         0x00004000
flash2           0x0800c000         0x00078000
ram0             0x20000000         0x00020000
ram1             0x20000000         0x0001c000
ram2             0x2001c000         0x00004000
ram3             0x00000000         0x00000000
ram4             0x10000000         0x00010000
ram5             0x40024000         0x00001000
ram6             0x00000000         0x00000000
ram7             0x00000000         0x00000000
*default*        0x00000000         0xffffffff

Linker script and memory map

LOAD build/obj/crt0_v7m.o
LOAD build/obj/chcoreasm_v7m.o
LOAD build/obj/crt1.o
LOAD build/obj/vectors.o
LOAD build/obj/chsys.o
LOAD build/obj/chdebug.o
LOAD build/obj/chvt.o
LOAD build/obj/chschd.o
LOAD build/obj/chthreads.o
LOAD build/obj/chtm.o
LOAD build/obj/chstats.o
LOAD build/obj/chdynamic.o
LOAD build/obj/chregistry.o
LOAD build/obj/chsem.o
LOAD build/obj/chmtx.o
LOAD build/obj/chcond.o
LOAD build/obj/chevents.o
LOAD build/obj/chmsg.o
LOAD build/obj/chmboxes.o
LOAD build/obj/chqueues.o
LOAD build/obj/chmemcore.o
LOAD build/obj/chheap.o
LOAD build/obj/chmempools.o
LOAD build/obj/chcore.o
LOAD build/obj/chcore_v7m.o
LOAD build/obj/osal.o
LOAD build/obj/hal.o
LOAD build/obj/hal_queues.o
LOAD build/obj/hal_mmcsd.o
LOAD build/obj/adc.o
LOAD build/obj/can.o
LOAD build/obj/dac.o
LOAD build/obj/ext.o
LOAD build/obj/gpt.o
LOAD build/obj/i2c.o
LOAD build/obj/i2s.o
LOAD build/obj/icu.o
LOAD build/obj/mac.o
LOAD build/obj/mmc_spi.o
LOAD build/obj/pal.o
LOAD build/obj/pwm.o
LOAD build/obj/rtc.o
LOAD build/obj/sdc.o
LOAD build/obj/serial.o
LOAD build/obj/serial_usb.o
LOAD build/obj/spi.o
LOAD build/obj/st.o
LOAD build/obj/uart.o
LOAD build/obj/usb.o
LOAD build/obj/nvic.o
LOAD build/obj/stm32_dma.o
LOAD build/obj/hal_lld.o
LOAD build/obj/adc_lld.o
LOAD build/obj/ext_lld_isr.o
LOAD build/obj/can_lld.o
LOAD build/obj/ext_lld.o
LOAD build/obj/mac_lld.o
LOAD build/obj/sdc_lld.o
LOAD build/obj/dac_lld.o
LOAD build/obj/pal_lld.o
LOAD build/obj/i2c_lld.o
LOAD build/obj/usb_lld.o
LOAD build/obj/rtc_lld.o
LOAD build/obj/i2s_lld.o
LOAD build/obj/spi_lld.o
LOAD build/obj/gpt_lld.o
LOAD build/obj/icu_lld.o
LOAD build/obj/pwm_lld.o
LOAD build/obj/st_lld.o
LOAD build/obj/serial_lld.o
LOAD build/obj/uart_lld.o
LOAD build/obj/board.o
LOAD build/obj/syscalls.o
LOAD build/obj/memstreams.o
LOAD build/obj/chprintf.o
LOAD build/obj/hw_oroca.o
LOAD build/obj/bldc.o
LOAD build/obj/mcpwm.o
LOAD build/obj/spi_dac.o
LOAD build/obj/servo_dec.o
LOAD build/obj/uart3_print.o
LOAD build/obj/irq_handlers.o
LOAD build/obj/utils.o
LOAD build/obj/timeout.o
LOAD build/obj/comm_can.o
LOAD build/obj/buffer.o
LOAD build/obj/mavlink_proc.o
LOAD build/obj/app.o
LOAD build/obj/app_ppm.o
LOAD build/obj/misc.o
LOAD build/obj/stm32f4xx_adc.o
LOAD build/obj/stm32f4xx_dma.o
LOAD build/obj/stm32f4xx_exti.o
LOAD build/obj/stm32f4xx_flash.o
LOAD build/obj/stm32f4xx_rcc.o
LOAD build/obj/stm32f4xx_syscfg.o
LOAD build/obj/stm32f4xx_tim.o
LOAD build/obj/stm32f4xx_wwdg.o
LOAD build/obj/main.o
                0x20000000                __ram0_start__ = ORIGIN (ram0)
                0x00020000                __ram0_size__ = LENGTH (ram0)
                0x20020000                __ram0_end__ = (__ram0_start__ + __ram0_size__)
                0x20000000                __ram1_start__ = ORIGIN (ram1)
                0x0001c000                __ram1_size__ = LENGTH (ram1)
                0x2001c000                __ram1_end__ = (__ram1_start__ + __ram1_size__)
                0x2001c000                __ram2_start__ = ORIGIN (ram2)
                0x00004000                __ram2_size__ = LENGTH (ram2)
                0x20020000                __ram2_end__ = (__ram2_start__ + __ram2_size__)
                0x00000000                __ram3_start__ = ORIGIN (ram3)
                0x00000000                __ram3_size__ = LENGTH (ram3)
                0x00000000                __ram3_end__ = (__ram3_start__ + __ram3_size__)
                0x10000000                __ram4_start__ = ORIGIN (ram4)
                0x00010000                __ram4_size__ = LENGTH (ram4)
                0x10010000                __ram4_end__ = (__ram4_start__ + __ram4_size__)
                0x40024000                __ram5_start__ = ORIGIN (ram5)
                0x00001000                __ram5_size__ = LENGTH (ram5)
                0x40025000                __ram5_end__ = (__ram5_start__ + __ram5_size__)
                0x00000000                __ram6_start__ = ORIGIN (ram6)
                0x00000000                __ram6_size__ = LENGTH (ram6)
                0x00000000                __ram6_end__ = (__ram6_start__ + __ram6_size__)
                0x00000000                __ram7_start__ = ORIGIN (ram7)
                0x00000000                __ram7_size__ = LENGTH (ram7)
                0x00000000                __ram7_end__ = (__ram7_start__ + __ram7_size__)
                0x00000000                . = 0x0
                0x00000000                _text = .

startup         0x08000000      0x1c0
 *(.vectors)
 .vectors       0x08000000      0x1c0 build/obj/vectors.o
                0x08000000                _vectors

constructors    0x0800c000        0x0
                0x0800c000                PROVIDE (__init_array_start, .)
 *(SORT(.init_array.*))
 *(.init_array)
                0x0800c000                PROVIDE (__init_array_end, .)

destructors     0x0800c000        0x0
                0x0800c000                PROVIDE (__fini_array_start, .)
 *(.fini_array)
 *(SORT(.fini_array.*))
                0x0800c000                PROVIDE (__fini_array_end, .)

.text           0x0800c000     0x77ec
 *(.text)
 .text          0x0800c000      0x104 build/obj/crt0_v7m.o
                0x0800c000                Reset_Handler
 *fill*         0x0800c104        0xc 
 .text          0x0800c110       0x30 build/obj/chcoreasm_v7m.o
                0x0800c110                _port_switch
                0x0800c128                _port_thread_start
                0x0800c138                _port_switch_from_isr
                0x0800c13c                _port_exit_from_isr
 .text          0x0800c140      0x370 c:/program files (x86)/gnu tools arm embedded/5.4 2016q3/bin/../lib/gcc/arm-none-eabi/5.4.1/armv7e-m/fpu\libgcc.a(_arm_addsubdf3.o)
                0x0800c140                __aeabi_drsub
                0x0800c148                __aeabi_dsub
                0x0800c148                __subdf3
                0x0800c14c                __aeabi_dadd
                0x0800c14c                __adddf3
                0x0800c3c4                __floatunsidf
                0x0800c3c4                __aeabi_ui2d
                0x0800c3e4                __floatsidf
                0x0800c3e4                __aeabi_i2d
                0x0800c408                __aeabi_f2d
                0x0800c408                __extendsfdf2
                0x0800c444                __floatundidf
                0x0800c444                __aeabi_ul2d
                0x0800c454                __floatdidf
                0x0800c454                __aeabi_l2d
 .text          0x0800c4b0      0x424 c:/program files (x86)/gnu tools arm embedded/5.4 2016q3/bin/../lib/gcc/arm-none-eabi/5.4.1/armv7e-m/fpu\libgcc.a(_arm_muldivdf3.o)
                0x0800c4b0                __aeabi_dmul
                0x0800c4b0                __muldf3
                0x0800c704                __divdf3
                0x0800c704                __aeabi_ddiv
 *fill*         0x0800c8d4        0xc 
 .text          0x0800c8e0       0x50 c:/program files (x86)/gnu tools arm embedded/5.4 2016q3/bin/../lib/gcc/arm-none-eabi/5.4.1/armv7e-m/fpu\libgcc.a(_arm_fixdfsi.o)
                0x0800c8e0                __aeabi_d2iz
                0x0800c8e0                __fixdfsi
 .text          0x0800c930       0xa0 c:/program files (x86)/gnu tools arm embedded/5.4 2016q3/bin/../lib/gcc/arm-none-eabi/5.4.1/armv7e-m/fpu\libgcc.a(_arm_truncdfsf2.o)
                0x0800c930                __truncdfsf2
                0x0800c930                __aeabi_d2f
 .text          0x0800c9d0      0x134 c:/program files (x86)/gnu tools arm embedded/5.4 2016q3/bin/../lib/gcc/arm-none-eabi/5.4.1/../../../../arm-none-eabi/lib/armv7e-m/fpu\libg.a(lib_a-memcpy.o)
                0x0800c9d0                memcpy
 *(.text.*)
 *fill*         0x0800cb04        0xc 
 .text.__core_init
                0x0800cb10        0x4 build/obj/crt1.o
                0x0800cb10                __core_init
 *fill*         0x0800cb14        0xc 
 .text.__late_init
                0x0800cb20        0x4 build/obj/crt1.o
                0x0800cb20                __late_init
 *fill*         0x0800cb24        0xc 
 .text.__default_exit
                0x0800cb30        0x4 build/obj/crt1.o
                0x0800cb30                __default_exit
 *fill*         0x0800cb34        0xc 
 .text._unhandled_exception
                0x0800cb40        0x4 build/obj/vectors.o
                0x0800cb40                Vector58
                0x0800cb40                Vector9C
                0x0800cb40                VectorE8
                0x0800cb40                VectorAC
                0x0800cb40                DebugMon_Handler
                0x0800cb40                Vector1A0
                0x0800cb40                Vector5C
                0x0800cb40                HardFault_Handler
                0x0800cb40                Vector1B8
                0x0800cb40                Vector19C
                0x0800cb40                PendSV_Handler
                0x0800cb40                Vector168
                0x0800cb40                NMI_Handler
                0x0800cb40                Vector110
                0x0800cb40                VectorA8
                0x0800cb40                VectorB4
                0x0800cb40                Vector160
                0x0800cb40                Vector1B0
                0x0800cb40                UsageFault_Handler
                0x0800cb40                VectorEC
                0x0800cb40                Vector40
                0x0800cb40                VectorF8
                0x0800cb40                VectorBC
                0x0800cb40                Vector190
                0x0800cb40                Vector148
                0x0800cb40                Vector188
                0x0800cb40                Vector198
                0x0800cb40                Vector118
                0x0800cb40                Vector64
                0x0800cb40                VectorCC
                0x0800cb40                Vector54
                0x0800cb40                VectorD8
                0x0800cb40                Vector138
                0x0800cb40                Vector24
                0x0800cb40                Vector1AC
                0x0800cb40                Vector178
                0x0800cb40                Vector1A4
                0x0800cb40                VectorD0
                0x0800cb40                Vector1B4
                0x0800cb40                Vector140
                0x0800cb40                VectorE4
                0x0800cb40                VectorC0
                0x0800cb40                Vector134
                0x0800cb40                VectorF0
                0x0800cb40                Vector13C
                0x0800cb40                Vector100
                0x0800cb40                VectorF4
                0x0800cb40                MemManage_Handler
                0x0800cb40                VectorA0
                0x0800cb40                Vector180
                0x0800cb40                VectorB0
                0x0800cb40                Vector114
                0x0800cb40                Vector60
                0x0800cb40                Vector164
                0x0800cb40                Vector1C
                0x0800cb40                Vector1BC
                0x0800cb40                Vector17C
                0x0800cb40                Vector48
                0x0800cb40                Vector1A8
                0x0800cb40                Vector16C
                0x0800cb40                VectorD4
                0x0800cb40                Vector4C
                0x0800cb40                Vector144
                0x0800cb40                Vector15C
                0x0800cb40                Vector68
                0x0800cb40                _unhandled_exception
                0x0800cb40                Vector170
                0x0800cb40                Vector88
                0x0800cb40                Vector104
                0x0800cb40                Vector184
                0x0800cb40                Vector10C
                0x0800cb40                BusFault_Handler
                0x0800cb40                Vector50
                0x0800cb40                Vector194
                0x0800cb40                Vector44
                0x0800cb40                Vector28
                0x0800cb40                Vector34
                0x0800cb40                VectorA4
                0x0800cb40                Vector20
                0x0800cb40                Vector18C
                0x0800cb40                Vector174
 *fill*         0x0800cb44        0xc 
 .text._idle_thread
                0x0800cb50        0x4 build/obj/chsys.o
 *fill*         0x0800cb54        0xc 
 .text.chSysInit
                0x0800cb60       0xa4 build/obj/chsys.o
                0x0800cb60                chSysInit
 *fill*         0x0800cc04        0xc 
 .text.chSysTimerHandlerI
                0x0800cc10       0x58 build/obj/chsys.o
                0x0800cc10                chSysTimerHandlerI
 *fill*         0x0800cc68        0x8 
 .text.chSysPolledDelayX
                0x0800cc70       0x14 build/obj/chsys.o
                0x0800cc70                chSysPolledDelayX
 *fill*         0x0800cc84        0xc 
 .text._vt_init
                0x0800cc90       0x1c build/obj/chvt.o
                0x0800cc90                _vt_init
 *fill*         0x0800ccac        0x4 
 .text.chVTDoSetI
                0x0800ccb0       0x3c build/obj/chvt.o
                0x0800ccb0                chVTDoSetI
 *fill*         0x0800ccec        0x4 
 .text.chVTDoResetI
                0x0800ccf0       0x28 build/obj/chvt.o
                0x0800ccf0                chVTDoResetI
 *fill*         0x0800cd18        0x8 
 .text.wakeup   0x0800cd20       0x70 build/obj/chschd.o
 .text._scheduler_init
                0x0800cd90       0x14 build/obj/chschd.o
                0x0800cd90                _scheduler_init
 *fill*         0x0800cda4        0xc 
 .text.chSchReadyI
                0x0800cdb0       0x2c build/obj/chschd.o
                0x0800cdb0                chSchReadyI
 *fill*         0x0800cddc        0x4 
 .text.chSchGoSleepS
                0x0800cde0       0x28 build/obj/chschd.o
                0x0800cde0                chSchGoSleepS
 *fill*         0x0800ce08        0x8 
 .text.chSchGoSleepTimeoutS
                0x0800ce10       0x44 build/obj/chschd.o
                0x0800ce10                chSchGoSleepTimeoutS
 *fill*         0x0800ce54        0xc 
 .text.chSchWakeupS
                0x0800ce60       0x58 build/obj/chschd.o
                0x0800ce60                chSchWakeupS
 *fill*         0x0800ceb8        0x8 
 .text.chSchIsPreemptionRequired
                0x0800cec0       0x28 build/obj/chschd.o
                0x0800cec0                chSchIsPreemptionRequired
 *fill*         0x0800cee8        0x8 
 .text.chSchDoRescheduleBehind
                0x0800cef0       0x40 build/obj/chschd.o
                0x0800cef0                chSchDoRescheduleBehind
 .text.chSchDoRescheduleAhead
                0x0800cf30       0x3c build/obj/chschd.o
                0x0800cf30                chSchDoRescheduleAhead
 *fill*         0x0800cf6c        0x4 
 .text.chSchRescheduleS
                0x0800cf70       0x18 build/obj/chschd.o
                0x0800cf70                chSchRescheduleS
 *fill*         0x0800cf88        0x8 
 .text.chSchDoReschedule
                0x0800cf90       0x14 build/obj/chschd.o
                0x0800cf90                chSchDoReschedule
 *fill*         0x0800cfa4        0xc 
 .text._thread_init
                0x0800cfb0       0x44 build/obj/chthreads.o
                0x0800cfb0                _thread_init
 *fill*         0x0800cff4        0xc 
 .text.chThdCreateStatic
                0x0800d000       0x68 build/obj/chthreads.o
                0x0800d000                chThdCreateStatic
 *fill*         0x0800d068        0x8 
 .text.chThdSleep
                0x0800d070       0x18 build/obj/chthreads.o
                0x0800d070                chThdSleep
 *fill*         0x0800d088        0x8 
 .text.chThdExitS
                0x0800d090       0x40 build/obj/chthreads.o
                0x0800d090                chThdExitS
 .text.chThdExit
                0x0800d0d0        0xc build/obj/chthreads.o
                0x0800d0d0                chThdExit
 *fill*         0x0800d0dc        0x4 
 .text.chThdResumeI
                0x0800d0e0       0x14 build/obj/chthreads.o
                0x0800d0e0                chThdResumeI
 *fill*         0x0800d0f4        0xc 
 .text.chThdEnqueueTimeoutS
                0x0800d100       0x28 build/obj/chthreads.o
                0x0800d100                chThdEnqueueTimeoutS
 *fill*         0x0800d128        0x8 
 .text.chThdDequeueNextI
                0x0800d130       0x20 build/obj/chthreads.o
                0x0800d130                chThdDequeueNextI
 .text.chThdDequeueAllI
                0x0800d150       0x24 build/obj/chthreads.o
                0x0800d150                chThdDequeueAllI
 *fill*         0x0800d174        0xc 
 .text.chTMStartMeasurementX
                0x0800d180        0xc build/obj/chtm.o
                0x0800d180                chTMStartMeasurementX
 *fill*         0x0800d18c        0x4 
 .text.chTMStopMeasurementX
                0x0800d190       0x48 build/obj/chtm.o
                0x0800d190                chTMStopMeasurementX
 *fill*         0x0800d1d8        0x8 
 .text._tm_init
                0x0800d1e0       0x38 build/obj/chtm.o
                0x0800d1e0                _tm_init
 *fill*         0x0800d218        0x8 
 .text.chMtxObjectInit
                0x0800d220        0xc build/obj/chmtx.o
                0x0800d220                chMtxObjectInit
 *fill*         0x0800d22c        0x4 
 .text.chEvtRegisterMaskWithFlags
                0x0800d230       0x28 build/obj/chevents.o
                0x0800d230                chEvtRegisterMaskWithFlags
 *fill*         0x0800d258        0x8 
 .text.chEvtUnregister
                0x0800d260       0x2c build/obj/chevents.o
                0x0800d260                chEvtUnregister
 *fill*         0x0800d28c        0x4 
 .text.chEvtSignalI
                0x0800d290       0x28 build/obj/chevents.o
                0x0800d290                chEvtSignalI
 *fill*         0x0800d2b8        0x8 
 .text.chEvtBroadcastFlagsI
                0x0800d2c0       0x2c build/obj/chevents.o
                0x0800d2c0                chEvtBroadcastFlagsI
 *fill*         0x0800d2ec        0x4 
 .text.chEvtSignal
                0x0800d2f0       0x18 build/obj/chevents.o
                0x0800d2f0                chEvtSignal
 *fill*         0x0800d308        0x8 
 .text.chEvtWaitAny
                0x0800d310       0x38 build/obj/chevents.o
                0x0800d310                chEvtWaitAny
 *fill*         0x0800d348        0x8 
 .text.chEvtWaitAnyTimeout
                0x0800d350       0x50 build/obj/chevents.o
                0x0800d350                chEvtWaitAnyTimeout
 .text.chIQObjectInit
                0x0800d3a0       0x20 build/obj/chqueues.o
                0x0800d3a0                chIQObjectInit
 .text.chIQPutI
                0x0800d3c0       0x38 build/obj/chqueues.o
                0x0800d3c0                chIQPutI
 *fill*         0x0800d3f8        0x8 
 .text.chIQGetTimeout
                0x0800d400       0x50 build/obj/chqueues.o
                0x0800d400                chIQGetTimeout
 .text.chIQReadTimeout
                0x0800d450       0x78 build/obj/chqueues.o
                0x0800d450                chIQReadTimeout
 *fill*         0x0800d4c8        0x8 
 .text.chOQObjectInit
                0x0800d4d0       0x1c build/obj/chqueues.o
                0x0800d4d0                chOQObjectInit
 *fill*         0x0800d4ec        0x4 
 .text.chOQPutTimeout
                0x0800d4f0       0x54 build/obj/chqueues.o
                0x0800d4f0                chOQPutTimeout
 *fill*         0x0800d544        0xc 
 .text.chOQGetI
                0x0800d550       0x38 build/obj/chqueues.o
                0x0800d550                chOQGetI
 *fill*         0x0800d588        0x8 
 .text.chOQWriteTimeout
                0x0800d590       0x88 build/obj/chqueues.o
                0x0800d590                chOQWriteTimeout
 *fill*         0x0800d618        0x8 
 .text._core_init
                0x0800d620       0x28 build/obj/chmemcore.o
                0x0800d620                _core_init
 *fill*         0x0800d648        0x8 
 .text.chCoreAlloc
                0x0800d650       0x38 build/obj/chmemcore.o
                0x0800d650                chCoreAlloc
 *fill*         0x0800d688        0x8 
 .text._heap_init
                0x0800d690       0x1c build/obj/chheap.o
                0x0800d690                _heap_init
 *fill*         0x0800d6ac        0x4 
 .text.SVC_Handler
                0x0800d6b0       0x20 build/obj/chcore_v7m.o
                0x0800d6b0                SVC_Handler
 .text._port_irq_epilogue
                0x0800d6d0       0x60 build/obj/chcore_v7m.o
                0x0800d6d0                _port_irq_epilogue
 .text.halInit  0x0800d730       0x34 build/obj/hal.o
                0x0800d730                halInit
 *fill*         0x0800d764        0xc 
 .text.canInit  0x0800d770        0x4 build/obj/can.o
                0x0800d770                canInit
 *fill*         0x0800d774        0xc 
 .text.canObjectInit
                0x0800d780       0x3c build/obj/can.o
                0x0800d780                canObjectInit
 *fill*         0x0800d7bc        0x4 
 .text.canStart
                0x0800d7c0       0x20 build/obj/can.o
                0x0800d7c0                canStart
 .text.canReceive
                0x0800d7e0       0x50 build/obj/can.o
                0x0800d7e0                canReceive
 .text.gptInit  0x0800d830        0x4 build/obj/gpt.o
                0x0800d830                gptInit
 *fill*         0x0800d834        0xc 
 .text.gptObjectInit
                0x0800d840        0xc build/obj/gpt.o
                0x0800d840                gptObjectInit
 *fill*         0x0800d84c        0x4 
 .text.i2cInit  0x0800d850        0x4 build/obj/i2c.o
                0x0800d850                i2cInit
 *fill*         0x0800d854        0xc 
 .text.i2cObjectInit
                0x0800d860       0x10 build/obj/i2c.o
                0x0800d860                i2cObjectInit
 .text.icuInit  0x0800d870        0x4 build/obj/icu.o
                0x0800d870                icuInit
 *fill*         0x0800d874        0xc 
 .text.icuObjectInit
                0x0800d880        0xc build/obj/icu.o
                0x0800d880                icuObjectInit
 *fill*         0x0800d88c        0x4 
 .text.icuStart
                0x0800d890       0x1c build/obj/icu.o
                0x0800d890                icuStart
 *fill*         0x0800d8ac        0x4 
 .text.icuStartCapture
                0x0800d8b0       0x1c build/obj/icu.o
                0x0800d8b0                icuStartCapture
 *fill*         0x0800d8cc        0x4 
 .text.icuEnableNotifications
                0x0800d8d0       0x14 build/obj/icu.o
                0x0800d8d0                icuEnableNotifications
 *fill*         0x0800d8e4        0xc 
 .text.readt    0x0800d8f0        0x8 build/obj/serial.o
 *fill*         0x0800d8f8        0x8 
 .text.read     0x0800d900        0xc build/obj/serial.o
 *fill*         0x0800d90c        0x4 
 .text.writet   0x0800d910        0x8 build/obj/serial.o
 *fill*         0x0800d918        0x8 
 .text.write    0x0800d920        0xc build/obj/serial.o
 *fill*         0x0800d92c        0x4 
 .text.gett     0x0800d930        0x8 build/obj/serial.o
 *fill*         0x0800d938        0x8 
 .text.get      0x0800d940        0xc build/obj/serial.o
 *fill*         0x0800d94c        0x4 
 .text.putt     0x0800d950        0x8 build/obj/serial.o
 *fill*         0x0800d958        0x8 
 .text.put      0x0800d960        0xc build/obj/serial.o
 *fill*         0x0800d96c        0x4 
 .text.sdInit   0x0800d970        0x4 build/obj/serial.o
                0x0800d970                sdInit
 *fill*         0x0800d974        0xc 
 .text.sdObjectInit
                0x0800d980       0x44 build/obj/serial.o
                0x0800d980                sdObjectInit
 *fill*         0x0800d9c4        0xc 
 .text.sdStart  0x0800d9d0       0x1c build/obj/serial.o
                0x0800d9d0                sdStart
 *fill*         0x0800d9ec        0x4 
 .text.sdIncomingDataI
                0x0800d9f0       0x3c build/obj/serial.o
                0x0800d9f0                sdIncomingDataI
 *fill*         0x0800da2c        0x4 
 .text.stInit   0x0800da30        0x4 build/obj/st.o
                0x0800da30                stInit
 *fill*         0x0800da34        0xc 
 .text.usbInit  0x0800da40        0x4 build/obj/usb.o
                0x0800da40                usbInit
 *fill*         0x0800da44        0xc 
 .text.usbObjectInit
                0x0800da50       0x1c build/obj/usb.o
                0x0800da50                usbObjectInit
 *fill*         0x0800da6c        0x4 
 .text._usb_reset
                0x0800da70       0x28 build/obj/usb.o
                0x0800da70                _usb_reset
 *fill*         0x0800da98        0x8 
 .text._usb_ep0setup
                0x0800daa0      0x338 build/obj/usb.o
                0x0800daa0                _usb_ep0setup
 *fill*         0x0800ddd8        0x8 
 .text._usb_ep0in
                0x0800dde0       0xe4 build/obj/usb.o
                0x0800dde0                _usb_ep0in
 *fill*         0x0800dec4        0xc 
 .text._usb_ep0out
                0x0800ded0       0x9c build/obj/usb.o
                0x0800ded0                _usb_ep0out
 *fill*         0x0800df6c        0x4 
 .text.nvicEnableVector
                0x0800df70       0x34 build/obj/nvic.o
                0x0800df70                nvicEnableVector
 *fill*         0x0800dfa4        0xc 
 .text.nvicSetSystemHandlerPriority
                0x0800dfb0       0x10 build/obj/nvic.o
                0x0800dfb0                nvicSetSystemHandlerPriority
 .text.Vector6C
                0x0800dfc0       0x28 build/obj/stm32_dma.o
                0x0800dfc0                Vector6C
 *fill*         0x0800dfe8        0x8 
 .text.Vector70
                0x0800dff0       0x2c build/obj/stm32_dma.o
                0x0800dff0                Vector70
 *fill*         0x0800e01c        0x4 
 .text.Vector74
                0x0800e020       0x2c build/obj/stm32_dma.o
                0x0800e020                Vector74
 *fill*         0x0800e04c        0x4 
 .text.Vector78
                0x0800e050       0x2c build/obj/stm32_dma.o
                0x0800e050                Vector78
 *fill*         0x0800e07c        0x4 
 .text.Vector7C
                0x0800e080       0x28 build/obj/stm32_dma.o
                0x0800e080                Vector7C
 *fill*         0x0800e0a8        0x8 
 .text.Vector80
                0x0800e0b0       0x2c build/obj/stm32_dma.o
                0x0800e0b0                Vector80
 *fill*         0x0800e0dc        0x4 
 .text.Vector84
                0x0800e0e0       0x2c build/obj/stm32_dma.o
                0x0800e0e0                Vector84
 *fill*         0x0800e10c        0x4 
 .text.VectorFC
                0x0800e110       0x2c build/obj/stm32_dma.o
                0x0800e110                VectorFC
 *fill*         0x0800e13c        0x4 
 .text.Vector120
                0x0800e140       0x28 build/obj/stm32_dma.o
                0x0800e140                Vector120
 *fill*         0x0800e168        0x8 
 .text.Vector124
                0x0800e170       0x2c build/obj/stm32_dma.o
                0x0800e170                Vector124
 *fill*         0x0800e19c        0x4 
 .text.Vector128
                0x0800e1a0       0x2c build/obj/stm32_dma.o
                0x0800e1a0                Vector128
 *fill*         0x0800e1cc        0x4 
 .text.Vector12C
                0x0800e1d0       0x2c build/obj/stm32_dma.o
                0x0800e1d0                Vector12C
 *fill*         0x0800e1fc        0x4 
 .text.Vector130
                0x0800e200       0x28 build/obj/stm32_dma.o
                0x0800e200                Vector130
 *fill*         0x0800e228        0x8 
 .text.Vector150
                0x0800e230       0x2c build/obj/stm32_dma.o
                0x0800e230                Vector150
 *fill*         0x0800e25c        0x4 
 .text.Vector154
                0x0800e260       0x2c build/obj/stm32_dma.o
                0x0800e260                Vector154
 *fill*         0x0800e28c        0x4 
 .text.Vector158
                0x0800e290       0x2c build/obj/stm32_dma.o
                0x0800e290                Vector158
 *fill*         0x0800e2bc        0x4 
 .text.dmaInit  0x0800e2c0       0x54 build/obj/stm32_dma.o
                0x0800e2c0                dmaInit
 *fill*         0x0800e314        0xc 
 .text.dmaStreamAllocate
                0x0800e320       0x8c build/obj/stm32_dma.o
                0x0800e320                dmaStreamAllocate
 *fill*         0x0800e3ac        0x4 
 .text.hal_lld_init
                0x0800e3b0       0x68 build/obj/hal_lld.o
                0x0800e3b0                hal_lld_init
 *fill*         0x0800e418        0x8 
 .text.stm32_clock_init
                0x0800e420       0xc8 build/obj/hal_lld.o
                0x0800e420                stm32_clock_init
 *fill*         0x0800e4e8        0x8 
 .text.can_lld_set_filters
                0x0800e4f0      0x118 build/obj/can_lld.o
 *fill*         0x0800e608        0x8 
 .text.Vector8C
                0x0800e610       0x3c build/obj/can_lld.o
                0x0800e610                Vector8C
 *fill*         0x0800e64c        0x4 
 .text.Vector90
                0x0800e650       0x64 build/obj/can_lld.o
                0x0800e650                Vector90
 *fill*         0x0800e6b4        0xc 
 .text.Vector94
                0x0800e6c0       0x64 build/obj/can_lld.o
                0x0800e6c0                Vector94
 *fill*         0x0800e724        0xc 
 .text.Vector98
                0x0800e730       0x78 build/obj/can_lld.o
                0x0800e730                Vector98
 *fill*         0x0800e7a8        0x8 
 .text.can_lld_init
                0x0800e7b0       0x24 build/obj/can_lld.o
                0x0800e7b0                can_lld_init
 *fill*         0x0800e7d4        0xc 
 .text.can_lld_start
                0x0800e7e0       0x70 build/obj/can_lld.o
                0x0800e7e0                can_lld_start
 .text.can_lld_is_rx_nonempty
                0x0800e850       0x38 build/obj/can_lld.o
                0x0800e850                can_lld_is_rx_nonempty
 *fill*         0x0800e888        0x8 
 .text.can_lld_receive
                0x0800e890       0xc0 build/obj/can_lld.o
                0x0800e890                can_lld_receive
 .text._pal_lld_init
                0x0800e950      0x1ac build/obj/pal_lld.o
                0x0800e950                _pal_lld_init
 *fill*         0x0800eafc        0x4 
 .text._pal_lld_setgroupmode
                0x0800eb00       0xb8 build/obj/pal_lld.o
                0x0800eb00                _pal_lld_setgroupmode
 *fill*         0x0800ebb8        0x8 
 .text.VectorC4
                0x0800ebc0       0xf8 build/obj/i2c_lld.o
                0x0800ebc0                VectorC4
 *fill*         0x0800ecb8        0x8 
 .text.VectorC8
                0x0800ecc0       0xd8 build/obj/i2c_lld.o
                0x0800ecc0                VectorC8
 *fill*         0x0800ed98        0x8 
 .text.i2c_lld_init
                0x0800eda0       0x2c build/obj/i2c_lld.o
                0x0800eda0                i2c_lld_init
 *fill*         0x0800edcc        0x4 
 .text.usb_lld_init
                0x0800edd0       0x24 build/obj/usb_lld.o
                0x0800edd0                usb_lld_init
 *fill*         0x0800edf4        0xc 
 .text.usb_lld_reset
                0x0800ee00       0xc4 build/obj/usb_lld.o
                0x0800ee00                usb_lld_reset
 *fill*         0x0800eec4        0xc 
 .text.usb_lld_set_address
                0x0800eed0       0x18 build/obj/usb_lld.o
                0x0800eed0                usb_lld_set_address
 *fill*         0x0800eee8        0x8 
 .text.usb_lld_get_status_out
                0x0800eef0       0x1c build/obj/usb_lld.o
                0x0800eef0                usb_lld_get_status_out
 *fill*         0x0800ef0c        0x4 
 .text.usb_lld_get_status_in
                0x0800ef10       0x1c build/obj/usb_lld.o
                0x0800ef10                usb_lld_get_status_in
 *fill*         0x0800ef2c        0x4 
 .text.usb_lld_read_setup
                0x0800ef30       0x14 build/obj/usb_lld.o
                0x0800ef30                usb_lld_read_setup
 *fill*         0x0800ef44        0xc 
 .text.usb_lld_prepare_receive
                0x0800ef50       0x44 build/obj/usb_lld.o
                0x0800ef50                usb_lld_prepare_receive
 *fill*         0x0800ef94        0xc 
 .text.otg_epout_handler.constprop.7
                0x0800efa0       0xa4 build/obj/usb_lld.o
 *fill*         0x0800f044        0xc 
 .text.usb_lld_prepare_transmit
                0x0800f050       0x50 build/obj/usb_lld.o
                0x0800f050                usb_lld_prepare_transmit
 .text.otg_epin_handler.constprop.8
                0x0800f0a0       0xd4 build/obj/usb_lld.o
 *fill*         0x0800f174        0xc 
 .text.Vector14C
                0x0800f180       0xf4 build/obj/usb_lld.o
                0x0800f180                Vector14C
 *fill*         0x0800f274        0xc 
 .text.usb_lld_start_out
                0x0800f280       0x14 build/obj/usb_lld.o
                0x0800f280                usb_lld_start_out
 *fill*         0x0800f294        0xc 
 .text.usb_lld_start_in
                0x0800f2a0       0x2c build/obj/usb_lld.o
                0x0800f2a0                usb_lld_start_in
 *fill*         0x0800f2cc        0x4 
 .text.usb_lld_stall_out
                0x0800f2d0       0x14 build/obj/usb_lld.o
                0x0800f2d0                usb_lld_stall_out
 *fill*         0x0800f2e4        0xc 
 .text.usb_lld_stall_in
                0x0800f2f0       0x14 build/obj/usb_lld.o
                0x0800f2f0                usb_lld_stall_in
 *fill*         0x0800f304        0xc 
 .text.usb_lld_clear_out
                0x0800f310       0x14 build/obj/usb_lld.o
                0x0800f310                usb_lld_clear_out
 *fill*         0x0800f324        0xc 
 .text.usb_lld_clear_in
                0x0800f330       0x14 build/obj/usb_lld.o
                0x0800f330                usb_lld_clear_in
 *fill*         0x0800f344        0xc 
 .text.Vector108
                0x0800f350       0x34 build/obj/gpt_lld.o
                0x0800f350                Vector108
 *fill*         0x0800f384        0xc 
 .text.gpt_lld_init
                0x0800f390       0x14 build/obj/gpt_lld.o
                0x0800f390                gpt_lld_init
 *fill*         0x0800f3a4        0xc 
 .text.VectorB8
                0x0800f3b0       0x9c build/obj/icu_lld.o
                0x0800f3b0                VectorB8
 *fill*         0x0800f44c        0x4 
 .text.icu_lld_init
                0x0800f450       0x18 build/obj/icu_lld.o
                0x0800f450                icu_lld_init
 *fill*         0x0800f468        0x8 
 .text.icu_lld_start
                0x0800f470       0xbc build/obj/icu_lld.o
                0x0800f470                icu_lld_start
 *fill*         0x0800f52c        0x4 
 .text.icu_lld_start_capture
                0x0800f530       0x14 build/obj/icu_lld.o
                0x0800f530                icu_lld_start_capture
 *fill*         0x0800f544        0xc 
 .text.icu_lld_enable_notifications
                0x0800f550       0x40 build/obj/icu_lld.o
                0x0800f550                icu_lld_enable_notifications
 .text.SysTick_Handler
                0x0800f590       0x1c build/obj/st_lld.o
                0x0800f590                SysTick_Handler
 *fill*         0x0800f5ac        0x4 
 .text.st_lld_init
                0x0800f5b0       0x1c build/obj/st_lld.o
                0x0800f5b0                st_lld_init
 *fill*         0x0800f5cc        0x4 
 .text.notify3  0x0800f5d0       0x10 build/obj/serial_lld.o
 .text.VectorDC
                0x0800f5e0      0x11c build/obj/serial_lld.o
                0x0800f5e0                VectorDC
 *fill*         0x0800f6fc        0x4 
 .text.sd_lld_init
                0x0800f700       0x24 build/obj/serial_lld.o
                0x0800f700                sd_lld_init
 *fill*         0x0800f724        0xc 
 .text.sd_lld_start
                0x0800f730       0x98 build/obj/serial_lld.o
                0x0800f730                sd_lld_start
 *fill*         0x0800f7c8        0x8 
 .text.__early_init
                0x0800f7d0        0x4 build/obj/board.o
                0x0800f7d0                __early_init
 *fill*         0x0800f7d4        0xc 
 .text.boardInit
                0x0800f7e0        0x4 build/obj/board.o
                0x0800f7e0                boardInit
 *fill*         0x0800f7e4        0xc 
 .text.ch_ltoa  0x0800f7f0       0x44 build/obj/chprintf.o
 *fill*         0x0800f834        0xc 
 .text.chvprintf
                0x0800f840      0x4f0 build/obj/chprintf.o
                0x0800f840                chvprintf
 .text.hw_init_gpio
                0x0800fd30      0x180 build/obj/hw_oroca.o
                0x0800fd30                hw_init_gpio
 .text.hw_setup_adc_channels
                0x0800feb0       0xa8 build/obj/hw_oroca.o
                0x0800feb0                hw_setup_adc_channels
 *fill*         0x0800ff58        0x8 
 .text.periodic_thread
                0x0800ff60       0x34 build/obj/bldc.o
 *fill*         0x0800ff94        0xc 
 .text.bldc_init
                0x0800ffa0       0x3c build/obj/bldc.o
                0x0800ffa0                bldc_init
 *fill*         0x0800ffdc        0x4 
 .text.do_dc_cal
                0x0800ffe0       0x78 build/obj/mcpwm.o
                0x0800ffe0                do_dc_cal
 *fill*         0x08010058        0x8 
 .text.CalcPI   0x08010060       0x60 build/obj/mcpwm.o
                0x08010060                CalcPI
 .text.SetupControlParameters
                0x080100c0       0x8c build/obj/mcpwm.o
                0x080100c0                SetupControlParameters
 *fill*         0x0801014c        0x4 
 .text.mcpwm_init
                0x08010150      0x438 build/obj/mcpwm.o
                0x08010150                mcpwm_init
 *fill*         0x08010588        0x8 
 .text.VoltRippleComp
                0x08010590       0x5c build/obj/mcpwm.o
                0x08010590                VoltRippleComp
 *fill*         0x080105ec        0x4 
 .text.DoControl
                0x080105f0       0xec build/obj/mcpwm.o
                0x080105f0                DoControl
 *fill*         0x080106dc        0x4 
 .text.CalcTimes
                0x080106e0       0x6c build/obj/mcpwm.o
                0x080106e0                CalcTimes
 *fill*         0x0801074c        0x4 
 .text.update_timer_Duty
                0x08010750       0x4c build/obj/mcpwm.o
                0x08010750                update_timer_Duty
 *fill*         0x0801079c        0x4 
 .text.CalcSVGen
                0x080107a0      0x100 build/obj/mcpwm.o
                0x080107a0                CalcSVGen
 .text.SMC_HallSensor_Estimation
                0x080108a0      0x1dc build/obj/mcpwm.o
                0x080108a0                SMC_HallSensor_Estimation
 *fill*         0x08010a7c        0x4 
 .text.mcpwm_adc_int_handler
                0x08010a80      0x1ac build/obj/mcpwm.o
                0x08010a80                mcpwm_adc_int_handler
 *fill*         0x08010c2c        0x4 
 .text.icuperiodcb
                0x08010c30        0x4 build/obj/servo_dec.o
 *fill*         0x08010c34        0xc 
 .text.icuwidthcb
                0x08010c40      0x138 build/obj/servo_dec.o
 *fill*         0x08010d78        0x8 
 .text.servodec_init
                0x08010d80       0x50 build/obj/servo_dec.o
                0x08010d80                servodec_init
 .text.servodec_set_pulse_options
                0x08010dd0       0x20 build/obj/servo_dec.o
                0x08010dd0                servodec_set_pulse_options
 .text.servodec_get_servo
                0x08010df0       0x1c build/obj/servo_dec.o
                0x08010df0                servodec_get_servo
 *fill*         0x08010e0c        0x4 
 .text.chprintf
                0x08010e10       0x1c build/obj/uart3_print.o
 *fill*         0x08010e2c        0x4 
 .text.Uart3_print_init
                0x08010e30       0x38 build/obj/uart3_print.o
                0x08010e30                Uart3_print_init
 *fill*         0x08010e68        0x8 
 .text.Uart3_printf
                0x08010e70       0x14 build/obj/uart3_print.o
                0x08010e70                Uart3_printf
 *fill*         0x08010e84        0xc 
 .text.Uart3_getch
                0x08010e90       0x20 build/obj/uart3_print.o
                0x08010e90                Uart3_getch
 .text.Vector11C
                0x08010eb0       0x18 build/obj/irq_handlers.o
                0x08010eb0                Vector11C
 *fill*         0x08010ec8        0x8 
 .text.VectorE0
                0x08010ed0       0x24 build/obj/irq_handlers.o
                0x08010ed0                VectorE0
 *fill*         0x08010ef4        0xc 
 .text.utils_middle_of_3
                0x08010f00       0x80 build/obj/utils.o
                0x08010f00                utils_middle_of_3
 .text.utils_sys_lock_cnt
                0x08010f80       0x18 build/obj/utils.o
                0x08010f80                utils_sys_lock_cnt
 *fill*         0x08010f98        0x8 
 .text.utils_sys_unlock_cnt
                0x08010fa0       0x1c build/obj/utils.o
                0x08010fa0                utils_sys_unlock_cnt
 *fill*         0x08010fbc        0x4 
 .text.timeout_thread
                0x08010fc0       0x6c build/obj/timeout.o
 *fill*         0x0801102c        0x4 
 .text.timeout_configure
                0x08011030        0xc build/obj/timeout.o
                0x08011030                timeout_configure
 *fill*         0x0801103c        0x4 
 .text.timeout_reset
                0x08011040       0x14 build/obj/timeout.o
                0x08011040                timeout_reset
 *fill*         0x08011054        0xc 
 .text.timeout_init
                0x08011060       0x40 build/obj/timeout.o
                0x08011060                timeout_init
 .text.cancom_process_thread
                0x080110a0       0x4c build/obj/comm_can.o
 *fill*         0x080110ec        0x4 
 .text.cancom_status_thread
                0x080110f0       0x1c build/obj/comm_can.o
 *fill*         0x0801110c        0x4 
 .text.cancom_read_thread
                0x08011110       0x98 build/obj/comm_can.o
 *fill*         0x080111a8        0x8 
 .text.comm_can_init
                0x080111b0       0xa0 build/obj/comm_can.o
                0x080111b0                comm_can_init
 .text.mavlink_thread
                0x08011250        0xc build/obj/mavlink_proc.o
 *fill*         0x0801125c        0x4 
 .text.mavlink_uart_recv
                0x08011260      0x294 build/obj/mavlink_proc.o
                0x08011260                mavlink_uart_recv
 *fill*         0x080114f4        0xc 
 .text.mavlink_uart_thread
                0x08011500       0x58 build/obj/mavlink_proc.o
 *fill*         0x08011558        0x8 
 .text.mavlink_proc_configure
                0x08011560        0xc build/obj/mavlink_proc.o
                0x08011560                mavlink_proc_configure
 *fill*         0x0801156c        0x4 
 .text.mavlink_proc_start
                0x08011570       0x3c build/obj/mavlink_proc.o
                0x08011570                mavlink_proc_start
 *fill*         0x080115ac        0x4 
 .text.app_init
                0x080115b0       0x30 build/obj/app.o
                0x080115b0                app_init
 .text.ppm_thread
                0x080115e0       0x64 build/obj/app_ppm.o
 *fill*         0x08011644        0xc 
 .text.servodec_func
                0x08011650       0x24 build/obj/app_ppm.o
 *fill*         0x08011674        0xc 
 .text.update   0x08011680       0x40 build/obj/app_ppm.o
 .text.app_ppm_configure
                0x080116c0       0x44 build/obj/app_ppm.o
                0x080116c0                app_ppm_configure
 *fill*         0x08011704        0xc 
 .text.app_ppm_start
                0x08011710       0x50 build/obj/app_ppm.o
                0x08011710                app_ppm_start
 .text.ADC_Init
                0x08011760       0x50 build/obj/stm32f4xx_adc.o
                0x08011760                ADC_Init
 .text.ADC_CommonInit
                0x080117b0       0x28 build/obj/stm32f4xx_adc.o
                0x080117b0                ADC_CommonInit
 *fill*         0x080117d8        0x8 
 .text.ADC_Cmd  0x080117e0       0x14 build/obj/stm32f4xx_adc.o
                0x080117e0                ADC_Cmd
 *fill*         0x080117f4        0xc 
 .text.ADC_RegularChannelConfig
                0x08011800       0x94 build/obj/stm32f4xx_adc.o
                0x08011800                ADC_RegularChannelConfig
 *fill*         0x08011894        0xc 
 .text.ADC_MultiModeDMARequestAfterLastTransferCmd
                0x080118a0       0x1c build/obj/stm32f4xx_adc.o
                0x080118a0                ADC_MultiModeDMARequestAfterLastTransferCmd
 *fill*         0x080118bc        0x4 
 .text.DMA_Init
                0x080118c0       0x58 build/obj/stm32f4xx_dma.o
                0x080118c0                DMA_Init
 *fill*         0x08011918        0x8 
 .text.DMA_Cmd  0x08011920       0x14 build/obj/stm32f4xx_dma.o
                0x08011920                DMA_Cmd
 *fill*         0x08011934        0xc 
 .text.DMA_ITConfig
                0x08011940       0x40 build/obj/stm32f4xx_dma.o
                0x08011940                DMA_ITConfig
 .text.EXTI_GetITStatus
                0x08011980       0x14 build/obj/stm32f4xx_exti.o
                0x08011980                EXTI_GetITStatus
 *fill*         0x08011994        0xc 
 .text.EXTI_ClearITPendingBit
                0x080119a0        0xc build/obj/stm32f4xx_exti.o
                0x080119a0                EXTI_ClearITPendingBit
 *fill*         0x080119ac        0x4 
 .text.RCC_AHB1PeriphClockCmd
                0x080119b0       0x1c build/obj/stm32f4xx_rcc.o
                0x080119b0                RCC_AHB1PeriphClockCmd
 *fill*         0x080119cc        0x4 
 .text.RCC_APB1PeriphClockCmd
                0x080119d0       0x1c build/obj/stm32f4xx_rcc.o
                0x080119d0                RCC_APB1PeriphClockCmd
 *fill*         0x080119ec        0x4 
 .text.RCC_APB2PeriphClockCmd
                0x080119f0       0x1c build/obj/stm32f4xx_rcc.o
                0x080119f0                RCC_APB2PeriphClockCmd
 *fill*         0x08011a0c        0x4 
 .text.RCC_APB1PeriphResetCmd
                0x08011a10       0x1c build/obj/stm32f4xx_rcc.o
                0x08011a10                RCC_APB1PeriphResetCmd
 *fill*         0x08011a2c        0x4 
 .text.RCC_APB2PeriphResetCmd
                0x08011a30       0x1c build/obj/stm32f4xx_rcc.o
                0x08011a30                RCC_APB2PeriphResetCmd
 *fill*         0x08011a4c        0x4 
 .text.TIM_DeInit
                0x08011a50      0x1b8 build/obj/stm32f4xx_tim.o
                0x08011a50                TIM_DeInit
 *fill*         0x08011c08        0x8 
 .text.TIM_TimeBaseInit
                0x08011c10       0x98 build/obj/stm32f4xx_tim.o
                0x08011c10                TIM_TimeBaseInit
 *fill*         0x08011ca8        0x8 
 .text.TIM_ARRPreloadConfig
                0x08011cb0       0x18 build/obj/stm32f4xx_tim.o
                0x08011cb0                TIM_ARRPreloadConfig
 *fill*         0x08011cc8        0x8 
 .text.TIM_Cmd  0x08011cd0       0x18 build/obj/stm32f4xx_tim.o
                0x08011cd0                TIM_Cmd
 *fill*         0x08011ce8        0x8 
 .text.TIM_OC1Init
                0x08011cf0       0x74 build/obj/stm32f4xx_tim.o
                0x08011cf0                TIM_OC1Init
 *fill*         0x08011d64        0xc 
 .text.TIM_OC2Init
                0x08011d70       0x80 build/obj/stm32f4xx_tim.o
                0x08011d70                TIM_OC2Init
 .text.TIM_OC3Init
                0x08011df0       0x84 build/obj/stm32f4xx_tim.o
                0x08011df0                TIM_OC3Init
 *fill*         0x08011e74        0xc 
 .text.TIM_OC4Init
                0x08011e80       0x68 build/obj/stm32f4xx_tim.o
                0x08011e80                TIM_OC4Init
 *fill*         0x08011ee8        0x8 
 .text.TIM_OC1PreloadConfig
                0x08011ef0       0x10 build/obj/stm32f4xx_tim.o
                0x08011ef0                TIM_OC1PreloadConfig
 .text.TIM_OC2PreloadConfig
                0x08011f00       0x14 build/obj/stm32f4xx_tim.o
                0x08011f00                TIM_OC2PreloadConfig
 *fill*         0x08011f14        0xc 
 .text.TIM_OC3PreloadConfig
                0x08011f20       0x10 build/obj/stm32f4xx_tim.o
                0x08011f20                TIM_OC3PreloadConfig
 .text.TIM_OC4PreloadConfig
                0x08011f30       0x14 build/obj/stm32f4xx_tim.o
                0x08011f30                TIM_OC4PreloadConfig
 *fill*         0x08011f44        0xc 
 .text.TIM_BDTRConfig
                0x08011f50       0x28 build/obj/stm32f4xx_tim.o
                0x08011f50                TIM_BDTRConfig
 *fill*         0x08011f78        0x8 
 .text.TIM_CtrlPWMOutputs
                0x08011f80       0x14 build/obj/stm32f4xx_tim.o
                0x08011f80                TIM_CtrlPWMOutputs
 *fill*         0x08011f94        0xc 
 .text.TIM_CCPreloadControl
                0x08011fa0       0x18 build/obj/stm32f4xx_tim.o
                0x08011fa0                TIM_CCPreloadControl
 *fill*         0x08011fb8        0x8 
 .text.TIM_ClearITPendingBit
                0x08011fc0        0x8 build/obj/stm32f4xx_tim.o
                0x08011fc0                TIM_ClearITPendingBit
 *fill*         0x08011fc8        0x8 
 .text.TIM_SelectInputTrigger
                0x08011fd0       0x10 build/obj/stm32f4xx_tim.o
                0x08011fd0                TIM_SelectInputTrigger
 .text.TIM_SelectOutputTrigger
                0x08011fe0       0x14 build/obj/stm32f4xx_tim.o
                0x08011fe0                TIM_SelectOutputTrigger
 *fill*         0x08011ff4        0xc 
 .text.TIM_SelectSlaveMode
                0x08012000       0x14 build/obj/stm32f4xx_tim.o
                0x08012000                TIM_SelectSlaveMode
 *fill*         0x08012014        0xc 
 .text.TIM_SelectMasterSlaveMode
                0x08012020       0x14 build/obj/stm32f4xx_tim.o
                0x08012020                TIM_SelectMasterSlaveMode
 *fill*         0x08012034        0xc 
 .text.WWDG_SetPrescaler
                0x08012040       0x14 build/obj/stm32f4xx_wwdg.o
                0x08012040                WWDG_SetPrescaler
 *fill*         0x08012054        0xc 
 .text.WWDG_SetWindowValue
                0x08012060       0x28 build/obj/stm32f4xx_wwdg.o
                0x08012060                WWDG_SetWindowValue
 *fill*         0x08012088        0x8 
 .text.WWDG_SetCounter
                0x08012090       0x10 build/obj/stm32f4xx_wwdg.o
                0x08012090                WWDG_SetCounter
 .text.WWDG_Enable
                0x080120a0       0x10 build/obj/stm32f4xx_wwdg.o
                0x080120a0                WWDG_Enable
 .text.startup.main
                0x080120b0       0x24 build/obj/main.o
                0x080120b0                main
 *fill*         0x080120d4        0xc 
 .text.cosf     0x080120e0       0x90 c:/program files (x86)/gnu tools arm embedded/5.4 2016q3/bin/../lib/gcc/arm-none-eabi/5.4.1/../../../../arm-none-eabi/lib/armv7e-m/fpu\libm.a(lib_a-sf_cos.o)
                0x080120e0                cosf
 .text.sinf     0x08012170       0x94 c:/program files (x86)/gnu tools arm embedded/5.4 2016q3/bin/../lib/gcc/arm-none-eabi/5.4.1/../../../../arm-none-eabi/lib/armv7e-m/fpu\libm.a(lib_a-sf_sin.o)
                0x08012170                sinf
 *fill*         0x08012204        0xc 
 .text.sqrtf    0x08012210       0xac c:/program files (x86)/gnu tools arm embedded/5.4 2016q3/bin/../lib/gcc/arm-none-eabi/5.4.1/../../../../arm-none-eabi/lib/armv7e-m/fpu\libm.a(lib_a-wf_sqrt.o)
                0x08012210                sqrtf
 *fill*         0x080122bc        0x4 
 .text.__ieee754_rem_pio2f
                0x080122c0      0x298 c:/program files (x86)/gnu tools arm embedded/5.4 2016q3/bin/../lib/gcc/arm-none-eabi/5.4.1/../../../../arm-none-eabi/lib/armv7e-m/fpu\libm.a(lib_a-ef_rem_pio2.o)
                0x080122c0                __ieee754_rem_pio2f
 *fill*         0x08012558        0x8 
 .text.__ieee754_sqrtf
                0x08012560       0xa4 c:/program files (x86)/gnu tools arm embedded/5.4 2016q3/bin/../lib/gcc/arm-none-eabi/5.4.1/../../../../arm-none-eabi/lib/armv7e-m/fpu\libm.a(lib_a-ef_sqrt.o)
                0x08012560                __ieee754_sqrtf
 *fill*         0x08012604        0xc 
 .text.__kernel_cosf
                0x08012610      0x104 c:/program files (x86)/gnu tools arm embedded/5.4 2016q3/bin/../lib/gcc/arm-none-eabi/5.4.1/../../../../arm-none-eabi/lib/armv7e-m/fpu\libm.a(lib_a-kf_cos.o)
                0x08012610                __kernel_cosf
 *fill*         0x08012714        0xc 
 .text.__kernel_rem_pio2f
                0x08012720      0x630 c:/program files (x86)/gnu tools arm embedded/5.4 2016q3/bin/../lib/gcc/arm-none-eabi/5.4.1/../../../../arm-none-eabi/lib/armv7e-m/fpu\libm.a(lib_a-kf_rem_pio2.o)
                0x08012720                __kernel_rem_pio2f
 .text.__kernel_sinf
                0x08012d50       0x90 c:/program files (x86)/gnu tools arm embedded/5.4 2016q3/bin/../lib/gcc/arm-none-eabi/5.4.1/../../../../arm-none-eabi/lib/armv7e-m/fpu\libm.a(lib_a-kf_sin.o)
                0x08012d50                __kernel_sinf
 .text.matherr  0x08012de0        0x4 c:/program files (x86)/gnu tools arm embedded/5.4 2016q3/bin/../lib/gcc/arm-none-eabi/5.4.1/../../../../arm-none-eabi/lib/armv7e-m/fpu\libm.a(lib_a-s_matherr.o)
                0x08012de0                matherr
 *fill*         0x08012de4        0xc 
 .text.fabsf    0x08012df0       0x10 c:/program files (x86)/gnu tools arm embedded/5.4 2016q3/bin/../lib/gcc/arm-none-eabi/5.4.1/../../../../arm-none-eabi/lib/armv7e-m/fpu\libm.a(lib_a-sf_fabs.o)
                0x08012df0                fabsf
 .text.floorf   0x08012e00       0x90 c:/program files (x86)/gnu tools arm embedded/5.4 2016q3/bin/../lib/gcc/arm-none-eabi/5.4.1/../../../../arm-none-eabi/lib/armv7e-m/fpu\libm.a(lib_a-sf_floor.o)
                0x08012e00                floorf
 .text.scalbnf  0x08012e90       0xd0 c:/program files (x86)/gnu tools arm embedded/5.4 2016q3/bin/../lib/gcc/arm-none-eabi/5.4.1/../../../../arm-none-eabi/lib/armv7e-m/fpu\libm.a(lib_a-sf_scalbn.o)
                0x08012e90                scalbnf
 .text.copysignf
                0x08012f60       0x18 c:/program files (x86)/gnu tools arm embedded/5.4 2016q3/bin/../lib/gcc/arm-none-eabi/5.4.1/../../../../arm-none-eabi/lib/armv7e-m/fpu\libm.a(lib_a-sf_copysign.o)
                0x08012f60                copysignf
 *fill*         0x08012f78        0x8 
 .text.__errno  0x08012f80        0xc c:/program files (x86)/gnu tools arm embedded/5.4 2016q3/bin/../lib/gcc/arm-none-eabi/5.4.1/../../../../arm-none-eabi/lib/armv7e-m/fpu\libg.a(lib_a-errno.o)
                0x08012f80                __errno
 *(.rodata)
 *(.rodata.*)
 *fill*         0x08012f8c        0x4 
 .rodata.str1.4
                0x08012f90        0x5 build/obj/chsys.o
 *fill*         0x08012f95        0xb 
 .rodata.ch_debug
                0x08012fa0       0x16 build/obj/chregistry.o
                0x08012fa0                ch_debug
 *fill*         0x08012fb6        0xa 
 .rodata.vmt    0x08012fc0       0x20 build/obj/serial.o
 .rodata.zero_status
                0x08012fe0        0x2 build/obj/usb.o
 *fill*         0x08012fe2        0xe 
 .rodata.active_status
                0x08012ff0        0x2 build/obj/usb.o
 *fill*         0x08012ff2        0xe 
 .rodata.halted_status
                0x08013000        0x2 build/obj/usb.o
 *fill*         0x08013002        0xe 
 .rodata._stm32_dma_streams
                0x08013010       0xc0 build/obj/stm32_dma.o
                0x08013010                _stm32_dma_streams
 .rodata.fsparams
                0x080130d0        0xc build/obj/usb_lld.o
 *fill*         0x080130dc        0x4 
 .rodata.ep0config
                0x080130e0       0x24 build/obj/usb_lld.o
 *fill*         0x08013104        0xc 
 .rodata.default_config
                0x08013110        0xc build/obj/serial_lld.o
 *fill*         0x0801311c        0x4 
 .rodata.pal_default_config
                0x08013120       0xfc build/obj/board.o
                0x08013120                pal_default_config
 *fill*         0x0801321c        0x4 
 .rodata.str1.4
                0x08013220        0x7 build/obj/chprintf.o
 *fill*         0x08013227        0x9 
 .rodata.pow10  0x08013230       0x24 build/obj/chprintf.o
 *fill*         0x08013254        0xc 
 .rodata.str1.4
                0x08013260        0xe build/obj/bldc.o
 *fill*         0x0801326e        0x2 
 .rodata.str1.4
                0x08013270        0x8 build/obj/timeout.o
 *fill*         0x08013278        0x8 
 .rodata.cancfg
                0x08013280        0x8 build/obj/comm_can.o
 *fill*         0x08013288        0x8 
 .rodata.str1.4
                0x08013290       0x20 build/obj/comm_can.o
 .rodata.str1.4
                0x080132b0       0x34 build/obj/mavlink_proc.o
 *fill*         0x080132e4        0xc 
 .rodata.mavlink_message_crcs.9943
                0x080132f0      0x100 build/obj/mavlink_proc.o
 .rodata.str1.4
                0x080133f0        0x8 build/obj/app_ppm.o
 *fill*         0x080133f8        0x8 
 .rodata.str1.4
                0x08013400        0x8 c:/program files (x86)/gnu tools arm embedded/5.4 2016q3/bin/../lib/gcc/arm-none-eabi/5.4.1/../../../../arm-none-eabi/lib/armv7e-m/fpu\libm.a(lib_a-wf_sqrt.o)
                                  0x6 (size before relaxing)
 *fill*         0x08013408        0x8 
 .rodata.npio2_hw
                0x08013410       0x80 c:/program files (x86)/gnu tools arm embedded/5.4 2016q3/bin/../lib/gcc/arm-none-eabi/5.4.1/../../../../arm-none-eabi/lib/armv7e-m/fpu\libm.a(lib_a-ef_rem_pio2.o)
 .rodata.two_over_pi
                0x08013490      0x318 c:/program files (x86)/gnu tools arm embedded/5.4 2016q3/bin/../lib/gcc/arm-none-eabi/5.4.1/../../../../arm-none-eabi/lib/armv7e-m/fpu\libm.a(lib_a-ef_rem_pio2.o)
 *fill*         0x080137a8        0x8 
 .rodata.init_jk
                0x080137b0        0xc c:/program files (x86)/gnu tools arm embedded/5.4 2016q3/bin/../lib/gcc/arm-none-eabi/5.4.1/../../../../arm-none-eabi/lib/armv7e-m/fpu\libm.a(lib_a-kf_rem_pio2.o)
 *fill*         0x080137bc        0x4 
 .rodata.PIo2   0x080137c0       0x2c c:/program files (x86)/gnu tools arm embedded/5.4 2016q3/bin/../lib/gcc/arm-none-eabi/5.4.1/../../../../arm-none-eabi/lib/armv7e-m/fpu\libm.a(lib_a-kf_rem_pio2.o)
 *(.glue_7t)
 .glue_7t       0x080137ec        0x0 linker stubs
 *(.glue_7)
 .glue_7        0x080137ec        0x0 linker stubs
 *(.gcc*)

.vfp11_veneer   0x080137ec        0x0
 .vfp11_veneer  0x080137ec        0x0 linker stubs

.v4_bx          0x080137ec        0x0
 .v4_bx         0x080137ec        0x0 linker stubs

.iplt           0x080137ec        0x0
 .iplt          0x080137ec        0x0 build/obj/crt0_v7m.o

.rel.dyn        0x080137ec        0x0
 .rel.iplt      0x080137ec        0x0 build/obj/crt0_v7m.o

.ARM.extab
 *(.ARM.extab* .gnu.linkonce.armextab.*)

.ARM.exidx      0x080137ec        0x0
                [!provide]                PROVIDE (__exidx_start, .)
 *(.ARM.exidx* .gnu.linkonce.armexidx.*)
                [!provide]                PROVIDE (__exidx_end, .)

.eh_frame_hdr
 *(.eh_frame_hdr)

.eh_frame
 *(.eh_frame)

.textalign      0x080137ec        0x4
                0x080137f0                . = ALIGN (0x8)
 *fill*         0x080137ec        0x4 
                0x080137f0                . = ALIGN (0x4)
                0x080137f0                _etext = .
                0x080137f0                _textdata = _etext

.mstack         0x20000000      0x400
                0x20000000                . = ALIGN (0x8)
                0x20000000                __main_stack_base__ = .
                0x20000400                . = (. + __main_stack_size__)
 *fill*         0x20000000      0x400 
                0x20000400                . = ALIGN (0x8)
                0x20000400                __main_stack_end__ = .

.pstack         0x20000400      0x400
                0x20000400                __process_stack_base__ = .
                0x20000400                __main_thread_stack_base__ = .
                0x20000800                . = (. + __process_stack_size__)
 *fill*         0x20000400      0x400 
                0x20000800                . = ALIGN (0x8)
                0x20000800                __process_stack_end__ = .
                0x20000800                __main_thread_stack_end__ = .

.data           0x20000800      0x46c load address 0x080137f0
                0x20000800                . = ALIGN (0x4)
                0x20000800                PROVIDE (_data, .)
 *(.data)
 *(.data.*)
 .data.switching_frequency_now
                0x20000800        0x4 build/obj/mcpwm.o
                0x20000800                switching_frequency_now
 .data.pulse_end
                0x20000804        0x4 build/obj/servo_dec.o
 .data.c2.8649  0x20000808        0x4 build/obj/servo_dec.o
 .data.pulse_start
                0x2000080c        0x4 build/obj/servo_dec.o
 .data.c1.8648  0x20000810        0x4 build/obj/servo_dec.o
 .data.icucfg   0x20000814       0x1c build/obj/servo_dec.o
 .data.sd3cfg   0x20000830        0xc build/obj/uart3_print.o
 .data.app_to_use
                0x2000083c        0x1 build/obj/app.o
                0x2000083c                app_to_use
 .data.__fdlib_version
                0x2000083d        0x1 c:/program files (x86)/gnu tools arm embedded/5.4 2016q3/bin/../lib/gcc/arm-none-eabi/5.4.1/../../../../arm-none-eabi/lib/armv7e-m/fpu\libm.a(lib_a-s_lib_ver.o)
                0x2000083d                __fdlib_version
 *fill*         0x2000083e        0x2 
 .data.impure_data
                0x20000840      0x428 c:/program files (x86)/gnu tools arm embedded/5.4 2016q3/bin/../lib/gcc/arm-none-eabi/5.4.1/../../../../arm-none-eabi/lib/armv7e-m/fpu\libg.a(lib_a-impure.o)
 .data._impure_ptr
                0x20000c68        0x4 c:/program files (x86)/gnu tools arm embedded/5.4 2016q3/bin/../lib/gcc/arm-none-eabi/5.4.1/../../../../arm-none-eabi/lib/armv7e-m/fpu\libg.a(lib_a-impure.o)
                0x20000c68                _impure_ptr
 *(.ramtext)
                0x20000c6c                . = ALIGN (0x4)
                0x20000c6c                PROVIDE (_edata, .)

.igot.plt       0x20000c6c        0x0 load address 0x08013c5c
 .igot.plt      0x20000c6c        0x0 build/obj/crt0_v7m.o

.bss            0x20000c70     0x3d88 load address 0x08013c5c
                0x20000c70                . = ALIGN (0x4)
                0x20000c70                PROVIDE (_bss_start, .)
 *(.bss)
 *(.bss.*)
 .bss.ch        0x20000c70      0x258 build/obj/chschd.o
                0x20000c70                ch
 .bss.endmem    0x20000ec8        0x4 build/obj/chmemcore.o
 .bss.nextmem   0x20000ecc        0x4 build/obj/chmemcore.o
 .bss.default_heap
                0x20000ed0       0x20 build/obj/chheap.o
 .bss.dma_isr_redir
                0x20000ef0       0x80 build/obj/stm32_dma.o
 .bss.dma_streams_mask
                0x20000f70        0x4 build/obj/stm32_dma.o
 .bss.CAND1     0x20000f74       0x30 build/obj/can_lld.o
                0x20000f74                CAND1
 .bss.I2CD2     0x20000fa4       0x38 build/obj/i2c_lld.o
                0x20000fa4                I2CD2
 *fill*         0x20000fdc        0x4 
 .bss.USBD1     0x20000fe0      0x280 build/obj/usb_lld.o
                0x20000fe0                USBD1
 .bss.ep0_state
                0x20001260       0x14 build/obj/usb_lld.o
 .bss.ep0setup_buffer
                0x20001274        0x8 build/obj/usb_lld.o
 .bss.GPTD5     0x2000127c       0x10 build/obj/gpt_lld.o
                0x2000127c                GPTD5
 .bss.ICUD4     0x2000128c       0x18 build/obj/icu_lld.o
                0x2000128c                ICUD4
 .bss.SD3       0x200012a4      0x258 build/obj/serial_lld.o
                0x200012a4                SD3
 *fill*         0x200014fc        0x4 
 .bss.periodic_thread_wa
                0x20001500      0x218 build/obj/bldc.o
 .bss.curr0_offset
                0x20001718        0x4 build/obj/mcpwm.o
 .bss.DCbus     0x2000171c        0x4 build/obj/mcpwm.o
 .bss.PIParmD   0x20001720       0x24 build/obj/mcpwm.o
                0x20001720                PIParmD
 .bss.curr_start_samples
                0x20001744        0x4 build/obj/mcpwm.o
 .bss.ADC_Value
                0x20001748       0x18 build/obj/mcpwm.o
                0x20001748                ADC_Value
 .bss.AccumThetaCnt
                0x20001760        0x2 build/obj/mcpwm.o
                0x20001760                AccumThetaCnt
 *fill*         0x20001762        0x2 
 .bss.smc1      0x20001764       0xd0 build/obj/mcpwm.o
                0x20001764                smc1
 .bss.SVGenParm
                0x20001834       0x24 build/obj/mcpwm.o
                0x20001834                SVGenParm
 .bss.ParkParm  0x20001858       0x40 build/obj/mcpwm.o
                0x20001858                ParkParm
 .bss.curr0_sum
                0x20001898        0x4 build/obj/mcpwm.o
 .bss.qVdSquared
                0x2000189c        0x4 build/obj/mcpwm.o
 .bss.PIParmQ   0x200018a0       0x24 build/obj/mcpwm.o
                0x200018a0                PIParmQ
 .bss.MeasCurrParm
                0x200018c4       0x10 build/obj/mcpwm.o
 .bss.CtrlParm  0x200018d4        0xc build/obj/mcpwm.o
                0x200018d4                CtrlParm
 .bss.dccal_done
                0x200018e0        0x1 build/obj/mcpwm.o
 *fill*         0x200018e1        0x3 
 .bss.curr1_sum
                0x200018e4        0x4 build/obj/mcpwm.o
 .bss.curr1_offset
                0x200018e8        0x4 build/obj/mcpwm.o
 .bss.PIParmW   0x200018ec       0x24 build/obj/mcpwm.o
                0x200018ec                PIParmW
 .bss.PIParmPLL
                0x20001910       0x24 build/obj/mcpwm.o
                0x20001910                PIParmPLL
 .bss.uGF       0x20001934        0x4 build/obj/mcpwm.o
                0x20001934                uGF
 .bss.TargetDCbus
                0x20001938        0x4 build/obj/mcpwm.o
 .bss.servo_pos
                0x2000193c        0x4 build/obj/servo_dec.o
 .bss.last_update_time
                0x20001940        0x4 build/obj/servo_dec.o
 .bss.last_len_received
                0x20001944        0x4 build/obj/servo_dec.o
 .bss.use_median_filter
                0x20001948        0x1 build/obj/servo_dec.o
 *fill*         0x20001949        0x3 
 .bss.done_func
                0x2000194c        0x4 build/obj/servo_dec.o
 .bss.sys_lock_cnt
                0x20001950        0x4 build/obj/utils.o
 *fill*         0x20001954        0x4 
 .bss.timeout_thread_wa
                0x20001958      0x398 build/obj/timeout.o
 .bss.last_update_time
                0x20001cf0        0x4 build/obj/timeout.o
 .bss.has_timeout
                0x20001cf4        0x1 build/obj/timeout.o
 *fill*         0x20001cf5        0x3 
 .bss.timeout_msec
                0x20001cf8        0x4 build/obj/timeout.o
 *fill*         0x20001cfc        0x4 
 .bss.cancom_process_thread_wa
                0x20001d00     0x1198 build/obj/comm_can.o
 .bss.rx_frame_read
                0x20002e98        0x4 build/obj/comm_can.o
 *fill*         0x20002e9c        0x4 
 .bss.cancom_status_thread_wa
                0x20002ea0      0x598 build/obj/comm_can.o
 .bss.can_mtx   0x20003438       0x10 build/obj/comm_can.o
 .bss.cancom_read_thread_wa
                0x20003448      0x398 build/obj/comm_can.o
 .bss.process_tp
                0x200037e0        0x4 build/obj/comm_can.o
 .bss.rx_frame_write
                0x200037e4        0x4 build/obj/comm_can.o
 .bss.mavlink_uart_thread_wa
                0x200037e8      0x598 build/obj/mavlink_proc.o
 .bss.m_mavlink_status.9891
                0x20003d80       0x30 build/obj/mavlink_proc.o
 .bss.mavlink_events
                0x20003db0        0x4 build/obj/mavlink_proc.o
                0x20003db0                mavlink_events
 *fill*         0x20003db4        0x4 
 .bss.mavlink_thread_wa
                0x20003db8      0x218 build/obj/mavlink_proc.o
 .bss.pMavlinkThread
                0x20003fd0        0x4 build/obj/mavlink_proc.o
                0x20003fd0                pMavlinkThread
 .bss.m_mavlink_buffer.9895
                0x20003fd4      0x440 build/obj/mavlink_proc.o
 .bss.is_running
                0x20004414        0x1 build/obj/app_ppm.o
 *fill*         0x20004415        0x3 
 .bss.ppm_tp    0x20004418        0x4 build/obj/app_ppm.o
 *fill*         0x2000441c        0x4 
 .bss.ppm_thread_wa
                0x20004420      0x598 build/obj/app_ppm.o
 .bss.pulses_without_power
                0x200049b8        0x4 build/obj/app_ppm.o
 .bss.vt        0x200049bc       0x14 build/obj/app_ppm.o
                0x200049bc                vt
 .bss.config    0x200049d0       0x28 build/obj/app_ppm.o
 *(COMMON)
                0x200049f8                . = ALIGN (0x4)
                0x200049f8                PROVIDE (_bss_end, .)
                [!provide]                PROVIDE (end, .)

.ram0           0x200049f8        0x0 load address 0x08013c5c
                0x200049f8                . = ALIGN (0x4)
 *(.ram0)
 *(.ram0.*)
                0x200049f8                . = ALIGN (0x4)
                0x200049f8                __ram0_free__ = .

.ram1           0x20000000        0x0
                0x20000000                . = ALIGN (0x4)
 *(.ram1)
 *(.ram1.*)
                0x20000000                . = ALIGN (0x4)
                0x20000000                __ram1_free__ = .

.ram2           0x2001c000        0x0
                0x2001c000                . = ALIGN (0x4)
 *(.ram2)
 *(.ram2.*)
                0x2001c000                . = ALIGN (0x4)
                0x2001c000                __ram2_free__ = .

.ram3           0x00000000        0x0
                0x00000000                . = ALIGN (0x4)
 *(.ram3)
 *(.ram3.*)
                0x00000000                . = ALIGN (0x4)
                0x00000000                __ram3_free__ = .

.ram4           0x10000000        0x0
                0x10000000                . = ALIGN (0x4)
 *(.ram4)
 *(.ram4.*)
                0x10000000                . = ALIGN (0x4)
                0x10000000                __ram4_free__ = .

.ram5           0x40024000        0x0
                0x40024000                . = ALIGN (0x4)
 *(.ram5)
 *(.ram5.*)
                0x40024000                . = ALIGN (0x4)
                0x40024000                __ram5_free__ = .

.ram6           0x00000000        0x0
                0x00000000                . = ALIGN (0x4)
 *(.ram6)
 *(.ram6.*)
                0x00000000                . = ALIGN (0x4)
                0x00000000                __ram6_free__ = .

.ram7           0x00000000        0x0
                0x00000000                . = ALIGN (0x4)
 *(.ram7)
 *(.ram7.*)
                0x00000000                . = ALIGN (0x4)
                0x00000000                __ram7_free__ = .
                0x200049f8                __heap_base__ = __ram0_free__
                0x20020000                __heap_end__ = __ram0_end__
                0x00000400                __process_stack_size__ = 0x400
                0x00000400                __main_stack_size__ = 0x400
LOAD c:/program files (x86)/gnu tools arm embedded/5.4 2016q3/bin/../lib/gcc/arm-none-eabi/5.4.1/../../../../arm-none-eabi/lib/armv7e-m/fpu\libstdc++.a
LOAD c:/program files (x86)/gnu tools arm embedded/5.4 2016q3/bin/../lib/gcc/arm-none-eabi/5.4.1/../../../../arm-none-eabi/lib/armv7e-m/fpu\libm.a
START GROUP
LOAD c:/program files (x86)/gnu tools arm embedded/5.4 2016q3/bin/../lib/gcc/arm-none-eabi/5.4.1/armv7e-m/fpu\libgcc.a
LOAD c:/program files (x86)/gnu tools arm embedded/5.4 2016q3/bin/../lib/gcc/arm-none-eabi/5.4.1/../../../../arm-none-eabi/lib/armv7e-m/fpu\libg.a
LOAD c:/program files (x86)/gnu tools arm embedded/5.4 2016q3/bin/../lib/gcc/arm-none-eabi/5.4.1/../../../../arm-none-eabi/lib/armv7e-m/fpu\libc.a
END GROUP
OUTPUT(build/oroca_bldc.elf elf32-littlearm)

.ARM.attributes
                0x00000000       0x35
 .ARM.attributes
                0x00000000       0x25 build/obj/crt0_v7m.o
 .ARM.attributes
                0x00000025       0x25 build/obj/chcoreasm_v7m.o
 .ARM.attributes
                0x0000004a       0x39 build/obj/crt1.o
 .ARM.attributes
                0x00000083       0x39 build/obj/vectors.o
 .ARM.attributes
                0x000000bc       0x39 build/obj/chsys.o
 .ARM.attributes
                0x000000f5       0x39 build/obj/chvt.o
 .ARM.attributes
                0x0000012e       0x39 build/obj/chschd.o
 .ARM.attributes
                0x00000167       0x39 build/obj/chthreads.o
 .ARM.attributes
                0x000001a0       0x39 build/obj/chtm.o
 .ARM.attributes
                0x000001d9       0x39 build/obj/chregistry.o
 .ARM.attributes
                0x00000212       0x39 build/obj/chmtx.o
 .ARM.attributes
                0x0000024b       0x39 build/obj/chevents.o
 .ARM.attributes
                0x00000284       0x39 build/obj/chqueues.o
 .ARM.attributes
                0x000002bd       0x39 build/obj/chmemcore.o
 .ARM.attributes
                0x000002f6       0x39 build/obj/chheap.o
 .ARM.attributes
                0x0000032f       0x39 build/obj/chcore_v7m.o
 .ARM.attributes
                0x00000368       0x39 build/obj/hal.o
 .ARM.attributes
                0x000003a1       0x39 build/obj/can.o
 .ARM.attributes
                0x000003da       0x39 build/obj/gpt.o
 .ARM.attributes
                0x00000413       0x39 build/obj/i2c.o
 .ARM.attributes
                0x0000044c       0x39 build/obj/icu.o
 .ARM.attributes
                0x00000485       0x39 build/obj/serial.o
 .ARM.attributes
                0x000004be       0x39 build/obj/st.o
 .ARM.attributes
                0x000004f7       0x39 build/obj/usb.o
 .ARM.attributes
                0x00000530       0x39 build/obj/nvic.o
 .ARM.attributes
                0x00000569       0x39 build/obj/stm32_dma.o
 .ARM.attributes
                0x000005a2       0x39 build/obj/hal_lld.o
 .ARM.attributes
                0x000005db       0x39 build/obj/can_lld.o
 .ARM.attributes
                0x00000614       0x39 build/obj/pal_lld.o
 .ARM.attributes
                0x0000064d       0x39 build/obj/i2c_lld.o
 .ARM.attributes
                0x00000686       0x39 build/obj/usb_lld.o
 .ARM.attributes
                0x000006bf       0x39 build/obj/gpt_lld.o
 .ARM.attributes
                0x000006f8       0x39 build/obj/icu_lld.o
 .ARM.attributes
                0x00000731       0x39 build/obj/st_lld.o
 .ARM.attributes
                0x0000076a       0x39 build/obj/serial_lld.o
 .ARM.attributes
                0x000007a3       0x39 build/obj/board.o
 .ARM.attributes
                0x000007dc       0x39 build/obj/chprintf.o
 .ARM.attributes
                0x00000815       0x39 build/obj/hw_oroca.o
 .ARM.attributes
                0x0000084e       0x39 build/obj/bldc.o
 .ARM.attributes
                0x00000887       0x39 build/obj/mcpwm.o
 .ARM.attributes
                0x000008c0       0x39 build/obj/servo_dec.o
 .ARM.attributes
                0x000008f9       0x39 build/obj/uart3_print.o
 .ARM.attributes
                0x00000932       0x39 build/obj/irq_handlers.o
 .ARM.attributes
                0x0000096b       0x39 build/obj/utils.o
 .ARM.attributes
                0x000009a4       0x39 build/obj/timeout.o
 .ARM.attributes
                0x000009dd       0x39 build/obj/comm_can.o
 .ARM.attributes
                0x00000a16       0x39 build/obj/mavlink_proc.o
 .ARM.attributes
                0x00000a4f       0x39 build/obj/app.o
 .ARM.attributes
                0x00000a88       0x39 build/obj/app_ppm.o
 .ARM.attributes
                0x00000ac1       0x39 build/obj/stm32f4xx_adc.o
 .ARM.attributes
                0x00000afa       0x39 build/obj/stm32f4xx_dma.o
 .ARM.attributes
                0x00000b33       0x39 build/obj/stm32f4xx_exti.o
 .ARM.attributes
                0x00000b6c       0x39 build/obj/stm32f4xx_rcc.o
 .ARM.attributes
                0x00000ba5       0x39 build/obj/stm32f4xx_tim.o
 .ARM.attributes
                0x00000bde       0x39 build/obj/stm32f4xx_wwdg.o
 .ARM.attributes
                0x00000c17       0x39 build/obj/main.o
 .ARM.attributes
                0x00000c50       0x34 c:/program files (x86)/gnu tools arm embedded/5.4 2016q3/bin/../lib/gcc/arm-none-eabi/5.4.1/../../../../arm-none-eabi/lib/armv7e-m/fpu\libm.a(lib_a-sf_cos.o)
 .ARM.attributes
                0x00000c84       0x34 c:/program files (x86)/gnu tools arm embedded/5.4 2016q3/bin/../lib/gcc/arm-none-eabi/5.4.1/../../../../arm-none-eabi/lib/armv7e-m/fpu\libm.a(lib_a-sf_sin.o)
 .ARM.attributes
                0x00000cb8       0x34 c:/program files (x86)/gnu tools arm embedded/5.4 2016q3/bin/../lib/gcc/arm-none-eabi/5.4.1/../../../../arm-none-eabi/lib/armv7e-m/fpu\libm.a(lib_a-wf_sqrt.o)
 .ARM.attributes
                0x00000cec       0x34 c:/program files (x86)/gnu tools arm embedded/5.4 2016q3/bin/../lib/gcc/arm-none-eabi/5.4.1/../../../../arm-none-eabi/lib/armv7e-m/fpu\libm.a(lib_a-ef_rem_pio2.o)
 .ARM.attributes
                0x00000d20       0x34 c:/program files (x86)/gnu tools arm embedded/5.4 2016q3/bin/../lib/gcc/arm-none-eabi/5.4.1/../../../../arm-none-eabi/lib/armv7e-m/fpu\libm.a(lib_a-ef_sqrt.o)
 .ARM.attributes
                0x00000d54       0x34 c:/program files (x86)/gnu tools arm embedded/5.4 2016q3/bin/../lib/gcc/arm-none-eabi/5.4.1/../../../../arm-none-eabi/lib/armv7e-m/fpu\libm.a(lib_a-kf_cos.o)
 .ARM.attributes
                0x00000d88       0x34 c:/program files (x86)/gnu tools arm embedded/5.4 2016q3/bin/../lib/gcc/arm-none-eabi/5.4.1/../../../../arm-none-eabi/lib/armv7e-m/fpu\libm.a(lib_a-kf_rem_pio2.o)
 .ARM.attributes
                0x00000dbc       0x34 c:/program files (x86)/gnu tools arm embedded/5.4 2016q3/bin/../lib/gcc/arm-none-eabi/5.4.1/../../../../arm-none-eabi/lib/armv7e-m/fpu\libm.a(lib_a-kf_sin.o)
 .ARM.attributes
                0x00000df0       0x34 c:/program files (x86)/gnu tools arm embedded/5.4 2016q3/bin/../lib/gcc/arm-none-eabi/5.4.1/../../../../arm-none-eabi/lib/armv7e-m/fpu\libm.a(lib_a-s_lib_ver.o)
 .ARM.attributes
                0x00000e24       0x34 c:/program files (x86)/gnu tools arm embedded/5.4 2016q3/bin/../lib/gcc/arm-none-eabi/5.4.1/../../../../arm-none-eabi/lib/armv7e-m/fpu\libm.a(lib_a-s_matherr.o)
 .ARM.attributes
                0x00000e58       0x34 c:/program files (x86)/gnu tools arm embedded/5.4 2016q3/bin/../lib/gcc/arm-none-eabi/5.4.1/../../../../arm-none-eabi/lib/armv7e-m/fpu\libm.a(lib_a-sf_fabs.o)
 .ARM.attributes
                0x00000e8c       0x34 c:/program files (x86)/gnu tools arm embedded/5.4 2016q3/bin/../lib/gcc/arm-none-eabi/5.4.1/../../../../arm-none-eabi/lib/armv7e-m/fpu\libm.a(lib_a-sf_floor.o)
 .ARM.attributes
                0x00000ec0       0x34 c:/program files (x86)/gnu tools arm embedded/5.4 2016q3/bin/../lib/gcc/arm-none-eabi/5.4.1/../../../../arm-none-eabi/lib/armv7e-m/fpu\libm.a(lib_a-sf_scalbn.o)
 .ARM.attributes
                0x00000ef4       0x34 c:/program files (x86)/gnu tools arm embedded/5.4 2016q3/bin/../lib/gcc/arm-none-eabi/5.4.1/../../../../arm-none-eabi/lib/armv7e-m/fpu\libm.a(lib_a-sf_copysign.o)
 .ARM.attributes
                0x00000f28       0x22 c:/program files (x86)/gnu tools arm embedded/5.4 2016q3/bin/../lib/gcc/arm-none-eabi/5.4.1/armv7e-m/fpu\libgcc.a(_arm_addsubdf3.o)
 .ARM.attributes
                0x00000f4a       0x22 c:/program files (x86)/gnu tools arm embedded/5.4 2016q3/bin/../lib/gcc/arm-none-eabi/5.4.1/armv7e-m/fpu\libgcc.a(_arm_muldivdf3.o)
 .ARM.attributes
                0x00000f6c       0x22 c:/program files (x86)/gnu tools arm embedded/5.4 2016q3/bin/../lib/gcc/arm-none-eabi/5.4.1/armv7e-m/fpu\libgcc.a(_arm_fixdfsi.o)
 .ARM.attributes
                0x00000f8e       0x22 c:/program files (x86)/gnu tools arm embedded/5.4 2016q3/bin/../lib/gcc/arm-none-eabi/5.4.1/armv7e-m/fpu\libgcc.a(_arm_truncdfsf2.o)
 .ARM.attributes
                0x00000fb0       0x34 c:/program files (x86)/gnu tools arm embedded/5.4 2016q3/bin/../lib/gcc/arm-none-eabi/5.4.1/../../../../arm-none-eabi/lib/armv7e-m/fpu\libg.a(lib_a-errno.o)
 .ARM.attributes
                0x00000fe4       0x34 c:/program files (x86)/gnu tools arm embedded/5.4 2016q3/bin/../lib/gcc/arm-none-eabi/5.4.1/../../../../arm-none-eabi/lib/armv7e-m/fpu\libg.a(lib_a-impure.o)
 .ARM.attributes
                0x00001018       0x20 c:/program files (x86)/gnu tools arm embedded/5.4 2016q3/bin/../lib/gcc/arm-none-eabi/5.4.1/../../../../arm-none-eabi/lib/armv7e-m/fpu\libg.a(lib_a-memcpy.o)

.comment        0x00000000       0x6e
 .comment       0x00000000       0x6e build/obj/crt1.o
                                 0x6f (size before relaxing)
 .comment       0x0000006e       0x6f build/obj/vectors.o
 .comment       0x0000006e       0x6f build/obj/chsys.o
 .comment       0x0000006e       0x6f build/obj/chvt.o
 .comment       0x0000006e       0x6f build/obj/chschd.o
 .comment       0x0000006e       0x6f build/obj/chthreads.o
 .comment       0x0000006e       0x6f build/obj/chtm.o
 .comment       0x0000006e       0x6f build/obj/chregistry.o
 .comment       0x0000006e       0x6f build/obj/chmtx.o
 .comment       0x0000006e       0x6f build/obj/chevents.o
 .comment       0x0000006e       0x6f build/obj/chqueues.o
 .comment       0x0000006e       0x6f build/obj/chmemcore.o
 .comment       0x0000006e       0x6f build/obj/chheap.o
 .comment       0x0000006e       0x6f build/obj/chcore_v7m.o
 .comment       0x0000006e       0x6f build/obj/hal.o
 .comment       0x0000006e       0x6f build/obj/can.o
 .comment       0x0000006e       0x6f build/obj/gpt.o
 .comment       0x0000006e       0x6f build/obj/i2c.o
 .comment       0x0000006e       0x6f build/obj/icu.o
 .comment       0x0000006e       0x6f build/obj/serial.o
 .comment       0x0000006e       0x6f build/obj/st.o
 .comment       0x0000006e       0x6f build/obj/usb.o
 .comment       0x0000006e       0x6f build/obj/nvic.o
 .comment       0x0000006e       0x6f build/obj/stm32_dma.o
 .comment       0x0000006e       0x6f build/obj/hal_lld.o
 .comment       0x0000006e       0x6f build/obj/can_lld.o
 .comment       0x0000006e       0x6f build/obj/pal_lld.o
 .comment       0x0000006e       0x6f build/obj/i2c_lld.o
 .comment       0x0000006e       0x6f build/obj/usb_lld.o
 .comment       0x0000006e       0x6f build/obj/gpt_lld.o
 .comment       0x0000006e       0x6f build/obj/icu_lld.o
 .comment       0x0000006e       0x6f build/obj/st_lld.o
 .comment       0x0000006e       0x6f build/obj/serial_lld.o
 .comment       0x0000006e       0x6f build/obj/board.o
 .comment       0x0000006e       0x6f build/obj/chprintf.o
 .comment       0x0000006e       0x6f build/obj/hw_oroca.o
 .comment       0x0000006e       0x6f build/obj/bldc.o
 .comment       0x0000006e       0x6f build/obj/mcpwm.o
 .comment       0x0000006e       0x6f build/obj/servo_dec.o
 .comment       0x0000006e       0x6f build/obj/uart3_print.o
 .comment       0x0000006e       0x6f build/obj/irq_handlers.o
 .comment       0x0000006e       0x6f build/obj/utils.o
 .comment       0x0000006e       0x6f build/obj/timeout.o
 .comment       0x0000006e       0x6f build/obj/comm_can.o
 .comment       0x0000006e       0x6f build/obj/mavlink_proc.o
 .comment       0x0000006e       0x6f build/obj/app.o
 .comment       0x0000006e       0x6f build/obj/app_ppm.o
 .comment       0x0000006e       0x6f build/obj/stm32f4xx_adc.o
 .comment       0x0000006e       0x6f build/obj/stm32f4xx_dma.o
 .comment       0x0000006e       0x6f build/obj/stm32f4xx_exti.o
 .comment       0x0000006e       0x6f build/obj/stm32f4xx_rcc.o
 .comment       0x0000006e       0x6f build/obj/stm32f4xx_tim.o
 .comment       0x0000006e       0x6f build/obj/stm32f4xx_wwdg.o
 .comment       0x0000006e       0x6f build/obj/main.o

.debug_info     0x00000000    0x36d87
 .debug_info    0x00000000       0xc2 build/obj/crt1.o
 .debug_info    0x000000c2      0x1e7 build/obj/vectors.o
 .debug_info    0x000002a9     0x17a5 build/obj/chsys.o
 .debug_info    0x00001a4e      0x7fd build/obj/chvt.o
 .debug_info    0x0000224b      0xe47 build/obj/chschd.o
 .debug_info    0x00003092     0x1b50 build/obj/chthreads.o
 .debug_info    0x00004be2      0xaaf build/obj/chtm.o
 .debug_info    0x00005691      0xa66 build/obj/chregistry.o
 .debug_info    0x000060f7     0x10cb build/obj/chmtx.o
 .debug_info    0x000071c2     0x16d2 build/obj/chevents.o
 .debug_info    0x00008894     0x1235 build/obj/chqueues.o
 .debug_info    0x00009ac9      0x94d build/obj/chmemcore.o
 .debug_info    0x0000a416      0xa9d build/obj/chheap.o
 .debug_info    0x0000aeb3      0xcd3 build/obj/chcore_v7m.o
 .debug_info    0x0000bb86      0x90d build/obj/hal.o
 .debug_info    0x0000c493     0x1a63 build/obj/can.o
 .debug_info    0x0000def6     0x12e1 build/obj/gpt.o
 .debug_info    0x0000f1d7     0x11fa build/obj/i2c.o
 .debug_info    0x000103d1     0x1242 build/obj/icu.o
 .debug_info    0x00011613     0x153a build/obj/serial.o
 .debug_info    0x00012b4d      0x9ed build/obj/st.o
 .debug_info    0x0001353a     0x26d0 build/obj/usb.o
 .debug_info    0x00015c0a      0xad2 build/obj/nvic.o
 .debug_info    0x000166dc     0x10c6 build/obj/stm32_dma.o
 .debug_info    0x000177a2      0x9e5 build/obj/hal_lld.o
 .debug_info    0x00018187     0x1e3a build/obj/can_lld.o
 .debug_info    0x00019fc1      0xd57 build/obj/pal_lld.o
 .debug_info    0x0001ad18     0x1cb0 build/obj/i2c_lld.o
 .debug_info    0x0001c9c8     0x319a build/obj/usb_lld.o
 .debug_info    0x0001fb62      0xd7f build/obj/gpt_lld.o
 .debug_info    0x000208e1      0xfe5 build/obj/icu_lld.o
 .debug_info    0x000218c6      0x932 build/obj/st_lld.o
 .debug_info    0x000221f8     0x1529 build/obj/serial_lld.o
 .debug_info    0x00023721      0x86d build/obj/board.o
 .debug_info    0x00023f8e      0xe15 build/obj/chprintf.o
 .debug_info    0x00024da3     0x14ed build/obj/hw_oroca.o
 .debug_info    0x00026290      0xa5b build/obj/bldc.o
 .debug_info    0x00026ceb     0x258e build/obj/mcpwm.o
 .debug_info    0x00029279      0xfa1 build/obj/servo_dec.o
 .debug_info    0x0002a21a     0x10ad build/obj/uart3_print.o
 .debug_info    0x0002b2c7      0x93b build/obj/irq_handlers.o
 .debug_info    0x0002bc02      0xf0c build/obj/utils.o
 .debug_info    0x0002cb0e      0x91e build/obj/timeout.o
 .debug_info    0x0002d42c     0x137b build/obj/comm_can.o
 .debug_info    0x0002e7a7     0x1ce7 build/obj/mavlink_proc.o
 .debug_info    0x0003048e      0x836 build/obj/app.o
 .debug_info    0x00030cc4      0xf01 build/obj/app_ppm.o
 .debug_info    0x00031bc5      0xc69 build/obj/stm32f4xx_adc.o
 .debug_info    0x0003282e      0x6fd build/obj/stm32f4xx_dma.o
 .debug_info    0x00032f2b      0x300 build/obj/stm32f4xx_exti.o
 .debug_info    0x0003322b      0xc19 build/obj/stm32f4xx_rcc.o
 .debug_info    0x00033e44     0x23cb build/obj/stm32f4xx_tim.o
 .debug_info    0x0003620f      0x294 build/obj/stm32f4xx_wwdg.o
 .debug_info    0x000364a3      0x8e4 build/obj/main.o

.debug_abbrev   0x00000000     0x9387
 .debug_abbrev  0x00000000       0x8b build/obj/crt1.o
 .debug_abbrev  0x0000008b       0xca build/obj/vectors.o
 .debug_abbrev  0x00000155      0x4e4 build/obj/chsys.o
 .debug_abbrev  0x00000639      0x1b1 build/obj/chvt.o
 .debug_abbrev  0x000007ea      0x3b5 build/obj/chschd.o
 .debug_abbrev  0x00000b9f      0x44b build/obj/chthreads.o
 .debug_abbrev  0x00000fea      0x275 build/obj/chtm.o
 .debug_abbrev  0x0000125f      0x238 build/obj/chregistry.o
 .debug_abbrev  0x00001497      0x39f build/obj/chmtx.o
 .debug_abbrev  0x00001836      0x37d build/obj/chevents.o
 .debug_abbrev  0x00001bb3      0x3b9 build/obj/chqueues.o
 .debug_abbrev  0x00001f6c      0x279 build/obj/chmemcore.o
 .debug_abbrev  0x000021e5      0x27f build/obj/chheap.o
 .debug_abbrev  0x00002464      0x21d build/obj/chcore_v7m.o
 .debug_abbrev  0x00002681      0x18d build/obj/hal.o
 .debug_abbrev  0x0000280e      0x3c5 build/obj/can.o
 .debug_abbrev  0x00002bd3      0x2b6 build/obj/gpt.o
 .debug_abbrev  0x00002e89      0x305 build/obj/i2c.o
 .debug_abbrev  0x0000318e      0x292 build/obj/icu.o
 .debug_abbrev  0x00003420      0x392 build/obj/serial.o
 .debug_abbrev  0x000037b2      0x217 build/obj/st.o
 .debug_abbrev  0x000039c9      0x42b build/obj/usb.o
 .debug_abbrev  0x00003df4      0x1ba build/obj/nvic.o
 .debug_abbrev  0x00003fae      0x270 build/obj/stm32_dma.o
 .debug_abbrev  0x0000421e      0x1c3 build/obj/hal_lld.o
 .debug_abbrev  0x000043e1      0x449 build/obj/can_lld.o
 .debug_abbrev  0x0000482a      0x214 build/obj/pal_lld.o
 .debug_abbrev  0x00004a3e      0x3cc build/obj/i2c_lld.o
 .debug_abbrev  0x00004e0a      0x4ff build/obj/usb_lld.o
 .debug_abbrev  0x00005309      0x29a build/obj/gpt_lld.o
 .debug_abbrev  0x000055a3      0x369 build/obj/icu_lld.o
 .debug_abbrev  0x0000590c      0x208 build/obj/st_lld.o
 .debug_abbrev  0x00005b14      0x383 build/obj/serial_lld.o
 .debug_abbrev  0x00005e97      0x18b build/obj/board.o
 .debug_abbrev  0x00006022      0x325 build/obj/chprintf.o
 .debug_abbrev  0x00006347      0x225 build/obj/hw_oroca.o
 .debug_abbrev  0x0000656c      0x257 build/obj/bldc.o
 .debug_abbrev  0x000067c3      0x3eb build/obj/mcpwm.o
 .debug_abbrev  0x00006bae      0x393 build/obj/servo_dec.o
 .debug_abbrev  0x00006f41      0x324 build/obj/uart3_print.o
 .debug_abbrev  0x00007265      0x1d5 build/obj/irq_handlers.o
 .debug_abbrev  0x0000743a      0x340 build/obj/utils.o
 .debug_abbrev  0x0000777a      0x26e build/obj/timeout.o
 .debug_abbrev  0x000079e8      0x379 build/obj/comm_can.o
 .debug_abbrev  0x00007d61      0x41f build/obj/mavlink_proc.o
 .debug_abbrev  0x00008180      0x1b5 build/obj/app.o
 .debug_abbrev  0x00008335      0x325 build/obj/app_ppm.o
 .debug_abbrev  0x0000865a      0x1a0 build/obj/stm32f4xx_adc.o
 .debug_abbrev  0x000087fa      0x177 build/obj/stm32f4xx_dma.o
 .debug_abbrev  0x00008971      0x1a1 build/obj/stm32f4xx_exti.o
 .debug_abbrev  0x00008b12      0x270 build/obj/stm32f4xx_rcc.o
 .debug_abbrev  0x00008d82      0x272 build/obj/stm32f4xx_tim.o
 .debug_abbrev  0x00008ff4      0x173 build/obj/stm32f4xx_wwdg.o
 .debug_abbrev  0x00009167      0x220 build/obj/main.o

.debug_aranges  0x00000000     0x16b0
 .debug_aranges
                0x00000000       0x28 build/obj/crt1.o
 .debug_aranges
                0x00000028       0x20 build/obj/vectors.o
 .debug_aranges
                0x00000048       0x60 build/obj/chsys.o
 .debug_aranges
                0x000000a8       0x30 build/obj/chvt.o
 .debug_aranges
                0x000000d8       0x70 build/obj/chschd.o
 .debug_aranges
                0x00000148       0xc0 build/obj/chthreads.o
 .debug_aranges
                0x00000208       0x40 build/obj/chtm.o
 .debug_aranges
                0x00000248       0x28 build/obj/chregistry.o
 .debug_aranges
                0x00000270       0x58 build/obj/chmtx.o
 .debug_aranges
                0x000002c8       0xa0 build/obj/chevents.o
 .debug_aranges
                0x00000368       0x68 build/obj/chqueues.o
 .debug_aranges
                0x000003d0       0x38 build/obj/chmemcore.o
 .debug_aranges
                0x00000408       0x40 build/obj/chheap.o
 .debug_aranges